106.55.250.60 - - [28/Dec/2021:15:32:56 +0000] "GET /customdir/images/english_logo.jpg HTTP/1.1" 301 261 "-" "Mozilla/5.0 (Macintosh; Intel Mac OS X 10_9_4) AppleWebKit/537.36 (KHTML, like Gecko) Chrome/36.0.1985.125 Safari/537.36"
106.55.250.60 - - [28/Dec/2021:15:32:56 +0000] "GET /forum.php HTTP/1.1" 301 237 "-" "Mozilla/5.0 (Macintosh; Intel Mac OS X 10_9_4) AppleWebKit/537.36 (KHTML, like Gecko) Chrome/36.0.1985.125 Safari/537.36"
106.55.250.60 - - [28/Dec/2021:15:32:56 +0000] "GET /archiver/ HTTP/1.1" 301 237 "-" "Mozilla/5.0 (Macintosh; Intel Mac OS X 10_9_4) AppleWebKit/537.36 (KHTML, like Gecko) Chrome/36.0.1985.125 Safari/537.36"
106.55.250.60 - - [28/Dec/2021:15:32:57 +0000] "GET /uc_server/control/admin/db.php HTTP/1.1" 301 258 "-" "Mozilla/5.0 (Macintosh; Intel Mac OS X 10_9_4) AppleWebKit/537.36 (KHTML, like Gecko) Chrome/36.0.1985.125 Safari/537.36"
106.55.250.60 - - [28/Dec/2021:15:32:57 +0000] "GET /include/dedeajax2.js HTTP/1.1" 301 248 "-" "Mozilla/5.0 (Macintosh; Intel Mac OS X 10_9_4) AppleWebKit/537.36 (KHTML, like Gecko) Chrome/36.0.1985.125 Safari/537.36"
106.55.250.60 - - [28/Dec/2021:15:32:57 +0000] "GET /data/admin/ver.txt HTTP/1.1" 301 246 "-" "Mozilla/5.0 (Macintosh; Intel Mac OS X 10_9_4) AppleWebKit/537.36 (KHTML, like Gecko) Chrome/36.0.1985.125 Safari/537.36"
106.55.250.60 - - [28/Dec/2021:15:32:58 +0000] "GET /include/dialog/config.php HTTP/1.1" 301 253 "-" "Mozilla/5.0 (Macintosh; Intel Mac OS X 10_9_4) AppleWebKit/537.36 (KHTML, like Gecko) Chrome/36.0.1985.125 Safari/537.36"
106.55.250.60 - - [28/Dec/2021:15:33:00 +0000] "GET /plus/download.php HTTP/1.1" 301 245 "-" "Mozilla/5.0 (Macintosh; Intel Mac OS X 10_9_4) AppleWebKit/537.36 (KHTML, like Gecko) Chrome/36.0.1985.125 Safari/537.36"
106.55.250.60 - - [28/Dec/2021:15:33:00 +0000] "GET /digg.php HTTP/1.1" 301 236 "-" "Mozilla/5.0 (Macintosh; Intel Mac OS X 10_9_4) AppleWebKit/537.36 (KHTML, like Gecko) Chrome/36.0.1985.125 Safari/537.36"
106.55.250.60 - - [28/Dec/2021:15:33:01 +0000] "GET /plus/sitemap.html HTTP/1.1" 301 245 "-" "Mozilla/5.0 (Macintosh; Intel Mac OS X 10_9_4) AppleWebKit/537.36 (KHTML, like Gecko) Chrome/36.0.1985.125 Safari/537.36"
106.55.250.60 - - [28/Dec/2021:15:33:01 +0000] "GET /plus/rssmap.html HTTP/1.1" 301 244 "-" "Mozilla/5.0 (Macintosh; Intel Mac OS X 10_9_4) AppleWebKit/537.36 (KHTML, like Gecko) Chrome/36.0.1985.125 Safari/537.36"
106.55.250.60 - - [28/Dec/2021:15:33:01 +0000] "GET /plus/heightsearch.php HTTP/1.1" 301 249 "-" "Mozilla/5.0 (Macintosh; Intel Mac OS X 10_9_4) AppleWebKit/537.36 (KHTML, like Gecko) Chrome/36.0.1985.125 Safari/537.36"
106.55.250.60 - - [28/Dec/2021:15:33:02 +0000] "GET /member/space/company/info.txt HTTP/1.1" 301 257 "-" "Mozilla/5.0 (Macintosh; Intel Mac OS X 10_9_4) AppleWebKit/537.36 (KHTML, like Gecko) Chrome/36.0.1985.125 Safari/537.36"
106.55.250.60 - - [28/Dec/2021:15:33:02 +0000] "GET /Help HTTP/1.1" 301 232 "-" "Mozilla/5.0 (Macintosh; Intel Mac OS X 10_9_4) AppleWebKit/537.36 (KHTML, like Gecko) Chrome/36.0.1985.125 Safari/537.36"
106.55.250.60 - - [28/Dec/2021:15:33:02 +0000] "GET /images/branding/logo.gif HTTP/1.1" 301 252 "-" "Mozilla/5.0 (Macintosh; Intel Mac OS X 10_9_4) AppleWebKit/537.36 (KHTML, like Gecko) Chrome/36.0.1985.125 Safari/537.36"
106.55.250.60 - - [28/Dec/2021:15:33:03 +0000] "GET /Install/logo.gif HTTP/1.1" 301 244 "-" "Mozilla/5.0 (Macintosh; Intel Mac OS X 10_9_4) AppleWebKit/537.36 (KHTML, like Gecko) Chrome/36.0.1985.125 Safari/537.36"
106.55.250.60 - - [28/Dec/2021:15:33:03 +0000] "GET /CHANGELOG.txt HTTP/1.1" 301 241 "-" "Mozilla/5.0 (Macintosh; Intel Mac OS X 10_9_4) AppleWebKit/537.36 (KHTML, like Gecko) Chrome/36.0.1985.125 Safari/537.36"
106.55.250.60 - - [28/Dec/2021:15:33:04 +0000] "GET /changelog.txt HTTP/1.1" 301 241 "-" "Mozilla/5.0 (Macintosh; Intel Mac OS X 10_9_4) AppleWebKit/537.36 (KHTML, like Gecko) Chrome/36.0.1985.125 Safari/537.36"
106.55.250.60 - - [28/Dec/2021:15:33:04 +0000] "GET /Include/EcsServerApi.js HTTP/1.1" 301 251 "-" "Mozilla/5.0 (Macintosh; Intel Mac OS X 10_9_4) AppleWebKit/537.36 (KHTML, like Gecko) Chrome/36.0.1985.125 Safari/537.36"
106.55.250.60 - - [28/Dec/2021:15:33:04 +0000] "GET /img/pic/login/top-left.jpg HTTP/1.1" 301 254 "-" "Mozilla/5.0 (Macintosh; Intel Mac OS X 10_9_4) AppleWebKit/537.36 (KHTML, like Gecko) Chrome/36.0.1985.125 Safari/537.36"
106.55.250.60 - - [28/Dec/2021:15:33:05 +0000] "GET /images/Default_bg_002.gif HTTP/1.1" 301 253 "-" "Mozilla/5.0 (Macintosh; Intel Mac OS X 10_9_4) AppleWebKit/537.36 (KHTML, like Gecko) Chrome/36.0.1985.125 Safari/537.36"
106.55.250.60 - - [28/Dec/2021:15:33:05 +0000] "GET /m HTTP/1.1" 301 229 "-" "Mozilla/5.0 (Macintosh; Intel Mac OS X 10_9_4) AppleWebKit/537.36 (KHTML, like Gecko) Chrome/36.0.1985.125 Safari/537.36"
106.55.250.60 - - [28/Dec/2021:15:33:05 +0000] "GET /eams/static/scripts/grade/course/input.js HTTP/1.1" 301 269 "-" "Mozilla/5.0 (Macintosh; Intel Mac OS X 10_9_4) AppleWebKit/537.36 (KHTML, like Gecko) Chrome/36.0.1985.125 Safari/537.36"
106.55.250.60 - - [28/Dec/2021:15:33:06 +0000] "GET /custom/SkinTemplate/skin/public/images/sys-logo-1caitong-180.jpg HTTP/1.1" 301 292 "-" "Mozilla/5.0 (Macintosh; Intel Mac OS X 10_9_4) AppleWebKit/537.36 (KHTML, like Gecko) Chrome/36.0.1985.125 Safari/537.36"
106.55.250.60 - - [28/Dec/2021:15:33:06 +0000] "GET /login/Jeecms.do HTTP/1.1" 301 243 "-" "Mozilla/5.0 (Macintosh; Intel Mac OS X 10_9_4) AppleWebKit/537.36 (KHTML, like Gecko) Chrome/36.0.1985.125 Safari/537.36"
106.55.250.60 - - [28/Dec/2021:15:33:06 +0000] "GET /webbuilder/script/locale/wb-lang-zh_CN.js HTTP/1.1" 301 269 "-" "Mozilla/5.0 (Macintosh; Intel Mac OS X 10_9_4) AppleWebKit/537.36 (KHTML, like Gecko) Chrome/36.0.1985.125 Safari/537.36"
106.55.250.60 - - [28/Dec/2021:15:33:06 +0000] "GET /admin/admin_login.php?act=login HTTP/1.1" 301 259 "-" "Mozilla/5.0 (Macintosh; Intel Mac OS X 10_9_4) AppleWebKit/537.36 (KHTML, like Gecko) Chrome/36.0.1985.125 Safari/537.36"
106.55.250.60 - - [28/Dec/2021:15:33:07 +0000] "GET /data/images/wap_logo.gif HTTP/1.1" 301 252 "-" "Mozilla/5.0 (Macintosh; Intel Mac OS X 10_9_4) AppleWebKit/537.36 (KHTML, like Gecko) Chrome/36.0.1985.125 Safari/537.36"
106.55.250.60 - - [28/Dec/2021:15:33:08 +0000] "GET /Site/Pages/WebResources.ashx/PoweredByKodakImage HTTP/1.1" 301 276 "-" "Mozilla/5.0 (Macintosh; Intel Mac OS X 10_9_4) AppleWebKit/537.36 (KHTML, like Gecko) Chrome/36.0.1985.125 Safari/537.36"
106.55.250.60 - - [28/Dec/2021:15:33:08 +0000] "GET /Site/SystemThemes/7917A0869761B5458281E407AE0090F5/Images/ISBanner58px.jpg HTTP/1.1" 301 302 "-" "Mozilla/5.0 (Macintosh; Intel Mac OS X 10_9_4) AppleWebKit/537.36 (KHTML, like Gecko) Chrome/36.0.1985.125 Safari/537.36"
106.55.250.60 - - [28/Dec/2021:15:33:09 +0000] "GET /nobody/mobile.htm?Login=Captcha HTTP/1.1" 301 259 "-" "Mozilla/5.0 (Macintosh; Intel Mac OS X 10_9_4) AppleWebKit/537.36 (KHTML, like Gecko) Chrome/36.0.1985.125 Safari/537.36"
106.55.250.60 - - [28/Dec/2021:15:33:09 +0000] "GET /system/Update.aspx HTTP/1.1" 301 246 "-" "Mozilla/5.0 (Macintosh; Intel Mac OS X 10_9_4) AppleWebKit/537.36 (KHTML, like Gecko) Chrome/36.0.1985.125 Safari/537.36"
106.55.250.60 - - [28/Dec/2021:15:33:10 +0000] "GET /static/images/logo/webserver_small.gif HTTP/1.1" 301 266 "-" "Mozilla/5.0 (Macintosh; Intel Mac OS X 10_9_4) AppleWebKit/537.36 (KHTML, like Gecko) Chrome/36.0.1985.125 Safari/537.36"
106.55.250.60 - - [28/Dec/2021:15:33:10 +0000] "GET /wp-cron.php HTTP/1.1" 301 239 "-" "Mozilla/5.0 (Macintosh; Intel Mac OS X 10_9_4) AppleWebKit/537.36 (KHTML, like Gecko) Chrome/36.0.1985.125 Safari/537.36"
106.55.250.60 - - [28/Dec/2021:15:33:10 +0000] "GET /wp-content HTTP/1.1" 301 238 "-" "Mozilla/5.0 (Macintosh; Intel Mac OS X 10_9_4) AppleWebKit/537.36 (KHTML, like Gecko) Chrome/36.0.1985.125 Safari/537.36"
106.55.250.60 - - [28/Dec/2021:15:33:11 +0000] "GET /wp-login.php HTTP/1.1" 301 240 "-" "Mozilla/5.0 (Macintosh; Intel Mac OS X 10_9_4) AppleWebKit/537.36 (KHTML, like Gecko) Chrome/36.0.1985.125 Safari/537.36"
106.55.250.60 - - [28/Dec/2021:15:33:11 +0000] "GET /license.txt HTTP/1.1" 301 239 "-" "Mozilla/5.0 (Macintosh; Intel Mac OS X 10_9_4) AppleWebKit/537.36 (KHTML, like Gecko) Chrome/36.0.1985.125 Safari/537.36"
106.55.250.60 - - [28/Dec/2021:15:33:11 +0000] "GET /readme.html HTTP/1.1" 301 239 "-" "Mozilla/5.0 (Macintosh; Intel Mac OS X 10_9_4) AppleWebKit/537.36 (KHTML, like Gecko) Chrome/36.0.1985.125 Safari/537.36"
106.55.250.60 - - [28/Dec/2021:15:33:12 +0000] "GET /logo/logo_jw.png HTTP/1.1" 301 244 "-" "Mozilla/5.0 (Macintosh; Intel Mac OS X 10_9_4) AppleWebKit/537.36 (KHTML, like Gecko) Chrome/36.0.1985.125 Safari/537.36"
106.55.250.60 - - [28/Dec/2021:15:33:12 +0000] "GET /business/images/index-gg1.jpg HTTP/1.1" 301 257 "-" "Mozilla/5.0 (Macintosh; Intel Mac OS X 10_9_4) AppleWebKit/537.36 (KHTML, like Gecko) Chrome/36.0.1985.125 Safari/537.36"
106.55.250.60 - - [28/Dec/2021:15:33:12 +0000] "GET /was/help.jsp HTTP/1.1" 301 240 "-" "Mozilla/5.0 (Macintosh; Intel Mac OS X 10_9_4) AppleWebKit/537.36 (KHTML, like Gecko) Chrome/36.0.1985.125 Safari/537.36"
106.55.250.60 - - [28/Dec/2021:15:33:12 +0000] "GET /was5/web/index.jsp HTTP/1.1" 301 246 "-" "Mozilla/5.0 (Macintosh; Intel Mac OS X 10_9_4) AppleWebKit/537.36 (KHTML, like Gecko) Chrome/36.0.1985.125 Safari/537.36"
106.55.250.60 - - [28/Dec/2021:15:33:13 +0000] "GET /was/main.html HTTP/1.1" 301 241 "-" "Mozilla/5.0 (Macintosh; Intel Mac OS X 10_9_4) AppleWebKit/537.36 (KHTML, like Gecko) Chrome/36.0.1985.125 Safari/537.36"
106.55.250.60 - - [28/Dec/2021:15:33:13 +0000] "GET /?c=4e5e5d7364f443e28fbf0d3ae744a59a HTTP/1.1" 301 263 "-" "Mozilla/5.0 (Macintosh; Intel Mac OS X 10_9_4) AppleWebKit/537.36 (KHTML, like Gecko) Chrome/36.0.1985.125 Safari/537.36"
106.55.250.60 - - [28/Dec/2021:15:33:13 +0000] "GET /phpmyadmin/ HTTP/1.1" 301 239 "-" "Mozilla/5.0 (Macintosh; Intel Mac OS X 10_9_4) AppleWebKit/537.36 (KHTML, like Gecko) Chrome/36.0.1985.125 Safari/537.36"
106.55.250.60 - - [28/Dec/2021:15:33:13 +0000] "GET /weblog/ HTTP/1.1" 301 235 "-" "Mozilla/5.0 (Macintosh; Intel Mac OS X 10_9_4) AppleWebKit/537.36 (KHTML, like Gecko) Chrome/36.0.1985.125 Safari/537.36"
106.55.250.60 - - [28/Dec/2021:15:33:14 +0000] "GET /blog/ HTTP/1.1" 301 233 "-" "Mozilla/5.0 (Macintosh; Intel Mac OS X 10_9_4) AppleWebKit/537.36 (KHTML, like Gecko) Chrome/36.0.1985.125 Safari/537.36"
106.55.250.60 - - [28/Dec/2021:15:33:14 +0000] "GET /forum/ HTTP/1.1" 301 234 "-" "Mozilla/5.0 (Macintosh; Intel Mac OS X 10_9_4) AppleWebKit/537.36 (KHTML, like Gecko) Chrome/36.0.1985.125 Safari/537.36"
106.55.250.60 - - [28/Dec/2021:15:33:15 +0000] "GET /bbs/ HTTP/1.1" 301 232 "-" "Mozilla/5.0 (Macintosh; Intel Mac OS X 10_9_4) AppleWebKit/537.36 (KHTML, like Gecko) Chrome/36.0.1985.125 Safari/537.36"
106.55.250.60 - - [28/Dec/2021:15:33:15 +0000] "GET /wcm/ HTTP/1.1" 301 232 "-" "Mozilla/5.0 (Macintosh; Intel Mac OS X 10_9_4) AppleWebKit/537.36 (KHTML, like Gecko) Chrome/36.0.1985.125 Safari/537.36"
106.55.250.60 - - [28/Dec/2021:15:33:15 +0000] "GET /admin/editor/ HTTP/1.1" 301 241 "-" "Mozilla/5.0 (Macintosh; Intel Mac OS X 10_9_4) AppleWebKit/537.36 (KHTML, like Gecko) Chrome/36.0.1985.125 Safari/537.36"
106.55.250.60 - - [28/Dec/2021:15:33:32 +0000] "GET //favicon.ico HTTP/1.1" 301 239 "-" "python-requests/2.23.0"
216.244.66.231 - - [28/Dec/2021:15:34:03 +0000] "GET /robots.txt HTTP/1.1" 301 237 "-" "Mozilla/5.0 (compatible; DotBot/1.2; +https://opensiteexplorer.org/dotbot; help@moz.com)"
97.107.132.77 - - [28/Dec/2021:15:41:17 +0000] "GET /blog/atom.xml HTTP/1.1" 301 240 "-" "Feed Wrangler/1.0 (1 subscriber; feed-id=364241; http://feedwrangler.net; Allow like Gecko)"
60.13.7.80 - - [28/Dec/2021:15:41:26 +0000] "GET / HTTP/1.1" 301 228 "-" "Mozilla/5.0 (iPhone; CPU iPhone OS 9_1 like Mac OS X) AppleWebKit/601.1.46 (KHTML, like Gecko) Version/9.0 Mobile/13B143 Safari/601.1"
216.244.66.231 - - [28/Dec/2021:16:22:46 +0000] "GET /robots.txt HTTP/1.1" 301 237 "-" "Mozilla/5.0 (compatible; DotBot/1.2; +https://opensiteexplorer.org/dotbot; help@moz.com)"
207.46.13.170 - - [28/Dec/2021:16:28:15 +0000] "GET / HTTP/1.1" 301 228 "-" "Mozilla/5.0 (compatible; bingbot/2.0; +http://www.bing.com/bingbot.htm)"
66.249.80.32 - - [28/Dec/2021:16:36:41 +0000] "GET / HTTP/1.1" 301 227 "-" "Mozilla/5.0 (X11; Linux x86_64) AppleWebKit/537.36 (KHTML, like Gecko) Chrome/49.0.2623.75 Safari/537.36 Google Favicon"
172.104.217.53 - - [28/Dec/2021:16:41:16 +0000] "GET /blog/atom.xml HTTP/1.1" 301 240 "-" "Feed Wrangler/1.0 (1 subscriber; feed-id=364241; http://feedwrangler.net; Allow like Gecko)"
196.196.41.68 - - [28/Dec/2021:16:50:51 +0000] "GET / HTTP/1.1" 301 230 "-" "-"
128.199.169.101 - - [28/Dec/2021:16:51:26 +0000] "GET / HTTP/1.1" 301 227 "-" "Mozilla/5.0 (Windows NT 10.0; Win64; x64) AppleWebKit/537.36 (KHTML, like Gecko) Chrome/89.0.4389.114 Safari/537.36"
192.241.215.65 - - [28/Dec/2021:17:00:00 +0000] "GET / HTTP/1.1" 301 230 "-" "Mozilla/5.0 zgrab/0.x"
159.223.33.61 - - [28/Dec/2021:17:01:42 +0000] "GET / HTTP/1.1" 301 227 "-" "Mozilla/5.0 (Windows NT 10.0; Win64; x64) AppleWebKit/537.36 (KHTML, like Gecko) Chrome/89.0.4389.114 Safari/537.36"
92.118.234.202 - - [28/Dec/2021:17:04:48 +0000] "GET http://azenv.net/ HTTP/1.1" 301 226 "-" "Go-http-client/1.1"
92.118.234.202 - - [28/Dec/2021:17:04:51 +0000] "CONNECT azenv.net:443 HTTP/1.1" 301 226 "-" "Go-http-client/1.1"
216.244.66.231 - - [28/Dec/2021:17:10:28 +0000] "GET /robots.txt HTTP/1.1" 301 237 "-" "Mozilla/5.0 (compatible; DotBot/1.2; +https://opensiteexplorer.org/dotbot; help@moz.com)"
178.128.25.17 - - [28/Dec/2021:17:11:08 +0000] "GET / HTTP/1.1" 301 227 "-" "Mozilla/5.0 (Windows NT 10.0; Win64; x64) AppleWebKit/537.36 (KHTML, like Gecko) Chrome/89.0.4389.114 Safari/537.36"
34.82.1.208 - - [28/Dec/2021:17:11:50 +0000] "CONNECT 161.97.119.209:25562 HTTP/1.1" 301 231 "-" "-"
114.119.130.26 - - [28/Dec/2021:17:38:15 +0000] "GET /blog/tags/Cortex-M.html HTTP/1.1" 301 250 "-" "Mozilla/5.0 (Linux; Android 7.0;) AppleWebKit/537.36 (KHTML, like Gecko) Mobile Safari/537.36 (compatible; PetalBot;+https://webmaster.petalsearch.com/site/petalbot)"
97.107.132.77 - - [28/Dec/2021:17:41:16 +0000] "GET /blog/atom.xml HTTP/1.1" 301 240 "-" "Feed Wrangler/1.0 (1 subscriber; feed-id=364241; http://feedwrangler.net; Allow like Gecko)"
35.204.156.201 - - [28/Dec/2021:17:45:06 +0000] "CONNECT 161.97.119.209:25561 HTTP/1.1" 301 231 "-" "-"
216.244.66.231 - - [28/Dec/2021:17:59:51 +0000] "GET /robots.txt HTTP/1.1" 301 237 "-" "Mozilla/5.0 (compatible; DotBot/1.2; +https://opensiteexplorer.org/dotbot; help@moz.com)"
61.147.15.67 - - [28/Dec/2021:18:08:07 +0000] "GET / HTTP/1.1" 301 228 "-" "Dalvik/2.1.0 (Linux; U; Android 9.0; ZTE BA520 Build/MRA58K)"
157.245.70.127 - - [28/Dec/2021:18:14:07 +0000] "GET /ab2g HTTP/1.1" 400 226 "-" "-"
157.245.70.127 - - [28/Dec/2021:18:14:07 +0000] "GET /ab2h HTTP/1.1" 400 226 "-" "-"
198.98.49.124 - - [28/Dec/2021:18:33:21 +0000] "GET /config/getuser?index=0 HTTP/1.1" 301 252 "-" "Mozilla/5.0 (X11; Ubuntu; Linux x86_64; rv:76.0) Gecko/20100101 Firefox/76.0"
69.164.211.90 - - [28/Dec/2021:18:41:16 +0000] "GET /blog/atom.xml HTTP/1.1" 301 240 "-" "Feed Wrangler/1.0 (1 subscriber; feed-id=364241; http://feedwrangler.net; Allow like Gecko)"
189.14.51.251 - - [28/Dec/2021:18:45:41 +0000] "GET / HTTP/1.1" 301 230 "-" "Mozilla/5.0 (Windows NT 10.0; WOW64) AppleWebKit/537.36 (KHTML, like Gecko) Chrome/52.0.2743.116 Safari/537.36"
85.202.169.114 - - [28/Dec/2021:18:48:05 +0000] "GET / HTTP/1.1" 301 230 "-" "Mozilla/5.0 (X11; Ubuntu; Linux x86_64; rv:76.0) Gecko/20100101 Firefox/76.0"
54.90.44.40 - - [28/Dec/2021:19:02:27 +0000] "GET / HTTP/1.1" 301 230 "-" "Mozilla/5.0 (Windows NT 6.2;en-US) AppleWebKit/537.32.36 (KHTML, live Gecko) Chrome/56.0.3033.103 Safari/537.32"
134.209.20.247 - - [28/Dec/2021:19:05:25 +0000] "\x16\x03\x01\x01\xfc\x01" 400 226 "-" "-"
159.223.85.150 - - [28/Dec/2021:19:06:01 +0000] "\x16\x03\x01\x01\xfc\x01" 400 226 "-" "-"
112.94.96.48 - - [28/Dec/2021:19:07:42 +0000] "POST /GponForm/diag_Form?images/ HTTP/1.1" 301 252 "-" "Hello, World"
173.231.60.197 - - [28/Dec/2021:19:08:45 +0000] "GET / HTTP/1.1" 301 227 "-" "Mozilla/5.0 (compatible; Adsbot/3.1; +https://seostar.co/robot/)"
103.207.170.12 - - [28/Dec/2021:19:13:02 +0000] "GET / HTTP/1.1" 301 228 "-" "Mozilla/5.0 (Windows NT 10.0; Win64; x64) AppleWebKit/537.36 (KHTML, like Gecko) Chrome/85.0.4183.121 Safari/537.36"
216.244.66.231 - - [28/Dec/2021:19:36:15 +0000] "GET /robots.txt HTTP/1.1" 301 237 "-" "Mozilla/5.0 (compatible; DotBot/1.2; +https://opensiteexplorer.org/dotbot; help@moz.com)"
103.131.71.70 - - [28/Dec/2021:19:36:55 +0000] "GET /robots.txt HTTP/1.1" 301 237 "-" "Mozilla/5.0 (compatible; coccocbot-web/1.0; +http://help.coccoc.com/searchengine)"
50.116.54.8 - - [28/Dec/2021:19:41:16 +0000] "GET /blog/atom.xml HTTP/1.1" 301 240 "-" "Feed Wrangler/1.0 (1 subscriber; feed-id=364241; http://feedwrangler.net; Allow like Gecko)"
139.162.145.250 - - [28/Dec/2021:19:48:28 +0000] "GET /bag2 HTTP/1.1" 301 234 "-" "Mozilla/4.0 (compatible; MSIE 8.0; Windows NT 6.0; Trident/4.0)"
54.36.148.109 - - [28/Dec/2021:19:56:44 +0000] "GET / HTTP/1.1" 301 227 "-" "Mozilla/5.0 (compatible; AhrefsBot/7.0; +http://ahrefs.com/robot/)"
92.118.234.202 - - [28/Dec/2021:20:06:12 +0000] "GET http://azenv.net/ HTTP/1.1" 301 226 "-" "Go-http-client/1.1"
92.118.234.202 - - [28/Dec/2021:20:06:15 +0000] "CONNECT azenv.net:443 HTTP/1.1" 301 226 "-" "Go-http-client/1.1"
136.144.41.117 - - [28/Dec/2021:20:19:03 +0000] "GET / HTTP/1.1" 301 230 "-" "Linux Gnu (cow)"
216.244.66.231 - - [28/Dec/2021:20:23:58 +0000] "GET /robots.txt HTTP/1.1" 301 237 "-" "Mozilla/5.0 (compatible; DotBot/1.2; +https://opensiteexplorer.org/dotbot; help@moz.com)"
66.249.66.14 - - [28/Dec/2021:20:32:28 +0000] "GET /robots.txt HTTP/1.1" 301 237 "-" "Mozilla/5.0 (compatible; Googlebot/2.1; +http://www.google.com/bot.html)"
66.249.66.210 - - [28/Dec/2021:20:32:29 +0000] "GET /school/English160/e160-Final/opensourcesoftware-pdf-images.pdf HTTP/1.1" 301 289 "-" "Googlebot/2.1 (+http://www.google.com/bot.html)"
109.121.163.170 - - [28/Dec/2021:20:33:09 +0000] "GET / HTTP/1.1" 301 230 "-" "Mozilla/5.0 (Windows NT 10.0; WOW64) AppleWebKit/537.36 (KHTML, like Gecko) Chrome/52.0.2743.116 Safari/537.36"
45.143.146.244 - - [28/Dec/2021:20:36:38 +0000] "GET /.env HTTP/1.1" 301 234 "-" "Mozilla/5.0 (X11; Linux x86_64) AppleWebKit/537.36 (KHTML, like Gecko) Chrome/81.0.4044.129 Safari/537.36"
45.143.146.244 - - [28/Dec/2021:20:36:39 +0000] "POST / HTTP/1.1" 301 230 "-" "Mozilla/5.0 (X11; Linux x86_64) AppleWebKit/537.36 (KHTML, like Gecko) Chrome/81.0.4044.129 Safari/537.36"
172.104.217.53 - - [28/Dec/2021:20:41:17 +0000] "GET /blog/atom.xml HTTP/1.1" 301 240 "-" "Feed Wrangler/1.0 (1 subscriber; feed-id=364241; http://feedwrangler.net; Allow like Gecko)"
173.0.55.170 - - [28/Dec/2021:20:51:19 +0000] "GET / HTTP/1.1" 301 230 "-" "Mozilla/5.0 (X11; Ubuntu; Linux x86_64; rv:76.0) Gecko/20100101 Firefox/76.0"
66.102.6.115 - - [28/Dec/2021:21:08:43 +0000] "GET / HTTP/1.1" 301 227 "-" "Mozilla/5.0 (X11; Linux x86_64) AppleWebKit/537.36 (KHTML, like Gecko) Chrome/49.0.2623.75 Safari/537.36 Google Favicon"
216.244.66.231 - - [28/Dec/2021:21:12:19 +0000] "GET /robots.txt HTTP/1.1" 301 237 "-" "Mozilla/5.0 (compatible; DotBot/1.2; +https://opensiteexplorer.org/dotbot; help@moz.com)"
159.203.18.44 - - [28/Dec/2021:21:19:19 +0000] "\x16\x03\x01\x01\xfc\x01" 400 226 "-" "-"
50.116.54.8 - - [28/Dec/2021:21:41:16 +0000] "GET /blog/atom.xml HTTP/1.1" 301 240 "-" "Feed Wrangler/1.0 (1 subscriber; feed-id=364241; http://feedwrangler.net; Allow like Gecko)"
54.36.148.109 - - [28/Dec/2021:21:44:41 +0000] "GET /blog/SCS26UC4/samsung_boot.log HTTP/1.1" 301 257 "-" "Mozilla/5.0 (compatible; AhrefsBot/7.0; +http://ahrefs.com/robot/)"
54.36.148.109 - - [28/Dec/2021:21:59:03 +0000] "GET /blog/assets_c/2010/12/IMG_20101202_234544-24.html HTTP/1.1" 301 276 "-" "Mozilla/5.0 (compatible; AhrefsBot/7.0; +http://ahrefs.com/robot/)"
157.90.209.81 - - [28/Dec/2021:22:17:15 +0000] "GET /robots.txt HTTP/1.1" 301 237 "-" "Mozilla/5.0 (compatible; BLEXBot/1.0; +http://webmeup-crawler.com/)"
116.179.33.16 - - [28/Dec/2021:22:28:14 +0000] "GET /robots.txt HTTP/1.1" 301 237 "-" "Mozilla/5.0 (Windows NT 10.0; WOW64) AppleWebKit/537.36 (KHTML, like Gecko) Chrome/48.0.2564.116 Safari/537.36"
185.180.143.79 - - [28/Dec/2021:22:32:03 +0000] "GET / HTTP/1.1" 301 230 "-" "Mozilla/5.0 (Windows NT 10.0; Win64; x64) AppleWebKit/537.36 (KHTML, like Gecko) Chrome/60.0.3112.113 Safari/537.36"
23.239.11.46 - - [28/Dec/2021:22:41:21 +0000] "GET /blog/atom.xml HTTP/1.1" 301 240 "-" "Feed Wrangler/1.0 (1 subscriber; feed-id=364241; http://feedwrangler.net; Allow like Gecko)"
216.244.66.231 - - [28/Dec/2021:22:45:56 +0000] "GET /robots.txt HTTP/1.1" 301 237 "-" "Mozilla/5.0 (compatible; DotBot/1.2; +https://opensiteexplorer.org/dotbot; help@moz.com)"
164.92.214.43 - - [28/Dec/2021:23:03:43 +0000] "GET / HTTP/1.1" 301 230 "-" "-"
164.92.214.43 - - [28/Dec/2021:23:03:44 +0000] "POST /HNAP1/ HTTP/1.1" 301 236 "-" "Mozila/5.0"
159.223.161.254 - - [28/Dec/2021:23:06:18 +0000] "GET /.env HTTP/1.1" 301 234 "-" "Mozilla/5.0 (X11; Linux x86_64) AppleWebKit/537.36 (KHTML, like Gecko) Chrome/81.0.4044.129 Safari/537.36"
159.223.161.254 - - [28/Dec/2021:23:06:18 +0000] "POST / HTTP/1.1" 301 230 "-" "Mozilla/5.0 (X11; Linux x86_64) AppleWebKit/537.36 (KHTML, like Gecko) Chrome/81.0.4044.129 Safari/537.36"
92.118.234.202 - - [28/Dec/2021:23:10:07 +0000] "GET http://azenv.net/ HTTP/1.1" 301 226 "-" "Go-http-client/1.1"
92.118.234.202 - - [28/Dec/2021:23:10:09 +0000] "CONNECT azenv.net:443 HTTP/1.1" 301 226 "-" "Go-http-client/1.1"
159.223.152.187 - - [28/Dec/2021:23:12:07 +0000] "GET /.env HTTP/1.1" 301 234 "-" "Mozilla/5.0 (X11; Linux x86_64) AppleWebKit/537.36 (KHTML, like Gecko) Chrome/81.0.4044.129 Safari/537.36"
159.223.152.187 - - [28/Dec/2021:23:12:08 +0000] "POST / HTTP/1.1" 301 230 "-" "Mozilla/5.0 (X11; Linux x86_64) AppleWebKit/537.36 (KHTML, like Gecko) Chrome/81.0.4044.129 Safari/537.36"
159.223.161.253 - - [28/Dec/2021:23:22:46 +0000] "GET /.env HTTP/1.1" 301 234 "-" "Mozilla/5.0 (X11; Linux x86_64) AppleWebKit/537.36 (KHTML, like Gecko) Chrome/81.0.4044.129 Safari/537.36"
159.223.161.253 - - [28/Dec/2021:23:22:46 +0000] "POST / HTTP/1.1" 301 230 "-" "Mozilla/5.0 (X11; Linux x86_64) AppleWebKit/537.36 (KHTML, like Gecko) Chrome/81.0.4044.129 Safari/537.36"
110.82.58.102 - - [28/Dec/2021:23:22:44 +0000] "POST /HNAP1/ HTTP/1.0" 301 236 "-" "-"
97.107.141.188 - - [28/Dec/2021:23:41:17 +0000] "GET /blog/atom.xml HTTP/1.1" 301 240 "-" "Feed Wrangler/1.0 (1 subscriber; feed-id=364241; http://feedwrangler.net; Allow like Gecko)"
207.180.213.165 - - [28/Dec/2021:23:48:11 +0000] "GET /wp-login.php HTTP/1.1" 301 239 "-" "Mozilla/5.0 (X11; Ubuntu; Linux x86_64; rv:62.0) Gecko/20100101 Firefox/62.0"
37.49.225.132 - - [28/Dec/2021:23:48:42 +0000] "GET /.env HTTP/1.1" 301 234 "-" "Python/3.7 aiohttp/3.7.4.post0"
37.49.225.132 - - [28/Dec/2021:23:48:46 +0000] "POST / HTTP/1.1" 301 230 "-" "Python/3.7 aiohttp/3.7.4.post0"
127.0.0.1 - - [28/Dec/2021:23:53:23 +0000] "OPTIONS * HTTP/1.0" 200 - "-" "Apache/2.4.6 (CentOS) OpenSSL/1.0.2k-fips (internal dummy connection)"
216.244.66.231 - - [29/Dec/2021:00:17:27 +0000] "GET /robots.txt HTTP/1.1" 301 237 "-" "Mozilla/5.0 (compatible; DotBot/1.2; +https://opensiteexplorer.org/dotbot; help@moz.com)"
198.98.49.124 - - [29/Dec/2021:00:33:02 +0000] "GET / HTTP/1.1" 301 230 "-" "Mozilla/5.0 (X11; Ubuntu; Linux x86_64; rv:76.0) Gecko/20100101 Firefox/76.0"
54.36.148.109 - - [29/Dec/2021:00:37:24 +0000] "GET /projects/pelco/10000000D.dsf HTTP/1.1" 301 255 "-" "Mozilla/5.0 (compatible; AhrefsBot/7.0; +http://ahrefs.com/robot/)"
69.164.211.90 - - [29/Dec/2021:00:41:18 +0000] "GET /blog/atom.xml HTTP/1.1" 301 240 "-" "Feed Wrangler/1.0 (1 subscriber; feed-id=364241; http://feedwrangler.net; Allow like Gecko)"
40.77.167.26 - - [29/Dec/2021:00:51:26 +0000] "GET /blog/2011/9/25/Poking%20around%20an%20Ademco%20RapidEye%20Multi.html HTTP/1.1" 301 285 "-" "Mozilla/5.0 (compatible; bingbot/2.0; +http://www.bing.com/bingbot.htm)"
216.244.66.231 - - [29/Dec/2021:01:03:34 +0000] "GET /robots.txt HTTP/1.1" 301 237 "-" "Mozilla/5.0 (compatible; DotBot/1.2; +https://opensiteexplorer.org/dotbot; help@moz.com)"
35.195.93.98 - - [29/Dec/2021:01:17:04 +0000] "GET / HTTP/1.1" 301 230 "-" "python-requests/2.26.0"
54.36.148.109 - - [29/Dec/2021:01:25:29 +0000] "GET /blog/breezeCom.txt HTTP/1.1" 301 245 "-" "Mozilla/5.0 (compatible; AhrefsBot/7.0; +http://ahrefs.com/robot/)"
92.118.234.202 - - [29/Dec/2021:01:29:50 +0000] "GET http://azenv.net/ HTTP/1.1" 301 226 "-" "Go-http-client/1.1"
92.118.234.202 - - [29/Dec/2021:01:29:52 +0000] "CONNECT azenv.net:443 HTTP/1.1" 301 226 "-" "Go-http-client/1.1"
50.116.54.8 - - [29/Dec/2021:01:41:18 +0000] "GET /blog/atom.xml HTTP/1.1" 301 240 "-" "Feed Wrangler/1.0 (1 subscriber; feed-id=364241; http://feedwrangler.net; Allow like Gecko)"
34.96.130.13 - - [29/Dec/2021:01:54:43 +0000] "GET / HTTP/1.1" 301 227 "-" "Expanse indexes the network perimeters of our customers. If you have any questions or concerns, please reach out to: scaninfo@expanseinc.com"
114.119.135.253 - - [29/Dec/2021:01:58:03 +0000] "GET /robots.txt HTTP/1.1" 301 240 "-" "Mozilla/5.0 (compatible;PetalBot;+https://webmaster.petalsearch.com/site/petalbot)"
94.181.167.55 - - [29/Dec/2021:02:03:57 +0000] "GET / HTTP/1.0" 301 227 "http://rsaxvc.net/" "Mozilla/5.0 (Windows NT 10.0; Win64; x64) AppleWebKit/537.36 (KHTML, like Gecko) Chrome/90.0.4430.85 Safari/537.36 Edg/90.0.818.49"
199.79.62.126 - - [29/Dec/2021:02:11:16 +0000] "GET /wordpress/ HTTP/1.1" 301 237 "-" "-"
114.119.133.26 - - [29/Dec/2021:02:22:35 +0000] "GET /blog/tags/board%20game.html HTTP/1.1" 301 252 "-" "Mozilla/5.0 (Linux; Android 7.0;) AppleWebKit/537.36 (KHTML, like Gecko) Mobile Safari/537.36 (compatible; PetalBot;+https://webmaster.petalsearch.com/site/petalbot)"
185.191.171.21 - - [29/Dec/2021:02:32:56 +0000] "GET /code/obj3dviewer/ HTTP/1.1" 301 244 "-" "Mozilla/5.0 (compatible; SemrushBot/7~bl; +http://www.semrush.com/bot.html)"
109.248.6.41 - - [29/Dec/2021:02:35:44 +0000] "GET / HTTP/1.0" 301 227 "-" "masscan-ng/1.3 (https://github.com/bi-zone/masscan-ng)"
54.36.149.67 - - [29/Dec/2021:02:39:10 +0000] "GET /robots.txt HTTP/1.1" 301 237 "-" "Mozilla/5.0 (compatible; AhrefsBot/7.0; +http://ahrefs.com/robot/)"
97.107.132.77 - - [29/Dec/2021:02:41:16 +0000] "GET /blog/atom.xml HTTP/1.1" 301 240 "-" "Feed Wrangler/1.0 (1 subscriber; feed-id=364241; http://feedwrangler.net; Allow like Gecko)"
157.55.39.148 - - [29/Dec/2021:02:44:01 +0000] "GET /robots.txt HTTP/1.1" 301 240 "-" "Mozilla/5.0 (compatible; bingbot/2.0; +http://www.bing.com/bingbot.htm)"
157.55.39.25 - - [29/Dec/2021:02:44:07 +0000] "GET / HTTP/1.1" 301 230 "-" "Mozilla/5.0 (compatible; bingbot/2.0; +http://www.bing.com/bingbot.htm)"
114.119.133.35 - - [29/Dec/2021:02:45:50 +0000] "GET /blog/tags/FreeBSD.html HTTP/1.1" 301 249 "-" "Mozilla/5.0 (Linux; Android 7.0;) AppleWebKit/537.36 (KHTML, like Gecko) Mobile Safari/537.36 (compatible; PetalBot;+https://webmaster.petalsearch.com/site/petalbot)"
195.54.160.149 - - [29/Dec/2021:02:46:57 +0000] "POST /vendor/phpunit/phpunit/src/Util/PHP/eval-stdin.php HTTP/1.1" 301 280 "-" "Mozilla/5.0 (Windows NT 10.0; Win64; x64) AppleWebKit/537.36 (KHTML, like Gecko) Chrome/78.0.3904.108 Safari/537.36"
60.217.75.69 - - [29/Dec/2021:02:47:30 +0000] "GET / HTTP/1.1" 301 230 "-" "Mozilla/5.0"
123.125.109.105 - - [29/Dec/2021:02:51:32 +0000] "GET / HTTP/1.1" 301 227 "-" "Sogou web spider/4.0(+http://www.sogou.com/docs/help/webmasters.htm#07)"
94.181.167.55 - - [29/Dec/2021:02:53:24 +0000] "GET / HTTP/1.0" 301 227 "http://rsaxvc.net/" "Mozilla/5.0 (Windows NT 6.3; Win64; x64) AppleWebKit/537.36 (KHTML, like Gecko) Chrome/90.0.4430.93 Safari/537.36"
8.29.198.27 - - [29/Dec/2021:02:59:00 +0000] "GET /blog/atom.xml HTTP/1.1" 301 240 "-" "Feedly/1.0 (+http://www.feedly.com/fetcher.html; 8 subscribers; like FeedFetcher-Google)"
45.132.227.205 - - [29/Dec/2021:03:01:05 +0000] "HEAD / HTTP/1.1" 301 - "-" "Mozilla/5.0 (Linux; Android 8.0.0; SM-G960F Build/R16NW) AppleWebKit/537.36 (KHTML, like Gecko) Chrome/62.0.3202.84 Mobile Safari/537.36"
40.77.167.102 - - [29/Dec/2021:03:06:58 +0000] "GET /robots.txt HTTP/1.1" 301 237 "-" "Mozilla/5.0 (compatible; bingbot/2.0; +http://www.bing.com/bingbot.htm)"
157.55.39.91 - - [29/Dec/2021:03:07:09 +0000] "GET / HTTP/1.1" 301 227 "-" "Mozilla/5.0 (compatible; bingbot/2.0; +http://www.bing.com/bingbot.htm)"
66.249.66.158 - - [29/Dec/2021:03:11:13 +0000] "GET /ads.txt HTTP/1.1" 301 234 "-" "Mozilla/5.0 (compatible; Googlebot/2.1; +http://www.google.com/bot.html)"
195.54.160.149 - - [29/Dec/2021:03:21:29 +0000] "GET /vendor/phpunit/phpunit/src/Util/PHP/eval-stdin.php HTTP/1.1" 301 280 "-" "Mozilla/5.0 (Windows NT 10.0; Win64; x64) AppleWebKit/537.36 (KHTML, like Gecko) Chrome/78.0.3904.108 Safari/537.36"
92.118.234.202 - - [29/Dec/2021:03:29:51 +0000] "GET http://azenv.net/ HTTP/1.1" 301 226 "-" "Go-http-client/1.1"
92.118.234.202 - - [29/Dec/2021:03:29:54 +0000] "CONNECT azenv.net:443 HTTP/1.1" 301 226 "-" "Go-http-client/1.1"
51.15.76.60 - - [29/Dec/2021:03:38:16 +0000] "GET / HTTP/1.1" 301 230 "-" "Mozilla/5.0 (Windows NT 10.0; Win64; x64) AppleWebKit/537.36 (KHTML, like Gecko) Chrome/95.0.4638.69 Safari/537.36"
45.129.56.200 - - [29/Dec/2021:03:38:26 +0000] "GET /favicon.ico HTTP/1.1" 301 241 "-" "Mozilla/5.0 (Windows NT 10.0; Win64; x64) AppleWebKit/537.36 (KHTML, like Gecko) Chrome/95.0.4638.69 Safari/537.36"
69.164.211.90 - - [29/Dec/2021:03:41:16 +0000] "GET /blog/atom.xml HTTP/1.1" 301 240 "-" "Feed Wrangler/1.0 (1 subscriber; feed-id=364241; http://feedwrangler.net; Allow like Gecko)"
127.0.0.1 - - [29/Dec/2021:03:49:33 +0000] "OPTIONS * HTTP/1.0" 200 - "-" "Apache/2.4.6 (CentOS) OpenSSL/1.0.2k-fips (internal dummy connection)"
216.244.66.231 - - [29/Dec/2021:04:07:38 +0000] "GET /robots.txt HTTP/1.1" 301 237 "-" "Mozilla/5.0 (compatible; DotBot/1.2; +https://opensiteexplorer.org/dotbot; help@moz.com)"
185.225.39.205 - - [29/Dec/2021:04:10:01 +0000] "GET /.env HTTP/1.1" 301 232 "-" "Mozilla/5.0 (X11; Linux x86_64) AppleWebKit/537.36 (KHTML, like Gecko) Chrome/81.0.4044.129 Safari/537.36"
185.225.39.205 - - [29/Dec/2021:04:10:01 +0000] "POST /.env HTTP/1.1" 301 232 "-" "Mozilla/5.0 (X11; Linux x86_64) AppleWebKit/537.36 (KHTML, like Gecko) Chrome/81.0.4044.129 Safari/537.36"
207.46.13.170 - - [29/Dec/2021:04:18:03 +0000] "GET / HTTP/1.1" 301 228 "-" "Mozilla/5.0 (compatible; bingbot/2.0; +http://www.bing.com/bingbot.htm)"
65.21.122.241 - - [29/Dec/2021:04:31:07 +0000] "GET /robots.txt HTTP/1.0" 301 237 "-" "Mozilla/5.0 (compatible; MJ12bot/v1.4.8; http://mj12bot.com/)"
65.21.122.241 - - [29/Dec/2021:04:31:09 +0000] "GET /blog/2010/12/how-to-stop-autoboot-on-the-samsung-scs-26uc4.html HTTP/1.0" 301 290 "-" "Mozilla/5.0 (compatible; MJ12bot/v1.4.8; http://mj12bot.com/)"
65.21.122.241 - - [29/Dec/2021:04:31:12 +0000] "GET /blog/2010/12?C=D;O=A HTTP/1.1" 301 247 "-" "Mozilla/5.0 (compatible; MJ12bot/v1.4.8; http://mj12bot.com/)"
65.21.122.241 - - [29/Dec/2021:04:31:19 +0000] "GET /blog/2010/12?C=M;O=A HTTP/1.1" 301 247 "-" "Mozilla/5.0 (compatible; MJ12bot/v1.4.8; http://mj12bot.com/)"
65.21.122.241 - - [29/Dec/2021:04:31:23 +0000] "GET /blog/2010/12?C=N;O=D HTTP/1.1" 301 247 "-" "Mozilla/5.0 (compatible; MJ12bot/v1.4.8; http://mj12bot.com/)"
65.21.122.241 - - [29/Dec/2021:04:31:30 +0000] "GET /blog/2010/12?C=S;O=A HTTP/1.1" 301 247 "-" "Mozilla/5.0 (compatible; MJ12bot/v1.4.8; http://mj12bot.com/)"
65.21.122.241 - - [29/Dec/2021:04:31:36 +0000] "GET /blog/2010/1?C=D;O=A HTTP/1.1" 301 246 "-" "Mozilla/5.0 (compatible; MJ12bot/v1.4.8; http://mj12bot.com/)"
65.21.122.241 - - [29/Dec/2021:04:31:40 +0000] "GET /blog/2010/1?C=N;O=D HTTP/1.1" 301 246 "-" "Mozilla/5.0 (compatible; MJ12bot/v1.4.8; http://mj12bot.com/)"
65.21.122.241 - - [29/Dec/2021:04:31:45 +0000] "GET /blog/2010/1?C=S;O=A HTTP/1.1" 301 246 "-" "Mozilla/5.0 (compatible; MJ12bot/v1.4.8; http://mj12bot.com/)"
65.21.122.241 - - [29/Dec/2021:04:31:51 +0000] "GET /blog/2010/2/ HTTP/1.1" 301 239 "-" "Mozilla/5.0 (compatible; MJ12bot/v1.4.8; http://mj12bot.com/)"
65.21.122.241 - - [29/Dec/2021:04:31:56 +0000] "GET /blog/2010/2/13/ HTTP/1.1" 301 242 "-" "Mozilla/5.0 (compatible; MJ12bot/v1.4.8; http://mj12bot.com/)"
65.21.122.241 - - [29/Dec/2021:04:32:00 +0000] "GET /blog/2010/2/13/?C=D;O=A HTTP/1.1" 301 250 "-" "Mozilla/5.0 (compatible; MJ12bot/v1.4.8; http://mj12bot.com/)"
65.21.122.241 - - [29/Dec/2021:04:32:05 +0000] "GET /blog/2010/2/13/?C=D;O=D HTTP/1.1" 301 250 "-" "Mozilla/5.0 (compatible; MJ12bot/v1.4.8; http://mj12bot.com/)"
65.21.122.241 - - [29/Dec/2021:04:32:09 +0000] "GET /blog/2010/2/13/?C=M;O=A HTTP/1.1" 301 250 "-" "Mozilla/5.0 (compatible; MJ12bot/v1.4.8; http://mj12bot.com/)"
65.21.122.241 - - [29/Dec/2021:04:32:14 +0000] "GET /blog/2010/2/13/?C=M;O=D HTTP/1.1" 301 250 "-" "Mozilla/5.0 (compatible; MJ12bot/v1.4.8; http://mj12bot.com/)"
65.21.122.241 - - [29/Dec/2021:04:32:19 +0000] "GET /blog/2010/2/13/?C=N;O=A HTTP/1.1" 301 250 "-" "Mozilla/5.0 (compatible; MJ12bot/v1.4.8; http://mj12bot.com/)"
65.21.122.241 - - [29/Dec/2021:04:32:23 +0000] "GET /blog/2010/2/13/?C=N;O=D HTTP/1.1" 301 250 "-" "Mozilla/5.0 (compatible; MJ12bot/v1.4.8; http://mj12bot.com/)"
65.21.122.241 - - [29/Dec/2021:04:32:27 +0000] "GET /blog/2010/2/13/?C=S;O=A HTTP/1.1" 301 250 "-" "Mozilla/5.0 (compatible; MJ12bot/v1.4.8; http://mj12bot.com/)"
65.21.122.241 - - [29/Dec/2021:04:32:32 +0000] "GET /blog/2010/2/13/?C=S;O=D HTTP/1.1" 301 250 "-" "Mozilla/5.0 (compatible; MJ12bot/v1.4.8; http://mj12bot.com/)"
65.21.122.241 - - [29/Dec/2021:04:32:36 +0000] "GET /blog/2010/2/13/Toshiba%20T135D.html HTTP/1.1" 301 260 "-" "Mozilla/5.0 (compatible; MJ12bot/v1.4.8; http://mj12bot.com/)"
65.21.122.241 - - [29/Dec/2021:04:32:41 +0000] "GET /blog/2010/2/13/Toshiba_T135D.html HTTP/1.1" 301 260 "-" "Mozilla/5.0 (compatible; MJ12bot/v1.4.8; http://mj12bot.com/)"
65.21.122.241 - - [29/Dec/2021:04:32:44 +0000] "GET /blog/2010/2/13?C=D;O=A HTTP/1.1" 301 249 "-" "Mozilla/5.0 (compatible; MJ12bot/v1.4.8; http://mj12bot.com/)"
65.21.122.241 - - [29/Dec/2021:04:32:51 +0000] "GET /blog/2010/2/13?C=M;O=A HTTP/1.1" 301 249 "-" "Mozilla/5.0 (compatible; MJ12bot/v1.4.8; http://mj12bot.com/)"
65.21.122.241 - - [29/Dec/2021:04:32:59 +0000] "GET /blog/2010/2/13?C=N;O=D HTTP/1.1" 301 249 "-" "Mozilla/5.0 (compatible; MJ12bot/v1.4.8; http://mj12bot.com/)"
65.21.122.241 - - [29/Dec/2021:04:33:07 +0000] "GET /blog/2010/2/13?C=S;O=A HTTP/1.1" 301 249 "-" "Mozilla/5.0 (compatible; MJ12bot/v1.4.8; http://mj12bot.com/)"
65.21.122.241 - - [29/Dec/2021:04:33:14 +0000] "GET /blog/2010/2/24/ HTTP/1.1" 301 242 "-" "Mozilla/5.0 (compatible; MJ12bot/v1.4.8; http://mj12bot.com/)"
65.21.122.241 - - [29/Dec/2021:04:33:19 +0000] "GET /blog/2010/2/24/?C=D;O=A HTTP/1.1" 301 250 "-" "Mozilla/5.0 (compatible; MJ12bot/v1.4.8; http://mj12bot.com/)"
65.21.122.241 - - [29/Dec/2021:04:33:25 +0000] "GET /blog/2010/2/24/?C=M;O=A HTTP/1.1" 301 250 "-" "Mozilla/5.0 (compatible; MJ12bot/v1.4.8; http://mj12bot.com/)"
65.21.122.241 - - [29/Dec/2021:04:33:30 +0000] "GET /blog/2010/2/24/?C=M;O=D HTTP/1.1" 301 250 "-" "Mozilla/5.0 (compatible; MJ12bot/v1.4.8; http://mj12bot.com/)"
65.21.122.241 - - [29/Dec/2021:04:33:34 +0000] "GET /blog/2010/2/24/?C=N;O=A HTTP/1.1" 301 250 "-" "Mozilla/5.0 (compatible; MJ12bot/v1.4.8; http://mj12bot.com/)"
65.21.122.241 - - [29/Dec/2021:04:33:39 +0000] "GET /blog/2010/2/24/?C=N;O=D HTTP/1.1" 301 250 "-" "Mozilla/5.0 (compatible; MJ12bot/v1.4.8; http://mj12bot.com/)"
65.21.122.241 - - [29/Dec/2021:04:33:43 +0000] "GET /blog/2010/2/24/?C=S;O=A HTTP/1.1" 301 250 "-" "Mozilla/5.0 (compatible; MJ12bot/v1.4.8; http://mj12bot.com/)"
65.21.122.241 - - [29/Dec/2021:04:33:48 +0000] "GET /blog/2010/2/24/?C=S;O=D HTTP/1.1" 301 250 "-" "Mozilla/5.0 (compatible; MJ12bot/v1.4.8; http://mj12bot.com/)"
65.21.122.241 - - [29/Dec/2021:04:33:53 +0000] "GET /blog/2010/2/24/NA-FS,%20Not%20Actually%20a%20File%20System.html HTTP/1.1" 301 280 "-" "Mozilla/5.0 (compatible; MJ12bot/v1.4.8; http://mj12bot.com/)"
65.21.122.241 - - [29/Dec/2021:04:33:58 +0000] "GET /blog/2010/2/24/NA-FS,_Not_Actually_a_File_System.html HTTP/1.1" 301 280 "-" "Mozilla/5.0 (compatible; MJ12bot/v1.4.8; http://mj12bot.com/)"
65.21.122.241 - - [29/Dec/2021:04:34:04 +0000] "GET /blog/2010/2/24?C=M;O=A HTTP/1.1" 301 249 "-" "Mozilla/5.0 (compatible; MJ12bot/v1.4.8; http://mj12bot.com/)"
65.21.122.241 - - [29/Dec/2021:04:34:11 +0000] "GET /blog/2010/2/24?C=N;O=D HTTP/1.1" 301 249 "-" "Mozilla/5.0 (compatible; MJ12bot/v1.4.8; http://mj12bot.com/)"
65.21.122.241 - - [29/Dec/2021:04:34:19 +0000] "GET /blog/2010/2/24?C=S;O=A HTTP/1.1" 301 249 "-" "Mozilla/5.0 (compatible; MJ12bot/v1.4.8; http://mj12bot.com/)"
65.21.122.241 - - [29/Dec/2021:04:34:28 +0000] "GET /blog/2010/2/?C=D;O=D HTTP/1.1" 301 247 "-" "Mozilla/5.0 (compatible; MJ12bot/v1.4.8; http://mj12bot.com/)"
65.21.122.241 - - [29/Dec/2021:04:34:33 +0000] "GET /blog/2010/2/?C=M;O=A HTTP/1.1" 301 247 "-" "Mozilla/5.0 (compatible; MJ12bot/v1.4.8; http://mj12bot.com/)"
65.21.122.241 - - [29/Dec/2021:04:34:37 +0000] "GET /blog/2010/2/?C=M;O=D HTTP/1.1" 301 247 "-" "Mozilla/5.0 (compatible; MJ12bot/v1.4.8; http://mj12bot.com/)"
65.21.122.241 - - [29/Dec/2021:04:34:42 +0000] "GET /blog/2010/2/?C=N;O=A HTTP/1.1" 301 247 "-" "Mozilla/5.0 (compatible; MJ12bot/v1.4.8; http://mj12bot.com/)"
65.21.122.241 - - [29/Dec/2021:04:34:46 +0000] "GET /blog/2010/2/?C=N;O=D HTTP/1.1" 301 247 "-" "Mozilla/5.0 (compatible; MJ12bot/v1.4.8; http://mj12bot.com/)"
65.21.122.241 - - [29/Dec/2021:04:34:51 +0000] "GET /blog/2010/2/?C=S;O=A HTTP/1.1" 301 247 "-" "Mozilla/5.0 (compatible; MJ12bot/v1.4.8; http://mj12bot.com/)"
65.21.122.241 - - [29/Dec/2021:04:34:56 +0000] "GET /blog/2010/2/?C=S;O=D HTTP/1.1" 301 247 "-" "Mozilla/5.0 (compatible; MJ12bot/v1.4.8; http://mj12bot.com/)"
65.21.122.241 - - [29/Dec/2021:04:35:01 +0000] "GET /blog/2010/2?C=D;O=A HTTP/1.1" 301 246 "-" "Mozilla/5.0 (compatible; MJ12bot/v1.4.8; http://mj12bot.com/)"
65.21.122.241 - - [29/Dec/2021:04:35:09 +0000] "GET /blog/2010/2?C=M;O=A HTTP/1.1" 301 246 "-" "Mozilla/5.0 (compatible; MJ12bot/v1.4.8; http://mj12bot.com/)"
65.21.122.241 - - [29/Dec/2021:04:35:17 +0000] "GET /blog/2010/2?C=N;O=D HTTP/1.1" 301 246 "-" "Mozilla/5.0 (compatible; MJ12bot/v1.4.8; http://mj12bot.com/)"
65.21.122.241 - - [29/Dec/2021:04:35:26 +0000] "GET /blog/2010/2?C=S;O=A HTTP/1.1" 301 246 "-" "Mozilla/5.0 (compatible; MJ12bot/v1.4.8; http://mj12bot.com/)"
65.21.122.241 - - [29/Dec/2021:04:35:33 +0000] "GET /blog/2010/7/ HTTP/1.1" 301 239 "-" "Mozilla/5.0 (compatible; MJ12bot/v1.4.8; http://mj12bot.com/)"
65.21.122.241 - - [29/Dec/2021:04:35:38 +0000] "GET /blog/2010/7/21/ HTTP/1.1" 301 242 "-" "Mozilla/5.0 (compatible; MJ12bot/v1.4.8; http://mj12bot.com/)"
65.21.122.241 - - [29/Dec/2021:04:35:44 +0000] "GET /blog/2010/7/21/?C=D;O=D HTTP/1.1" 301 250 "-" "Mozilla/5.0 (compatible; MJ12bot/v1.4.8; http://mj12bot.com/)"
65.21.122.241 - - [29/Dec/2021:04:35:51 +0000] "GET /blog/2010/7/21/?C=M;O=D HTTP/1.1" 301 250 "-" "Mozilla/5.0 (compatible; MJ12bot/v1.4.8; http://mj12bot.com/)"
65.21.122.241 - - [29/Dec/2021:04:35:57 +0000] "GET /blog/2010/7/21/?C=N;O=D HTTP/1.1" 301 250 "-" "Mozilla/5.0 (compatible; MJ12bot/v1.4.8; http://mj12bot.com/)"
65.21.122.241 - - [29/Dec/2021:04:36:02 +0000] "GET /blog/2010/7/21/?C=S;O=A HTTP/1.1" 301 250 "-" "Mozilla/5.0 (compatible; MJ12bot/v1.4.8; http://mj12bot.com/)"
65.21.122.241 - - [29/Dec/2021:04:36:06 +0000] "GET /blog/2010/7/21/?C=S;O=D HTTP/1.1" 301 250 "-" "Mozilla/5.0 (compatible; MJ12bot/v1.4.8; http://mj12bot.com/)"
65.21.122.241 - - [29/Dec/2021:04:36:11 +0000] "GET /blog/2010/7/21/Cricut%20USB%20Protocol%20Reversed.html HTTP/1.1" 301 275 "-" "Mozilla/5.0 (compatible; MJ12bot/v1.4.8; http://mj12bot.com/)"
65.21.122.241 - - [29/Dec/2021:04:36:16 +0000] "GET /blog/2010/7/21/Cricut_USB_Protocol_Reversed.html HTTP/1.1" 301 275 "-" "Mozilla/5.0 (compatible; MJ12bot/v1.4.8; http://mj12bot.com/)"
65.21.122.241 - - [29/Dec/2021:04:36:23 +0000] "GET /blog/2010/7/?C=D;O=D HTTP/1.1" 301 247 "-" "Mozilla/5.0 (compatible; MJ12bot/v1.4.8; http://mj12bot.com/)"
65.21.122.241 - - [29/Dec/2021:04:36:28 +0000] "GET /blog/2010/7/?C=M;O=A HTTP/1.1" 301 247 "-" "Mozilla/5.0 (compatible; MJ12bot/v1.4.8; http://mj12bot.com/)"
65.21.122.241 - - [29/Dec/2021:04:36:32 +0000] "GET /blog/2010/7/?C=M;O=D HTTP/1.1" 301 247 "-" "Mozilla/5.0 (compatible; MJ12bot/v1.4.8; http://mj12bot.com/)"
65.21.122.241 - - [29/Dec/2021:04:36:37 +0000] "GET /blog/2010/7/?C=N;O=A HTTP/1.1" 301 247 "-" "Mozilla/5.0 (compatible; MJ12bot/v1.4.8; http://mj12bot.com/)"
65.21.122.241 - - [29/Dec/2021:04:36:46 +0000] "GET /blog/2010/7/?C=S;O=A HTTP/1.1" 301 247 "-" "Mozilla/5.0 (compatible; MJ12bot/v1.4.8; http://mj12bot.com/)"
65.21.122.241 - - [29/Dec/2021:04:36:50 +0000] "GET /blog/2010/7/?C=S;O=D HTTP/1.1" 301 247 "-" "Mozilla/5.0 (compatible; MJ12bot/v1.4.8; http://mj12bot.com/)"
65.21.122.241 - - [29/Dec/2021:04:36:55 +0000] "GET /blog/2010/7?C=D;O=A HTTP/1.1" 301 246 "-" "Mozilla/5.0 (compatible; MJ12bot/v1.4.8; http://mj12bot.com/)"
65.21.122.241 - - [29/Dec/2021:04:37:04 +0000] "GET /blog/2010/7?C=M;O=A HTTP/1.1" 301 246 "-" "Mozilla/5.0 (compatible; MJ12bot/v1.4.8; http://mj12bot.com/)"
65.21.122.241 - - [29/Dec/2021:04:37:12 +0000] "GET /blog/2010/7?C=N;O=D HTTP/1.1" 301 246 "-" "Mozilla/5.0 (compatible; MJ12bot/v1.4.8; http://mj12bot.com/)"
65.21.122.241 - - [29/Dec/2021:04:37:20 +0000] "GET /blog/2010/7?C=S;O=A HTTP/1.1" 301 246 "-" "Mozilla/5.0 (compatible; MJ12bot/v1.4.8; http://mj12bot.com/)"
65.21.122.241 - - [29/Dec/2021:04:37:28 +0000] "GET /blog/2010/9/ HTTP/1.1" 301 239 "-" "Mozilla/5.0 (compatible; MJ12bot/v1.4.8; http://mj12bot.com/)"
65.21.122.241 - - [29/Dec/2021:04:37:33 +0000] "GET /blog/2010/9/19/ HTTP/1.1" 301 242 "-" "Mozilla/5.0 (compatible; MJ12bot/v1.4.8; http://mj12bot.com/)"
65.21.122.241 - - [29/Dec/2021:04:37:38 +0000] "GET /blog/2010/9/19/?C=D;O=A HTTP/1.1" 301 250 "-" "Mozilla/5.0 (compatible; MJ12bot/v1.4.8; http://mj12bot.com/)"
65.21.122.241 - - [29/Dec/2021:04:37:42 +0000] "GET /blog/2010/9/19/?C=D;O=D HTTP/1.1" 301 250 "-" "Mozilla/5.0 (compatible; MJ12bot/v1.4.8; http://mj12bot.com/)"
65.21.122.241 - - [29/Dec/2021:04:37:47 +0000] "GET /blog/2010/9/19/?C=M;O=A HTTP/1.1" 301 250 "-" "Mozilla/5.0 (compatible; MJ12bot/v1.4.8; http://mj12bot.com/)"
65.21.122.241 - - [29/Dec/2021:04:37:52 +0000] "GET /blog/2010/9/19/?C=M;O=D HTTP/1.1" 301 250 "-" "Mozilla/5.0 (compatible; MJ12bot/v1.4.8; http://mj12bot.com/)"
65.21.122.241 - - [29/Dec/2021:04:37:56 +0000] "GET /blog/2010/9/19/?C=N;O=A HTTP/1.1" 301 250 "-" "Mozilla/5.0 (compatible; MJ12bot/v1.4.8; http://mj12bot.com/)"
65.21.122.241 - - [29/Dec/2021:04:38:01 +0000] "GET /blog/2010/9/19/?C=N;O=D HTTP/1.1" 301 250 "-" "Mozilla/5.0 (compatible; MJ12bot/v1.4.8; http://mj12bot.com/)"
65.21.122.241 - - [29/Dec/2021:04:38:06 +0000] "GET /blog/2010/9/19/?C=S;O=A HTTP/1.1" 301 250 "-" "Mozilla/5.0 (compatible; MJ12bot/v1.4.8; http://mj12bot.com/)"
65.21.122.241 - - [29/Dec/2021:04:38:11 +0000] "GET /blog/2010/9/19/?C=S;O=D HTTP/1.1" 301 250 "-" "Mozilla/5.0 (compatible; MJ12bot/v1.4.8; http://mj12bot.com/)"
65.21.122.241 - - [29/Dec/2021:04:38:16 +0000] "GET /blog/2010/9/19/Building%20OpenAL%20on%20Solaris.html HTTP/1.1" 301 273 "-" "Mozilla/5.0 (compatible; MJ12bot/v1.4.8; http://mj12bot.com/)"
65.21.122.241 - - [29/Dec/2021:04:38:20 +0000] "GET /blog/2010/9/19/Building_OpenAL_on_Solaris.html HTTP/1.1" 301 273 "-" "Mozilla/5.0 (compatible; MJ12bot/v1.4.8; http://mj12bot.com/)"
65.21.122.241 - - [29/Dec/2021:04:38:23 +0000] "GET /blog/2010/9/19?C=D;O=A HTTP/1.1" 301 249 "-" "Mozilla/5.0 (compatible; MJ12bot/v1.4.8; http://mj12bot.com/)"
65.21.122.241 - - [29/Dec/2021:04:38:31 +0000] "GET /blog/2010/9/19?C=M;O=A HTTP/1.1" 301 249 "-" "Mozilla/5.0 (compatible; MJ12bot/v1.4.8; http://mj12bot.com/)"
65.21.122.241 - - [29/Dec/2021:04:38:39 +0000] "GET /blog/2010/9/19?C=N;O=D HTTP/1.1" 301 249 "-" "Mozilla/5.0 (compatible; MJ12bot/v1.4.8; http://mj12bot.com/)"
65.21.122.241 - - [29/Dec/2021:04:38:47 +0000] "GET /blog/2010/9/19?C=S;O=A HTTP/1.1" 301 249 "-" "Mozilla/5.0 (compatible; MJ12bot/v1.4.8; http://mj12bot.com/)"
65.21.122.241 - - [29/Dec/2021:04:38:55 +0000] "GET /blog/2010/9/30/ HTTP/1.1" 301 242 "-" "Mozilla/5.0 (compatible; MJ12bot/v1.4.8; http://mj12bot.com/)"
65.21.122.241 - - [29/Dec/2021:04:39:00 +0000] "GET /blog/2010/9/30/?C=D;O=A HTTP/1.1" 301 250 "-" "Mozilla/5.0 (compatible; MJ12bot/v1.4.8; http://mj12bot.com/)"
65.21.122.241 - - [29/Dec/2021:04:39:09 +0000] "GET /blog/2010/9/30/?C=N;O=A HTTP/1.1" 301 250 "-" "Mozilla/5.0 (compatible; MJ12bot/v1.4.8; http://mj12bot.com/)"
65.21.122.241 - - [29/Dec/2021:04:39:14 +0000] "GET /blog/2010/9/30/?C=N;O=D HTTP/1.1" 301 250 "-" "Mozilla/5.0 (compatible; MJ12bot/v1.4.8; http://mj12bot.com/)"
65.21.122.241 - - [29/Dec/2021:04:39:19 +0000] "GET /blog/2010/9/30/?C=S;O=A HTTP/1.1" 301 250 "-" "Mozilla/5.0 (compatible; MJ12bot/v1.4.8; http://mj12bot.com/)"
65.21.122.241 - - [29/Dec/2021:04:39:24 +0000] "GET /blog/2010/9/30/?C=S;O=D HTTP/1.1" 301 250 "-" "Mozilla/5.0 (compatible; MJ12bot/v1.4.8; http://mj12bot.com/)"
65.21.122.241 - - [29/Dec/2021:04:39:29 +0000] "GET /blog/2010/9/30/Building_FS2_Open_on_OpenSolaris.html HTTP/1.1" 301 279 "-" "Mozilla/5.0 (compatible; MJ12bot/v1.4.8; http://mj12bot.com/)"
65.21.122.241 - - [29/Dec/2021:04:39:33 +0000] "GET /blog/2010/9/?C=D;O=A HTTP/1.1" 301 247 "-" "Mozilla/5.0 (compatible; MJ12bot/v1.4.8; http://mj12bot.com/)"
65.21.122.241 - - [29/Dec/2021:04:39:38 +0000] "GET /blog/2010/9/?C=D;O=D HTTP/1.1" 301 247 "-" "Mozilla/5.0 (compatible; MJ12bot/v1.4.8; http://mj12bot.com/)"
65.21.122.241 - - [29/Dec/2021:04:39:43 +0000] "GET /blog/2010/9/?C=M;O=A HTTP/1.1" 301 247 "-" "Mozilla/5.0 (compatible; MJ12bot/v1.4.8; http://mj12bot.com/)"
65.21.122.241 - - [29/Dec/2021:04:39:48 +0000] "GET /blog/2010/9/?C=M;O=D HTTP/1.1" 301 247 "-" "Mozilla/5.0 (compatible; MJ12bot/v1.4.8; http://mj12bot.com/)"
65.21.122.241 - - [29/Dec/2021:04:39:53 +0000] "GET /blog/2010/9/?C=N;O=A HTTP/1.1" 301 247 "-" "Mozilla/5.0 (compatible; MJ12bot/v1.4.8; http://mj12bot.com/)"
65.21.122.241 - - [29/Dec/2021:04:39:57 +0000] "GET /blog/2010/9/?C=N;O=D HTTP/1.1" 301 247 "-" "Mozilla/5.0 (compatible; MJ12bot/v1.4.8; http://mj12bot.com/)"
65.21.122.241 - - [29/Dec/2021:04:40:04 +0000] "GET /blog/2010/9/?C=S;O=D HTTP/1.1" 301 247 "-" "Mozilla/5.0 (compatible; MJ12bot/v1.4.8; http://mj12bot.com/)"
65.21.122.241 - - [29/Dec/2021:04:40:08 +0000] "GET /blog/2010/9?C=D;O=A HTTP/1.1" 301 246 "-" "Mozilla/5.0 (compatible; MJ12bot/v1.4.8; http://mj12bot.com/)"
65.21.122.241 - - [29/Dec/2021:04:40:16 +0000] "GET /blog/2010/9?C=M;O=A HTTP/1.1" 301 246 "-" "Mozilla/5.0 (compatible; MJ12bot/v1.4.8; http://mj12bot.com/)"
65.21.122.241 - - [29/Dec/2021:04:40:24 +0000] "GET /blog/2010/9?C=N;O=D HTTP/1.1" 301 246 "-" "Mozilla/5.0 (compatible; MJ12bot/v1.4.8; http://mj12bot.com/)"
65.21.122.241 - - [29/Dec/2021:04:40:32 +0000] "GET /blog/2010/9?C=S;O=A HTTP/1.1" 301 246 "-" "Mozilla/5.0 (compatible; MJ12bot/v1.4.8; http://mj12bot.com/)"
65.21.122.241 - - [29/Dec/2021:04:40:40 +0000] "GET /blog/2010/?C=D;O=A HTTP/1.1" 301 245 "-" "Mozilla/5.0 (compatible; MJ12bot/v1.4.8; http://mj12bot.com/)"
65.21.122.241 - - [29/Dec/2021:04:40:45 +0000] "GET /blog/2010/?C=D;O=D HTTP/1.1" 301 245 "-" "Mozilla/5.0 (compatible; MJ12bot/v1.4.8; http://mj12bot.com/)"
65.21.122.241 - - [29/Dec/2021:04:40:49 +0000] "GET /blog/2010/?C=M;O=A HTTP/1.1" 301 245 "-" "Mozilla/5.0 (compatible; MJ12bot/v1.4.8; http://mj12bot.com/)"
65.21.122.241 - - [29/Dec/2021:04:40:54 +0000] "GET /blog/2010/?C=M;O=D HTTP/1.1" 301 245 "-" "Mozilla/5.0 (compatible; MJ12bot/v1.4.8; http://mj12bot.com/)"
65.21.122.241 - - [29/Dec/2021:04:40:59 +0000] "GET /blog/2010/?C=N;O=A HTTP/1.1" 301 245 "-" "Mozilla/5.0 (compatible; MJ12bot/v1.4.8; http://mj12bot.com/)"
65.21.122.241 - - [29/Dec/2021:04:41:04 +0000] "GET /blog/2010/?C=N;O=D HTTP/1.1" 301 245 "-" "Mozilla/5.0 (compatible; MJ12bot/v1.4.8; http://mj12bot.com/)"
65.21.122.241 - - [29/Dec/2021:04:41:09 +0000] "GET /blog/2010/?C=S;O=A HTTP/1.1" 301 245 "-" "Mozilla/5.0 (compatible; MJ12bot/v1.4.8; http://mj12bot.com/)"
65.21.122.241 - - [29/Dec/2021:04:41:14 +0000] "GET /blog/2010/?C=S;O=D HTTP/1.1" 301 245 "-" "Mozilla/5.0 (compatible; MJ12bot/v1.4.8; http://mj12bot.com/)"
97.107.132.77 - - [29/Dec/2021:04:41:16 +0000] "GET /blog/atom.xml HTTP/1.1" 301 240 "-" "Feed Wrangler/1.0 (1 subscriber; feed-id=364241; http://feedwrangler.net; Allow like Gecko)"
65.21.122.241 - - [29/Dec/2021:04:41:22 +0000] "GET /blog/2010?C=M;O=A HTTP/1.1" 301 244 "-" "Mozilla/5.0 (compatible; MJ12bot/v1.4.8; http://mj12bot.com/)"
65.21.122.241 - - [29/Dec/2021:04:41:29 +0000] "GET /blog/2010?C=N;O=D HTTP/1.1" 301 244 "-" "Mozilla/5.0 (compatible; MJ12bot/v1.4.8; http://mj12bot.com/)"
65.21.122.241 - - [29/Dec/2021:04:41:37 +0000] "GET /blog/2010?C=S;O=A HTTP/1.1" 301 244 "-" "Mozilla/5.0 (compatible; MJ12bot/v1.4.8; http://mj12bot.com/)"
65.21.122.241 - - [29/Dec/2021:04:41:45 +0000] "GET /blog/2011/ HTTP/1.1" 301 237 "-" "Mozilla/5.0 (compatible; MJ12bot/v1.4.8; http://mj12bot.com/)"
65.21.122.241 - - [29/Dec/2021:04:41:49 +0000] "GET /blog/2011/01/changing-your-google-chrome-flash-version.html HTTP/1.1" 301 286 "-" "Mozilla/5.0 (compatible; MJ12bot/v1.4.8; http://mj12bot.com/)"
65.21.122.241 - - [29/Dec/2021:04:41:52 +0000] "GET /blog/2011/01/opening-and-getting-console-on-att-u-verse-3800hgv-b.html HTTP/1.1" 301 297 "-" "Mozilla/5.0 (compatible; MJ12bot/v1.4.8; http://mj12bot.com/)"
