152.32.171.98 - - [24/Nov/2021:06:56:31 +0000] "GET /index/index/purchase.html HTTP/1.1" 301 255 "-" "Mozilla/5.0 (Macintosh; Intel Mac OS X 10_15_7) AppleWebKit/537.36 (KHTML, like Gecko) Chrome/94.0.4606.81 Safari/537.36 Edg/94.0.992.47"
152.32.171.98 - - [24/Nov/2021:06:56:32 +0000] "GET /static/common/js/global.js HTTP/1.1" 301 256 "-" "Mozilla/5.0 (Macintosh; Intel Mac OS X 10_15_7) AppleWebKit/537.36 (KHTML, like Gecko) Chrome/94.0.4606.81 Safari/537.36 Edg/94.0.992.47"
152.32.171.98 - - [24/Nov/2021:06:56:32 +0000] "GET /Public/Wchat/css/index.css HTTP/1.1" 301 256 "-" "Mozilla/5.0 (Macintosh; Intel Mac OS X 10_15_7) AppleWebKit/537.36 (KHTML, like Gecko) Chrome/94.0.4606.81 Safari/537.36 Edg/94.0.992.47"
152.32.171.98 - - [24/Nov/2021:06:56:32 +0000] "GET /static/download/style.css HTTP/1.1" 301 255 "-" "Mozilla/5.0 (Macintosh; Intel Mac OS X 10_15_7) AppleWebKit/537.36 (KHTML, like Gecko) Chrome/94.0.4606.81 Safari/537.36 Edg/94.0.992.47"
152.32.171.98 - - [24/Nov/2021:06:56:34 +0000] "GET /app/common/getRegisterSet HTTP/1.1" 301 255 "-" "Mozilla/5.0 (Macintosh; Intel Mac OS X 10_15_7) AppleWebKit/537.36 (KHTML, like Gecko) Chrome/94.0.4606.81 Safari/537.36 Edg/94.0.992.47"
152.32.171.98 - - [24/Nov/2021:06:56:37 +0000] "GET /Template/Mobile/js/main.js HTTP/1.1" 301 256 "-" "Mozilla/5.0 (Macintosh; Intel Mac OS X 10_15_7) AppleWebKit/537.36 (KHTML, like Gecko) Chrome/94.0.4606.81 Safari/537.36 Edg/94.0.992.47"
152.32.171.98 - - [24/Nov/2021:06:56:38 +0000] "GET /static/common/js/common.js HTTP/1.1" 301 256 "-" "Mozilla/5.0 (Macintosh; Intel Mac OS X 10_15_7) AppleWebKit/537.36 (KHTML, like Gecko) Chrome/94.0.4606.81 Safari/537.36 Edg/94.0.992.47"
152.32.171.98 - - [24/Nov/2021:06:56:38 +0000] "GET /pages/console/js/common.js HTTP/1.1" 301 256 "-" "Mozilla/5.0 (Macintosh; Intel Mac OS X 10_15_7) AppleWebKit/537.36 (KHTML, like Gecko) Chrome/94.0.4606.81 Safari/537.36 Edg/94.0.992.47"
152.32.171.98 - - [24/Nov/2021:06:56:39 +0000] "-" 408 - "-" "-"
152.32.171.98 - - [24/Nov/2021:06:56:39 +0000] "GET /static/tabBar/home_cur.png HTTP/1.1" 301 256 "-" "Mozilla/5.0 (Macintosh; Intel Mac OS X 10_15_7) AppleWebKit/537.36 (KHTML, like Gecko) Chrome/94.0.4606.81 Safari/537.36 Edg/94.0.992.47"
152.32.171.98 - - [24/Nov/2021:06:56:40 +0000] "GET /api/currency/quotation_new HTTP/1.1" 301 256 "-" "Mozilla/5.0 (Macintosh; Intel Mac OS X 10_15_7) AppleWebKit/537.36 (KHTML, like Gecko) Chrome/94.0.4606.81 Safari/537.36 Edg/94.0.992.47"
152.32.171.98 - - [24/Nov/2021:06:56:41 +0000] "GET /n/news/banner?column_id=303 HTTP/1.1" 301 257 "-" "Mozilla/5.0 (Macintosh; Intel Mac OS X 10_15_7) AppleWebKit/537.36 (KHTML, like Gecko) Chrome/94.0.4606.81 Safari/537.36 Edg/94.0.992.47"
152.32.171.98 - - [24/Nov/2021:06:56:41 +0000] "GET /template/tmp1/js/common.js HTTP/1.1" 301 256 "-" "Mozilla/5.0 (Macintosh; Intel Mac OS X 10_15_7) AppleWebKit/537.36 (KHTML, like Gecko) Chrome/94.0.4606.81 Safari/537.36 Edg/94.0.992.47"
152.32.171.98 - - [24/Nov/2021:06:56:41 +0000] "GET /static/img/bitbeb-logo.png HTTP/1.1" 301 256 "-" "Mozilla/5.0 (Macintosh; Intel Mac OS X 10_15_7) AppleWebKit/537.36 (KHTML, like Gecko) Chrome/94.0.4606.81 Safari/537.36 Edg/94.0.992.47"
152.32.171.98 - - [24/Nov/2021:06:56:42 +0000] "GET /resources/css/headernav.css HTTP/1.1" 301 257 "-" "Mozilla/5.0 (Macintosh; Intel Mac OS X 10_15_7) AppleWebKit/537.36 (KHTML, like Gecko) Chrome/94.0.4606.81 Safari/537.36 Edg/94.0.992.47"
152.32.171.98 - - [24/Nov/2021:06:56:42 +0000] "GET /home/login/login_index.html HTTP/1.1" 301 257 "-" "Mozilla/5.0 (Macintosh; Intel Mac OS X 10_15_7) AppleWebKit/537.36 (KHTML, like Gecko) Chrome/94.0.4606.81 Safari/537.36 Edg/94.0.992.47"
152.32.171.98 - - [24/Nov/2021:06:56:42 +0000] "GET /Templates/user/js/global.js HTTP/1.1" 301 257 "-" "Mozilla/5.0 (Macintosh; Intel Mac OS X 10_15_7) AppleWebKit/537.36 (KHTML, like Gecko) Chrome/94.0.4606.81 Safari/537.36 Edg/94.0.992.47"
152.32.171.98 - - [24/Nov/2021:06:56:43 +0000] "GET /static/data/thirdgames.json HTTP/1.1" 301 257 "-" "Mozilla/5.0 (Macintosh; Intel Mac OS X 10_15_7) AppleWebKit/537.36 (KHTML, like Gecko) Chrome/94.0.4606.81 Safari/537.36 Edg/94.0.992.47"
152.32.171.98 - - [24/Nov/2021:06:56:45 +0000] "GET /index.php/Wap/Api/getBanner HTTP/1.1" 301 257 "-" "Mozilla/5.0 (Macintosh; Intel Mac OS X 10_15_7) AppleWebKit/537.36 (KHTML, like Gecko) Chrome/94.0.4606.81 Safari/537.36 Edg/94.0.992.47"
152.32.171.98 - - [24/Nov/2021:06:56:47 +0000] "GET /static/admincp/js/common.js HTTP/1.1" 301 257 "-" "Mozilla/5.0 (Macintosh; Intel Mac OS X 10_15_7) AppleWebKit/537.36 (KHTML, like Gecko) Chrome/94.0.4606.81 Safari/537.36 Edg/94.0.992.47"
152.32.171.98 - - [24/Nov/2021:06:56:48 +0000] "GET /Public/uploads/web/step1.png HTTP/1.1" 301 258 "-" "Mozilla/5.0 (Macintosh; Intel Mac OS X 10_15_7) AppleWebKit/537.36 (KHTML, like Gecko) Chrome/94.0.4606.81 Safari/537.36 Edg/94.0.992.47"
152.32.171.98 - - [24/Nov/2021:06:56:49 +0000] "GET /template/js/comm/Confrim.js HTTP/1.1" 301 257 "-" "Mozilla/5.0 (Macintosh; Intel Mac OS X 10_15_7) AppleWebKit/537.36 (KHTML, like Gecko) Chrome/94.0.4606.81 Safari/537.36 Edg/94.0.992.47"
152.32.171.98 - - [24/Nov/2021:06:56:49 +0000] "GET /market/market-ws/iframe.html HTTP/1.1" 301 258 "-" "Mozilla/5.0 (Macintosh; Intel Mac OS X 10_15_7) AppleWebKit/537.36 (KHTML, like Gecko) Chrome/94.0.4606.81 Safari/537.36 Edg/94.0.992.47"
152.32.171.98 - - [24/Nov/2021:06:56:49 +0000] "GET /views/commData/commonSite.js HTTP/1.1" 301 258 "-" "Mozilla/5.0 (Macintosh; Intel Mac OS X 10_15_7) AppleWebKit/537.36 (KHTML, like Gecko) Chrome/94.0.4606.81 Safari/537.36 Edg/94.0.992.47"
152.32.171.98 - - [24/Nov/2021:06:56:50 +0000] "GET /static/xianyu/js/bankCheck.js HTTP/1.1" 301 259 "-" "Mozilla/5.0 (Macintosh; Intel Mac OS X 10_15_7) AppleWebKit/537.36 (KHTML, like Gecko) Chrome/94.0.4606.81 Safari/537.36 Edg/94.0.992.47"
152.32.171.98 - - [24/Nov/2021:06:56:50 +0000] "GET /public/static/css/public.css HTTP/1.1" 301 258 "-" "Mozilla/5.0 (Macintosh; Intel Mac OS X 10_15_7) AppleWebKit/537.36 (KHTML, like Gecko) Chrome/94.0.4606.81 Safari/537.36 Edg/94.0.992.47"
152.32.171.98 - - [24/Nov/2021:06:56:56 +0000] "GET /Content/m_1/js/m_1_Jquery.js HTTP/1.1" 301 258 "-" "Mozilla/5.0 (Macintosh; Intel Mac OS X 10_15_7) AppleWebKit/537.36 (KHTML, like Gecko) Chrome/94.0.4606.81 Safari/537.36 Edg/94.0.992.47"
152.32.171.98 - - [24/Nov/2021:06:56:57 +0000] "GET /api/web/user/getIndexData.php HTTP/1.1" 301 259 "-" "Mozilla/5.0 (Macintosh; Intel Mac OS X 10_15_7) AppleWebKit/537.36 (KHTML, like Gecko) Chrome/94.0.4606.81 Safari/537.36 Edg/94.0.992.47"
152.32.171.98 - - [24/Nov/2021:06:56:57 +0000] "GET /wap/trading/lastKlineParameter HTTP/1.1" 301 260 "-" "Mozilla/5.0 (Macintosh; Intel Mac OS X 10_15_7) AppleWebKit/537.36 (KHTML, like Gecko) Chrome/94.0.4606.81 Safari/537.36 Edg/94.0.992.47"
152.32.171.98 - - [24/Nov/2021:06:56:58 +0000] "GET /getConfig/getArticle.do?code=1 HTTP/1.1" 301 260 "-" "Mozilla/5.0 (Macintosh; Intel Mac OS X 10_15_7) AppleWebKit/537.36 (KHTML, like Gecko) Chrome/94.0.4606.81 Safari/537.36 Edg/94.0.992.47"
152.32.171.98 - - [24/Nov/2021:06:57:00 +0000] "GET /Public/home/common/js/index.js HTTP/1.1" 301 260 "-" "Mozilla/5.0 (Macintosh; Intel Mac OS X 10_15_7) AppleWebKit/537.36 (KHTML, like Gecko) Chrome/94.0.4606.81 Safari/537.36 Edg/94.0.992.47"
152.32.171.98 - - [24/Nov/2021:06:57:01 +0000] "GET /template/920ka/js/woodyapp.js HTTP/1.1" 301 259 "-" "Mozilla/5.0 (Macintosh; Intel Mac OS X 10_15_7) AppleWebKit/537.36 (KHTML, like Gecko) Chrome/94.0.4606.81 Safari/537.36 Edg/94.0.992.47"
152.32.171.98 - - [24/Nov/2021:06:57:02 +0000] "GET /public/web/css/add//index.css HTTP/1.1" 301 259 "-" "Mozilla/5.0 (Macintosh; Intel Mac OS X 10_15_7) AppleWebKit/537.36 (KHTML, like Gecko) Chrome/94.0.4606.81 Safari/537.36 Edg/94.0.992.47"
152.32.171.98 - - [24/Nov/2021:06:57:03 +0000] "GET /Public/home/wap/css/qdgame.css HTTP/1.1" 301 260 "-" "Mozilla/5.0 (Macintosh; Intel Mac OS X 10_15_7) AppleWebKit/537.36 (KHTML, like Gecko) Chrome/94.0.4606.81 Safari/537.36 Edg/94.0.992.47"
152.32.171.98 - - [24/Nov/2021:06:57:03 +0000] "GET /wap/trading/get_newallorder_ajax HTTP/1.1" 301 262 "-" "Mozilla/5.0 (Macintosh; Intel Mac OS X 10_15_7) AppleWebKit/537.36 (KHTML, like Gecko) Chrome/94.0.4606.81 Safari/537.36 Edg/94.0.992.47"
152.32.171.98 - - [24/Nov/2021:06:57:06 +0000] "GET /assets/room/css/room_mobile.css HTTP/1.1" 301 261 "-" "Mozilla/5.0 (Macintosh; Intel Mac OS X 10_15_7) AppleWebKit/537.36 (KHTML, like Gecko) Chrome/94.0.4606.81 Safari/537.36 Edg/94.0.992.47"
152.32.171.98 - - [24/Nov/2021:06:57:07 +0000] "-" 408 - "-" "-"
152.32.171.98 - - [24/Nov/2021:06:57:09 +0000] "POST /index.php/api/other/appSetting HTTP/1.1" 301 260 "-" "Mozilla/5.0 (Macintosh; Intel Mac OS X 10_15_7) AppleWebKit/537.36 (KHTML, like Gecko) Chrome/94.0.4606.81 Safari/537.36 Edg/94.0.992.47"
152.32.171.98 - - [24/Nov/2021:06:57:09 +0000] "GET /ws/index/getTheLotteryInitList HTTP/1.1" 301 260 "-" "Mozilla/5.0 (Macintosh; Intel Mac OS X 10_15_7) AppleWebKit/537.36 (KHTML, like Gecko) Chrome/94.0.4606.81 Safari/537.36 Edg/94.0.992.47"
152.32.171.98 - - [24/Nov/2021:06:57:09 +0000] "GET /stock/search.html?keyword=00202 HTTP/1.1" 301 261 "-" "Mozilla/5.0 (Macintosh; Intel Mac OS X 10_15_7) AppleWebKit/537.36 (KHTML, like Gecko) Chrome/94.0.4606.81 Safari/537.36 Edg/94.0.992.47"
152.32.171.98 - - [24/Nov/2021:06:57:09 +0000] "GET /public/appapi/images/error.jpg HTTP/1.1" 301 260 "-" "Mozilla/5.0 (Macintosh; Intel Mac OS X 10_15_7) AppleWebKit/537.36 (KHTML, like Gecko) Chrome/94.0.4606.81 Safari/537.36 Edg/94.0.992.47"
152.32.171.98 - - [24/Nov/2021:06:57:11 +0000] "-" 408 - "-" "-"
152.32.171.98 - - [24/Nov/2021:06:57:13 +0000] "GET /index/police/index.html?agent=1000 HTTP/1.1" 301 264 "-" "Mozilla/5.0 (Macintosh; Intel Mac OS X 10_15_7) AppleWebKit/537.36 (KHTML, like Gecko) Chrome/94.0.4606.81 Safari/537.36 Edg/94.0.992.47"
152.32.171.98 - - [24/Nov/2021:06:57:13 +0000] "GET /admin/webadmin.php?mod=do&act=login HTTP/1.1" 301 269 "-" "Mozilla/5.0 (Macintosh; Intel Mac OS X 10_15_7) AppleWebKit/537.36 (KHTML, like Gecko) Chrome/94.0.4606.81 Safari/537.36 Edg/94.0.992.47"
152.32.171.98 - - [24/Nov/2021:06:57:13 +0000] "GET /assets/extension/market/css/mt4.css HTTP/1.1" 301 265 "-" "Mozilla/5.0 (Macintosh; Intel Mac OS X 10_15_7) AppleWebKit/537.36 (KHTML, like Gecko) Chrome/94.0.4606.81 Safari/537.36 Edg/94.0.992.47"
152.32.171.98 - - [24/Nov/2021:06:57:16 +0000] "GET /assets/dist/static/js/vendor_prod.js HTTP/1.1" 301 266 "-" "Mozilla/5.0 (Macintosh; Intel Mac OS X 10_15_7) AppleWebKit/537.36 (KHTML, like Gecko) Chrome/94.0.4606.81 Safari/537.36 Edg/94.0.992.47"
152.32.171.98 - - [24/Nov/2021:06:57:17 +0000] "-" 408 - "-" "-"
152.32.171.98 - - [24/Nov/2021:06:57:18 +0000] "GET /index/Mobile/kline_week?code=sz003043 HTTP/1.1" 301 267 "-" "Mozilla/5.0 (Macintosh; Intel Mac OS X 10_15_7) AppleWebKit/537.36 (KHTML, like Gecko) Chrome/94.0.4606.81 Safari/537.36 Edg/94.0.992.47"
152.32.171.98 - - [24/Nov/2021:06:57:18 +0000] "GET /base/exchange_index/changepwdfirst HTTP/1.1" 301 264 "-" "Mozilla/5.0 (Macintosh; Intel Mac OS X 10_15_7) AppleWebKit/537.36 (KHTML, like Gecko) Chrome/94.0.4606.81 Safari/537.36 Edg/94.0.992.47"
152.32.171.98 - - [24/Nov/2021:06:57:19 +0000] "GET /api/stock/getSingleStock.do?code=002405 HTTP/1.1" 301 269 "-" "Mozilla/5.0 (Macintosh; Intel Mac OS X 10_15_7) AppleWebKit/537.36 (KHTML, like Gecko) Chrome/94.0.4606.81 Safari/537.36 Edg/94.0.992.47"
152.32.171.98 - - [24/Nov/2021:06:57:20 +0000] "GET /index.php?m=api&c=app&a=getPlatformConfig HTTP/1.1" 301 279 "-" "Mozilla/5.0 (Macintosh; Intel Mac OS X 10_15_7) AppleWebKit/537.36 (KHTML, like Gecko) Chrome/94.0.4606.81 Safari/537.36 Edg/94.0.992.47"
152.32.171.98 - - [24/Nov/2021:06:57:20 +0000] "GET /wap/api/exchangerateuserconfig!get.action HTTP/1.1" 301 271 "-" "Mozilla/5.0 (Macintosh; Intel Mac OS X 10_15_7) AppleWebKit/537.36 (KHTML, like Gecko) Chrome/94.0.4606.81 Safari/537.36 Edg/94.0.992.47"
152.32.171.98 - - [24/Nov/2021:06:57:22 +0000] "GET /service?action=getBasicInfo&terminal_id=1 HTTP/1.1" 301 275 "-" "Mozilla/5.0 (Macintosh; Intel Mac OS X 10_15_7) AppleWebKit/537.36 (KHTML, like Gecko) Chrome/94.0.4606.81 Safari/537.36 Edg/94.0.992.47"
152.32.171.98 - - [24/Nov/2021:06:57:23 +0000] "GET /s_api/basic/config_js?callback=__set_config HTTP/1.1" 301 273 "-" "Mozilla/5.0 (Macintosh; Intel Mac OS X 10_15_7) AppleWebKit/537.36 (KHTML, like Gecko) Chrome/94.0.4606.81 Safari/537.36 Edg/94.0.992.47"
152.32.171.98 - - [24/Nov/2021:06:57:23 +0000] "-" 408 - "-" "-"
152.32.171.98 - - [24/Nov/2021:06:57:24 +0000] "-" 408 - "-" "-"
152.32.171.98 - - [24/Nov/2021:06:57:28 +0000] "GET /public/admin.php/api/index/loansList HTTP/1.1" 301 266 "-" "Mozilla/5.0 (Macintosh; Intel Mac OS X 10_15_7) AppleWebKit/537.36 (KHTML, like Gecko) Chrome/94.0.4606.81 Safari/537.36 Edg/94.0.992.47"
152.32.171.98 - - [24/Nov/2021:06:57:28 +0000] "GET /api/exclude/siteConfig/webSiteConfig HTTP/1.1" 301 266 "-" "Mozilla/5.0 (Macintosh; Intel Mac OS X 10_15_7) AppleWebKit/537.36 (KHTML, like Gecko) Chrome/94.0.4606.81 Safari/537.36 Edg/94.0.992.47"
152.32.171.98 - - [24/Nov/2021:06:57:28 +0000] "GET /h5/static/cert/icon_yanzhengma.png HTTP/1.1" 301 264 "-" "Mozilla/5.0 (Macintosh; Intel Mac OS X 10_15_7) AppleWebKit/537.36 (KHTML, like Gecko) Chrome/94.0.4606.81 Safari/537.36 Edg/94.0.992.47"
152.32.171.98 - - [24/Nov/2021:06:57:28 +0000] "GET /v1/management/tenant/getSpeedDomain HTTP/1.1" 301 265 "-" "Mozilla/5.0 (Macintosh; Intel Mac OS X 10_15_7) AppleWebKit/537.36 (KHTML, like Gecko) Chrome/94.0.4606.81 Safari/537.36 Edg/94.0.992.47"
152.32.171.98 - - [24/Nov/2021:06:57:28 +0000] "GET /static/h5/img/icon__create-group.png HTTP/1.1" 301 266 "-" "Mozilla/5.0 (Macintosh; Intel Mac OS X 10_15_7) AppleWebKit/537.36 (KHTML, like Gecko) Chrome/94.0.4606.81 Safari/537.36 Edg/94.0.992.47"
152.32.171.98 - - [24/Nov/2021:06:57:28 +0000] "GET /Content/common/web/CommonActivity.css HTTP/1.1" 301 267 "-" "Mozilla/5.0 (Macintosh; Intel Mac OS X 10_15_7) AppleWebKit/537.36 (KHTML, like Gecko) Chrome/94.0.4606.81 Safari/537.36 Edg/94.0.992.47"
152.32.171.98 - - [24/Nov/2021:06:57:28 +0000] "GET /douyinpay.php?order=20210815173223834 HTTP/1.1" 301 267 "-" "Mozilla/5.0 (Macintosh; Intel Mac OS X 10_15_7) AppleWebKit/537.36 (KHTML, like Gecko) Chrome/94.0.4606.81 Safari/537.36 Edg/94.0.992.47"
152.32.171.98 - - [24/Nov/2021:06:57:28 +0000] "GET /site/get-hq?proNo=btc&panType=1&pid=1 HTTP/1.1" 301 275 "-" "Mozilla/5.0 (Macintosh; Intel Mac OS X 10_15_7) AppleWebKit/537.36 (KHTML, like Gecko) Chrome/94.0.4606.81 Safari/537.36 Edg/94.0.992.47"
152.32.171.98 - - [24/Nov/2021:06:57:28 +0000] "GET /Templates/user/finance/css/userPay.css HTTP/1.1" 301 268 "-" "Mozilla/5.0 (Macintosh; Intel Mac OS X 10_15_7) AppleWebKit/537.36 (KHTML, like Gecko) Chrome/94.0.4606.81 Safari/537.36 Edg/94.0.992.47"
152.32.171.98 - - [24/Nov/2021:06:57:28 +0000] "GET /public/static/home/js/moblie/login.js HTTP/1.1" 301 267 "-" "Mozilla/5.0 (Macintosh; Intel Mac OS X 10_15_7) AppleWebKit/537.36 (KHTML, like Gecko) Chrome/94.0.4606.81 Safari/537.36 Edg/94.0.992.47"
152.32.171.98 - - [24/Nov/2021:06:57:28 +0000] "GET /index.php/Wap/Api/getSystemNotice?id=1 HTTP/1.1" 301 268 "-" "Mozilla/5.0 (Macintosh; Intel Mac OS X 10_15_7) AppleWebKit/537.36 (KHTML, like Gecko) Chrome/94.0.4606.81 Safari/537.36 Edg/94.0.992.47"
152.32.171.98 - - [24/Nov/2021:06:57:28 +0000] "GET /base/exchange_article/index/classid/1/id/1 HTTP/1.1" 301 272 "-" "Mozilla/5.0 (Macintosh; Intel Mac OS X 10_15_7) AppleWebKit/537.36 (KHTML, like Gecko) Chrome/94.0.4606.81 Safari/537.36 Edg/94.0.992.47"
152.32.171.98 - - [24/Nov/2021:06:57:28 +0000] "GET /Public/Home/ecshe_css/main.css?v=1543997196 HTTP/1.1" 301 273 "-" "Mozilla/5.0 (Macintosh; Intel Mac OS X 10_15_7) AppleWebKit/537.36 (KHTML, like Gecko) Chrome/94.0.4606.81 Safari/537.36 Edg/94.0.992.47"
152.32.171.98 - - [24/Nov/2021:06:57:28 +0000] "GET /ajax/allcoin_a/id/0?t=0.3782499195965951 HTTP/1.1" 301 270 "-" "Mozilla/5.0 (Macintosh; Intel Mac OS X 10_15_7) AppleWebKit/537.36 (KHTML, like Gecko) Chrome/94.0.4606.81 Safari/537.36 Edg/94.0.992.47"
152.32.171.98 - - [24/Nov/2021:06:57:28 +0000] "GET /common/template/lottery/lecai/css/style.css HTTP/1.1" 301 273 "-" "Mozilla/5.0 (Macintosh; Intel Mac OS X 10_15_7) AppleWebKit/537.36 (KHTML, like Gecko) Chrome/94.0.4606.81 Safari/537.36 Edg/94.0.992.47"
152.32.171.98 - - [24/Nov/2021:06:57:28 +0000] "GET /static/local/img/userCenter/hourlyPrivilege.svg HTTP/1.1" 301 277 "-" "Mozilla/5.0 (Macintosh; Intel Mac OS X 10_15_7) AppleWebKit/537.36 (KHTML, like Gecko) Chrome/94.0.4606.81 Safari/537.36 Edg/94.0.992.47"
152.32.171.98 - - [24/Nov/2021:06:57:28 +0000] "GET /Public/Mobile/ecshe_css/wapmain.css?v=1545408652 HTTP/1.1" 301 278 "-" "Mozilla/5.0 (Macintosh; Intel Mac OS X 10_15_7) AppleWebKit/537.36 (KHTML, like Gecko) Chrome/94.0.4606.81 Safari/537.36 Edg/94.0.992.47"
152.32.171.98 - - [24/Nov/2021:06:57:28 +0000] "GET /infe/rest/fig/advertise/common.json?mobile_open=1 HTTP/1.1" 301 279 "-" "Mozilla/5.0 (Macintosh; Intel Mac OS X 10_15_7) AppleWebKit/537.36 (KHTML, like Gecko) Chrome/94.0.4606.81 Safari/537.36 Edg/94.0.992.47"
152.32.171.98 - - [24/Nov/2021:06:57:29 +0000] "-" 408 - "-" "-"
152.32.171.98 - - [24/Nov/2021:06:57:29 +0000] "-" 408 - "-" "-"
152.32.171.98 - - [24/Nov/2021:06:57:31 +0000] "GET /client/api/findConfigByKey?configKey=level_config HTTP/1.1" 301 279 "-" "Mozilla/5.0 (Macintosh; Intel Mac OS X 10_15_7) AppleWebKit/537.36 (KHTML, like Gecko) Chrome/94.0.4606.81 Safari/537.36 Edg/94.0.992.47"
152.32.171.98 - - [24/Nov/2021:06:57:32 +0000] "GET /getConfig/listPopFrame.do?code=14&position=index&_=1601489645097 HTTP/1.1" 301 302 "-" "Mozilla/5.0 (Macintosh; Intel Mac OS X 10_15_7) AppleWebKit/537.36 (KHTML, like Gecko) Chrome/94.0.4606.81 Safari/537.36 Edg/94.0.992.47"
152.32.171.98 - - [24/Nov/2021:06:57:32 +0000] "GET /api/product/topRank?token=null&uid=null&lang=null&direct=1&type=1 HTTP/1.1" 301 311 "-" "Mozilla/5.0 (Macintosh; Intel Mac OS X 10_15_7) AppleWebKit/537.36 (KHTML, like Gecko) Chrome/94.0.4606.81 Safari/537.36 Edg/94.0.992.47"
152.32.171.98 - - [24/Nov/2021:06:57:32 +0000] "GET /api/uploads/apimap HTTP/1.1" 301 248 "-" "Mozilla/5.0 (Macintosh; Intel Mac OS X 10_15_7) AppleWebKit/537.36 (KHTML, like Gecko) Chrome/94.0.4606.81 Safari/537.36 Edg/94.0.992.47"
152.32.171.98 - - [24/Nov/2021:06:57:33 +0000] "GET / HTTP/1.1" 301 230 "-" "Mozilla/5.0 (Macintosh; Intel Mac OS X 10_15_7) AppleWebKit/537.36 (KHTML, like Gecko) Chrome/94.0.4606.81 Safari/537.36 Edg/94.0.992.47"
152.32.171.98 - - [24/Nov/2021:06:57:33 +0000] "GET /api/wallet/redDetail HTTP/1.1" 301 250 "-" "Mozilla/5.0 (Macintosh; Intel Mac OS X 10_15_7) AppleWebKit/537.36 (KHTML, like Gecko) Chrome/94.0.4606.81 Safari/537.36 Edg/94.0.992.47"
152.32.171.98 - - [24/Nov/2021:06:57:33 +0000] "GET /other/codepay/js/codepay_util.js HTTP/1.1" 301 262 "-" "Mozilla/5.0 (Macintosh; Intel Mac OS X 10_15_7) AppleWebKit/537.36 (KHTML, like Gecko) Chrome/94.0.4606.81 Safari/537.36 Edg/94.0.992.47"
152.32.171.98 - - [24/Nov/2021:06:57:33 +0000] "GET /api/config-init HTTP/1.1" 301 245 "-" "Mozilla/5.0 (Macintosh; Intel Mac OS X 10_15_7) AppleWebKit/537.36 (KHTML, like Gecko) Chrome/94.0.4606.81 Safari/537.36 Edg/94.0.992.47"
152.32.171.98 - - [24/Nov/2021:06:57:36 +0000] "-" 408 - "-" "-"
152.32.171.98 - - [24/Nov/2021:06:57:38 +0000] "GET /service?action=getBasicInfo&terminal_id=2&token=&debug=true HTTP/1.1" 301 301 "-" "Mozilla/5.0 (Macintosh; Intel Mac OS X 10_15_7) AppleWebKit/537.36 (KHTML, like Gecko) Chrome/94.0.4606.81 Safari/537.36 Edg/94.0.992.47"
152.32.171.98 - - [24/Nov/2021:06:57:38 +0000] "GET /leftDao.php?callback=jQuery183016740860980352856_1604309800583 HTTP/1.1" 301 292 "-" "Mozilla/5.0 (Macintosh; Intel Mac OS X 10_15_7) AppleWebKit/537.36 (KHTML, like Gecko) Chrome/94.0.4606.81 Safari/537.36 Edg/94.0.992.47"
152.32.171.98 - - [24/Nov/2021:06:57:38 +0000] "GET /api/v/index/queryOfficePage?officeCode=customHomeLink HTTP/1.1" 301 283 "-" "Mozilla/5.0 (Macintosh; Intel Mac OS X 10_15_7) AppleWebKit/537.36 (KHTML, like Gecko) Chrome/94.0.4606.81 Safari/537.36 Edg/94.0.992.47"
152.32.171.98 - - [24/Nov/2021:06:57:38 +0000] "GET /getConfig/listPopFrame.do?code=1&position=index&_=1601489645097 HTTP/1.1" 301 301 "-" "Mozilla/5.0 (Macintosh; Intel Mac OS X 10_15_7) AppleWebKit/537.36 (KHTML, like Gecko) Chrome/94.0.4606.81 Safari/537.36 Edg/94.0.992.47"
152.32.171.98 - - [24/Nov/2021:06:57:38 +0000] "GET /ipl/app/flash/publicbmw/ball/FigLeaf.js?site=member HTTP/1.1" 301 281 "-" "Mozilla/5.0 (Macintosh; Intel Mac OS X 10_15_7) AppleWebKit/537.36 (KHTML, like Gecko) Chrome/94.0.4606.81 Safari/537.36 Edg/94.0.992.47"
152.32.171.98 - - [24/Nov/2021:06:57:38 +0000] "GET /themes/simpleboot3/public/assets/newpc/download_pattern_right.png HTTP/1.1" 301 295 "-" "Mozilla/5.0 (Macintosh; Intel Mac OS X 10_15_7) AppleWebKit/537.36 (KHTML, like Gecko) Chrome/94.0.4606.81 Safari/537.36 Edg/94.0.992.47"
152.32.171.98 - - [24/Nov/2021:06:57:38 +0000] "GET /api/v1/about HTTP/1.1" 301 242 "-" "Mozilla/5.0 (Macintosh; Intel Mac OS X 10_15_7) AppleWebKit/537.36 (KHTML, like Gecko) Chrome/94.0.4606.81 Safari/537.36 Edg/94.0.992.47"
152.32.171.98 - - [24/Nov/2021:06:57:38 +0000] "GET /kkrps/im_group/show_members HTTP/1.1" 301 257 "-" "Mozilla/5.0 (Macintosh; Intel Mac OS X 10_15_7) AppleWebKit/537.36 (KHTML, like Gecko) Chrome/94.0.4606.81 Safari/537.36 Edg/94.0.992.47"
152.32.171.98 - - [24/Nov/2021:06:57:38 +0000] "POST /user/getAllNicknames HTTP/1.1" 301 250 "-" "Mozilla/5.0 (Macintosh; Intel Mac OS X 10_15_7) AppleWebKit/537.36 (KHTML, like Gecko) Chrome/94.0.4606.81 Safari/537.36 Edg/94.0.992.47"
152.32.171.98 - - [24/Nov/2021:06:57:39 +0000] "GET /public/static/css/denglu.css HTTP/1.1" 301 258 "-" "Mozilla/5.0 (Macintosh; Intel Mac OS X 10_15_7) AppleWebKit/537.36 (KHTML, like Gecko) Chrome/94.0.4606.81 Safari/537.36 Edg/94.0.992.47"
152.32.171.98 - - [24/Nov/2021:06:57:39 +0000] "POST /auth/oauth/token HTTP/1.1" 301 246 "-" "Mozilla/5.0 (Macintosh; Intel Mac OS X 10_15_7) AppleWebKit/537.36 (KHTML, like Gecko) Chrome/94.0.4606.81 Safari/537.36 Edg/94.0.992.47"
152.32.171.98 - - [24/Nov/2021:06:57:39 +0000] "GET /friendGroup/list HTTP/1.1" 301 246 "-" "Mozilla/5.0 (Macintosh; Intel Mac OS X 10_15_7) AppleWebKit/537.36 (KHTML, like Gecko) Chrome/94.0.4606.81 Safari/537.36 Edg/94.0.992.47"
152.32.171.98 - - [24/Nov/2021:06:57:39 +0000] "GET /api/config/info HTTP/1.1" 301 245 "-" "Mozilla/5.0 (Macintosh; Intel Mac OS X 10_15_7) AppleWebKit/537.36 (KHTML, like Gecko) Chrome/94.0.4606.81 Safari/537.36 Edg/94.0.992.47"
127.0.0.1 - - [24/Nov/2021:06:57:57 +0000] "OPTIONS * HTTP/1.0" 200 - "-" "Apache/2.4.6 (CentOS) OpenSSL/1.0.2k-fips (internal dummy connection)"
127.0.0.1 - - [24/Nov/2021:06:57:58 +0000] "OPTIONS * HTTP/1.0" 200 - "-" "Apache/2.4.6 (CentOS) OpenSSL/1.0.2k-fips (internal dummy connection)"
127.0.0.1 - - [24/Nov/2021:06:57:59 +0000] "OPTIONS * HTTP/1.0" 200 - "-" "Apache/2.4.6 (CentOS) OpenSSL/1.0.2k-fips (internal dummy connection)"
127.0.0.1 - - [24/Nov/2021:06:58:00 +0000] "OPTIONS * HTTP/1.0" 200 - "-" "Apache/2.4.6 (CentOS) OpenSSL/1.0.2k-fips (internal dummy connection)"
127.0.0.1 - - [24/Nov/2021:06:58:01 +0000] "OPTIONS * HTTP/1.0" 200 - "-" "Apache/2.4.6 (CentOS) OpenSSL/1.0.2k-fips (internal dummy connection)"
66.249.66.158 - - [24/Nov/2021:07:07:13 +0000] "GET /robots.txt HTTP/1.1" 301 237 "-" "Mozilla/5.0 (compatible; Googlebot/2.1; +http://www.google.com/bot.html)"
66.249.66.86 - - [24/Nov/2021:07:07:14 +0000] "GET /blog/2011/1/30/Google%20Analytics%20License%20Plate%20Game.html HTTP/1.1" 301 282 "-" "Mozilla/5.0 (Linux; Android 6.0.1; Nexus 5X Build/MMB29P) AppleWebKit/537.36 (KHTML, like Gecko) Chrome/96.0.4664.45 Mobile Safari/537.36 (compatible; Googlebot/2.1; +http://www.google.com/bot.html)"
127.0.0.1 - - [24/Nov/2021:07:07:28 +0000] "OPTIONS * HTTP/1.0" 200 - "-" "Apache/2.4.6 (CentOS) OpenSSL/1.0.2k-fips (internal dummy connection)"
104.194.11.24 - - [24/Nov/2021:07:10:51 +0000] "GET http://www.k3k88.com/football/inner_redirect/skGameFootballInfoTwo/findFootballList HTTP/1.1" 301 292 "http://www.k3k88.com" "Mozilla/5.0 (Macintosh; Intel Mac OS X 10_15_7) AppleWebKit/537.36 (KHTML, like Gecko) Chrome/95.0.4638.54 Safari/537.36"
219.94.246.47 - - [24/Nov/2021:07:15:12 +0000] "GET /cgi-bin/.%2e/%2e%2e/%2e%2e/%2e%2e/etc/passwd HTTP/1.1" 400 226 "-" "curl/7.80.0"
216.244.66.232 - - [24/Nov/2021:07:23:00 +0000] "GET /robots.txt HTTP/1.1" 301 240 "-" "Mozilla/5.0 (compatible; DotBot/1.2; +https://opensiteexplorer.org/dotbot; help@moz.com)"
172.93.111.128 - - [24/Nov/2021:07:30:51 +0000] "GET https://www.yagoal.online/api/login/signIn HTTP/1.1" 301 250 "https://www.yagoal.online" "Mozilla/5.0 (Macintosh; Intel Mac OS X 10_15_7) AppleWebKit/537.36 (KHTML, like Gecko) Chrome/95.0.4638.54 Safari/537.36"
87.251.75.40 - - [24/Nov/2021:07:32:13 +0000] "\x03" 400 226 "-" "-"
207.46.13.89 - - [24/Nov/2021:07:38:45 +0000] "GET / HTTP/1.1" 301 230 "-" "Mozilla/5.0 (compatible; bingbot/2.0; +http://www.bing.com/bingbot.htm)"
123.125.109.223 - - [24/Nov/2021:07:39:33 +0000] "GET / HTTP/1.1" 301 227 "-" "Sogou web spider/4.0(+http://www.sogou.com/docs/help/webmasters.htm#07)"
172.104.217.53 - - [24/Nov/2021:07:41:18 +0000] "GET /blog/atom.xml HTTP/1.1" 301 240 "-" "Feed Wrangler/1.0 (1 subscriber; feed-id=364241; http://feedwrangler.net; Allow like Gecko)"
209.153.66.66 - - [24/Nov/2021:07:45:25 +0000] "GET /blog/atom.xml HTTP/1.1" 301 240 "-" "Tiny Tiny RSS/21.11-a109e89 (https://tt-rss.org/)"
40.77.167.100 - - [24/Nov/2021:08:01:59 +0000] "GET /robots.txt HTTP/1.1" 301 237 "-" "Mozilla/5.0 (compatible; bingbot/2.0; +http://www.bing.com/bingbot.htm)"
157.55.39.177 - - [24/Nov/2021:08:02:07 +0000] "GET / HTTP/1.1" 301 227 "-" "Mozilla/5.0 (compatible; bingbot/2.0; +http://www.bing.com/bingbot.htm)"
66.249.93.246 - - [24/Nov/2021:08:06:30 +0000] "GET / HTTP/1.1" 301 227 "-" "Mozilla/5.0 (X11; Linux x86_64) AppleWebKit/537.36 (KHTML, like Gecko) Chrome/49.0.2623.75 Safari/537.36 Google Favicon"
66.249.66.85 - - [24/Nov/2021:08:08:17 +0000] "GET /ads.txt HTTP/1.1" 301 234 "-" "Mozilla/5.0 (compatible; Googlebot/2.1; +http://www.google.com/bot.html)"
216.244.66.231 - - [24/Nov/2021:08:21:36 +0000] "GET /robots.txt HTTP/1.1" 301 237 "-" "Mozilla/5.0 (compatible; DotBot/1.2; +https://opensiteexplorer.org/dotbot; help@moz.com)"
121.5.109.55 - - [24/Nov/2021:08:22:09 +0000] "GET /sitemap.xml HTTP/1.1" 301 241 "-" "Mozilla/5.0 (Linux; Android 6.0; Nexus 5 Build/MRA58N) AppleWebKit/537.36 (KHTML, like Gecko) Chrome/81.0.4044.138 Mobile Safari/537.36"
209.153.66.66 - - [24/Nov/2021:08:40:12 +0000] "GET /blog/atom.xml HTTP/1.1" 301 240 "-" "Tiny Tiny RSS/21.11-a109e89 (https://tt-rss.org/)"
97.107.132.77 - - [24/Nov/2021:08:41:19 +0000] "GET /blog/atom.xml HTTP/1.1" 301 240 "-" "Feed Wrangler/1.0 (1 subscriber; feed-id=364241; http://feedwrangler.net; Allow like Gecko)"
43.131.23.42 - - [24/Nov/2021:08:45:02 +0000] "GET / HTTP/1.1" 301 230 "-" "-"
216.244.66.232 - - [24/Nov/2021:08:55:31 +0000] "GET /robots.txt HTTP/1.1" 301 240 "-" "Mozilla/5.0 (compatible; DotBot/1.2; +https://opensiteexplorer.org/dotbot; help@moz.com)"
113.31.114.242 - - [24/Nov/2021:09:00:20 +0000] "GET / HTTP/1.1" 301 227 "-" "Dalvik/2.1.0 (Linux; U; Android 9.0; ZTE BA520 Build/MRA58K)"
113.31.114.242 - - [24/Nov/2021:09:10:41 +0000] "GET / HTTP/1.1" 301 227 "-" "Mozilla/5.0 (Macintosh; Intel Mac OS X 10_11) AppleWebKit/601.1.27 (KHTML, like Gecko) Chrome/47.0.2526.106 Safari/601.1.27"
71.6.232.4 - - [24/Nov/2021:09:22:09 +0000] "GET / HTTP/1.1" 301 230 "-" "Mozilla/5.0 (Windows NT 10.0; Win64; x64) AppleWebKit/537.36 (KHTML, like Gecko) Chrome/74.0.3729.131 Safari/537.36"
207.46.13.13 - - [24/Nov/2021:09:28:08 +0000] "GET / HTTP/1.1" 301 228 "-" "Mozilla/5.0 (compatible; bingbot/2.0; +http://www.bing.com/bingbot.htm)"
209.153.66.66 - - [24/Nov/2021:09:35:57 +0000] "GET /blog/atom.xml HTTP/1.1" 301 240 "-" "Tiny Tiny RSS/21.11-a109e89 (https://tt-rss.org/)"
97.107.141.188 - - [24/Nov/2021:09:41:18 +0000] "GET /blog/atom.xml HTTP/1.1" 301 240 "-" "Feed Wrangler/1.0 (1 subscriber; feed-id=364241; http://feedwrangler.net; Allow like Gecko)"
216.244.66.232 - - [24/Nov/2021:09:41:41 +0000] "GET /robots.txt HTTP/1.1" 301 240 "-" "Mozilla/5.0 (compatible; DotBot/1.2; +https://opensiteexplorer.org/dotbot; help@moz.com)"
192.241.205.187 - - [24/Nov/2021:10:09:21 +0000] "GET / HTTP/1.1" 301 230 "-" "Mozilla/5.0 zgrab/0.x"
185.220.101.137 - - [24/Nov/2021:10:14:03 +0000] "GET /wp-json/wp/v2/posts HTTP/1.1" 301 246 "rsaxvc.net/wp-json/wp/v2/posts" "Mozilla/5.0 (Windows; U; Windows NT 5.1; en-US; rv:1.7.5) Gecko/20041107 Firefox/1.0"
185.220.101.156 - - [24/Nov/2021:10:14:05 +0000] "GET /wp-json/wp/v2/posts HTTP/1.1" 301 246 "rsaxvc.net/wp-json/wp/v2/posts" "Mozilla/5.0 (Windows NT 5.1; rv:31.0) Gecko/20100101 Firefox/31.0"
162.247.74.202 - - [24/Nov/2021:10:14:07 +0000] "GET /wp-json/wp/v2/posts HTTP/1.1" 301 246 "rsaxvc.net/wp-json/wp/v2/posts" "Mozilla/5.0 (X11; Ubuntu; Linux i686; rv:26.0) Gecko/20100101 Firefox/26.0"
34.215.246.181 - - [24/Nov/2021:10:20:52 +0000] "GET / HTTP/1.1" 301 228 "-" "Mozilla/5.0 (X11; Linux x86_64) AppleWebKit/537.36 (KHTML, like Gecko) Chrome/83.0.4103.97 Safari/537.36"
123.125.109.157 - - [24/Nov/2021:10:21:55 +0000] "GET / HTTP/1.1" 301 227 "-" "Sogou web spider/4.0(+http://www.sogou.com/docs/help/webmasters.htm#07)"
209.153.66.66 - - [24/Nov/2021:10:23:28 +0000] "GET /blog/atom.xml HTTP/1.1" 301 240 "-" "Tiny Tiny RSS/21.11-a109e89 (https://tt-rss.org/)"
35.87.15.100 - - [24/Nov/2021:10:28:01 +0000] "GET /favicon.ico HTTP/1.1" 301 239 "-" "Mozilla/5.0 (X11; Linux x86_64) AppleWebKit/537.36 (KHTML, like Gecko) Chrome/83.0.4103.97 Safari/537.36"
35.87.15.100 - - [24/Nov/2021:10:28:06 +0000] "GET / HTTP/1.1" 301 228 "-" "Mozilla/5.0 (X11; Linux x86_64) AppleWebKit/537.36 (KHTML, like Gecko) Chrome/83.0.4103.97 Safari/537.36"
216.244.66.232 - - [24/Nov/2021:10:28:35 +0000] "GET /robots.txt HTTP/1.1" 301 240 "-" "Mozilla/5.0 (compatible; DotBot/1.2; +https://opensiteexplorer.org/dotbot; help@moz.com)"
172.104.217.53 - - [24/Nov/2021:10:41:19 +0000] "GET /blog/atom.xml HTTP/1.1" 301 240 "-" "Feed Wrangler/1.0 (1 subscriber; feed-id=364241; http://feedwrangler.net; Allow like Gecko)"
92.154.95.236 - - [24/Nov/2021:10:49:25 +0000] "GET / HTTP/1.0" 301 227 "-" "Mozilla/5.0 (Windows NT 10.0; Win64; x64) AppleWebKit/537.36 (KHTML, like Gecko) Chrome/79.0.3945.130 Safari/537.36"
92.154.95.236 - - [24/Nov/2021:11:09:00 +0000] "GET / HTTP/1.1" 301 230 "-" "Mozilla/5.0 (Windows NT 10.0; Win64; x64) AppleWebKit/537.36 (KHTML, like Gecko) Chrome/79.0.3945.130 Safari/537.36"
92.154.95.236 - - [24/Nov/2021:11:09:11 +0000] "GET /owa/auth/logon.aspx HTTP/1.1" 301 249 "-" "Mozilla/5.0 (Windows NT 10.0; Win64; x64) AppleWebKit/537.36 (KHTML, like Gecko) Chrome/79.0.3945.130 Safari/537.36"
92.154.95.236 - - [24/Nov/2021:11:09:23 +0000] "GET /.git/index HTTP/1.1" 301 240 "-" "Mozilla/5.0 (Windows NT 10.0; Win64; x64) AppleWebKit/537.36 (KHTML, like Gecko) Chrome/79.0.3945.130 Safari/537.36"
92.154.95.236 - - [24/Nov/2021:11:09:34 +0000] "GET /favicon.ico HTTP/1.1" 301 241 "-" "Mozilla/5.0 (Windows NT 10.0; Win64; x64) AppleWebKit/537.36 (KHTML, like Gecko) Chrome/79.0.3945.130 Safari/537.36"
92.154.95.236 - - [24/Nov/2021:11:10:02 +0000] "GET /centreon/ HTTP/1.1" 301 239 "-" "Mozilla/5.0 (Windows NT 10.0; Win64; x64) AppleWebKit/537.36 (KHTML, like Gecko) Chrome/79.0.3945.130 Safari/537.36"
92.154.95.236 - - [24/Nov/2021:11:10:14 +0000] "GET /orion/ HTTP/1.1" 301 236 "-" "Mozilla/5.0 (Windows NT 10.0; Win64; x64) AppleWebKit/537.36 (KHTML, like Gecko) Chrome/79.0.3945.130 Safari/537.36"
92.154.95.236 - - [24/Nov/2021:11:10:25 +0000] "GET /.well-known/security.txt HTTP/1.1" 301 254 "-" "Mozilla/5.0 ANSSI security.txt fetch (https://www.cert.ssi.gouv.fr/scans/)"
209.153.66.66 - - [24/Nov/2021:11:10:49 +0000] "GET /blog/atom.xml HTTP/1.1" 301 240 "-" "Tiny Tiny RSS/21.11-a109e89 (https://tt-rss.org/)"
216.244.66.232 - - [24/Nov/2021:11:14:33 +0000] "GET /robots.txt HTTP/1.1" 301 240 "-" "Mozilla/5.0 (compatible; DotBot/1.2; +https://opensiteexplorer.org/dotbot; help@moz.com)"
94.232.43.63 - - [24/Nov/2021:11:21:47 +0000] "\x03" 400 226 "-" "-"
94.232.43.63 - - [24/Nov/2021:11:21:47 +0000] "\x03" 400 226 "-" "-"
216.244.66.231 - - [24/Nov/2021:11:25:03 +0000] "GET /robots.txt HTTP/1.1" 301 237 "-" "Mozilla/5.0 (compatible; DotBot/1.2; +https://opensiteexplorer.org/dotbot; help@moz.com)"
92.118.161.1 - - [24/Nov/2021:11:34:53 +0000] "GET / HTTP/1.1" 301 230 "-" "NetSystemsResearch studies the availability of various services across the internet. Our website is netsystemsresearch.com"
198.98.51.250 - - [24/Nov/2021:11:39:53 +0000] "GET https://www.yagoal.online/api/login/signIn HTTP/1.1" 301 250 "https://www.yagoal.online" "Mozilla/5.0 (Macintosh; Intel Mac OS X 10_15_7) AppleWebKit/537.36 (KHTML, like Gecko) Chrome/95.0.4638.54 Safari/537.36"
97.107.132.77 - - [24/Nov/2021:11:41:17 +0000] "GET /blog/atom.xml HTTP/1.1" 301 240 "-" "Feed Wrangler/1.0 (1 subscriber; feed-id=364241; http://feedwrangler.net; Allow like Gecko)"
18.218.248.238 - - [24/Nov/2021:11:54:17 +0000] "GET /explore HTTP/1.1" 301 237 "-" "-"
209.153.66.66 - - [24/Nov/2021:11:58:27 +0000] "GET /blog/atom.xml HTTP/1.1" 301 240 "-" "Tiny Tiny RSS/21.11-a109e89 (https://tt-rss.org/)"
157.245.70.127 - - [24/Nov/2021:12:15:00 +0000] "GET /ab2g HTTP/1.1" 400 226 "-" "-"
157.245.70.127 - - [24/Nov/2021:12:15:00 +0000] "GET /ab2h HTTP/1.1" 400 226 "-" "-"
165.22.121.204 - - [24/Nov/2021:12:25:07 +0000] "GET /.env HTTP/1.1" 301 234 "-" "Mozilla/5.0 (X11; Linux x86_64) AppleWebKit/537.36 (KHTML, like Gecko) Chrome/81.0.4044.129 Safari/537.36"
165.22.121.204 - - [24/Nov/2021:12:25:07 +0000] "POST / HTTP/1.1" 301 230 "-" "Mozilla/5.0 (X11; Linux x86_64) AppleWebKit/537.36 (KHTML, like Gecko) Chrome/81.0.4044.129 Safari/537.36"
199.195.251.138 - - [24/Nov/2021:12:29:43 +0000] "GET https://www.yagoal.online/api/login/signIn HTTP/1.1" 301 250 "https://www.yagoal.online" "Mozilla/5.0 (Macintosh; Intel Mac OS X 10_15_7) AppleWebKit/537.36 (KHTML, like Gecko) Chrome/95.0.4638.54 Safari/537.36"
134.209.26.83 - - [24/Nov/2021:12:32:15 +0000] "GET /.env HTTP/1.1" 301 234 "-" "Mozilla/5.0 (X11; Linux x86_64) AppleWebKit/537.36 (KHTML, like Gecko) Chrome/81.0.4044.129 Safari/537.36"
134.209.26.83 - - [24/Nov/2021:12:32:15 +0000] "POST / HTTP/1.1" 301 230 "-" "Mozilla/5.0 (X11; Linux x86_64) AppleWebKit/537.36 (KHTML, like Gecko) Chrome/81.0.4044.129 Safari/537.36"
97.107.132.77 - - [24/Nov/2021:12:41:17 +0000] "GET /blog/atom.xml HTTP/1.1" 301 240 "-" "Feed Wrangler/1.0 (1 subscriber; feed-id=364241; http://feedwrangler.net; Allow like Gecko)"
45.146.164.110 - - [24/Nov/2021:12:50:54 +0000] "POST /vendor/phpunit/phpunit/src/Util/PHP/eval-stdin.php HTTP/1.1" 301 280 "-" "Mozilla/5.0 (Windows NT 10.0; Win64; x64) AppleWebKit/537.36 (KHTML, like Gecko) Chrome/78.0.3904.108 Safari/537.36"
123.125.109.54 - - [24/Nov/2021:12:51:57 +0000] "GET / HTTP/1.1" 301 227 "-" "Sogou web spider/4.0(+http://www.sogou.com/docs/help/webmasters.htm#07)"
209.153.66.66 - - [24/Nov/2021:12:54:14 +0000] "GET /blog/atom.xml HTTP/1.1" 301 240 "-" "Tiny Tiny RSS/21.11-a109e89 (https://tt-rss.org/)"
45.146.164.110 - - [24/Nov/2021:13:00:09 +0000] "GET /vendor/phpunit/phpunit/src/Util/PHP/eval-stdin.php HTTP/1.1" 301 280 "-" "Mozilla/5.0 (Windows NT 10.0; Win64; x64) AppleWebKit/537.36 (KHTML, like Gecko) Chrome/78.0.3904.108 Safari/537.36"
198.98.49.124 - - [24/Nov/2021:13:40:59 +0000] "GET / HTTP/1.1" 301 230 "-" "Linux Gnu (cow)"
97.107.141.188 - - [24/Nov/2021:13:41:18 +0000] "GET /blog/atom.xml HTTP/1.1" 301 240 "-" "Feed Wrangler/1.0 (1 subscriber; feed-id=364241; http://feedwrangler.net; Allow like Gecko)"
64.62.197.2 - - [24/Nov/2021:13:48:20 +0000] "GET / HTTP/1.1" 301 230 "-" "-"
162.215.253.210 - - [24/Nov/2021:13:49:38 +0000] "GET /wordpress/ HTTP/1.1" 301 237 "-" "-"
209.153.66.66 - - [24/Nov/2021:13:50:18 +0000] "GET /blog/atom.xml HTTP/1.1" 301 240 "-" "Tiny Tiny RSS/21.11-a109e89 (https://tt-rss.org/)"
45.146.164.110 - - [24/Nov/2021:13:51:48 +0000] "GET /solr/admin/info/system?wt=json HTTP/1.1" 301 260 "-" "Mozilla/5.0 (Windows NT 10.0; Win64; x64) AppleWebKit/537.36 (KHTML, like Gecko) Chrome/78.0.3904.108 Safari/537.36"
23.228.109.147 - - [24/Nov/2021:14:02:30 +0000] "GET /typo3conf/ext/hi_surveystats/res/php-ofc-library/ofc_upload_image.php HTTP/1.1" 301 297 "-" "ALittle Client"
35.233.62.116 - - [24/Nov/2021:14:19:42 +0000] "GET / HTTP/1.1" 301 230 "-" "python-requests/2.26.0"
45.146.164.110 - - [24/Nov/2021:14:20:10 +0000] "GET /index.php?s=/Index/\\think\\app/invokefunction&function=call_user_func_array&vars[0]=md5&vars[1][]=HelloThinkPHP21 HTTP/1.1" 301 354 "-" "Mozilla/5.0 (Windows NT 10.0; Win64; x64) AppleWebKit/537.36 (KHTML, like Gecko) Chrome/78.0.3904.108 Safari/537.36"
54.36.148.210 - - [24/Nov/2021:14:23:07 +0000] "GET / HTTP/1.1" 301 227 "-" "Mozilla/5.0 (compatible; AhrefsBot/7.0; +http://ahrefs.com/robot/)"
122.234.165.214 - - [24/Nov/2021:14:35:28 +0000] "GET / HTTP/1.1" 301 230 "-" "Mozilla/5.0 (Windows NT 10.0; WOW64) AppleWebKit/537.36 (KHTML, like Gecko) Chrome/51.0.2704.103 Safari/537.36"
97.107.132.77 - - [24/Nov/2021:14:41:18 +0000] "GET /blog/atom.xml HTTP/1.1" 301 240 "-" "Feed Wrangler/1.0 (1 subscriber; feed-id=364241; http://feedwrangler.net; Allow like Gecko)"
209.153.66.66 - - [24/Nov/2021:14:42:18 +0000] "GET /blog/atom.xml HTTP/1.1" 301 240 "-" "Tiny Tiny RSS/21.11-a109e89 (https://tt-rss.org/)"
198.98.49.124 - - [24/Nov/2021:15:03:32 +0000] "GET /config/getuser?index=0 HTTP/1.1" 301 252 "-" "Mozilla/5.0 (X11; Ubuntu; Linux x86_64; rv:76.0) Gecko/20100101 Firefox/76.0"
216.244.66.232 - - [24/Nov/2021:15:07:07 +0000] "GET /robots.txt HTTP/1.1" 301 240 "-" "Mozilla/5.0 (compatible; DotBot/1.2; +https://opensiteexplorer.org/dotbot; help@moz.com)"
64.251.14.67 - - [24/Nov/2021:15:19:02 +0000] "GET /robots.txt HTTP/1.0" 301 237 "-" "Mozilla/4.0 (compatible; MSIE 5.01; Windows NT)"
205.185.124.100 - - [24/Nov/2021:15:20:03 +0000] "GET / HTTP/1.1" 301 230 "-" "Linux Gnu (cow)"
45.146.164.110 - - [24/Nov/2021:15:23:03 +0000] "GET /?XDEBUG_SESSION_START=phpstorm HTTP/1.1" 301 260 "-" "Mozilla/5.0 (Windows NT 10.0; Win64; x64) AppleWebKit/537.36 (KHTML, like Gecko) Chrome/78.0.3904.108 Safari/537.36"
23.228.109.147 - - [24/Nov/2021:15:30:46 +0000] "GET /typo3conf/ext/hi_surveystats/res/php-ofc-library/ofc_upload_image.php HTTP/1.1" 301 296 "-" "ALittle Client"
209.153.66.66 - - [24/Nov/2021:15:31:49 +0000] "GET /blog/atom.xml HTTP/1.1" 301 240 "-" "Tiny Tiny RSS/21.11-a109e89 (https://tt-rss.org/)"
45.146.164.110 - - [24/Nov/2021:15:35:35 +0000] "GET /console/ HTTP/1.1" 301 238 "-" "Mozilla/5.0 (Windows NT 10.0; Win64; x64) AppleWebKit/537.36 (KHTML, like Gecko) Chrome/78.0.3904.108 Safari/537.36"
45.79.148.82 - - [24/Nov/2021:15:41:17 +0000] "GET /blog/atom.xml HTTP/1.1" 301 240 "-" "Feed Wrangler/1.0 (1 subscriber; feed-id=364241; http://feedwrangler.net; Allow like Gecko)"
8.29.198.26 - - [24/Nov/2021:15:49:31 +0000] "GET /blog/atom.xml HTTP/1.1" 301 240 "-" "Feedly/1.0 (+http://www.feedly.com/fetcher.html; 8 subscribers; like FeedFetcher-Google)"
45.146.164.110 - - [24/Nov/2021:16:09:50 +0000] "POST /Autodiscover/Autodiscover.xml HTTP/1.1" 301 259 "-" "Mozilla/5.0 (Windows NT 10.0; Win64; x64) AppleWebKit/537.36 (KHTML, like Gecko) Chrome/78.0.3904.108 Safari/537.36"
209.153.66.66 - - [24/Nov/2021:16:24:26 +0000] "GET /blog/atom.xml HTTP/1.1" 301 240 "-" "Tiny Tiny RSS/21.11-a109e89 (https://tt-rss.org/)"
193.118.53.194 - - [24/Nov/2021:16:25:59 +0000] "GET / HTTP/1.1" 301 230 "-" "Mozilla/5.0 (Windows NT 10.0; Win64; x64) AppleWebKit/537.36 (KHTML, like Gecko) Chrome/60.0.3112.113 Safari/537.36"
54.36.149.86 - - [24/Nov/2021:16:33:03 +0000] "GET /robots.txt HTTP/1.1" 301 237 "-" "Mozilla/5.0 (compatible; AhrefsBot/7.0; +http://ahrefs.com/robot/)"
97.107.141.188 - - [24/Nov/2021:16:41:19 +0000] "GET /blog/atom.xml HTTP/1.1" 301 240 "-" "Feed Wrangler/1.0 (1 subscriber; feed-id=364241; http://feedwrangler.net; Allow like Gecko)"
66.240.236.116 - - [24/Nov/2021:16:58:38 +0000] "GET / HTTP/1.1" 301 230 "-" "Mozilla/5.0 zgrab/0.x"
45.146.164.110 - - [24/Nov/2021:17:01:07 +0000] "GET /_ignition/execute-solution HTTP/1.1" 301 256 "-" "Mozilla/5.0 (Windows NT 10.0; Win64; x64) AppleWebKit/537.36 (KHTML, like Gecko) Chrome/78.0.3904.108 Safari/537.36"
115.196.32.45 - - [24/Nov/2021:17:12:42 +0000] "GET / HTTP/1.1" 301 230 "-" "Mozilla/5.0 (Windows NT 10.0; WOW64) AppleWebKit/537.36 (KHTML, like Gecko) Chrome/51.0.2704.103 Safari/537.36"
45.146.164.110 - - [24/Nov/2021:17:19:04 +0000] "GET / HTTP/1.1" 301 230 "-" "Mozilla/5.0 (Windows NT 10.0; Win64; x64) AppleWebKit/537.36 (KHTML, like Gecko) Chrome/78.0.3904.108 Safari/537.36"
209.153.66.66 - - [24/Nov/2021:17:20:35 +0000] "GET /blog/atom.xml HTTP/1.1" 301 240 "-" "Tiny Tiny RSS/21.11-a109e89 (https://tt-rss.org/)"
40.77.167.47 - - [24/Nov/2021:17:28:00 +0000] "GET /blog/2011/9/15/Building%20an%20Office%20Bike%20Rack%20for%20$30..html HTTP/1.1" 301 284 "-" "Mozilla/5.0 (compatible; bingbot/2.0; +http://www.bing.com/bingbot.htm)"
94.181.165.3 - - [24/Nov/2021:17:30:01 +0000] "GET / HTTP/1.0" 301 227 "http://rsaxvc.net/" "Mozilla/5.0 (Windows NT 6.3; Win64; x64) AppleWebKit/537.36 (KHTML, like Gecko) Chrome/90.0.4430.85 Safari/537.36 Edg/90.0.818.46"
207.46.13.89 - - [24/Nov/2021:17:31:01 +0000] "GET / HTTP/1.1" 301 230 "-" "Mozilla/5.0 (compatible; bingbot/2.0; +http://www.bing.com/bingbot.htm)"
143.198.55.184 - - [24/Nov/2021:17:36:42 +0000] "GET /.env HTTP/1.1" 301 234 "-" "Mozilla/5.0 (X11; Linux x86_64) AppleWebKit/537.36 (KHTML, like Gecko) Chrome/81.0.4044.129 Safari/537.36"
143.198.55.184 - - [24/Nov/2021:17:36:42 +0000] "POST / HTTP/1.1" 301 230 "-" "Mozilla/5.0 (X11; Linux x86_64) AppleWebKit/537.36 (KHTML, like Gecko) Chrome/81.0.4044.129 Safari/537.36"
97.107.141.188 - - [24/Nov/2021:17:41:18 +0000] "GET /blog/atom.xml HTTP/1.1" 301 240 "-" "Feed Wrangler/1.0 (1 subscriber; feed-id=364241; http://feedwrangler.net; Allow like Gecko)"
85.208.98.23 - - [24/Nov/2021:17:47:23 +0000] "GET /robots.txt HTTP/1.1" 301 237 "-" "Mozilla/5.0 (compatible; SemrushBot-BA; +http://www.semrush.com/bot.html)"
45.146.164.110 - - [24/Nov/2021:18:01:16 +0000] "POST /cgi-bin/.%2e/.%2e/.%2e/.%2e/bin/sh HTTP/1.1" 400 226 "-" "Mozilla/5.0 (Windows NT 10.0; Win64; x64) AppleWebKit/537.36 (KHTML, like Gecko) Chrome/78.0.3904.108 Safari/537.36"
209.153.66.66 - - [24/Nov/2021:18:07:39 +0000] "GET /blog/atom.xml HTTP/1.1" 301 240 "-" "Tiny Tiny RSS/21.11-a109e89 (https://tt-rss.org/)"
189.84.115.70 - - [24/Nov/2021:18:08:55 +0000] "GET / HTTP/1.1" 301 230 "-" "Mozilla/5.0 (Windows NT 6.1; WOW64) AppleWebKit/537.36 (KHTML, like Gecko) Chrome/51.0.2704.103 Safari/537.36"
157.55.39.177 - - [24/Nov/2021:18:17:26 +0000] "GET / HTTP/1.1" 301 227 "-" "Mozilla/5.0 (compatible; bingbot/2.0; +http://www.bing.com/bingbot.htm)"
45.143.99.60 - - [24/Nov/2021:18:18:49 +0000] "GET /performer.php HTTP/1.1" 301 247 "-" "Mozilla/5.0 (iPhone; CPU iPhone OS 13_2_3 like Mac OS X) AppleWebKit/605.1.15 (KHTML, like Gecko) Version/13.0.3 Mobile/15E148 Safari/604.1"
40.77.167.47 - - [24/Nov/2021:18:35:07 +0000] "GET /blog/2016/1/3/PeltierControllerOverview.html HTTP/1.1" 301 271 "-" "Mozilla/5.0 (compatible; bingbot/2.0; +http://www.bing.com/bingbot.htm)"
157.55.39.177 - - [24/Nov/2021:18:38:18 +0000] "GET /blog/2015/1/6/Thinkpad%20E431%20Hardware%20Review.html HTTP/1.1" 301 275 "-" "Mozilla/5.0 (compatible; bingbot/2.0; +http://www.bing.com/bingbot.htm)"
119.61.0.138 - - [24/Nov/2021:18:38:34 +0000] "GET / HTTP/1.1" 301 230 "-" "Mozilla/5.0 (compatible; MSIE 10.0; Windows NT 6.1; WOW64; Trident/6.0)"
97.107.132.77 - - [24/Nov/2021:18:41:18 +0000] "GET /blog/atom.xml HTTP/1.1" 301 240 "-" "Feed Wrangler/1.0 (1 subscriber; feed-id=364241; http://feedwrangler.net; Allow like Gecko)"
45.143.99.60 - - [24/Nov/2021:18:43:52 +0000] "GET /performer.php HTTP/1.1" 301 247 "-" "Mozilla/5.0 (iPhone; CPU iPhone OS 13_2_3 like Mac OS X) AppleWebKit/605.1.15 (KHTML, like Gecko) Version/13.0.3 Mobile/15E148 Safari/604.1"
35.164.8.108 - - [24/Nov/2021:18:46:33 +0000] "GET / HTTP/1.1" 301 227 "-" "Mozilla/5.0 (X11; Linux x86_64) AppleWebKit/537.36 (KHTML, like Gecko) Chrome/83.0.4103.97 Safari/537.36"
54.244.40.225 - - [24/Nov/2021:18:47:03 +0000] "GET /favicon.ico HTTP/1.1" 301 238 "-" "Mozilla/5.0 (X11; Linux x86_64) AppleWebKit/537.36 (KHTML, like Gecko) Chrome/83.0.4103.97 Safari/537.36"
54.244.40.225 - - [24/Nov/2021:18:47:06 +0000] "GET / HTTP/1.1" 301 227 "-" "Mozilla/5.0 (X11; Linux x86_64) AppleWebKit/537.36 (KHTML, like Gecko) Chrome/83.0.4103.97 Safari/537.36"
209.153.66.66 - - [24/Nov/2021:18:58:02 +0000] "GET /blog/atom.xml HTTP/1.1" 301 240 "-" "Tiny Tiny RSS/21.11-a109e89 (https://tt-rss.org/)"
66.249.64.237 - - [24/Nov/2021:19:02:22 +0000] "GET /blog/assets_c/2011/01/licensePlateGame-43.html HTTP/1.1" 301 273 "-" "Mozilla/5.0 (compatible; Googlebot/2.1; +http://www.google.com/bot.html)"
127.0.0.1 - - [24/Nov/2021:19:02:31 +0000] "OPTIONS * HTTP/1.0" 200 - "-" "Apache/2.4.6 (CentOS) OpenSSL/1.0.2k-fips (internal dummy connection)"
45.143.99.60 - - [24/Nov/2021:19:02:56 +0000] "GET /performer.php HTTP/1.1" 301 247 "-" "Mozilla/5.0 (iPhone; CPU iPhone OS 13_2_3 like Mac OS X) AppleWebKit/605.1.15 (KHTML, like Gecko) Version/13.0.3 Mobile/15E148 Safari/604.1"
172.104.217.53 - - [24/Nov/2021:19:41:18 +0000] "GET /blog/atom.xml HTTP/1.1" 301 240 "-" "Feed Wrangler/1.0 (1 subscriber; feed-id=364241; http://feedwrangler.net; Allow like Gecko)"
45.143.99.60 - - [24/Nov/2021:19:45:50 +0000] "GET / HTTP/1.1" 301 234 "-" "Mozilla/5.0 (iPhone; CPU iPhone OS 13_2_3 like Mac OS X) AppleWebKit/605.1.15 (KHTML, like Gecko) Version/13.0.3 Mobile/15E148 Safari/604.1"
147.182.232.128 - - [24/Nov/2021:19:49:43 +0000] "GET /.env HTTP/1.1" 301 234 "-" "Mozilla/5.0 (X11; Linux x86_64) AppleWebKit/537.36 (KHTML, like Gecko) Chrome/81.0.4044.129 Safari/537.36"
147.182.232.128 - - [24/Nov/2021:19:49:44 +0000] "POST / HTTP/1.1" 301 230 "-" "Mozilla/5.0 (X11; Linux x86_64) AppleWebKit/537.36 (KHTML, like Gecko) Chrome/81.0.4044.129 Safari/537.36"
117.196.19.62 - - [24/Nov/2021:19:49:50 +0000] "POST /HNAP1/ HTTP/1.0" 301 236 "-" "-"
139.162.215.70 - - [24/Nov/2021:19:51:35 +0000] "GET / HTTP/1.1" 301 230 "-" "Mozilla/5.0 (Windows NT 10.0; Win64; x64) AppleWebKit/537.36 (KHTML, like Gecko) Chrome/60.0.3112.113 Safari/537.36"
45.143.99.60 - - [24/Nov/2021:19:54:09 +0000] "GET / HTTP/1.1" 301 234 "-" "Mozilla/5.0 (iPhone; CPU iPhone OS 13_2_3 like Mac OS X) AppleWebKit/605.1.15 (KHTML, like Gecko) Version/13.0.3 Mobile/15E148 Safari/604.1"
209.153.66.66 - - [24/Nov/2021:19:56:17 +0000] "GET /blog/atom.xml HTTP/1.1" 301 240 "-" "Tiny Tiny RSS/21.11-a109e89 (https://tt-rss.org/)"
114.119.133.26 - - [24/Nov/2021:19:58:20 +0000] "GET /blog/tags/MegaPlug.html HTTP/1.1" 301 250 "-" "Mozilla/5.0 (Linux; Android 7.0;) AppleWebKit/537.36 (KHTML, like Gecko) Mobile Safari/537.36 (compatible; PetalBot;+https://webmaster.petalsearch.com/site/petalbot)"
144.126.209.23 - - [24/Nov/2021:20:14:51 +0000] "GET /.env HTTP/1.1" 301 234 "-" "Mozilla/5.0 (X11; Linux x86_64) AppleWebKit/537.36 (KHTML, like Gecko) Chrome/81.0.4044.129 Safari/537.36"
144.126.209.23 - - [24/Nov/2021:20:14:51 +0000] "POST / HTTP/1.1" 301 230 "-" "Mozilla/5.0 (X11; Linux x86_64) AppleWebKit/537.36 (KHTML, like Gecko) Chrome/81.0.4044.129 Safari/537.36"
165.232.142.210 - - [24/Nov/2021:20:18:06 +0000] "GET /.env HTTP/1.1" 301 234 "-" "Mozilla/5.0 (X11; Linux x86_64) AppleWebKit/537.36 (KHTML, like Gecko) Chrome/81.0.4044.129 Safari/537.36"
165.232.142.210 - - [24/Nov/2021:20:18:07 +0000] "POST / HTTP/1.1" 301 230 "-" "Mozilla/5.0 (X11; Linux x86_64) AppleWebKit/537.36 (KHTML, like Gecko) Chrome/81.0.4044.129 Safari/537.36"
45.137.21.9 - - [24/Nov/2021:20:25:12 +0000] "GET /dispatch.asp HTTP/1.1" 301 242 "-" "Mozilla/5.0 (iPad; CPU OS 7_1_2 like Mac OS X; en-US) AppleWebKit/531.5.2 (KHTML, like Gecko) Version/4.0.5 Mobile/8B116 Safari/6531.5.2"
116.179.32.20 - - [24/Nov/2021:20:30:13 +0000] "GET /blog/ HTTP/1.1" 301 232 "-" "Mozilla/5.0 (Linux;u;Android 4.2.2;zh-cn;) AppleWebKit/534.46 (KHTML,like Gecko) Version/5.1 Mobile Safari/10600.6.3 (compatible; Baiduspider/2.0; +http://www.baidu.com/search/spider.html)"
185.191.171.2 - - [24/Nov/2021:20:40:06 +0000] "GET /blog/2011/7/17/Gaining%20root%20on%20Samsung%20FemtoCells.html HTTP/1.1" 301 281 "-" "Mozilla/5.0 (compatible; SemrushBot/7~bl; +http://www.semrush.com/bot.html)"
157.55.39.132 - - [24/Nov/2021:20:40:26 +0000] "GET /robots.txt HTTP/1.1" 301 238 "-" "Mozilla/5.0 (compatible; bingbot/2.0; +http://www.bing.com/bingbot.htm)"
207.46.13.13 - - [24/Nov/2021:20:40:33 +0000] "GET / HTTP/1.1" 301 228 "-" "Mozilla/5.0 (compatible; bingbot/2.0; +http://www.bing.com/bingbot.htm)"
97.107.132.77 - - [24/Nov/2021:20:41:18 +0000] "GET /blog/atom.xml HTTP/1.1" 301 240 "-" "Feed Wrangler/1.0 (1 subscriber; feed-id=364241; http://feedwrangler.net; Allow like Gecko)"
61.147.15.67 - - [24/Nov/2021:20:46:25 +0000] "GET / HTTP/1.1" 301 227 "-" "Dalvik/2.1.0 (Linux; U; Android 9.0; ZTE BA520 Build/MRA58K)"
61.147.15.67 - - [24/Nov/2021:20:50:16 +0000] "GET / HTTP/1.1" 301 227 "-" "Mozilla/5.0 (Macintosh; Intel Mac OS X 10_11) AppleWebKit/601.1.27 (KHTML, like Gecko) Chrome/47.0.2526.106 Safari/601.1.27"
209.153.66.66 - - [24/Nov/2021:20:51:36 +0000] "GET /blog/atom.xml HTTP/1.1" 301 240 "-" "Tiny Tiny RSS/21.11-a109e89 (https://tt-rss.org/)"
157.245.250.58 - - [24/Nov/2021:21:19:38 +0000] "\x16\x03\x01\x01\xfc\x01" 400 226 "-" "-"
185.239.236.221 - - [24/Nov/2021:21:34:57 +0000] "CONNECT 91.200.100.126:4444 HTTP/1.1" 301 231 "-" "-"
