127.0.0.1 - - [30/Nov/2021:09:55:10 +0000] "OPTIONS * HTTP/1.0" 200 - "-" "Apache/2.4.6 (CentOS) OpenSSL/1.0.2k-fips (internal dummy connection)"
103.156.91.51 - - [30/Nov/2021:10:01:35 +0000] "GET / HTTP/1.1" 301 230 "-" "Mozilla/5.0 (Windows NT 10.0; Win64; x64) AppleWebKit/537.36 (KHTML, like Gecko) Chrome/78.0.3904.108 Safari/537.36"
209.153.66.66 - - [30/Nov/2021:10:30:33 +0000] "GET /blog/atom.xml HTTP/1.1" 301 240 "-" "Tiny Tiny RSS/21.11-df7b2e7 (https://tt-rss.org/)"
198.98.49.124 - - [30/Nov/2021:10:39:54 +0000] "GET /config/getuser?index=0 HTTP/1.1" 301 252 "-" "Mozilla/5.0 (X11; Ubuntu; Linux x86_64; rv:76.0) Gecko/20100101 Firefox/76.0"
97.107.141.188 - - [30/Nov/2021:10:41:18 +0000] "GET /blog/atom.xml HTTP/1.1" 301 240 "-" "Feed Wrangler/1.0 (1 subscriber; feed-id=364241; http://feedwrangler.net; Allow like Gecko)"
18.237.20.222 - - [30/Nov/2021:10:51:04 +0000] "GET / HTTP/1.1" 301 228 "-" "Mozilla/5.0 (X11; Linux x86_64) AppleWebKit/537.36 (KHTML, like Gecko) Chrome/83.0.4103.97 Safari/537.36"
18.237.195.48 - - [30/Nov/2021:10:51:28 +0000] "GET /favicon.ico HTTP/1.1" 301 239 "-" "Mozilla/5.0 (X11; Linux x86_64) AppleWebKit/537.36 (KHTML, like Gecko) Chrome/83.0.4103.97 Safari/537.36"
18.237.195.48 - - [30/Nov/2021:10:51:30 +0000] "GET / HTTP/1.1" 301 228 "-" "Mozilla/5.0 (X11; Linux x86_64) AppleWebKit/537.36 (KHTML, like Gecko) Chrome/83.0.4103.97 Safari/537.36"
202.66.166.128 - - [30/Nov/2021:10:57:30 +0000] "GET / HTTP/1.1" 301 230 "-" "Mozilla/5.0 (Windows NT 6.1; WOW64) AppleWebKit/537.36 (KHTML, like Gecko) Chrome/52.0.2743.116 Safari/537.36"
114.119.136.141 - - [30/Nov/2021:11:00:12 +0000] "GET /robots.txt HTTP/1.1" 301 240 "-" "Mozilla/5.0 (compatible;PetalBot;+https://webmaster.petalsearch.com/site/petalbot)"
94.183.88.41 - - [30/Nov/2021:11:01:59 +0000] "GET / HTTP/1.1" 301 230 "-" "Mozilla/5.0 (Windows NT 6.1; WOW64) AppleWebKit/537.36 (KHTML, like Gecko) Chrome/51.0.2704.103 Safari/537.36"
209.153.66.66 - - [30/Nov/2021:11:19:57 +0000] "GET /blog/atom.xml HTTP/1.1" 301 240 "-" "Tiny Tiny RSS/21.11-df7b2e7 (https://tt-rss.org/)"
142.113.247.70 - - [30/Nov/2021:11:35:22 +0000] "GET /sql/webadmin/index.php?lang=en HTTP/1.1" 301 260 "-" "Mozilla/5.0 (Windows NT 10.0; Win64; x64) AppleWebKit/537.36 (KHTML, like Gecko) Chrome/93.0.4577.82 Safari/537.36"
142.113.247.70 - - [30/Nov/2021:11:35:23 +0000] "GET /administrator/web/index.php?lang=en HTTP/1.1" 301 265 "-" "Mozilla/5.0 (Windows NT 10.0; Win64; x64) AppleWebKit/537.36 (KHTML, like Gecko) Chrome/93.0.4577.82 Safari/537.36"
142.113.247.70 - - [30/Nov/2021:11:35:24 +0000] "GET /pma2011/index.php?lang=en HTTP/1.1" 301 255 "-" "Mozilla/5.0 (Windows NT 10.0; Win64; x64) AppleWebKit/537.36 (KHTML, like Gecko) Chrome/93.0.4577.82 Safari/537.36"
142.113.247.70 - - [30/Nov/2021:11:35:24 +0000] "GET /admin/web/index.php?lang=en HTTP/1.1" 301 257 "-" "Mozilla/5.0 (Windows NT 10.0; Win64; x64) AppleWebKit/537.36 (KHTML, like Gecko) Chrome/93.0.4577.82 Safari/537.36"
142.113.247.70 - - [30/Nov/2021:11:35:26 +0000] "GET /admin/pMA/index.php?lang=en HTTP/1.1" 301 257 "-" "Mozilla/5.0 (Windows NT 10.0; Win64; x64) AppleWebKit/537.36 (KHTML, like Gecko) Chrome/93.0.4577.82 Safari/537.36"
142.113.247.70 - - [30/Nov/2021:11:35:27 +0000] "GET /mysqlmanager/index.php?lang=en HTTP/1.1" 301 260 "-" "Mozilla/5.0 (Windows NT 10.0; Win64; x64) AppleWebKit/537.36 (KHTML, like Gecko) Chrome/93.0.4577.82 Safari/537.36"
142.113.247.70 - - [30/Nov/2021:11:35:27 +0000] "GET /phpMyAdmin3/index.php?lang=en HTTP/1.1" 301 259 "-" "Mozilla/5.0 (Windows NT 10.0; Win64; x64) AppleWebKit/537.36 (KHTML, like Gecko) Chrome/93.0.4577.82 Safari/537.36"
142.113.247.70 - - [30/Nov/2021:11:35:28 +0000] "GET /mysqladmin/index.php?lang=en HTTP/1.1" 301 258 "-" "Mozilla/5.0 (Windows NT 10.0; Win64; x64) AppleWebKit/537.36 (KHTML, like Gecko) Chrome/93.0.4577.82 Safari/537.36"
142.113.247.70 - - [30/Nov/2021:11:35:29 +0000] "GET /phpmyadmin2018/index.php?lang=en HTTP/1.1" 301 262 "-" "Mozilla/5.0 (Windows NT 10.0; Win64; x64) AppleWebKit/537.36 (KHTML, like Gecko) Chrome/93.0.4577.82 Safari/537.36"
142.113.247.70 - - [30/Nov/2021:11:35:30 +0000] "GET /phpmyadmin_/index.php?lang=en HTTP/1.1" 301 259 "-" "Mozilla/5.0 (Windows NT 10.0; Win64; x64) AppleWebKit/537.36 (KHTML, like Gecko) Chrome/93.0.4577.82 Safari/537.36"
142.113.247.70 - - [30/Nov/2021:11:35:31 +0000] "GET /db/phpMyAdmin3/index.php?lang=en HTTP/1.1" 301 262 "-" "Mozilla/5.0 (Windows NT 10.0; Win64; x64) AppleWebKit/537.36 (KHTML, like Gecko) Chrome/93.0.4577.82 Safari/537.36"
142.113.247.70 - - [30/Nov/2021:11:35:32 +0000] "GET /phpMyAdmin-5.1.1/index.php?lang=en HTTP/1.1" 301 264 "-" "Mozilla/5.0 (Windows NT 10.0; Win64; x64) AppleWebKit/537.36 (KHTML, like Gecko) Chrome/93.0.4577.82 Safari/537.36"
142.113.247.70 - - [30/Nov/2021:11:35:33 +0000] "GET /mysqlmanager/index.php?lang=en HTTP/1.1" 301 260 "-" "Mozilla/5.0 (Windows NT 10.0; Win64; x64) AppleWebKit/537.36 (KHTML, like Gecko) Chrome/93.0.4577.82 Safari/537.36"
142.113.247.70 - - [30/Nov/2021:11:35:34 +0000] "GET /phppma/index.php?lang=en HTTP/1.1" 301 254 "-" "Mozilla/5.0 (Windows NT 10.0; Win64; x64) AppleWebKit/537.36 (KHTML, like Gecko) Chrome/93.0.4577.82 Safari/537.36"
142.113.247.70 - - [30/Nov/2021:11:35:35 +0000] "GET /admin/db/index.php?lang=en HTTP/1.1" 301 256 "-" "Mozilla/5.0 (Windows NT 10.0; Win64; x64) AppleWebKit/537.36 (KHTML, like Gecko) Chrome/93.0.4577.82 Safari/537.36"
142.113.247.70 - - [30/Nov/2021:11:35:36 +0000] "GET /db/db-admin/index.php?lang=en HTTP/1.1" 301 259 "-" "Mozilla/5.0 (Windows NT 10.0; Win64; x64) AppleWebKit/537.36 (KHTML, like Gecko) Chrome/93.0.4577.82 Safari/537.36"
142.113.247.70 - - [30/Nov/2021:11:35:37 +0000] "GET /pma2014/index.php?lang=en HTTP/1.1" 301 255 "-" "Mozilla/5.0 (Windows NT 10.0; Win64; x64) AppleWebKit/537.36 (KHTML, like Gecko) Chrome/93.0.4577.82 Safari/537.36"
142.113.247.70 - - [30/Nov/2021:11:35:38 +0000] "GET /sql/phpmyadmin3/index.php?lang=en HTTP/1.1" 301 263 "-" "Mozilla/5.0 (Windows NT 10.0; Win64; x64) AppleWebKit/537.36 (KHTML, like Gecko) Chrome/93.0.4577.82 Safari/537.36"
142.113.247.70 - - [30/Nov/2021:11:35:39 +0000] "GET /administrator/web/index.php?lang=en HTTP/1.1" 301 265 "-" "Mozilla/5.0 (Windows NT 10.0; Win64; x64) AppleWebKit/537.36 (KHTML, like Gecko) Chrome/93.0.4577.82 Safari/537.36"
142.113.247.70 - - [30/Nov/2021:11:35:40 +0000] "GET /pma2015/index.php?lang=en HTTP/1.1" 301 255 "-" "Mozilla/5.0 (Windows NT 10.0; Win64; x64) AppleWebKit/537.36 (KHTML, like Gecko) Chrome/93.0.4577.82 Safari/537.36"
142.113.247.70 - - [30/Nov/2021:11:35:41 +0000] "GET /db/phpMyAdmin3/index.php?lang=en HTTP/1.1" 301 262 "-" "Mozilla/5.0 (Windows NT 10.0; Win64; x64) AppleWebKit/537.36 (KHTML, like Gecko) Chrome/93.0.4577.82 Safari/537.36"
142.113.247.70 - - [30/Nov/2021:11:35:41 +0000] "GET /PMA2012/index.php?lang=en HTTP/1.1" 301 255 "-" "Mozilla/5.0 (Windows NT 10.0; Win64; x64) AppleWebKit/537.36 (KHTML, like Gecko) Chrome/93.0.4577.82 Safari/537.36"
142.113.247.70 - - [30/Nov/2021:11:35:43 +0000] "GET /database/index.php?lang=en HTTP/1.1" 301 256 "-" "Mozilla/5.0 (Windows NT 10.0; Win64; x64) AppleWebKit/537.36 (KHTML, like Gecko) Chrome/93.0.4577.82 Safari/537.36"
142.113.247.70 - - [30/Nov/2021:11:35:44 +0000] "GET /phpMyAdmin-5.1.0/index.php?lang=en HTTP/1.1" 301 264 "-" "Mozilla/5.0 (Windows NT 10.0; Win64; x64) AppleWebKit/537.36 (KHTML, like Gecko) Chrome/93.0.4577.82 Safari/537.36"
142.113.247.70 - - [30/Nov/2021:11:35:45 +0000] "GET /php-my-admin/index.php?lang=en HTTP/1.1" 301 260 "-" "Mozilla/5.0 (Windows NT 10.0; Win64; x64) AppleWebKit/537.36 (KHTML, like Gecko) Chrome/93.0.4577.82 Safari/537.36"
142.113.247.70 - - [30/Nov/2021:11:35:46 +0000] "GET /pma2014/index.php?lang=en HTTP/1.1" 301 255 "-" "Mozilla/5.0 (Windows NT 10.0; Win64; x64) AppleWebKit/537.36 (KHTML, like Gecko) Chrome/93.0.4577.82 Safari/537.36"
142.113.247.70 - - [30/Nov/2021:11:35:47 +0000] "GET /admin/web/index.php?lang=en HTTP/1.1" 301 257 "-" "Mozilla/5.0 (Windows NT 10.0; Win64; x64) AppleWebKit/537.36 (KHTML, like Gecko) Chrome/93.0.4577.82 Safari/537.36"
142.113.247.70 - - [30/Nov/2021:11:35:47 +0000] "GET /db/phpMyAdmin/index.php?lang=en HTTP/1.1" 301 261 "-" "Mozilla/5.0 (Windows NT 10.0; Win64; x64) AppleWebKit/537.36 (KHTML, like Gecko) Chrome/93.0.4577.82 Safari/537.36"
142.113.247.70 - - [30/Nov/2021:11:35:49 +0000] "GET /mysql/pMA/index.php?lang=en HTTP/1.1" 301 257 "-" "Mozilla/5.0 (Windows NT 10.0; Win64; x64) AppleWebKit/537.36 (KHTML, like Gecko) Chrome/93.0.4577.82 Safari/537.36"
142.113.247.70 - - [30/Nov/2021:11:35:50 +0000] "GET /PMA2014/index.php?lang=en HTTP/1.1" 301 255 "-" "Mozilla/5.0 (Windows NT 10.0; Win64; x64) AppleWebKit/537.36 (KHTML, like Gecko) Chrome/93.0.4577.82 Safari/537.36"
142.113.247.70 - - [30/Nov/2021:11:35:50 +0000] "GET /pma/index.php?lang=en HTTP/1.1" 301 251 "-" "Mozilla/5.0 (Windows NT 10.0; Win64; x64) AppleWebKit/537.36 (KHTML, like Gecko) Chrome/93.0.4577.82 Safari/537.36"
142.113.247.70 - - [30/Nov/2021:11:35:51 +0000] "GET /pma2014/index.php?lang=en HTTP/1.1" 301 255 "-" "Mozilla/5.0 (Windows NT 10.0; Win64; x64) AppleWebKit/537.36 (KHTML, like Gecko) Chrome/93.0.4577.82 Safari/537.36"
142.113.247.70 - - [30/Nov/2021:11:35:51 +0000] "GET /pma2014/index.php?lang=en HTTP/1.1" 301 255 "-" "Mozilla/5.0 (Windows NT 10.0; Win64; x64) AppleWebKit/537.36 (KHTML, like Gecko) Chrome/93.0.4577.82 Safari/537.36"
142.113.247.70 - - [30/Nov/2021:11:35:52 +0000] "GET /phpmyadmin2011/index.php?lang=en HTTP/1.1" 301 262 "-" "Mozilla/5.0 (Windows NT 10.0; Win64; x64) AppleWebKit/537.36 (KHTML, like Gecko) Chrome/93.0.4577.82 Safari/537.36"
142.113.247.70 - - [30/Nov/2021:11:35:53 +0000] "GET /phpMyAdmin4/index.php?lang=en HTTP/1.1" 301 259 "-" "Mozilla/5.0 (Windows NT 10.0; Win64; x64) AppleWebKit/537.36 (KHTML, like Gecko) Chrome/93.0.4577.82 Safari/537.36"
142.113.247.70 - - [30/Nov/2021:11:35:54 +0000] "GET /phppma/index.php?lang=en HTTP/1.1" 301 254 "-" "Mozilla/5.0 (Windows NT 10.0; Win64; x64) AppleWebKit/537.36 (KHTML, like Gecko) Chrome/93.0.4577.82 Safari/537.36"
142.113.247.70 - - [30/Nov/2021:11:35:55 +0000] "GET /phpmyadmin2015/index.php?lang=en HTTP/1.1" 301 262 "-" "Mozilla/5.0 (Windows NT 10.0; Win64; x64) AppleWebKit/537.36 (KHTML, like Gecko) Chrome/93.0.4577.82 Safari/537.36"
142.113.247.70 - - [30/Nov/2021:11:35:56 +0000] "GET /mysql/index.php?lang=en HTTP/1.1" 301 253 "-" "Mozilla/5.0 (Windows NT 10.0; Win64; x64) AppleWebKit/537.36 (KHTML, like Gecko) Chrome/93.0.4577.82 Safari/537.36"
142.113.247.70 - - [30/Nov/2021:11:35:57 +0000] "GET /2phpmyadmin/index.php?lang=en HTTP/1.1" 301 259 "-" "Mozilla/5.0 (Windows NT 10.0; Win64; x64) AppleWebKit/537.36 (KHTML, like Gecko) Chrome/93.0.4577.82 Safari/537.36"
142.113.247.70 - - [30/Nov/2021:11:35:58 +0000] "GET /phpmyadmin4/index.php?lang=en HTTP/1.1" 301 259 "-" "Mozilla/5.0 (Windows NT 10.0; Win64; x64) AppleWebKit/537.36 (KHTML, like Gecko) Chrome/93.0.4577.82 Safari/537.36"
142.113.247.70 - - [30/Nov/2021:11:35:59 +0000] "GET /mysql/index.php?lang=en HTTP/1.1" 301 253 "-" "Mozilla/5.0 (Windows NT 10.0; Win64; x64) AppleWebKit/537.36 (KHTML, like Gecko) Chrome/93.0.4577.82 Safari/537.36"
142.113.247.70 - - [30/Nov/2021:11:36:00 +0000] "GET /phpmyadmin2015/index.php?lang=en HTTP/1.1" 301 262 "-" "Mozilla/5.0 (Windows NT 10.0; Win64; x64) AppleWebKit/537.36 (KHTML, like Gecko) Chrome/93.0.4577.82 Safari/537.36"
142.113.247.70 - - [30/Nov/2021:11:36:01 +0000] "GET /pma2020/index.php?lang=en HTTP/1.1" 301 255 "-" "Mozilla/5.0 (Windows NT 10.0; Win64; x64) AppleWebKit/537.36 (KHTML, like Gecko) Chrome/93.0.4577.82 Safari/537.36"
142.113.247.70 - - [30/Nov/2021:11:36:02 +0000] "GET /admin/db/index.php?lang=en HTTP/1.1" 301 256 "-" "Mozilla/5.0 (Windows NT 10.0; Win64; x64) AppleWebKit/537.36 (KHTML, like Gecko) Chrome/93.0.4577.82 Safari/537.36"
142.113.247.70 - - [30/Nov/2021:11:36:03 +0000] "GET /PMA2012/index.php?lang=en HTTP/1.1" 301 255 "-" "Mozilla/5.0 (Windows NT 10.0; Win64; x64) AppleWebKit/537.36 (KHTML, like Gecko) Chrome/93.0.4577.82 Safari/537.36"
142.113.247.70 - - [30/Nov/2021:11:36:04 +0000] "GET /phpMyAdmin/index.php?lang=en HTTP/1.1" 301 258 "-" "Mozilla/5.0 (Windows NT 10.0; Win64; x64) AppleWebKit/537.36 (KHTML, like Gecko) Chrome/93.0.4577.82 Safari/537.36"
142.113.247.70 - - [30/Nov/2021:11:36:04 +0000] "GET /sql/phpmyadmin4/index.php?lang=en HTTP/1.1" 301 263 "-" "Mozilla/5.0 (Windows NT 10.0; Win64; x64) AppleWebKit/537.36 (KHTML, like Gecko) Chrome/93.0.4577.82 Safari/537.36"
142.113.247.70 - - [30/Nov/2021:11:36:06 +0000] "GET /admin/phpMyAdmin/index.php?lang=en HTTP/1.1" 301 264 "-" "Mozilla/5.0 (Windows NT 10.0; Win64; x64) AppleWebKit/537.36 (KHTML, like Gecko) Chrome/93.0.4577.82 Safari/537.36"
142.113.247.70 - - [30/Nov/2021:11:36:06 +0000] "GET /phpMyAdmin3/index.php?lang=en HTTP/1.1" 301 259 "-" "Mozilla/5.0 (Windows NT 10.0; Win64; x64) AppleWebKit/537.36 (KHTML, like Gecko) Chrome/93.0.4577.82 Safari/537.36"
142.113.247.70 - - [30/Nov/2021:11:36:07 +0000] "GET /administrator/web/index.php?lang=en HTTP/1.1" 301 265 "-" "Mozilla/5.0 (Windows NT 10.0; Win64; x64) AppleWebKit/537.36 (KHTML, like Gecko) Chrome/93.0.4577.82 Safari/537.36"
142.113.247.70 - - [30/Nov/2021:11:36:08 +0000] "GET /2phpmyadmin/index.php?lang=en HTTP/1.1" 301 259 "-" "Mozilla/5.0 (Windows NT 10.0; Win64; x64) AppleWebKit/537.36 (KHTML, like Gecko) Chrome/93.0.4577.82 Safari/537.36"
142.113.247.70 - - [30/Nov/2021:11:36:08 +0000] "GET /PMA2012/index.php?lang=en HTTP/1.1" 301 255 "-" "Mozilla/5.0 (Windows NT 10.0; Win64; x64) AppleWebKit/537.36 (KHTML, like Gecko) Chrome/93.0.4577.82 Safari/537.36"
142.113.247.70 - - [30/Nov/2021:11:36:09 +0000] "GET /admin/pMA/index.php?lang=en HTTP/1.1" 301 257 "-" "Mozilla/5.0 (Windows NT 10.0; Win64; x64) AppleWebKit/537.36 (KHTML, like Gecko) Chrome/93.0.4577.82 Safari/537.36"
142.113.247.70 - - [30/Nov/2021:11:36:10 +0000] "GET /sql/sqlweb/index.php?lang=en HTTP/1.1" 301 258 "-" "Mozilla/5.0 (Windows NT 10.0; Win64; x64) AppleWebKit/537.36 (KHTML, like Gecko) Chrome/93.0.4577.82 Safari/537.36"
142.113.247.70 - - [30/Nov/2021:11:36:11 +0000] "GET /administrator/pma/index.php?lang=en HTTP/1.1" 301 265 "-" "Mozilla/5.0 (Windows NT 10.0; Win64; x64) AppleWebKit/537.36 (KHTML, like Gecko) Chrome/93.0.4577.82 Safari/537.36"
142.113.247.70 - - [30/Nov/2021:11:36:13 +0000] "-" 408 - "-" "-"
142.113.247.70 - - [30/Nov/2021:11:36:13 +0000] "GET /phpmyadmin2012/index.php?lang=en HTTP/1.1" 301 262 "-" "Mozilla/5.0 (Windows NT 10.0; Win64; x64) AppleWebKit/537.36 (KHTML, like Gecko) Chrome/93.0.4577.82 Safari/537.36"
142.113.247.70 - - [30/Nov/2021:11:36:14 +0000] "GET /PMA2013/index.php?lang=en HTTP/1.1" 301 255 "-" "Mozilla/5.0 (Windows NT 10.0; Win64; x64) AppleWebKit/537.36 (KHTML, like Gecko) Chrome/93.0.4577.82 Safari/537.36"
142.113.247.70 - - [30/Nov/2021:11:36:15 +0000] "GET /admin/pMA/index.php?lang=en HTTP/1.1" 301 257 "-" "Mozilla/5.0 (Windows NT 10.0; Win64; x64) AppleWebKit/537.36 (KHTML, like Gecko) Chrome/93.0.4577.82 Safari/537.36"
142.113.247.70 - - [30/Nov/2021:11:36:15 +0000] "GET /pma2011/index.php?lang=en HTTP/1.1" 301 255 "-" "Mozilla/5.0 (Windows NT 10.0; Win64; x64) AppleWebKit/537.36 (KHTML, like Gecko) Chrome/93.0.4577.82 Safari/537.36"
142.113.247.70 - - [30/Nov/2021:11:36:16 +0000] "GET /admin/pMA/index.php?lang=en HTTP/1.1" 301 257 "-" "Mozilla/5.0 (Windows NT 10.0; Win64; x64) AppleWebKit/537.36 (KHTML, like Gecko) Chrome/93.0.4577.82 Safari/537.36"
142.113.247.70 - - [30/Nov/2021:11:36:17 +0000] "GET /pma2020/index.php?lang=en HTTP/1.1" 301 255 "-" "Mozilla/5.0 (Windows NT 10.0; Win64; x64) AppleWebKit/537.36 (KHTML, like Gecko) Chrome/93.0.4577.82 Safari/537.36"
142.113.247.70 - - [30/Nov/2021:11:36:19 +0000] "GET /mysqladmin/index.php?lang=en HTTP/1.1" 301 258 "-" "Mozilla/5.0 (Windows NT 10.0; Win64; x64) AppleWebKit/537.36 (KHTML, like Gecko) Chrome/93.0.4577.82 Safari/537.36"
142.113.247.70 - - [30/Nov/2021:11:36:20 +0000] "GET /phpmyadmin2017/index.php?lang=en HTTP/1.1" 301 262 "-" "Mozilla/5.0 (Windows NT 10.0; Win64; x64) AppleWebKit/537.36 (KHTML, like Gecko) Chrome/93.0.4577.82 Safari/537.36"
142.113.247.70 - - [30/Nov/2021:11:36:21 +0000] "GET /phpMyAdmin-5.1.0/index.php?lang=en HTTP/1.1" 301 264 "-" "Mozilla/5.0 (Windows NT 10.0; Win64; x64) AppleWebKit/537.36 (KHTML, like Gecko) Chrome/93.0.4577.82 Safari/537.36"
142.113.247.70 - - [30/Nov/2021:11:36:21 +0000] "GET /phpMyAdmin3/index.php?lang=en HTTP/1.1" 301 259 "-" "Mozilla/5.0 (Windows NT 10.0; Win64; x64) AppleWebKit/537.36 (KHTML, like Gecko) Chrome/93.0.4577.82 Safari/537.36"
142.113.247.70 - - [30/Nov/2021:11:36:23 +0000] "GET /mysqladmin/index.php?lang=en HTTP/1.1" 301 258 "-" "Mozilla/5.0 (Windows NT 10.0; Win64; x64) AppleWebKit/537.36 (KHTML, like Gecko) Chrome/93.0.4577.82 Safari/537.36"
142.113.247.70 - - [30/Nov/2021:11:36:23 +0000] "GET /program/index.php?lang=en HTTP/1.1" 301 255 "-" "Mozilla/5.0 (Windows NT 10.0; Win64; x64) AppleWebKit/537.36 (KHTML, like Gecko) Chrome/93.0.4577.82 Safari/537.36"
142.113.247.70 - - [30/Nov/2021:11:36:24 +0000] "GET /myadmin/index.php?lang=en HTTP/1.1" 301 255 "-" "Mozilla/5.0 (Windows NT 10.0; Win64; x64) AppleWebKit/537.36 (KHTML, like Gecko) Chrome/93.0.4577.82 Safari/537.36"
142.113.247.70 - - [30/Nov/2021:11:36:25 +0000] "GET /phpMyAdmin3/index.php?lang=en HTTP/1.1" 301 259 "-" "Mozilla/5.0 (Windows NT 10.0; Win64; x64) AppleWebKit/537.36 (KHTML, like Gecko) Chrome/93.0.4577.82 Safari/537.36"
142.113.247.70 - - [30/Nov/2021:11:36:25 +0000] "GET /pma2014/index.php?lang=en HTTP/1.1" 301 255 "-" "Mozilla/5.0 (Windows NT 10.0; Win64; x64) AppleWebKit/537.36 (KHTML, like Gecko) Chrome/93.0.4577.82 Safari/537.36"
142.113.247.70 - - [30/Nov/2021:11:36:26 +0000] "GET /PMA2015/index.php?lang=en HTTP/1.1" 301 255 "-" "Mozilla/5.0 (Windows NT 10.0; Win64; x64) AppleWebKit/537.36 (KHTML, like Gecko) Chrome/93.0.4577.82 Safari/537.36"
142.113.247.70 - - [30/Nov/2021:11:36:26 +0000] "GET /phpmy/index.php?lang=en HTTP/1.1" 301 253 "-" "Mozilla/5.0 (Windows NT 10.0; Win64; x64) AppleWebKit/537.36 (KHTML, like Gecko) Chrome/93.0.4577.82 Safari/537.36"
142.113.247.70 - - [30/Nov/2021:11:36:27 +0000] "GET /db/websql/index.php?lang=en HTTP/1.1" 301 257 "-" "Mozilla/5.0 (Windows NT 10.0; Win64; x64) AppleWebKit/537.36 (KHTML, like Gecko) Chrome/93.0.4577.82 Safari/537.36"
142.113.247.70 - - [30/Nov/2021:11:36:27 +0000] "GET /phpMyAdmin/index.php?lang=en HTTP/1.1" 301 258 "-" "Mozilla/5.0 (Windows NT 10.0; Win64; x64) AppleWebKit/537.36 (KHTML, like Gecko) Chrome/93.0.4577.82 Safari/537.36"
142.113.247.70 - - [30/Nov/2021:11:36:28 +0000] "GET /sql/sqladmin/index.php?lang=en HTTP/1.1" 301 260 "-" "Mozilla/5.0 (Windows NT 10.0; Win64; x64) AppleWebKit/537.36 (KHTML, like Gecko) Chrome/93.0.4577.82 Safari/537.36"
142.113.247.70 - - [30/Nov/2021:11:36:28 +0000] "GET /PMA2014/index.php?lang=en HTTP/1.1" 301 255 "-" "Mozilla/5.0 (Windows NT 10.0; Win64; x64) AppleWebKit/537.36 (KHTML, like Gecko) Chrome/93.0.4577.82 Safari/537.36"
142.113.247.70 - - [30/Nov/2021:11:36:29 +0000] "GET /phpMyAdmin-5.1.1-english/index.php?lang=en HTTP/1.1" 301 272 "-" "Mozilla/5.0 (Windows NT 10.0; Win64; x64) AppleWebKit/537.36 (KHTML, like Gecko) Chrome/93.0.4577.82 Safari/537.36"
142.113.247.70 - - [30/Nov/2021:11:36:30 +0000] "GET /mysqladmin/index.php?lang=en HTTP/1.1" 301 258 "-" "Mozilla/5.0 (Windows NT 10.0; Win64; x64) AppleWebKit/537.36 (KHTML, like Gecko) Chrome/93.0.4577.82 Safari/537.36"
142.113.247.70 - - [30/Nov/2021:11:36:30 +0000] "GET /mysqlmanager/index.php?lang=en HTTP/1.1" 301 260 "-" "Mozilla/5.0 (Windows NT 10.0; Win64; x64) AppleWebKit/537.36 (KHTML, like Gecko) Chrome/93.0.4577.82 Safari/537.36"
142.113.247.70 - - [30/Nov/2021:11:36:31 +0000] "GET /PMA2013/index.php?lang=en HTTP/1.1" 301 255 "-" "Mozilla/5.0 (Windows NT 10.0; Win64; x64) AppleWebKit/537.36 (KHTML, like Gecko) Chrome/93.0.4577.82 Safari/537.36"
142.113.247.70 - - [30/Nov/2021:11:36:31 +0000] "GET /mysql/sqlmanager/index.php?lang=en HTTP/1.1" 301 264 "-" "Mozilla/5.0 (Windows NT 10.0; Win64; x64) AppleWebKit/537.36 (KHTML, like Gecko) Chrome/93.0.4577.82 Safari/537.36"
142.113.247.70 - - [30/Nov/2021:11:36:32 +0000] "GET /pma2014/index.php?lang=en HTTP/1.1" 301 255 "-" "Mozilla/5.0 (Windows NT 10.0; Win64; x64) AppleWebKit/537.36 (KHTML, like Gecko) Chrome/93.0.4577.82 Safari/537.36"
142.113.247.70 - - [30/Nov/2021:11:36:33 +0000] "GET /phpmyadmin2018/index.php?lang=en HTTP/1.1" 301 262 "-" "Mozilla/5.0 (Windows NT 10.0; Win64; x64) AppleWebKit/537.36 (KHTML, like Gecko) Chrome/93.0.4577.82 Safari/537.36"
142.113.247.70 - - [30/Nov/2021:11:36:34 +0000] "GET /db/phpMyAdmin/index.php?lang=en HTTP/1.1" 301 261 "-" "Mozilla/5.0 (Windows NT 10.0; Win64; x64) AppleWebKit/537.36 (KHTML, like Gecko) Chrome/93.0.4577.82 Safari/537.36"
142.113.247.70 - - [30/Nov/2021:11:36:35 +0000] "GET /phppma/index.php?lang=en HTTP/1.1" 301 254 "-" "Mozilla/5.0 (Windows NT 10.0; Win64; x64) AppleWebKit/537.36 (KHTML, like Gecko) Chrome/93.0.4577.82 Safari/537.36"
142.113.247.70 - - [30/Nov/2021:11:36:36 +0000] "GET /mysql/sqlmanager/index.php?lang=en HTTP/1.1" 301 264 "-" "Mozilla/5.0 (Windows NT 10.0; Win64; x64) AppleWebKit/537.36 (KHTML, like Gecko) Chrome/93.0.4577.82 Safari/537.36"
142.113.247.70 - - [30/Nov/2021:11:36:37 +0000] "GET /sql/sql-admin/index.php?lang=en HTTP/1.1" 301 261 "-" "Mozilla/5.0 (Windows NT 10.0; Win64; x64) AppleWebKit/537.36 (KHTML, like Gecko) Chrome/93.0.4577.82 Safari/537.36"
142.113.247.70 - - [30/Nov/2021:11:36:38 +0000] "GET /admin/phpMyAdmin/index.php?lang=en HTTP/1.1" 301 264 "-" "Mozilla/5.0 (Windows NT 10.0; Win64; x64) AppleWebKit/537.36 (KHTML, like Gecko) Chrome/93.0.4577.82 Safari/537.36"
142.113.247.70 - - [30/Nov/2021:11:36:40 +0000] "GET /pma2014/index.php?lang=en HTTP/1.1" 301 255 "-" "Mozilla/5.0 (Windows NT 10.0; Win64; x64) AppleWebKit/537.36 (KHTML, like Gecko) Chrome/93.0.4577.82 Safari/537.36"
142.113.247.70 - - [30/Nov/2021:11:36:40 +0000] "GET /phppma/index.php?lang=en HTTP/1.1" 301 254 "-" "Mozilla/5.0 (Windows NT 10.0; Win64; x64) AppleWebKit/537.36 (KHTML, like Gecko) Chrome/93.0.4577.82 Safari/537.36"
142.113.247.70 - - [30/Nov/2021:11:36:41 +0000] "GET /phpMyAdmin/index.php?lang=en HTTP/1.1" 301 258 "-" "Mozilla/5.0 (Windows NT 10.0; Win64; x64) AppleWebKit/537.36 (KHTML, like Gecko) Chrome/93.0.4577.82 Safari/537.36"
142.113.247.70 - - [30/Nov/2021:11:36:41 +0000] "GET /phpmyadmin2011/index.php?lang=en HTTP/1.1" 301 262 "-" "Mozilla/5.0 (Windows NT 10.0; Win64; x64) AppleWebKit/537.36 (KHTML, like Gecko) Chrome/93.0.4577.82 Safari/537.36"
142.113.247.70 - - [30/Nov/2021:11:36:42 +0000] "GET /sql/sql-admin/index.php?lang=en HTTP/1.1" 301 261 "-" "Mozilla/5.0 (Windows NT 10.0; Win64; x64) AppleWebKit/537.36 (KHTML, like Gecko) Chrome/93.0.4577.82 Safari/537.36"
64.62.197.62 - - [30/Nov/2021:11:36:42 +0000] "GET / HTTP/1.1" 301 230 "-" "-"
142.113.247.70 - - [30/Nov/2021:11:36:42 +0000] "GET /phpMyAdmin3/index.php?lang=en HTTP/1.1" 301 259 "-" "Mozilla/5.0 (Windows NT 10.0; Win64; x64) AppleWebKit/537.36 (KHTML, like Gecko) Chrome/93.0.4577.82 Safari/537.36"
142.113.247.70 - - [30/Nov/2021:11:36:43 +0000] "GET /db/phpMyAdmin/index.php?lang=en HTTP/1.1" 301 261 "-" "Mozilla/5.0 (Windows NT 10.0; Win64; x64) AppleWebKit/537.36 (KHTML, like Gecko) Chrome/93.0.4577.82 Safari/537.36"
142.113.247.70 - - [30/Nov/2021:11:36:44 +0000] "GET /administrator/pma/index.php?lang=en HTTP/1.1" 301 265 "-" "Mozilla/5.0 (Windows NT 10.0; Win64; x64) AppleWebKit/537.36 (KHTML, like Gecko) Chrome/93.0.4577.82 Safari/537.36"
142.113.247.70 - - [30/Nov/2021:11:36:45 +0000] "GET /db/phpmyadmin/index.php?lang=en HTTP/1.1" 301 261 "-" "Mozilla/5.0 (Windows NT 10.0; Win64; x64) AppleWebKit/537.36 (KHTML, like Gecko) Chrome/93.0.4577.82 Safari/537.36"
142.113.247.70 - - [30/Nov/2021:11:36:45 +0000] "GET /pma2016/index.php?lang=en HTTP/1.1" 301 255 "-" "Mozilla/5.0 (Windows NT 10.0; Win64; x64) AppleWebKit/537.36 (KHTML, like Gecko) Chrome/93.0.4577.82 Safari/537.36"
142.113.247.70 - - [30/Nov/2021:11:36:46 +0000] "GET /mysql/pMA/index.php?lang=en HTTP/1.1" 301 257 "-" "Mozilla/5.0 (Windows NT 10.0; Win64; x64) AppleWebKit/537.36 (KHTML, like Gecko) Chrome/93.0.4577.82 Safari/537.36"
142.113.247.70 - - [30/Nov/2021:11:36:47 +0000] "GET /phpMyAdmin-5.1.0/index.php?lang=en HTTP/1.1" 301 264 "-" "Mozilla/5.0 (Windows NT 10.0; Win64; x64) AppleWebKit/537.36 (KHTML, like Gecko) Chrome/93.0.4577.82 Safari/537.36"
142.113.247.70 - - [30/Nov/2021:11:36:48 +0000] "GET /administrator/db/index.php?lang=en HTTP/1.1" 301 264 "-" "Mozilla/5.0 (Windows NT 10.0; Win64; x64) AppleWebKit/537.36 (KHTML, like Gecko) Chrome/93.0.4577.82 Safari/537.36"
142.113.247.70 - - [30/Nov/2021:11:36:49 +0000] "GET /pma2012/index.php?lang=en HTTP/1.1" 301 255 "-" "Mozilla/5.0 (Windows NT 10.0; Win64; x64) AppleWebKit/537.36 (KHTML, like Gecko) Chrome/93.0.4577.82 Safari/537.36"
142.113.247.70 - - [30/Nov/2021:11:36:49 +0000] "GET /admin/db/index.php?lang=en HTTP/1.1" 301 256 "-" "Mozilla/5.0 (Windows NT 10.0; Win64; x64) AppleWebKit/537.36 (KHTML, like Gecko) Chrome/93.0.4577.82 Safari/537.36"
142.113.247.70 - - [30/Nov/2021:11:36:51 +0000] "GET /mysql/pma/index.php?lang=en HTTP/1.1" 301 257 "-" "Mozilla/5.0 (Windows NT 10.0; Win64; x64) AppleWebKit/537.36 (KHTML, like Gecko) Chrome/93.0.4577.82 Safari/537.36"
142.113.247.70 - - [30/Nov/2021:11:36:52 +0000] "GET /PMA2015/index.php?lang=en HTTP/1.1" 301 255 "-" "Mozilla/5.0 (Windows NT 10.0; Win64; x64) AppleWebKit/537.36 (KHTML, like Gecko) Chrome/93.0.4577.82 Safari/537.36"
142.113.247.70 - - [30/Nov/2021:11:36:52 +0000] "GET /pma2012/index.php?lang=en HTTP/1.1" 301 255 "-" "Mozilla/5.0 (Windows NT 10.0; Win64; x64) AppleWebKit/537.36 (KHTML, like Gecko) Chrome/93.0.4577.82 Safari/537.36"
142.113.247.70 - - [30/Nov/2021:11:36:53 +0000] "GET /PMA2013/index.php?lang=en HTTP/1.1" 301 255 "-" "Mozilla/5.0 (Windows NT 10.0; Win64; x64) AppleWebKit/537.36 (KHTML, like Gecko) Chrome/93.0.4577.82 Safari/537.36"
142.113.247.70 - - [30/Nov/2021:11:36:54 +0000] "GET /pma2012/index.php?lang=en HTTP/1.1" 301 255 "-" "Mozilla/5.0 (Windows NT 10.0; Win64; x64) AppleWebKit/537.36 (KHTML, like Gecko) Chrome/93.0.4577.82 Safari/537.36"
142.113.247.70 - - [30/Nov/2021:11:36:54 +0000] "GET /admin/phpMyAdmin/index.php?lang=en HTTP/1.1" 301 264 "-" "Mozilla/5.0 (Windows NT 10.0; Win64; x64) AppleWebKit/537.36 (KHTML, like Gecko) Chrome/93.0.4577.82 Safari/537.36"
142.113.247.70 - - [30/Nov/2021:11:36:55 +0000] "GET /admin/phpMyAdmin/index.php?lang=en HTTP/1.1" 301 264 "-" "Mozilla/5.0 (Windows NT 10.0; Win64; x64) AppleWebKit/537.36 (KHTML, like Gecko) Chrome/93.0.4577.82 Safari/537.36"
142.113.247.70 - - [30/Nov/2021:11:36:56 +0000] "GET /PMA2015/index.php?lang=en HTTP/1.1" 301 255 "-" "Mozilla/5.0 (Windows NT 10.0; Win64; x64) AppleWebKit/537.36 (KHTML, like Gecko) Chrome/93.0.4577.82 Safari/537.36"
142.113.247.70 - - [30/Nov/2021:11:36:57 +0000] "GET /db/phpMyAdmin3/index.php?lang=en HTTP/1.1" 301 262 "-" "Mozilla/5.0 (Windows NT 10.0; Win64; x64) AppleWebKit/537.36 (KHTML, like Gecko) Chrome/93.0.4577.82 Safari/537.36"
142.113.247.70 - - [30/Nov/2021:11:36:57 +0000] "GET /sql/phpmyadmin5/index.php?lang=en HTTP/1.1" 301 263 "-" "Mozilla/5.0 (Windows NT 10.0; Win64; x64) AppleWebKit/537.36 (KHTML, like Gecko) Chrome/93.0.4577.82 Safari/537.36"
142.113.247.70 - - [30/Nov/2021:11:36:58 +0000] "GET /mysql/web/index.php?lang=en HTTP/1.1" 301 257 "-" "Mozilla/5.0 (Windows NT 10.0; Win64; x64) AppleWebKit/537.36 (KHTML, like Gecko) Chrome/93.0.4577.82 Safari/537.36"
142.113.247.70 - - [30/Nov/2021:11:36:59 +0000] "GET /PMA2015/index.php?lang=en HTTP/1.1" 301 255 "-" "Mozilla/5.0 (Windows NT 10.0; Win64; x64) AppleWebKit/537.36 (KHTML, like Gecko) Chrome/93.0.4577.82 Safari/537.36"
142.113.247.70 - - [30/Nov/2021:11:37:00 +0000] "GET /admin/pMA/index.php?lang=en HTTP/1.1" 301 257 "-" "Mozilla/5.0 (Windows NT 10.0; Win64; x64) AppleWebKit/537.36 (KHTML, like Gecko) Chrome/93.0.4577.82 Safari/537.36"
142.113.247.70 - - [30/Nov/2021:11:37:01 +0000] "GET /program/index.php?lang=en HTTP/1.1" 301 255 "-" "Mozilla/5.0 (Windows NT 10.0; Win64; x64) AppleWebKit/537.36 (KHTML, like Gecko) Chrome/93.0.4577.82 Safari/537.36"
142.113.247.70 - - [30/Nov/2021:11:37:02 +0000] "GET /sql/sql/index.php?lang=en HTTP/1.1" 301 255 "-" "Mozilla/5.0 (Windows NT 10.0; Win64; x64) AppleWebKit/537.36 (KHTML, like Gecko) Chrome/93.0.4577.82 Safari/537.36"
142.113.247.70 - - [30/Nov/2021:11:37:02 +0000] "GET /pma/index.php?lang=en HTTP/1.1" 301 251 "-" "Mozilla/5.0 (Windows NT 10.0; Win64; x64) AppleWebKit/537.36 (KHTML, like Gecko) Chrome/93.0.4577.82 Safari/537.36"
142.113.247.70 - - [30/Nov/2021:11:37:03 +0000] "GET /pma2018/index.php?lang=en HTTP/1.1" 301 255 "-" "Mozilla/5.0 (Windows NT 10.0; Win64; x64) AppleWebKit/537.36 (KHTML, like Gecko) Chrome/93.0.4577.82 Safari/537.36"
142.113.247.70 - - [30/Nov/2021:11:37:04 +0000] "GET /pma2011/index.php?lang=en HTTP/1.1" 301 255 "-" "Mozilla/5.0 (Windows NT 10.0; Win64; x64) AppleWebKit/537.36 (KHTML, like Gecko) Chrome/93.0.4577.82 Safari/537.36"
142.113.247.70 - - [30/Nov/2021:11:37:04 +0000] "GET /pma2021/index.php?lang=en HTTP/1.1" 301 255 "-" "Mozilla/5.0 (Windows NT 10.0; Win64; x64) AppleWebKit/537.36 (KHTML, like Gecko) Chrome/93.0.4577.82 Safari/537.36"
142.113.247.70 - - [30/Nov/2021:11:37:05 +0000] "GET /phppma/index.php?lang=en HTTP/1.1" 301 254 "-" "Mozilla/5.0 (Windows NT 10.0; Win64; x64) AppleWebKit/537.36 (KHTML, like Gecko) Chrome/93.0.4577.82 Safari/537.36"
142.113.247.70 - - [30/Nov/2021:11:37:07 +0000] "GET /admin/db/index.php?lang=en HTTP/1.1" 301 256 "-" "Mozilla/5.0 (Windows NT 10.0; Win64; x64) AppleWebKit/537.36 (KHTML, like Gecko) Chrome/93.0.4577.82 Safari/537.36"
142.113.247.70 - - [30/Nov/2021:11:37:07 +0000] "GET /phpmyadmin2019/index.php?lang=en HTTP/1.1" 301 262 "-" "Mozilla/5.0 (Windows NT 10.0; Win64; x64) AppleWebKit/537.36 (KHTML, like Gecko) Chrome/93.0.4577.82 Safari/537.36"
142.113.247.70 - - [30/Nov/2021:11:37:08 +0000] "GET /mysql/dbadmin/index.php?lang=en HTTP/1.1" 301 261 "-" "Mozilla/5.0 (Windows NT 10.0; Win64; x64) AppleWebKit/537.36 (KHTML, like Gecko) Chrome/93.0.4577.82 Safari/537.36"
142.113.247.70 - - [30/Nov/2021:11:37:09 +0000] "GET /phpMyAdmin1/index.php?lang=en HTTP/1.1" 301 259 "-" "Mozilla/5.0 (Windows NT 10.0; Win64; x64) AppleWebKit/537.36 (KHTML, like Gecko) Chrome/93.0.4577.82 Safari/537.36"
142.113.247.70 - - [30/Nov/2021:11:37:10 +0000] "GET /phppma/index.php?lang=en HTTP/1.1" 301 254 "-" "Mozilla/5.0 (Windows NT 10.0; Win64; x64) AppleWebKit/537.36 (KHTML, like Gecko) Chrome/93.0.4577.82 Safari/537.36"
142.113.247.70 - - [30/Nov/2021:11:37:12 +0000] "GET /phpmyadmin2019/index.php?lang=en HTTP/1.1" 301 262 "-" "Mozilla/5.0 (Windows NT 10.0; Win64; x64) AppleWebKit/537.36 (KHTML, like Gecko) Chrome/93.0.4577.82 Safari/537.36"
142.113.247.70 - - [30/Nov/2021:11:37:13 +0000] "GET /sql/sqladmin/index.php?lang=en HTTP/1.1" 301 260 "-" "Mozilla/5.0 (Windows NT 10.0; Win64; x64) AppleWebKit/537.36 (KHTML, like Gecko) Chrome/93.0.4577.82 Safari/537.36"
142.113.247.70 - - [30/Nov/2021:11:37:14 +0000] "GET /phpmyadmin2015/index.php?lang=en HTTP/1.1" 301 262 "-" "Mozilla/5.0 (Windows NT 10.0; Win64; x64) AppleWebKit/537.36 (KHTML, like Gecko) Chrome/93.0.4577.82 Safari/537.36"
142.113.247.70 - - [30/Nov/2021:11:37:15 +0000] "GET /phppma/index.php?lang=en HTTP/1.1" 301 254 "-" "Mozilla/5.0 (Windows NT 10.0; Win64; x64) AppleWebKit/537.36 (KHTML, like Gecko) Chrome/93.0.4577.82 Safari/537.36"
50.116.54.8 - - [30/Nov/2021:11:41:19 +0000] "GET /blog/atom.xml HTTP/1.1" 301 240 "-" "Feed Wrangler/1.0 (1 subscriber; feed-id=364241; http://feedwrangler.net; Allow like Gecko)"
134.122.112.12 - - [30/Nov/2021:12:01:24 +0000] "\x16\x03\x01" 400 226 "-" "-"
134.122.112.12 - - [30/Nov/2021:12:01:24 +0000] "GET / HTTP/1.1" 400 226 "-" "-"
134.122.112.12 - - [30/Nov/2021:12:01:24 +0000] "GET / HTTP/1.1" 301 230 "-" "l9tcpid/v1.1.0"
134.122.112.12 - - [30/Nov/2021:12:01:25 +0000] "CONNECT leakix.net:443 HTTP/1.1" 301 227 "-" "Go-http-client/1.1"
134.122.112.12 - - [30/Nov/2021:12:01:25 +0000] "GET /cgi-bin/.%2e/%2e%2e/%2e%2e/%2e%2e/%2e%2e/%2e%2e/%2e%2e/%2e%2e/%2e%2e/etc/hosts HTTP/1.1" 400 226 "-" "Lkx-TraversalHttpPlugin/0.0.1 (+https://leakix.net/, +https://twitter.com/HaboubiAnis)"
134.122.112.12 - - [30/Nov/2021:12:01:25 +0000] "GET /.DS_Store HTTP/1.1" 301 239 "-" "Go-http-client/1.1"
134.122.112.12 - - [30/Nov/2021:12:01:26 +0000] "GET / HTTP/1.1" 301 230 "-" "l9explore/1.3.0"
134.122.112.12 - - [30/Nov/2021:12:01:27 +0000] "GET /info.php HTTP/1.1" 301 238 "-" "l9explore/1.3.0"
134.122.112.12 - - [30/Nov/2021:12:01:27 +0000] "GET /.json HTTP/1.1" 301 235 "-" "l9explore/1.3.0"
134.122.112.12 - - [30/Nov/2021:12:01:28 +0000] "GET /frontend_dev.php/$ HTTP/1.1" 301 248 "-" "l9explore/1.3.0"
216.244.66.232 - - [30/Nov/2021:12:04:36 +0000] "GET /robots.txt HTTP/1.1" 301 240 "-" "Mozilla/5.0 (compatible; DotBot/1.2; +https://opensiteexplorer.org/dotbot; help@moz.com)"
35.204.65.250 - - [30/Nov/2021:12:08:49 +0000] "\x16\x03\x01" 400 226 "-" "-"
35.204.65.250 - - [30/Nov/2021:12:08:53 +0000] "OPTIONS / HTTP/1.0" 301 230 "-" "-"
109.237.103.123 - - [30/Nov/2021:12:09:12 +0000] "GET /.env HTTP/1.1" 301 234 "-" "Mozilla/5.0 (X11; Linux x86_64) AppleWebKit/537.36 (KHTML, like Gecko) Chrome/81.0.4044.129 Safari/537.36"
109.237.103.123 - - [30/Nov/2021:12:09:13 +0000] "POST /.env HTTP/1.1" 301 234 "-" "Mozilla/5.0 (X11; Linux x86_64) AppleWebKit/537.36 (KHTML, like Gecko) Chrome/81.0.4044.129 Safari/537.36"
109.237.103.123 - - [30/Nov/2021:12:09:13 +0000] "GET /.env HTTP/1.1" 301 234 "-" "Mozilla/5.0 (X11; Linux x86_64) AppleWebKit/537.36 (KHTML, like Gecko) Chrome/81.0.4044.129 Safari/537.36"
109.237.103.123 - - [30/Nov/2021:12:09:13 +0000] "POST /.env HTTP/1.1" 301 234 "-" "Mozilla/5.0 (X11; Linux x86_64) AppleWebKit/537.36 (KHTML, like Gecko) Chrome/81.0.4044.129 Safari/537.36"
209.153.66.66 - - [30/Nov/2021:12:14:46 +0000] "GET /blog/atom.xml HTTP/1.1" 301 240 "-" "Tiny Tiny RSS/21.11-df7b2e7 (https://tt-rss.org/)"
35.233.62.116 - - [30/Nov/2021:12:39:37 +0000] "GET / HTTP/1.1" 301 230 "-" "python-requests/2.26.0"
123.125.109.54 - - [30/Nov/2021:12:39:58 +0000] "GET / HTTP/1.1" 301 227 "-" "Sogou web spider/4.0(+http://www.sogou.com/docs/help/webmasters.htm#07)"
69.164.211.90 - - [30/Nov/2021:12:41:18 +0000] "GET /blog/atom.xml HTTP/1.1" 301 240 "-" "Feed Wrangler/1.0 (1 subscriber; feed-id=364241; http://feedwrangler.net; Allow like Gecko)"
216.244.66.232 - - [30/Nov/2021:12:51:37 +0000] "GET /robots.txt HTTP/1.1" 301 240 "-" "Mozilla/5.0 (compatible; DotBot/1.2; +https://opensiteexplorer.org/dotbot; help@moz.com)"
123.183.224.160 - - [30/Nov/2021:13:07:57 +0000] "GET /blog/css/blog.css HTTP/1.1" 301 244 "http://rsaxvc.net/" "Mozilla/5.0 (X11; Linux x86_64) AppleWebKit/537.36 (KHTML, like Gecko) Chrome/73.0.3683.86 Safari/537.36"
123.183.224.147 - - [30/Nov/2021:13:08:01 +0000] "GET /blog/css/blog.css HTTP/1.1" 301 244 "http://rsaxvc.net/" "Mozilla/5.0 (X11; Linux x86_64) AppleWebKit/537.36 (KHTML, like Gecko) Chrome/73.0.3683.86 Safari/537.36"
123.183.224.147 - - [30/Nov/2021:13:08:03 +0000] "GET /blog/css/blog.css HTTP/1.1" 301 244 "http://rsaxvc.net/" "Mozilla/5.0 (X11; Linux x86_64) AppleWebKit/537.36 (KHTML, like Gecko) Chrome/73.0.3683.86 Safari/537.36"
209.153.66.66 - - [30/Nov/2021:13:08:27 +0000] "GET /blog/atom.xml HTTP/1.1" 301 240 "-" "Tiny Tiny RSS/21.11-df7b2e7 (https://tt-rss.org/)"
97.107.141.188 - - [30/Nov/2021:13:41:23 +0000] "GET /blog/atom.xml HTTP/1.1" 301 240 "-" "Feed Wrangler/1.0 (1 subscriber; feed-id=364241; http://feedwrangler.net; Allow like Gecko)"
99.228.74.95 - - [30/Nov/2021:13:46:30 +0000] "GET / HTTP/1.1" 301 227 "-" "Reeder/5001.29.01 CFNetwork/1325.0.1 Darwin/21.1.0"
99.228.74.95 - - [30/Nov/2021:13:46:31 +0000] "HEAD /favicon.ico HTTP/1.1" 301 - "-" "Reeder/5001.29.01 CFNetwork/1325.0.1 Darwin/21.1.0"
99.228.74.95 - - [30/Nov/2021:13:46:31 +0000] "HEAD /apple-touch-icon.png HTTP/1.1" 301 - "-" "Reeder/5001.29.01 CFNetwork/1325.0.1 Darwin/21.1.0"
99.228.74.95 - - [30/Nov/2021:13:46:31 +0000] "HEAD /apple-touch-icon-precomposed.png HTTP/1.1" 301 - "-" "Reeder/5001.29.01 CFNetwork/1325.0.1 Darwin/21.1.0"
209.153.66.66 - - [30/Nov/2021:14:08:06 +0000] "GET /blog/atom.xml HTTP/1.1" 301 240 "-" "Tiny Tiny RSS/21.11-df7b2e7 (https://tt-rss.org/)"
212.102.63.131 - - [30/Nov/2021:14:10:48 +0000] "GET / HTTP/1.1" 301 227 "-" "Mozilla/5.0 (Macintosh; Intel Mac OS X 10_14_6) AppleWebKit/537.36 (KHTML, like Gecko) Chrome/76.0.3809.132 Safari/537.36"
154.6.28.49 - - [30/Nov/2021:14:23:41 +0000] "GET / HTTP/1.0" 301 227 "http://rsaxvc.net/" "Mozilla/5.0 (Windows NT 10.0; WOW64) AppleWebKit/537.36 (KHTML, like Gecko) Chrome/90.0.4430.93 Safari/537.36"
69.164.211.90 - - [30/Nov/2021:14:41:18 +0000] "GET /blog/atom.xml HTTP/1.1" 301 240 "-" "Feed Wrangler/1.0 (1 subscriber; feed-id=364241; http://feedwrangler.net; Allow like Gecko)"
205.185.124.100 - - [30/Nov/2021:15:01:31 +0000] "GET / HTTP/1.1" 301 230 "-" "Linux Gnu (cow)"
209.153.66.66 - - [30/Nov/2021:15:06:05 +0000] "GET /blog/atom.xml HTTP/1.1" 301 240 "-" "Tiny Tiny RSS/21.11-df7b2e7 (https://tt-rss.org/)"
54.36.148.230 - - [30/Nov/2021:15:12:48 +0000] "GET / HTTP/1.1" 301 227 "-" "Mozilla/5.0 (compatible; AhrefsBot/7.0; +http://ahrefs.com/robot/)"
216.244.66.232 - - [30/Nov/2021:15:14:07 +0000] "GET /robots.txt HTTP/1.1" 301 240 "-" "Mozilla/5.0 (compatible; DotBot/1.2; +https://opensiteexplorer.org/dotbot; help@moz.com)"
216.244.66.231 - - [30/Nov/2021:15:15:03 +0000] "GET /robots.txt HTTP/1.1" 301 237 "-" "Mozilla/5.0 (compatible; DotBot/1.2; +https://opensiteexplorer.org/dotbot; help@moz.com)"
97.107.141.188 - - [30/Nov/2021:15:41:18 +0000] "GET /blog/atom.xml HTTP/1.1" 301 240 "-" "Feed Wrangler/1.0 (1 subscriber; feed-id=364241; http://feedwrangler.net; Allow like Gecko)"
192.99.241.249 - - [30/Nov/2021:15:43:42 +0000] "GET /w00tw00t.at.ISC.SANS.DFind:) HTTP/1.1" 400 226 "-" "-"
209.95.51.166 - - [30/Nov/2021:15:46:26 +0000] "GET / HTTP/1.1" 301 228 "-" "Mozilla/5.0 (Windows NT 6.1; rv:38.0) Gecko/20100101 Firefox/38.0 (IndeedBot 1.1)"
209.95.51.166 - - [30/Nov/2021:15:46:27 +0000] "GET / HTTP/1.1" 301 228 "-" "Mozilla/5.0 (Windows NT 6.1; rv:38.0) Gecko/20100101 Firefox/38.0 (IndeedBot 1.1)"
209.95.51.166 - - [30/Nov/2021:15:51:21 +0000] "GET /blog/assets_c/2011/01/licensePlateGame-43.html HTTP/1.1" 301 273 "https://reloadr.net/blog/2011/1/30/Google_Analytics_License_Plate_Game.html" "Mozilla/5.0 (Windows NT 6.1; rv:38.0) Gecko/20100101 Firefox/38.0 (IndeedBot 1.1)"
209.95.51.166 - - [30/Nov/2021:15:51:22 +0000] "GET /blog/assets_c/2011/01/licensePlateGame-43.html HTTP/1.1" 301 273 "https://reloadr.net/blog/2011/1/30/Google_Analytics_License_Plate_Game.html" "Mozilla/5.0 (Windows NT 6.1; rv:38.0) Gecko/20100101 Firefox/38.0 (IndeedBot 1.1)"
209.95.51.166 - - [30/Nov/2021:15:51:58 +0000] "GET /blog/assets_c/2010/12/Browsers-34.html HTTP/1.1" 301 265 "https://reloadr.net/blog/2010/12/12/This_Post_is_for_the_UNIX_Users.html" "Mozilla/5.0 (Windows NT 6.1; rv:38.0) Gecko/20100101 Firefox/38.0 (IndeedBot 1.1)"
209.95.51.166 - - [30/Nov/2021:15:51:58 +0000] "GET /blog/assets_c/2010/12/Browsers-34.html HTTP/1.1" 301 265 "https://reloadr.net/blog/2010/12/12/This_Post_is_for_the_UNIX_Users.html" "Mozilla/5.0 (Windows NT 6.1; rv:38.0) Gecko/20100101 Firefox/38.0 (IndeedBot 1.1)"
209.95.51.166 - - [30/Nov/2021:15:52:08 +0000] "GET /blog/assets_c/2010/12/IMG_20101203_000702-21.html HTTP/1.1" 301 276 "https://reloadr.net/blog/2010/12/3/Attaching_a_Console_Cable_to_the_SamsungVerizon_SCS-26UC4.html" "Mozilla/5.0 (Windows NT 6.1; rv:38.0) Gecko/20100101 Firefox/38.0 (IndeedBot 1.1)"
209.95.51.166 - - [30/Nov/2021:15:52:09 +0000] "GET /blog/assets_c/2010/12/IMG_20101203_000702-21.html HTTP/1.1" 301 276 "https://reloadr.net/blog/2010/12/3/Attaching_a_Console_Cable_to_the_SamsungVerizon_SCS-26UC4.html" "Mozilla/5.0 (Windows NT 6.1; rv:38.0) Gecko/20100101 Firefox/38.0 (IndeedBot 1.1)"
209.95.51.166 - - [30/Nov/2021:15:52:09 +0000] "GET /blog/assets_c/2010/12/IMG_20101202_234544-24.html HTTP/1.1" 301 276 "https://reloadr.net/blog/2010/12/3/Attaching_a_Console_Cable_to_the_SamsungVerizon_SCS-26UC4.html" "Mozilla/5.0 (Windows NT 6.1; rv:38.0) Gecko/20100101 Firefox/38.0 (IndeedBot 1.1)"
209.95.51.166 - - [30/Nov/2021:15:52:09 +0000] "GET /blog/assets_c/2010/12/IMG_20101202_234544-24.html HTTP/1.1" 301 276 "https://reloadr.net/blog/2010/12/3/Attaching_a_Console_Cable_to_the_SamsungVerizon_SCS-26UC4.html" "Mozilla/5.0 (Windows NT 6.1; rv:38.0) Gecko/20100101 Firefox/38.0 (IndeedBot 1.1)"
209.153.66.66 - - [30/Nov/2021:15:59:06 +0000] "GET /blog/atom.xml HTTP/1.1" 301 240 "-" "Tiny Tiny RSS/21.11-df7b2e7 (https://tt-rss.org/)"
162.241.252.209 - - [30/Nov/2021:16:00:32 +0000] "GET /wordpress/ HTTP/1.1" 301 237 "-" "-"
186.33.77.232 - - [30/Nov/2021:16:15:34 +0000] "GET / HTTP/1.1" 301 230 "-" "Mozilla/5.0 (Windows NT 10.0; WOW64) AppleWebKit/537.36 (KHTML, like Gecko) Chrome/52.0.2743.116 Safari/537.36"
45.79.148.82 - - [30/Nov/2021:16:41:19 +0000] "GET /blog/atom.xml HTTP/1.1" 301 240 "-" "Feed Wrangler/1.0 (1 subscriber; feed-id=364241; http://feedwrangler.net; Allow like Gecko)"
66.249.76.162 - - [30/Nov/2021:16:48:26 +0000] "GET /cgi-bin/mt/mt-search.cgi?blog_id=3&tag=Verizon&limit=20 HTTP/1.1" 301 290 "-" "Mozilla/5.0 (Linux; Android 6.0.1; Nexus 5X Build/MMB29P) AppleWebKit/537.36 (KHTML, like Gecko) Chrome/96.0.4664.45 Mobile Safari/537.36 (compatible; Googlebot/2.1; +http://www.google.com/bot.html)"
209.153.66.66 - - [30/Nov/2021:16:57:07 +0000] "GET /blog/atom.xml HTTP/1.1" 301 240 "-" "Tiny Tiny RSS/21.11-df7b2e7 (https://tt-rss.org/)"
198.98.49.124 - - [30/Nov/2021:17:00:37 +0000] "GET / HTTP/1.1" 301 230 "-" "Mozilla/5.0 (X11; Ubuntu; Linux x86_64; rv:76.0) Gecko/20100101 Firefox/76.0"
216.244.66.232 - - [30/Nov/2021:17:02:36 +0000] "GET /robots.txt HTTP/1.1" 301 240 "-" "Mozilla/5.0 (compatible; DotBot/1.2; +https://opensiteexplorer.org/dotbot; help@moz.com)"
157.55.39.27 - - [30/Nov/2021:17:33:56 +0000] "GET / HTTP/1.1" 301 230 "-" "Mozilla/5.0 (compatible; bingbot/2.0; +http://www.bing.com/bingbot.htm)"
20.115.11.181 - - [30/Nov/2021:17:38:52 +0000] "GET /.env HTTP/1.1" 301 234 "-" "Mozilla/5.0 (X11; Linux x86_64) AppleWebKit/537.36 (KHTML, like Gecko) Chrome/81.0.4044.129 Safari/537.36"
20.115.11.181 - - [30/Nov/2021:17:38:52 +0000] "POST / HTTP/1.1" 301 230 "-" "Mozilla/5.0 (X11; Linux x86_64) AppleWebKit/537.36 (KHTML, like Gecko) Chrome/81.0.4044.129 Safari/537.36"
97.107.132.77 - - [30/Nov/2021:17:41:18 +0000] "GET /blog/atom.xml HTTP/1.1" 301 240 "-" "Feed Wrangler/1.0 (1 subscriber; feed-id=364241; http://feedwrangler.net; Allow like Gecko)"
216.244.66.231 - - [30/Nov/2021:17:44:54 +0000] "GET /robots.txt HTTP/1.1" 301 237 "-" "Mozilla/5.0 (compatible; DotBot/1.2; +https://opensiteexplorer.org/dotbot; help@moz.com)"
216.244.66.232 - - [30/Nov/2021:17:49:39 +0000] "GET /robots.txt HTTP/1.1" 301 240 "-" "Mozilla/5.0 (compatible; DotBot/1.2; +https://opensiteexplorer.org/dotbot; help@moz.com)"
209.153.66.66 - - [30/Nov/2021:17:51:24 +0000] "GET /blog/atom.xml HTTP/1.1" 301 240 "-" "Tiny Tiny RSS/21.11-df7b2e7 (https://tt-rss.org/)"
157.90.177.213 - - [30/Nov/2021:17:51:41 +0000] "GET /robots.txt HTTP/1.1" 301 238 "-" "Mozilla/5.0 (compatible; BLEXBot/1.0; +http://webmeup-crawler.com/)"
157.90.177.213 - - [30/Nov/2021:17:51:41 +0000] "GET / HTTP/1.1" 301 228 "-" "Mozilla/5.0 (compatible; BLEXBot/1.0; +http://webmeup-crawler.com/)"
157.90.209.81 - - [30/Nov/2021:17:52:21 +0000] "GET /robots.txt HTTP/1.1" 301 237 "-" "Mozilla/5.0 (compatible; BLEXBot/1.0; +http://webmeup-crawler.com/)"
157.90.209.81 - - [30/Nov/2021:17:52:22 +0000] "GET / HTTP/1.1" 301 227 "-" "Mozilla/5.0 (compatible; BLEXBot/1.0; +http://webmeup-crawler.com/)"
66.249.93.242 - - [30/Nov/2021:17:53:44 +0000] "GET / HTTP/1.1" 301 227 "-" "Mozilla/5.0 (X11; Linux x86_64) AppleWebKit/537.36 (KHTML, like Gecko) Chrome/49.0.2623.75 Safari/537.36 Google Favicon"
66.249.76.162 - - [30/Nov/2021:18:17:51 +0000] "GET /robots.txt HTTP/1.1" 301 237 "-" "Mozilla/5.0 (compatible; Googlebot/2.1; +http://www.google.com/bot.html)"
66.249.76.190 - - [30/Nov/2021:18:17:51 +0000] "GET /school/English160/e160-Final/opensourcesoftware-pdf2-images.pdf HTTP/1.1" 301 290 "-" "Googlebot/2.1 (+http://www.google.com/bot.html)"
66.249.76.190 - - [30/Nov/2021:18:19:28 +0000] "GET /school/English160/e160-Final/opensourcesoftware-doc.doc HTTP/1.1" 301 282 "-" "Googlebot/2.1 (+http://www.google.com/bot.html)"
78.174.87.133 - - [30/Nov/2021:18:20:17 +0000] "GET http://www.google.com/ HTTP/1.0" 301 231 "-" "Mozilla/4.0 (compatible; MSIE 6.0; Windows NT 5.1)"
78.174.87.133 - - [30/Nov/2021:18:20:18 +0000] "GET http://172.217.17.238/ HTTP/1.0" 301 231 "-" "Mozilla/4.0 (compatible; MSIE 6.0; Windows NT 5.1)"
157.55.39.87 - - [30/Nov/2021:18:20:19 +0000] "GET /robots.txt HTTP/1.1" 301 237 "-" "Mozilla/5.0 (compatible; bingbot/2.0; +http://www.bing.com/bingbot.htm)"
40.77.167.1 - - [30/Nov/2021:18:20:20 +0000] "GET / HTTP/1.1" 301 227 "-" "Mozilla/5.0 (compatible; bingbot/2.0; +http://www.bing.com/bingbot.htm)"
18.236.164.102 - - [30/Nov/2021:18:22:38 +0000] "GET / HTTP/1.1" 301 227 "-" "Mozilla/5.0 (X11; Linux x86_64) AppleWebKit/537.36 (KHTML, like Gecko) Chrome/83.0.4103.97 Safari/537.36"
35.160.35.64 - - [30/Nov/2021:18:23:18 +0000] "GET /favicon.ico HTTP/1.1" 301 238 "-" "Mozilla/5.0 (X11; Linux x86_64) AppleWebKit/537.36 (KHTML, like Gecko) Chrome/83.0.4103.97 Safari/537.36"
35.160.35.64 - - [30/Nov/2021:18:23:23 +0000] "GET / HTTP/1.1" 301 227 "-" "Mozilla/5.0 (X11; Linux x86_64) AppleWebKit/537.36 (KHTML, like Gecko) Chrome/83.0.4103.97 Safari/537.36"
78.174.87.133 - - [30/Nov/2021:18:34:30 +0000] "GET /c HTTP/1.1" 301 231 "-" "Mozilla/5.0 (Windows NT 10.0; Win64; x64) AppleWebKit/537.36 (KHTML, like Gecko) Chrome/80.0.3987.149 Safari/537.36"
123.125.109.54 - - [30/Nov/2021:18:39:10 +0000] "GET / HTTP/1.1" 301 227 "-" "Sogou web spider/4.0(+http://www.sogou.com/docs/help/webmasters.htm#07)"
216.244.66.232 - - [30/Nov/2021:18:40:50 +0000] "GET /robots.txt HTTP/1.1" 301 240 "-" "Mozilla/5.0 (compatible; DotBot/1.2; +https://opensiteexplorer.org/dotbot; help@moz.com)"
97.107.141.188 - - [30/Nov/2021:18:41:25 +0000] "GET /blog/atom.xml HTTP/1.1" 301 240 "-" "Feed Wrangler/1.0 (1 subscriber; feed-id=364241; http://feedwrangler.net; Allow like Gecko)"
209.153.66.66 - - [30/Nov/2021:18:45:08 +0000] "GET /blog/atom.xml HTTP/1.1" 301 240 "-" "Tiny Tiny RSS/21.11-df7b2e7 (https://tt-rss.org/)"
216.244.66.231 - - [30/Nov/2021:18:48:14 +0000] "GET /robots.txt HTTP/1.1" 301 237 "-" "Mozilla/5.0 (compatible; DotBot/1.2; +https://opensiteexplorer.org/dotbot; help@moz.com)"
192.35.222.102 - - [30/Nov/2021:19:14:14 +0000] "GET /applications HTTP/1.1" 301 242 "-" "Mozilla/5.0 zgrab/0.x - To opt-out of scans, visit: https://seclab.cs.ucsb.edu/abuse/"
216.244.66.231 - - [30/Nov/2021:19:32:38 +0000] "GET /robots.txt HTTP/1.1" 301 237 "-" "Mozilla/5.0 (compatible; DotBot/1.2; +https://opensiteexplorer.org/dotbot; help@moz.com)"
209.153.66.66 - - [30/Nov/2021:19:39:46 +0000] "GET /blog/atom.xml HTTP/1.1" 301 240 "-" "Tiny Tiny RSS/21.11-df7b2e7 (https://tt-rss.org/)"
172.104.217.53 - - [30/Nov/2021:19:41:20 +0000] "GET /blog/atom.xml HTTP/1.1" 301 240 "-" "Feed Wrangler/1.0 (1 subscriber; feed-id=364241; http://feedwrangler.net; Allow like Gecko)"
167.248.133.42 - - [30/Nov/2021:19:55:31 +0000] "GET / HTTP/1.1" 301 230 "-" "-"
167.248.133.42 - - [30/Nov/2021:19:55:31 +0000] "GET / HTTP/1.1" 301 230 "-" "Mozilla/5.0 (compatible; CensysInspect/1.1; +https://about.censys.io/)"
34.96.130.26 - - [30/Nov/2021:20:10:48 +0000] "GET / HTTP/1.1" 301 227 "-" "Expanse indexes the network perimeters of our customers. If you have any questions or concerns, please reach out to: scaninfo@expanseinc.com"
114.119.133.30 - - [30/Nov/2021:20:27:21 +0000] "GET /blog/2016/4/6/GoogleFiberNetworkBoxShell.html HTTP/1.1" 301 272 "-" "Mozilla/5.0 (Linux; Android 7.0;) AppleWebKit/537.36 (KHTML, like Gecko) Mobile Safari/537.36 (compatible; PetalBot;+https://webmaster.petalsearch.com/site/petalbot)"
209.153.66.66 - - [30/Nov/2021:20:29:33 +0000] "GET /blog/atom.xml HTTP/1.1" 301 240 "-" "Tiny Tiny RSS/21.11-df7b2e7 (https://tt-rss.org/)"
69.164.211.90 - - [30/Nov/2021:20:41:19 +0000] "GET /blog/atom.xml HTTP/1.1" 301 240 "-" "Feed Wrangler/1.0 (1 subscriber; feed-id=364241; http://feedwrangler.net; Allow like Gecko)"
185.191.171.15 - - [30/Nov/2021:20:41:53 +0000] "GET /robots.txt HTTP/1.1" 301 237 "-" "Mozilla/5.0 (compatible; SemrushBot/7~bl; +http://www.semrush.com/bot.html)"
185.191.171.4 - - [30/Nov/2021:20:41:54 +0000] "GET /blog/gpslogs.scs-2u01.tar.lzma HTTP/1.1" 301 257 "-" "Mozilla/5.0 (compatible; SemrushBot/7~bl; +http://www.semrush.com/bot.html)"
207.46.13.126 - - [30/Nov/2021:20:42:15 +0000] "GET / HTTP/1.1" 301 228 "-" "Mozilla/5.0 (compatible; bingbot/2.0; +http://www.bing.com/bingbot.htm)"
157.90.177.213 - - [30/Nov/2021:21:08:17 +0000] "GET /robots.txt HTTP/1.1" 301 238 "-" "Mozilla/5.0 (compatible; BLEXBot/1.0; +http://webmeup-crawler.com/)"
157.90.177.213 - - [30/Nov/2021:21:08:18 +0000] "GET /sitemap.xml HTTP/1.1" 301 239 "-" "Mozilla/5.0 (compatible; BLEXBot/1.0; +http://webmeup-crawler.com/)"
157.90.209.81 - - [30/Nov/2021:21:09:38 +0000] "GET /robots.txt HTTP/1.1" 301 237 "-" "Mozilla/5.0 (compatible; BLEXBot/1.0; +http://webmeup-crawler.com/)"
157.90.209.81 - - [30/Nov/2021:21:09:38 +0000] "GET /sitemap.xml HTTP/1.1" 301 238 "-" "Mozilla/5.0 (compatible; BLEXBot/1.0; +http://webmeup-crawler.com/)"
216.244.66.232 - - [30/Nov/2021:21:12:19 +0000] "GET /robots.txt HTTP/1.1" 301 240 "-" "Mozilla/5.0 (compatible; DotBot/1.2; +https://opensiteexplorer.org/dotbot; help@moz.com)"
