184.168.99.160 - - [05/Jan/2022:00:12:00 +0000] "GET /wp-login.php HTTP/1.1" 404 210
8.29.198.26 - - [05/Jan/2022:00:16:04 +0000] "GET /blog/atom.xml HTTP/1.1" 304 -
66.249.66.18 - - [05/Jan/2022:00:16:22 +0000] "GET /blog/tags/Debian.html HTTP/1.1" 200 1320
45.146.165.37 - - [05/Jan/2022:00:16:58 +0000] "GET /?a=fetch&content=<php>die(@md5(HelloThinkCMF))</php> HTTP/1.1" 200 97
213.162.81.93 - - [05/Jan/2022:00:19:06 +0000] "GET /blog/2021/7/15/Installing_Magisk_on_Raspberry_Pi_4_OmniROM_Android_11.html HTTP/1.1" 200 5974
213.162.81.93 - - [05/Jan/2022:00:19:06 +0000] "GET /blog/css/blog.css HTTP/1.1" 200 318
213.162.81.93 - - [05/Jan/2022:00:19:06 +0000] "GET /favicon.ico HTTP/1.1" 404 209
54.36.148.109 - - [05/Jan/2022:00:20:16 +0000] "GET /blog/2016/8/8/Project_Idea:_ioload.html HTTP/1.1" 404 237
43.132.210.140 - - [05/Jan/2022:00:20:21 +0000] "GET /wp-login.php HTTP/1.1" 404 210
114.119.129.143 - - [05/Jan/2022:00:20:32 +0000] "GET /blog/2020/10/26/Google_Fiber_Partial_Jack_Bypass.html HTTP/1.1" 200 8200
8.29.198.26 - - [05/Jan/2022:00:23:14 +0000] "GET /blog/atom.xml HTTP/1.1" 304 -
185.191.171.15 - - [05/Jan/2022:00:24:26 +0000] "GET /blog/tags/Animation.html HTTP/1.1" 200 570
114.119.129.143 - - [05/Jan/2022:00:29:04 +0000] "GET /blog/2009/11/11/XEvil_202_on_Mac!.html HTTP/1.1" 200 2817
8.29.198.25 - - [05/Jan/2022:00:30:26 +0000] "GET /blog/atom.xml HTTP/1.1" 304 -
193.118.53.202 - - [05/Jan/2022:00:30:51 +0000] "GET / HTTP/1.1" 200 97
54.36.148.109 - - [05/Jan/2022:00:34:41 +0000] "GET /blog/2012/1/2/Game:Pickin_Duino.html HTTP/1.1" 404 234
185.191.171.15 - - [05/Jan/2022:00:34:49 +0000] "GET /blog/tags/DCDC.html HTTP/1.1" 200 911
8.29.198.25 - - [05/Jan/2022:00:37:32 +0000] "GET /blog/atom.xml HTTP/1.1" 304 -
185.191.171.3 - - [05/Jan/2022:00:37:42 +0000] "GET /blog/2010/9/30/Building_FS2_Open_on_OpenSolaris.html HTTP/1.1" 200 88635
114.119.129.113 - - [05/Jan/2022:00:37:45 +0000] "GET /blog/2021/7/15/Installing_Magisk_on_Raspberry_Pi_4_OmniROM_Android_11.html HTTP/1.1" 200 5974
216.244.66.232 - - [05/Jan/2022:00:38:44 +0000] "GET /robots.txt HTTP/1.1" 404 208
97.107.141.188 - - [05/Jan/2022:00:41:16 +0000] "GET /blog/atom.xml HTTP/1.1" 200 1063499
66.249.66.88 - - [05/Jan/2022:00:42:02 +0000] "GET /ads.txt HTTP/1.1" 404 205
66.249.66.16 - - [05/Jan/2022:00:42:03 +0000] "GET /ads.txt HTTP/1.1" 404 205
66.249.66.130 - - [05/Jan/2022:00:42:40 +0000] "GET /blog/tags/NAS.html HTTP/1.1" 200 728
8.29.198.27 - - [05/Jan/2022:00:44:41 +0000] "GET /blog/atom.xml HTTP/1.1" 304 -
114.119.129.147 - - [05/Jan/2022:00:46:21 +0000] "GET /blog/2021/12/30/TRS_to_XLR_Adapter_Frequency_Response.html HTTP/1.1" 200 5681
54.36.148.109 - - [05/Jan/2022:00:48:03 +0000] "GET /blog/tags/HSMM.html HTTP/1.1" 200 1340
92.247.181.9 - - [05/Jan/2022:00:48:09 +0000] "GET /blog/atom.xml HTTP/1.1" 200 1063499
216.244.66.232 - - [05/Jan/2022:00:49:18 +0000] "GET /blog/tags/Zip.html HTTP/1.1" 200 557
174.52.191.156 - - [05/Jan/2022:00:50:48 +0000] "GET /blog/2020/10/26/Google_Fiber_Partial_Jack_Bypass.html HTTP/1.1" 200 8200
174.52.191.156 - - [05/Jan/2022:00:50:49 +0000] "GET /blog/css/blog.css HTTP/1.1" 200 318
174.52.191.156 - - [05/Jan/2022:00:50:49 +0000] "GET /favicon.ico HTTP/1.1" 404 209
188.191.59.43 - - [05/Jan/2022:00:51:15 +0000] "GET /blog/2020/8/15/Nokia_G-010S-A_Pin_6_Issue.html HTTP/1.1" 200 5159
188.191.59.43 - - [05/Jan/2022:00:51:15 +0000] "GET /blog/css/blog.css HTTP/1.1" 200 318
188.191.59.43 - - [05/Jan/2022:00:51:16 +0000] "GET /favicon.ico HTTP/1.1" 404 209
8.29.198.27 - - [05/Jan/2022:00:51:52 +0000] "GET /blog/atom.xml HTTP/1.1" 304 -
174.52.191.156 - - [05/Jan/2022:00:54:06 +0000] "GET /blog/2020/11/21/Right_to_Left_Computability.html HTTP/1.1" 200 14830
174.52.191.156 - - [05/Jan/2022:00:54:07 +0000] "GET /favicon.ico HTTP/1.1" 404 209
45.146.165.37 - - [05/Jan/2022:00:54:30 +0000] "GET /?XDEBUG_SESSION_START=phpstorm HTTP/1.1" 200 97
114.119.129.128 - - [05/Jan/2022:00:55:17 +0000] "GET /blog/tags/Atari%20Flashback.html HTTP/1.1" 200 708
157.55.39.87 - - [05/Jan/2022:00:58:07 +0000] "GET /blog/2021/8/18/Low_Latency_Video_-_Encoder.html HTTP/1.1" 200 5512
8.29.198.25 - - [05/Jan/2022:00:59:02 +0000] "GET /blog/atom.xml HTTP/1.1" 200 1063499
54.36.148.109 - - [05/Jan/2022:01:00:54 +0000] "GET /blog/2011/7/9/Building_a_Garmin_Montana_Motorcycle_Mount.html HTTP/1.1" 200 2846
114.119.129.148 - - [05/Jan/2022:01:04:06 +0000] "GET /blog/tags/Synchronous%20Serial.html HTTP/1.1" 200 595
157.90.209.81 - - [05/Jan/2022:01:04:11 +0000] "GET /robots.txt HTTP/1.1" 404 208
66.249.66.20 - - [05/Jan/2022:01:05:58 +0000] "GET /blog/2009/4/7/Finding_a_New_Fileserver_OS_Step_Three_-_Giving_Up.html HTTP/1.1" 200 2218
8.29.198.26 - - [05/Jan/2022:01:06:19 +0000] "GET /blog/atom.xml HTTP/1.1" 304 -
107.77.194.52 - - [05/Jan/2022:01:08:18 +0000] "GET /blog/2020/10/26/Google_Fiber_Partial_Jack_Bypass.html HTTP/1.1" 200 8200
107.77.194.52 - - [05/Jan/2022:01:08:18 +0000] "GET /blog/css/blog.css HTTP/1.1" 200 318
107.77.194.52 - - [05/Jan/2022:01:08:18 +0000] "GET /favicon.ico HTTP/1.1" 404 209
207.46.13.18 - - [05/Jan/2022:01:12:29 +0000] "GET / HTTP/1.1" 200 97
114.119.129.128 - - [05/Jan/2022:01:12:59 +0000] "GET /blog/2010/1/20/My_Toshiba_T135D_Came_in_the_Mail_Today.html HTTP/1.1" 200 6163
8.29.198.25 - - [05/Jan/2022:01:13:24 +0000] "GET /blog/atom.xml HTTP/1.1" 304 -
17.121.115.223 - - [05/Jan/2022:01:13:37 +0000] "GET /blog/tags/MSP430.html HTTP/1.1" 200 542
8.29.198.25 - - [05/Jan/2022:01:20:32 +0000] "GET /blog/atom.xml HTTP/1.1" 304 -
114.119.129.143 - - [05/Jan/2022:01:21:50 +0000] "GET /blog/2008/5/31/Complex_Computational_Systems_Planning_is_Key.html HTTP/1.1" 200 4824
45.146.165.37 - - [05/Jan/2022:01:23:40 +0000] "GET /console/ HTTP/1.1" 404 206
54.36.148.109 - - [05/Jan/2022:01:25:51 +0000] "GET /blog/2014/6/21/STREAM:UltraSPARC_IIIi_vs_UltraSPARC_T1.html HTTP/1.1" 404 257
8.29.198.26 - - [05/Jan/2022:01:27:51 +0000] "GET /blog/atom.xml HTTP/1.1" 304 -
66.249.66.8 - - [05/Jan/2022:01:29:17 +0000] "GET /blog/tags/Turing%20completeness.html HTTP/1.1" 200 623
114.119.129.148 - - [05/Jan/2022:01:30:40 +0000] "GET /blog/2009/11/11/XEvil_202_on_Mac!.html HTTP/1.1" 200 2817
60.217.75.69 - - [05/Jan/2022:01:30:44 +0000] "-" 408 -
185.191.171.14 - - [05/Jan/2022:01:31:16 +0000] "GET /robots.txt HTTP/1.1" 404 208
185.191.171.26 - - [05/Jan/2022:01:31:17 +0000] "GET /blog/2016/11/4/Product_Review_JD_Slim_Fit_Wallet_Case_for_OnePlusThree.html HTTP/1.1" 200 2664
66.249.66.132 - - [05/Jan/2022:01:31:40 +0000] "GET /robots.txt HTTP/1.1" 404 208
66.249.66.89 - - [05/Jan/2022:01:31:41 +0000] "GET / HTTP/1.1" 200 97
66.249.66.89 - - [05/Jan/2022:01:31:41 +0000] "GET /blog/ HTTP/1.1" 200 91741
8.29.198.25 - - [05/Jan/2022:01:34:58 +0000] "GET /blog/atom.xml HTTP/1.1" 304 -
192.241.204.149 - - [05/Jan/2022:01:38:07 +0000] "GET /ecp/Current/exporttool/microsoft.exchange.ediscovery.exporttool.application HTTP/1.1" 404 273
192.241.214.219 - - [05/Jan/2022:01:38:14 +0000] "GET /owa/auth/x.js HTTP/1.1" 404 211
192.241.209.65 - - [05/Jan/2022:01:39:02 +0000] "GET /owa/auth/logon.aspx HTTP/1.1" 404 217
114.119.129.115 - - [05/Jan/2022:01:39:27 +0000] "GET /blog/tags/NEON.html HTTP/1.1" 200 491
207.46.13.50 - - [05/Jan/2022:01:40:43 +0000] "GET / HTTP/1.1" 200 97
69.164.211.90 - - [05/Jan/2022:01:41:17 +0000] "GET /blog/atom.xml HTTP/1.1" 200 1063499
8.29.198.26 - - [05/Jan/2022:01:42:07 +0000] "GET /blog/atom.xml HTTP/1.1" 304 -
192.241.193.105 - - [05/Jan/2022:01:45:04 +0000] "GET / HTTP/1.1" 200 97
114.119.129.143 - - [05/Jan/2022:01:48:15 +0000] "GET /blog/tags/Snow%20Leopard.html HTTP/1.1" 200 632
92.247.181.9 - - [05/Jan/2022:01:48:21 +0000] "GET /blog/atom.xml HTTP/1.1" 200 1063499
172.75.19.220 - - [05/Jan/2022:01:48:26 +0000] "GET /blog/2017/2/20/A_Simple_Ticketmaster_Hack.html HTTP/1.1" 200 4748
172.75.19.220 - - [05/Jan/2022:01:48:26 +0000] "GET /blog/css/blog.css HTTP/1.1" 200 318
172.75.19.220 - - [05/Jan/2022:01:48:26 +0000] "GET /favicon.ico HTTP/1.1" 404 209
54.36.148.109 - - [05/Jan/2022:01:49:08 +0000] "GET /blog/2012/5/3/libgraphoscope:_a_project_in_need_of_a_newer_name.html HTTP/1.1" 404 266
8.29.198.26 - - [05/Jan/2022:01:49:19 +0000] "GET /blog/atom.xml HTTP/1.1" 304 -
66.249.66.206 - - [05/Jan/2022:01:52:45 +0000] "GET /blog/2016/1/4/IDA_on_64-bit_Debian_Dependencies_.html HTTP/1.1" 404 251
8.29.198.25 - - [05/Jan/2022:01:56:26 +0000] "GET /blog/atom.xml HTTP/1.1" 304 -
114.119.129.148 - - [05/Jan/2022:01:56:57 +0000] "GET /blog/tags/Audio.html HTTP/1.1" 200 570
8.29.198.27 - - [05/Jan/2022:02:03:46 +0000] "GET /blog/atom.xml HTTP/1.1" 200 1063499
114.119.129.115 - - [05/Jan/2022:02:05:41 +0000] "GET /blog/tags/T1.html HTTP/1.1" 200 526
185.191.171.39 - - [05/Jan/2022:02:06:20 +0000] "GET /blog/tags/Charger.html HTTP/1.1" 200 593
8.29.198.26 - - [05/Jan/2022:02:10:58 +0000] "GET /blog/atom.xml HTTP/1.1" 304 -
54.36.148.109 - - [05/Jan/2022:02:11:21 +0000] "GET /blog/2020/8/21/Alcatel_Lucent_O-010S-P_GPON_Teardown.html HTTP/1.1" 200 5093
114.119.129.147 - - [05/Jan/2022:02:14:39 +0000] "GET /blog/tags/TI.html HTTP/1.1" 200 534
66.249.66.222 - - [05/Jan/2022:02:16:14 +0000] "GET /blog/tags/Television.html HTTP/1.1" 200 666
8.29.198.26 - - [05/Jan/2022:02:18:04 +0000] "GET /blog/atom.xml HTTP/1.1" 304 -
107.182.187.229 - - [05/Jan/2022:02:18:17 +0000] "GET / HTTP/1.1" 200 97
85.208.98.23 - - [05/Jan/2022:02:21:37 +0000] "GET /robots.txt HTTP/1.1" 404 208
85.208.98.30 - - [05/Jan/2022:02:22:07 +0000] "GET /blog/2010/9/30/Building_FS2_Open_on_OpenSolaris.html HTTP/1.1" 200 88635
173.231.60.197 - - [05/Jan/2022:02:22:32 +0000] "GET /robots.txt HTTP/1.1" 404 208
8.29.198.27 - - [05/Jan/2022:02:25:17 +0000] "GET /blog/atom.xml HTTP/1.1" 304 -
185.191.171.14 - - [05/Jan/2022:02:32:16 +0000] "GET /robots.txt HTTP/1.1" 404 208
185.191.171.1 - - [05/Jan/2022:02:32:17 +0000] "GET /blog/tags/game.html HTTP/1.1" 200 552
8.29.198.25 - - [05/Jan/2022:02:32:25 +0000] "GET /blog/atom.xml HTTP/1.1" 304 -
34.245.89.123 - - [05/Jan/2022:02:32:56 +0000] "HEAD /app-ads.txt HTTP/1.1" 404 -
34.245.89.123 - - [05/Jan/2022:02:32:56 +0000] "HEAD /ads.txt HTTP/1.1" 404 -
34.245.89.123 - - [05/Jan/2022:02:32:56 +0000] "GET /ads.txt HTTP/1.1" 404 205
34.245.89.123 - - [05/Jan/2022:02:32:56 +0000] "GET /app-ads.txt HTTP/1.1" 404 209
34.245.89.123 - - [05/Jan/2022:02:32:56 +0000] "HEAD /ads.txt HTTP/1.1" 404 -
34.245.89.123 - - [05/Jan/2022:02:32:56 +0000] "HEAD /app-ads.txt HTTP/1.1" 404 -
34.245.89.123 - - [05/Jan/2022:02:32:56 +0000] "GET /ads.txt HTTP/1.1" 404 205
34.245.89.123 - - [05/Jan/2022:02:32:56 +0000] "GET /app-ads.txt HTTP/1.1" 404 209
54.36.148.109 - - [05/Jan/2022:02:34:13 +0000] "GET /blog/2014/6/21/STREAMUltraSPARC_IIIi_vs_UltraSPARC_T1.html HTTP/1.1" 200 4796
114.119.129.128 - - [05/Jan/2022:02:38:34 +0000] "GET /blog/2016/2/15/Propane_Day!.html HTTP/1.1" 200 6367
8.29.198.25 - - [05/Jan/2022:02:39:28 +0000] "GET /blog/atom.xml HTTP/1.1" 304 -
45.146.165.37 - - [05/Jan/2022:02:39:31 +0000] "GET /_ignition/execute-solution HTTP/1.1" 404 224
66.249.66.134 - - [05/Jan/2022:02:39:42 +0000] "GET /blog/2009/10/24/OISC_Hardware:_DC_Supply_and_Clock_Generator.html HTTP/1.1" 404 263
174.202.65.134 - - [05/Jan/2022:02:39:46 +0000] "GET /apple-touch-icon.png HTTP/1.1" 404 218
174.202.65.134 - - [05/Jan/2022:02:39:46 +0000] "GET /favicon.ico HTTP/1.1" 404 209
23.239.11.46 - - [05/Jan/2022:02:41:18 +0000] "GET /blog/atom.xml HTTP/1.1" 200 1063499
49.7.20.73 - - [05/Jan/2022:02:41:30 +0000] "GET / HTTP/1.1" 200 97
109.237.103.38 - - [05/Jan/2022:02:41:53 +0000] "GET / HTTP/1.0" 400 362
109.237.103.38 - - [05/Jan/2022:02:41:53 +0000] "GET /.env HTTP/1.1" 404 202
66.249.66.16 - - [05/Jan/2022:02:43:01 +0000] "GET /blog/2010/7/21/Cricut_USB_Protocol_Reversed.html HTTP/1.1" 200 2469
45.146.165.37 - - [05/Jan/2022:02:45:04 +0000] "GET / HTTP/1.1" 200 97
8.29.198.25 - - [05/Jan/2022:02:46:33 +0000] "GET /blog/atom.xml HTTP/1.1" 304 -
92.247.181.9 - - [05/Jan/2022:02:48:37 +0000] "GET /blog/atom.xml HTTP/1.1" 200 1063499
49.7.20.73 - - [05/Jan/2022:02:51:29 +0000] "GET /blog/ HTTP/1.1" 200 91741
8.29.198.25 - - [05/Jan/2022:02:53:37 +0000] "GET /blog/atom.xml HTTP/1.1" 304 -
207.46.13.158 - - [05/Jan/2022:02:56:27 +0000] "GET /blog/2011/4/21/BreezeCom_BreezeAccess_AP_with_Special_Guests:_Charles_Huber_and_Doug_Kelly.html HTTP/1.1" 404 293
123.125.109.178 - - [05/Jan/2022:02:57:02 +0000] "GET / HTTP/1.1" 200 97
54.36.148.109 - - [05/Jan/2022:02:59:14 +0000] "GET /blog/2016/8/8/Project_Idea_ioload.html HTTP/1.1" 200 1643
123.125.109.178 - - [05/Jan/2022:03:00:05 +0000] "GET /blog/ HTTP/1.1" 200 91741
8.29.198.25 - - [05/Jan/2022:03:00:45 +0000] "GET /blog/atom.xml HTTP/1.1" 200 1063499
66.249.66.134 - - [05/Jan/2022:03:03:10 +0000] "GET /blog/tags/Pickin'%20Sticks.html HTTP/1.1" 200 670
209.141.51.222 - - [05/Jan/2022:03:03:42 +0000] "GET / HTTP/1.1" 200 97
103.114.158.1 - - [05/Jan/2022:03:03:44 +0000] "GET / HTTP/1.1" 200 97
209.141.33.65 - - [05/Jan/2022:03:03:45 +0000] "GET /blog/ HTTP/1.1" 200 91741
205.185.116.89 - - [05/Jan/2022:03:03:52 +0000] "GET / HTTP/1.1" 200 97
209.141.41.193 - - [05/Jan/2022:03:03:53 +0000] "GET /favicon.ico HTTP/1.1" 404 209
103.114.158.1 - - [05/Jan/2022:03:03:54 +0000] "GET / HTTP/1.1" 200 97
205.185.117.203 - - [05/Jan/2022:03:03:55 +0000] "GET /blog/ HTTP/1.1" 200 91741
103.114.158.1 - - [05/Jan/2022:03:04:03 +0000] "GET /favicon.ico HTTP/1.1" 404 209
8.29.198.26 - - [05/Jan/2022:03:08:00 +0000] "GET /blog/atom.xml HTTP/1.1" 304 -
131.220.6.152 - - [05/Jan/2022:03:08:23 +0000] "GET / HTTP/1.1" 200 97
34.77.162.24 - - [05/Jan/2022:03:13:11 +0000] "GET / HTTP/1.1" 200 97
8.29.198.26 - - [05/Jan/2022:03:15:12 +0000] "GET /blog/atom.xml HTTP/1.1" 304 -
114.119.129.115 - - [05/Jan/2022:03:16:33 +0000] "GET /blog/2021/1/18/Rudimentary_curve_tracing_with_a_programmable_power_supply.html HTTP/1.1" 200 9860
8.29.198.25 - - [05/Jan/2022:03:22:20 +0000] "GET /blog/atom.xml HTTP/1.1" 304 -
54.36.148.109 - - [05/Jan/2022:03:25:31 +0000] "GET /blog/2011/4/8/RHex_Feature_File_Identification.html HTTP/1.1" 200 2262
66.249.66.130 - - [05/Jan/2022:03:26:37 +0000] "GET /blog/2021/12/30/TRS_to_XLR_Adapter_Noise_Floor.html HTTP/1.1" 200 4170
66.249.66.20 - - [05/Jan/2022:03:28:01 +0000] "GET /blog/2016/12/28/DroneView_WiFi_Camera.html HTTP/1.1" 200 3762
8.29.198.27 - - [05/Jan/2022:03:29:26 +0000] "GET /blog/atom.xml HTTP/1.1" 304 -
185.191.171.21 - - [05/Jan/2022:03:29:47 +0000] "GET /blog/tags/TSIP.html HTTP/1.1" 200 530
185.225.39.112 - - [05/Jan/2022:03:30:17 +0000] "GET /app.js HTTP/1.1" 404 204
114.119.133.30 - - [05/Jan/2022:03:32:37 +0000] "GET /blog/tags/XORSHIFT.html HTTP/1.1" 200 550
8.29.198.26 - - [05/Jan/2022:03:36:49 +0000] "GET /blog/atom.xml HTTP/1.1" 304 -
51.222.253.12 - - [05/Jan/2022:03:37:44 +0000] "GET /robots.txt HTTP/1.1" 404 208
136.37.198.207 - - [05/Jan/2022:03:39:36 +0000] "HEAD /favicon.ico HTTP/1.1" 404 -
97.107.141.188 - - [05/Jan/2022:03:41:17 +0000] "GET /blog/atom.xml HTTP/1.1" 200 1063499
8.29.198.27 - - [05/Jan/2022:03:44:03 +0000] "GET /blog/atom.xml HTTP/1.1" 304 -
92.247.181.9 - - [05/Jan/2022:03:49:34 +0000] "GET /blog/atom.xml HTTP/1.1" 200 1063499
66.249.66.134 - - [05/Jan/2022:03:50:04 +0000] "GET /blog/2016/8/8/Project_Idea_ioload.html HTTP/1.1" 200 1643
8.29.198.27 - - [05/Jan/2022:03:51:30 +0000] "GET /blog/atom.xml HTTP/1.1" 304 -
54.36.148.109 - - [05/Jan/2022:03:52:09 +0000] "GET /blog/2011/7/4/How_to_Visit_4_HackerSpaces_and_have_an_Awesome_Weekend.html HTTP/1.1" 200 8366
66.249.66.208 - - [05/Jan/2022:03:56:05 +0000] "GET /blog/2016/2/17/Whats_in_a_WattMeter.html HTTP/1.1" 200 4007
8.29.198.27 - - [05/Jan/2022:03:58:39 +0000] "GET /blog/atom.xml HTTP/1.1" 200 1063499
23.234.196.100 - - [05/Jan/2022:04:01:26 +0000] "GET / HTTP/1.1" 200 97
8.29.198.26 - - [05/Jan/2022:04:05:44 +0000] "GET /blog/atom.xml HTTP/1.1" 304 -
8.29.198.26 - - [05/Jan/2022:04:12:51 +0000] "GET /blog/atom.xml HTTP/1.1" 304 -
40.77.167.26 - - [05/Jan/2022:04:13:22 +0000] "GET /blog/2017/10/21/Linduino.html HTTP/1.1" 200 2599
54.36.148.109 - - [05/Jan/2022:04:15:54 +0000] "GET /blog/tags/SPARC.html HTTP/1.1" 200 561
114.119.129.128 - - [05/Jan/2022:04:17:44 +0000] "GET /blog/tags/C3.html HTTP/1.1" 200 521
66.249.66.20 - - [05/Jan/2022:04:18:35 +0000] "GET /blog/2011/2/16/My_Favorite_64-bit_Porting_Guide.html HTTP/1.1" 200 2511
8.29.198.26 - - [05/Jan/2022:04:20:03 +0000] "GET /blog/atom.xml HTTP/1.1" 304 -
157.55.39.87 - - [05/Jan/2022:04:21:05 +0000] "GET /blog/2010/12/24/Digilent_BASYS2_FPGA.html HTTP/1.1" 200 4855
66.249.66.20 - - [05/Jan/2022:04:24:12 +0000] "GET /blog/2016/1/3/PeltierControllerOverview.html HTTP/1.1" 200 7672
114.119.129.128 - - [05/Jan/2022:04:25:51 +0000] "GET /blog/tags/Languages.html HTTP/1.1" 200 518
54.36.148.109 - - [05/Jan/2022:04:26:59 +0000] "GET /blog/2011/4/9/RHex_Feature_Fast_Editing.html HTTP/1.1" 200 2065
8.29.198.26 - - [05/Jan/2022:04:27:31 +0000] "GET /blog/atom.xml HTTP/1.1" 304 -
185.191.171.23 - - [05/Jan/2022:04:29:13 +0000] "GET /robots.txt HTTP/1.1" 404 208
185.191.171.15 - - [05/Jan/2022:04:29:15 +0000] "GET /blog/2020/8/15/Nokia_G-010S-A_Pin_6_Issue.html HTTP/1.1" 200 5159
114.119.129.143 - - [05/Jan/2022:04:33:56 +0000] "GET /blog/tags/VGA.html HTTP/1.1" 200 694
8.29.198.27 - - [05/Jan/2022:04:34:42 +0000] "GET /blog/atom.xml HTTP/1.1" 304 -
87.98.168.2 - - [05/Jan/2022:04:37:03 +0000] "GET /blog/2016/8/21/SecKCoin_Bulk_Mining.html HTTP/1.0" 200 2091
54.36.148.109 - - [05/Jan/2022:04:37:22 +0000] "GET /blog/2016/2/17/12V_Accessory_Power_Leakage.html HTTP/1.1" 200 4522
66.249.66.8 - - [05/Jan/2022:04:41:05 +0000] "GET /blog/2016/1/ HTTP/1.1" 200 1311
97.107.141.188 - - [05/Jan/2022:04:41:16 +0000] "GET /blog/atom.xml HTTP/1.1" 200 1063499
8.29.198.26 - - [05/Jan/2022:04:41:51 +0000] "GET /blog/atom.xml HTTP/1.1" 304 -
45.146.165.37 - - [05/Jan/2022:04:43:05 +0000] "POST /vendor/phpunit/phpunit/src/Util/PHP/eval-stdin.php HTTP/1.1" 404 248
114.119.129.14 - - [05/Jan/2022:04:44:13 +0000] "GET /blog/tags/FTDI.html HTTP/1.1" 200 739
52.38.239.75 - - [05/Jan/2022:04:45:18 +0000] "GET /.env HTTP/1.1" 404 202
52.38.239.75 - - [05/Jan/2022:04:45:19 +0000] "POST / HTTP/1.1" 200 97
54.36.148.109 - - [05/Jan/2022:04:48:15 +0000] "GET /blog/2008/5/29/Robotics,_Pervasive_Computing_and_Mobile_Connectivity__.html HTTP/1.1" 404 273
8.29.198.26 - - [05/Jan/2022:04:48:58 +0000] "GET /blog/atom.xml HTTP/1.1" 304 -
40.77.167.26 - - [05/Jan/2022:04:49:36 +0000] "GET /blog/tags/ImageSignalProcessor.html HTTP/1.1" 200 702
92.247.181.9 - - [05/Jan/2022:04:51:21 +0000] "GET /blog/atom.xml HTTP/1.1" 200 1063499
42.83.147.34 - - [05/Jan/2022:04:51:46 +0000] "GET / HTTP/1.1" 200 97
114.119.129.148 - - [05/Jan/2022:04:52:19 +0000] "GET /blog/tags/sun.html HTTP/1.1" 200 598
8.29.198.26 - - [05/Jan/2022:04:56:11 +0000] "GET /blog/atom.xml HTTP/1.1" 304 -
66.249.66.10 - - [05/Jan/2022:04:58:20 +0000] "GET /blog/tags/license%20plate.html HTTP/1.1" 200 570
54.36.148.109 - - [05/Jan/2022:04:58:57 +0000] "GET /blog/tags/femtocell.html HTTP/1.1" 200 572
108.59.8.80 - - [05/Jan/2022:04:59:37 +0000] "GET /robots.txt HTTP/1.1" 404 208
108.59.8.80 - - [05/Jan/2022:04:59:41 +0000] "GET /blog/2009/8/9/?C=N;O=A HTTP/1.1" 200 1143
108.59.8.80 - - [05/Jan/2022:04:59:43 +0000] "GET /blog/2009/8/9/?C=N;O=A HTTP/1.1" 200 1143
108.59.8.80 - - [05/Jan/2022:04:59:47 +0000] "GET /blog/2009/8/9/?C=N;O=D HTTP/1.1" 200 1143
108.59.8.80 - - [05/Jan/2022:04:59:49 +0000] "GET /blog/2009/8/9/?C=N;O=D HTTP/1.1" 200 1143
108.59.8.80 - - [05/Jan/2022:04:59:52 +0000] "GET /blog/2009/8/9/?C=S;O=A HTTP/1.1" 200 1143
108.59.8.80 - - [05/Jan/2022:04:59:54 +0000] "GET /blog/2009/8/9/?C=S;O=A HTTP/1.1" 200 1143
108.59.8.80 - - [05/Jan/2022:04:59:57 +0000] "GET /blog/2009/8/9/?C=S;O=D HTTP/1.1" 200 1143
108.59.8.80 - - [05/Jan/2022:05:00:01 +0000] "GET /blog/2009/8/9/Who%20Knew,%20GNU?.html HTTP/1.1" 404 225
108.59.8.80 - - [05/Jan/2022:05:00:04 +0000] "GET /blog/2009/8/9/Who_Knew,_GNU.html HTTP/1.1" 200 1539
108.59.8.80 - - [05/Jan/2022:05:00:07 +0000] "GET /blog/2009/8/?C=D;O=A HTTP/1.1" 200 1105
108.59.8.80 - - [05/Jan/2022:05:00:09 +0000] "GET /blog/2009/8/?C=D;O=A HTTP/1.1" 200 1105
108.59.8.80 - - [05/Jan/2022:05:00:13 +0000] "GET /blog/2009/8/?C=D;O=D HTTP/1.1" 200 1105
108.59.8.80 - - [05/Jan/2022:05:00:15 +0000] "GET /blog/2009/8/?C=D;O=D HTTP/1.1" 200 1105
108.59.8.80 - - [05/Jan/2022:05:00:19 +0000] "GET /blog/2009/8/?C=M;O=A HTTP/1.1" 200 1105
114.119.129.148 - - [05/Jan/2022:05:00:20 +0000] "GET /blog/tags/Bococom.html HTTP/1.1" 200 578
108.59.8.80 - - [05/Jan/2022:05:00:21 +0000] "GET /blog/2009/8/?C=M;O=A HTTP/1.1" 200 1105
108.59.8.80 - - [05/Jan/2022:05:00:24 +0000] "GET /blog/2009/8/?C=M;O=D HTTP/1.1" 200 1105
108.59.8.80 - - [05/Jan/2022:05:00:26 +0000] "GET /blog/2009/8/?C=M;O=D HTTP/1.1" 200 1105
108.59.8.80 - - [05/Jan/2022:05:00:30 +0000] "GET /blog/2009/8/?C=N;O=A HTTP/1.1" 200 1105
108.59.8.80 - - [05/Jan/2022:05:00:31 +0000] "GET /blog/2009/8/?C=N;O=A HTTP/1.1" 200 1105
108.59.8.80 - - [05/Jan/2022:05:00:35 +0000] "GET /blog/2009/8/?C=N;O=D HTTP/1.1" 200 1105
108.59.8.80 - - [05/Jan/2022:05:00:37 +0000] "GET /blog/2009/8/?C=N;O=D HTTP/1.1" 200 1105
108.59.8.80 - - [05/Jan/2022:05:00:40 +0000] "GET /blog/2009/8/?C=S;O=A HTTP/1.1" 200 1105
108.59.8.80 - - [05/Jan/2022:05:00:42 +0000] "GET /blog/2009/8/?C=S;O=A HTTP/1.1" 200 1105
108.59.8.80 - - [05/Jan/2022:05:00:46 +0000] "GET /blog/2009/8/?C=S;O=D HTTP/1.1" 200 1105
108.59.8.80 - - [05/Jan/2022:05:00:47 +0000] "GET /blog/2009/8/?C=S;O=D HTTP/1.1" 200 1105
108.59.8.80 - - [05/Jan/2022:05:00:51 +0000] "GET /blog/2009/9/ HTTP/1.1" 200 1519
108.59.8.80 - - [05/Jan/2022:05:00:53 +0000] "GET /blog/2009/9/ HTTP/1.1" 200 1519
108.59.8.80 - - [05/Jan/2022:05:00:56 +0000] "GET /blog/2009/9/14/ HTTP/1.1" 200 1239
157.90.209.81 - - [05/Jan/2022:05:01:01 +0000] "GET /robots.txt HTTP/1.1" 404 208
108.59.8.80 - - [05/Jan/2022:05:01:02 +0000] "GET /blog/2009/9/14/ HTTP/1.1" 200 1239
108.59.8.80 - - [05/Jan/2022:05:01:04 +0000] "GET /blog/2009/9/14/?C=D;O=A HTTP/1.1" 200 1239
108.59.8.80 - - [05/Jan/2022:05:01:07 +0000] "GET /blog/2009/9/14/?C=D;O=D HTTP/1.1" 200 1239
108.59.8.80 - - [05/Jan/2022:05:01:09 +0000] "GET /blog/2009/9/14/?C=D;O=D HTTP/1.1" 200 1239
108.59.8.80 - - [05/Jan/2022:05:01:11 +0000] "GET /blog/2009/9/14/?C=M;O=A HTTP/1.1" 200 1239
108.59.8.80 - - [05/Jan/2022:05:01:14 +0000] "GET /blog/2009/9/14/?C=M;O=D HTTP/1.1" 200 1239
108.59.8.80 - - [05/Jan/2022:05:01:16 +0000] "GET /blog/2009/9/14/?C=M;O=D HTTP/1.1" 200 1239
108.59.8.80 - - [05/Jan/2022:05:01:20 +0000] "GET /blog/2009/9/14/?C=N;O=A HTTP/1.1" 200 1239
108.59.8.80 - - [05/Jan/2022:05:01:22 +0000] "GET /blog/2009/9/14/?C=N;O=A HTTP/1.1" 200 1239
108.59.8.80 - - [05/Jan/2022:05:01:25 +0000] "GET /blog/2009/9/14/?C=N;O=D HTTP/1.1" 200 1239
108.59.8.80 - - [05/Jan/2022:05:01:27 +0000] "GET /blog/2009/9/14/?C=N;O=D HTTP/1.1" 200 1239
108.59.8.80 - - [05/Jan/2022:05:01:31 +0000] "GET /blog/2009/9/14/?C=S;O=A HTTP/1.1" 200 1239
108.59.8.80 - - [05/Jan/2022:05:01:33 +0000] "GET /blog/2009/9/14/?C=S;O=A HTTP/1.1" 200 1239
108.59.8.80 - - [05/Jan/2022:05:01:37 +0000] "GET /blog/2009/9/14/?C=S;O=D HTTP/1.1" 200 1239
108.59.8.80 - - [05/Jan/2022:05:01:39 +0000] "GET /blog/2009/9/14/?C=S;O=D HTTP/1.1" 200 1239
108.59.8.80 - - [05/Jan/2022:05:01:43 +0000] "GET /blog/2009/9/14/Attach_a_DC_Utility_Port_For_Extra_Peripheral_Power.html HTTP/1.1" 200 5444
108.59.8.80 - - [05/Jan/2022:05:01:47 +0000] "GET /blog/2009/9/24/ HTTP/1.1" 200 1185
108.59.8.80 - - [05/Jan/2022:05:01:49 +0000] "GET /blog/2009/9/24/ HTTP/1.1" 200 1185
108.59.8.80 - - [05/Jan/2022:05:01:51 +0000] "GET /blog/2009/9/24/?C=D;O=A HTTP/1.1" 200 1185
108.59.8.80 - - [05/Jan/2022:05:01:52 +0000] "GET /blog/2009/9/24/?C=D;O=D HTTP/1.1" 200 1185
108.59.8.80 - - [05/Jan/2022:05:01:57 +0000] "GET /blog/2009/9/24/?C=M;O=A HTTP/1.1" 200 1185
108.59.8.80 - - [05/Jan/2022:05:02:01 +0000] "GET /blog/2009/9/24/?C=M;O=D HTTP/1.1" 200 1185
108.59.8.80 - - [05/Jan/2022:05:02:03 +0000] "GET /blog/2009/9/24/?C=M;O=D HTTP/1.1" 200 1185
108.59.8.80 - - [05/Jan/2022:05:02:05 +0000] "GET /blog/2009/9/24/?C=N;O=A HTTP/1.1" 200 1185
108.59.8.80 - - [05/Jan/2022:05:02:08 +0000] "GET /blog/2009/9/24/?C=N;O=D HTTP/1.1" 200 1185
108.59.8.80 - - [05/Jan/2022:05:02:10 +0000] "GET /blog/2009/9/24/?C=N;O=D HTTP/1.1" 200 1185
108.59.8.80 - - [05/Jan/2022:05:02:12 +0000] "GET /blog/2009/9/24/?C=S;O=A HTTP/1.1" 200 1185
108.59.8.80 - - [05/Jan/2022:05:02:15 +0000] "GET /blog/2009/9/24/?C=S;O=D HTTP/1.1" 200 1185
108.59.8.80 - - [05/Jan/2022:05:02:17 +0000] "GET /blog/2009/9/24/?C=S;O=D HTTP/1.1" 200 1185
108.59.8.80 - - [05/Jan/2022:05:02:21 +0000] "GET /blog/2009/9/24/OISC%20Hardware:%20Program%20Counter.html HTTP/1.1" 404 248
108.59.8.80 - - [05/Jan/2022:05:02:22 +0000] "GET /blog/2009/9/24/OISC%20Hardware:%20Program%20Counter.html HTTP/1.1" 404 248
108.59.8.80 - - [05/Jan/2022:05:02:26 +0000] "GET /blog/2009/9/26/ HTTP/1.1" 200 1147
108.59.8.80 - - [05/Jan/2022:05:02:28 +0000] "GET /blog/2009/9/26/?C=D;O=A HTTP/1.1" 200 1147
23.17.147.129 - - [05/Jan/2022:05:02:30 +0000] "GET /blog/2019/10/18/Ethereum_Mining_on_Raspberry_Pi_4.html HTTP/1.1" 200 2236
108.59.8.80 - - [05/Jan/2022:05:02:31 +0000] "GET /blog/2009/9/26/?C=D;O=D HTTP/1.1" 200 1147
108.59.8.80 - - [05/Jan/2022:05:02:33 +0000] "GET /blog/2009/9/26/?C=D;O=D HTTP/1.1" 200 1147
108.59.8.80 - - [05/Jan/2022:05:02:37 +0000] "GET /blog/2009/9/26/?C=M;O=A HTTP/1.1" 200 1147
23.17.147.129 - - [05/Jan/2022:05:02:38 +0000] "GET /favicon.ico HTTP/1.1" 404 209
108.59.8.80 - - [05/Jan/2022:05:02:39 +0000] "GET /blog/2009/9/26/?C=M;O=A HTTP/1.1" 200 1147
108.59.8.80 - - [05/Jan/2022:05:02:43 +0000] "GET /blog/2009/9/26/?C=M;O=D HTTP/1.1" 200 1147
108.59.8.80 - - [05/Jan/2022:05:02:44 +0000] "GET /blog/2009/9/26/?C=M;O=D HTTP/1.1" 200 1147
108.59.8.80 - - [05/Jan/2022:05:02:46 +0000] "GET /blog/2009/9/26/?C=N;O=A HTTP/1.1" 200 1147
108.59.8.80 - - [05/Jan/2022:05:02:50 +0000] "GET /blog/2009/9/26/?C=N;O=D HTTP/1.1" 200 1147
108.59.8.80 - - [05/Jan/2022:05:02:52 +0000] "GET /blog/2009/9/26/?C=N;O=D HTTP/1.1" 200 1147
108.59.8.80 - - [05/Jan/2022:05:02:54 +0000] "GET /blog/2009/9/26/?C=S;O=A HTTP/1.1" 200 1147
108.59.8.80 - - [05/Jan/2022:05:02:59 +0000] "GET /blog/2009/9/26/?C=S;O=D HTTP/1.1" 200 1147
108.59.8.80 - - [05/Jan/2022:05:03:01 +0000] "GET /blog/2009/9/26/?C=S;O=D HTTP/1.1" 200 1147
108.59.8.80 - - [05/Jan/2022:05:03:05 +0000] "GET /blog/2009/9/27/ HTTP/1.1" 200 1207
108.59.8.80 - - [05/Jan/2022:05:03:06 +0000] "GET /blog/2009/9/27/ HTTP/1.1" 200 1207
108.59.8.80 - - [05/Jan/2022:05:03:10 +0000] "GET /blog/2009/9/27/?C=D;O=A HTTP/1.1" 200 1207
108.59.8.80 - - [05/Jan/2022:05:03:12 +0000] "GET /blog/2009/9/27/?C=D;O=A HTTP/1.1" 200 1207
108.59.8.80 - - [05/Jan/2022:05:03:15 +0000] "GET /blog/2009/9/27/?C=D;O=D HTTP/1.1" 200 1207
108.59.8.80 - - [05/Jan/2022:05:03:17 +0000] "GET /blog/2009/9/27/?C=D;O=D HTTP/1.1" 200 1207
108.59.8.80 - - [05/Jan/2022:05:03:21 +0000] "GET /blog/2009/9/27/?C=M;O=A HTTP/1.1" 200 1207
108.59.8.80 - - [05/Jan/2022:05:03:22 +0000] "GET /blog/2009/9/27/?C=M;O=A HTTP/1.1" 200 1207
108.59.8.80 - - [05/Jan/2022:05:03:24 +0000] "GET /blog/2009/9/27/?C=M;O=D HTTP/1.1" 200 1207
108.59.8.80 - - [05/Jan/2022:05:03:27 +0000] "GET /blog/2009/9/27/?C=N;O=A HTTP/1.1" 200 1207
108.59.8.80 - - [05/Jan/2022:05:03:29 +0000] "GET /blog/2009/9/27/?C=N;O=A HTTP/1.1" 200 1207
108.59.8.80 - - [05/Jan/2022:05:03:33 +0000] "GET /blog/2009/9/27/?C=N;O=D HTTP/1.1" 200 1207
108.59.8.80 - - [05/Jan/2022:05:03:35 +0000] "GET /blog/2009/9/27/?C=N;O=D HTTP/1.1" 200 1207
66.249.66.12 - - [05/Jan/2022:05:03:35 +0000] "GET /blog/2017/12/10/ HTTP/1.1" 200 1202
108.59.8.80 - - [05/Jan/2022:05:03:38 +0000] "GET /blog/2009/9/27/?C=S;O=A HTTP/1.1" 200 1207
108.59.8.80 - - [05/Jan/2022:05:03:40 +0000] "GET /blog/2009/9/27/?C=S;O=A HTTP/1.1" 200 1207
8.29.198.25 - - [05/Jan/2022:05:03:40 +0000] "GET /blog/atom.xml HTTP/1.1" 200 1063499
108.59.8.80 - - [05/Jan/2022:05:03:44 +0000] "GET /blog/2009/9/27/?C=S;O=D HTTP/1.1" 200 1207
128.1.248.26 - - [05/Jan/2022:05:03:45 +0000] "GET / HTTP/1.1" 200 97
108.59.8.80 - - [05/Jan/2022:05:03:45 +0000] "GET /blog/2009/9/27/?C=S;O=D HTTP/1.1" 200 1207
108.59.8.80 - - [05/Jan/2022:05:03:49 +0000] "GET /blog/2009/9/27/Disappointment%20with%20the%20NComputing%20L120.html HTTP/1.1" 200 388
108.59.8.80 - - [05/Jan/2022:05:03:59 +0000] "GET /blog/2009/9/27/Disappointment%20with%20the%20NComputing%20L120.html HTTP/1.1" 200 388
108.59.8.80 - - [05/Jan/2022:05:04:03 +0000] "GET /blog/2009/9/27/Disappointment_with_the_NComputing_L120.html HTTP/1.1" 200 5123
108.59.8.80 - - [05/Jan/2022:05:04:06 +0000] "GET /blog/2009/9/27?C=M;O=A HTTP/1.1" 301 250
108.59.8.80 - - [05/Jan/2022:05:04:08 +0000] "GET /blog/2009/9/27/?C=M;O=A HTTP/1.1" 200 1207
108.59.8.80 - - [05/Jan/2022:05:04:10 +0000] "GET /blog/2009/9/27?C=M;O=A HTTP/1.1" 301 250
108.59.8.80 - - [05/Jan/2022:05:04:12 +0000] "GET /blog/2009/9/27/?C=M;O=A HTTP/1.1" 200 1207
108.59.8.80 - - [05/Jan/2022:05:04:15 +0000] "GET /blog/2009/9/27?C=N;O=D HTTP/1.1" 301 250
108.59.8.80 - - [05/Jan/2022:05:04:17 +0000] "GET /blog/2009/9/27/?C=N;O=D HTTP/1.1" 200 1207
108.59.8.80 - - [05/Jan/2022:05:04:19 +0000] "GET /blog/2009/9/27?C=N;O=D HTTP/1.1" 301 250
108.59.8.80 - - [05/Jan/2022:05:04:21 +0000] "GET /blog/2009/9/27/?C=N;O=D HTTP/1.1" 200 1207
108.59.8.80 - - [05/Jan/2022:05:04:25 +0000] "GET /blog/2009/9/27?C=S;O=A HTTP/1.1" 301 250
108.59.8.80 - - [05/Jan/2022:05:04:27 +0000] "GET /blog/2009/9/27/?C=S;O=A HTTP/1.1" 200 1207
108.59.8.80 - - [05/Jan/2022:05:04:29 +0000] "GET /blog/2009/9/27?C=S;O=A HTTP/1.1" 301 250
108.59.8.80 - - [05/Jan/2022:05:04:31 +0000] "GET /blog/2009/9/27/?C=S;O=A HTTP/1.1" 200 1207
108.59.8.80 - - [05/Jan/2022:05:04:34 +0000] "GET /blog/2009/9/?C=D;O=A HTTP/1.1" 200 1519
108.59.8.80 - - [05/Jan/2022:05:04:36 +0000] "GET /blog/2009/9/?C=D;O=A HTTP/1.1" 200 1519
108.59.8.80 - - [05/Jan/2022:05:04:40 +0000] "GET /blog/2009/9/?C=D;O=D HTTP/1.1" 200 1519
108.59.8.80 - - [05/Jan/2022:05:04:42 +0000] "GET /blog/2009/9/?C=D;O=D HTTP/1.1" 200 1519
108.59.8.80 - - [05/Jan/2022:05:05:03 +0000] "GET /blog/2009/9/?C=M;O=A HTTP/1.1" 200 1519
108.59.8.80 - - [05/Jan/2022:05:05:05 +0000] "GET /blog/2009/9/?C=M;O=A HTTP/1.1" 200 1519
108.59.8.80 - - [05/Jan/2022:05:05:08 +0000] "GET /blog/2009/9/?C=M;O=D HTTP/1.1" 200 1519
108.59.8.80 - - [05/Jan/2022:05:05:10 +0000] "GET /blog/2009/9/?C=M;O=D HTTP/1.1" 200 1519
108.59.8.80 - - [05/Jan/2022:05:05:13 +0000] "GET /blog/2009/9/?C=N;O=A HTTP/1.1" 200 1519
108.59.8.80 - - [05/Jan/2022:05:05:15 +0000] "GET /blog/2009/9/?C=N;O=A HTTP/1.1" 200 1519
108.59.8.80 - - [05/Jan/2022:05:05:19 +0000] "GET /blog/2009/9/?C=N;O=D HTTP/1.1" 200 1519
108.59.8.80 - - [05/Jan/2022:05:05:21 +0000] "GET /blog/2009/9/?C=N;O=D HTTP/1.1" 200 1519
108.59.8.80 - - [05/Jan/2022:05:05:23 +0000] "GET /blog/2009/9/?C=S;O=A HTTP/1.1" 200 1519
108.59.8.80 - - [05/Jan/2022:05:05:27 +0000] "GET /blog/2009/9/?C=S;O=D HTTP/1.1" 200 1519
108.59.8.80 - - [05/Jan/2022:05:05:28 +0000] "GET /blog/2009/9/?C=S;O=D HTTP/1.1" 200 1519
108.59.8.80 - - [05/Jan/2022:05:05:32 +0000] "GET /blog/2009/9?C=D;O=A HTTP/1.1" 301 247
108.59.8.80 - - [05/Jan/2022:05:05:34 +0000] "GET /blog/2009/9/?C=D;O=A HTTP/1.1" 200 1519
108.59.8.80 - - [05/Jan/2022:05:05:35 +0000] "GET /blog/2009/9?C=D;O=A HTTP/1.1" 301 247
108.59.8.80 - - [05/Jan/2022:05:05:37 +0000] "GET /blog/2009/9/?C=D;O=A HTTP/1.1" 200 1519
108.59.8.80 - - [05/Jan/2022:05:05:45 +0000] "GET /blog/2009/9?C=M;O=A HTTP/1.1" 301 247
108.59.8.80 - - [05/Jan/2022:05:05:53 +0000] "GET /blog/2009/9/?C=M;O=A HTTP/1.1" 200 1519
108.59.8.80 - - [05/Jan/2022:05:05:55 +0000] "GET /blog/2009/9?C=M;O=A HTTP/1.1" 301 247
108.59.8.80 - - [05/Jan/2022:05:05:57 +0000] "GET /blog/2009/9/?C=M;O=A HTTP/1.1" 200 1519
108.59.8.80 - - [05/Jan/2022:05:06:00 +0000] "GET /blog/2009/9?C=S;O=A HTTP/1.1" 301 247
108.59.8.80 - - [05/Jan/2022:05:06:02 +0000] "GET /blog/2009/9/?C=S;O=A HTTP/1.1" 200 1519
108.59.8.80 - - [05/Jan/2022:05:06:04 +0000] "GET /blog/2009/9?C=S;O=A HTTP/1.1" 301 247
108.59.8.80 - - [05/Jan/2022:05:06:06 +0000] "GET /blog/2009/9/?C=S;O=A HTTP/1.1" 200 1519
108.59.8.80 - - [05/Jan/2022:05:06:09 +0000] "GET /blog/2009/?C=D;O=A HTTP/1.1" 200 2329
108.59.8.80 - - [05/Jan/2022:05:06:13 +0000] "GET /blog/2009/?C=D;O=D HTTP/1.1" 200 2329
108.59.8.80 - - [05/Jan/2022:05:06:14 +0000] "GET /blog/2009/?C=D;O=D HTTP/1.1" 200 2329
108.59.8.80 - - [05/Jan/2022:05:06:16 +0000] "GET /blog/2009/?C=M;O=A HTTP/1.1" 200 2329
108.59.8.80 - - [05/Jan/2022:05:06:19 +0000] "GET /blog/2009/?C=M;O=D HTTP/1.1" 200 2329
108.59.8.80 - - [05/Jan/2022:05:06:21 +0000] "GET /blog/2009/?C=M;O=D HTTP/1.1" 200 2329
108.59.8.80 - - [05/Jan/2022:05:06:24 +0000] "GET /blog/2009/?C=N;O=A HTTP/1.1" 200 2329
108.59.8.80 - - [05/Jan/2022:05:06:26 +0000] "GET /blog/2009/?C=N;O=A HTTP/1.1" 200 2329
108.59.8.80 - - [05/Jan/2022:05:06:29 +0000] "GET /blog/2009/?C=N;O=D HTTP/1.1" 200 2329
108.59.8.80 - - [05/Jan/2022:05:06:31 +0000] "GET /blog/2009/?C=N;O=D HTTP/1.1" 200 2329
108.59.8.80 - - [05/Jan/2022:05:06:34 +0000] "GET /blog/2009/?C=S;O=A HTTP/1.1" 200 2329
108.59.8.80 - - [05/Jan/2022:05:06:36 +0000] "GET /blog/2009/?C=S;O=A HTTP/1.1" 200 2329
23.17.147.129 - - [05/Jan/2022:05:06:46 +0000] "GET /blog/2019/10/18/Ethereum_Mining_on_Raspberry_Pi_4.html HTTP/1.1" 200 2236
108.59.8.80 - - [05/Jan/2022:05:06:53 +0000] "GET /blog/2009/?C=S;O=D HTTP/1.1" 200 2329
108.59.8.80 - - [05/Jan/2022:05:06:54 +0000] "GET /blog/2009/?C=S;O=D HTTP/1.1" 200 2329
108.59.8.80 - - [05/Jan/2022:05:06:58 +0000] "GET /blog/2010/ HTTP/1.1" 200 2124
108.59.8.80 - - [05/Jan/2022:05:07:01 +0000] "GET /blog/2010/1/ HTTP/1.1" 200 901
108.59.8.80 - - [05/Jan/2022:05:07:03 +0000] "GET /blog/2010/1/ HTTP/1.1" 200 901
108.59.8.80 - - [05/Jan/2022:05:07:05 +0000] "GET /blog/2010/1/20/ HTTP/1.1" 200 1213
108.59.8.80 - - [05/Jan/2022:05:07:08 +0000] "GET /blog/2010/1/20/?C=D;O=A HTTP/1.1" 200 1213
108.59.8.80 - - [05/Jan/2022:05:07:10 +0000] "GET /blog/2010/1/20/?C=D;O=A HTTP/1.1" 200 1213
108.59.8.80 - - [05/Jan/2022:05:07:14 +0000] "GET /blog/2010/1/20/?C=D;O=D HTTP/1.1" 200 1213
108.59.8.80 - - [05/Jan/2022:05:07:16 +0000] "GET /blog/2010/1/20/?C=D;O=D HTTP/1.1" 200 1213
108.59.8.80 - - [05/Jan/2022:05:07:18 +0000] "GET /blog/2010/1/20/?C=M;O=A HTTP/1.1" 200 1213
108.59.8.80 - - [05/Jan/2022:05:07:22 +0000] "GET /blog/2010/1/20/?C=M;O=D HTTP/1.1" 200 1213
108.59.8.80 - - [05/Jan/2022:05:07:26 +0000] "GET /blog/2010/1/20/?C=N;O=A HTTP/1.1" 200 1213
108.59.8.80 - - [05/Jan/2022:05:07:28 +0000] "GET /blog/2010/1/20/?C=N;O=A HTTP/1.1" 200 1213
108.59.8.80 - - [05/Jan/2022:05:07:32 +0000] "GET /blog/2010/1/20/?C=N;O=D HTTP/1.1" 200 1213
108.59.8.80 - - [05/Jan/2022:05:07:34 +0000] "GET /blog/2010/1/20/?C=N;O=D HTTP/1.1" 200 1213
108.59.8.80 - - [05/Jan/2022:05:07:37 +0000] "GET /blog/2010/1/20/?C=S;O=A HTTP/1.1" 200 1213
108.59.8.80 - - [05/Jan/2022:05:07:39 +0000] "GET /blog/2010/1/20/?C=S;O=A HTTP/1.1" 200 1213
108.59.8.80 - - [05/Jan/2022:05:07:43 +0000] "GET /blog/2010/1/20/?C=S;O=D HTTP/1.1" 200 1213
108.59.8.80 - - [05/Jan/2022:05:07:45 +0000] "GET /blog/2010/1/20/?C=S;O=D HTTP/1.1" 200 1213
108.59.8.80 - - [05/Jan/2022:05:07:50 +0000] "GET /blog/2010/1/20/My%20Toshiba%20T135D%20Came%20in%20the%20Mail%20Today.html HTTP/1.1" 200 388
108.59.8.80 - - [05/Jan/2022:05:07:52 +0000] "GET /blog/2010/1/20/My%20Toshiba%20T135D%20Came%20in%20the%20Mail%20Today.html HTTP/1.1" 200 388
108.59.8.80 - - [05/Jan/2022:05:07:58 +0000] "GET /blog/2010/1/20/My_Toshiba_T135D_Came_in_the_Mail_Today.html HTTP/1.1" 200 6163
108.59.8.80 - - [05/Jan/2022:05:08:01 +0000] "GET /blog/2010/1/?C=D;O=A HTTP/1.1" 200 901
108.59.8.80 - - [05/Jan/2022:05:08:03 +0000] "GET /blog/2010/1/?C=D;O=A HTTP/1.1" 200 901
108.59.8.80 - - [05/Jan/2022:05:08:06 +0000] "GET /blog/2010/1/?C=D;O=D HTTP/1.1" 200 901
108.59.8.80 - - [05/Jan/2022:05:08:08 +0000] "GET /blog/2010/1/?C=D;O=D HTTP/1.1" 200 901
108.59.8.80 - - [05/Jan/2022:05:08:11 +0000] "GET /blog/2010/1/?C=M;O=A HTTP/1.1" 200 901
114.119.129.113 - - [05/Jan/2022:05:08:11 +0000] "GET /blog/tags/Operating%20system.html HTTP/1.1" 200 728
108.59.8.80 - - [05/Jan/2022:05:08:13 +0000] "GET /blog/2010/1/?C=M;O=A HTTP/1.1" 200 901
108.59.8.80 - - [05/Jan/2022:05:08:16 +0000] "GET /blog/2010/1/?C=M;O=D HTTP/1.1" 200 901
108.59.8.80 - - [05/Jan/2022:05:08:18 +0000] "GET /blog/2010/1/?C=N;O=A HTTP/1.1" 200 901
108.59.8.80 - - [05/Jan/2022:05:08:21 +0000] "GET /blog/2010/1/?C=N;O=D HTTP/1.1" 200 901
108.59.8.80 - - [05/Jan/2022:05:08:23 +0000] "GET /blog/2010/1/?C=N;O=D HTTP/1.1" 200 901
108.59.8.80 - - [05/Jan/2022:05:08:27 +0000] "GET /blog/2010/1/?C=S;O=A HTTP/1.1" 200 901
108.59.8.80 - - [05/Jan/2022:05:08:30 +0000] "GET /blog/2010/1/?C=S;O=D HTTP/1.1" 200 901
108.59.8.80 - - [05/Jan/2022:05:08:32 +0000] "GET /blog/2010/1/?C=S;O=D HTTP/1.1" 200 901
108.59.8.80 - - [05/Jan/2022:05:08:38 +0000] "GET /blog/2010/10/ HTTP/1.1" 200 902
108.59.8.80 - - [05/Jan/2022:05:08:40 +0000] "GET /blog/2010/10/ HTTP/1.1" 200 902
108.59.8.80 - - [05/Jan/2022:05:08:44 +0000] "GET /blog/2010/10/7/ HTTP/1.1" 200 1180
108.59.8.80 - - [05/Jan/2022:05:08:46 +0000] "GET /blog/2010/10/7/ HTTP/1.1" 200 1180
108.59.8.80 - - [05/Jan/2022:05:08:47 +0000] "GET /blog/2010/10/7/?C=D;O=A HTTP/1.1" 200 1180
108.59.8.80 - - [05/Jan/2022:05:08:51 +0000] "GET /blog/2010/10/7/?C=D;O=D HTTP/1.1" 200 1180
108.59.8.80 - - [05/Jan/2022:05:08:53 +0000] "GET /blog/2010/10/7/?C=D;O=D HTTP/1.1" 200 1180
108.59.8.80 - - [05/Jan/2022:05:08:55 +0000] "GET /blog/2010/10/7/?C=M;O=A HTTP/1.1" 200 1180
108.59.8.80 - - [05/Jan/2022:05:08:58 +0000] "GET /blog/2010/10/7/?C=M;O=D HTTP/1.1" 200 1180
108.59.8.80 - - [05/Jan/2022:05:09:00 +0000] "GET /blog/2010/10/7/?C=M;O=D HTTP/1.1" 200 1180
108.59.8.80 - - [05/Jan/2022:05:09:02 +0000] "GET /blog/2010/10/7/?C=N;O=A HTTP/1.1" 200 1180
108.59.8.80 - - [05/Jan/2022:05:09:06 +0000] "GET /blog/2010/10/7/?C=N;O=D HTTP/1.1" 200 1180
108.59.8.80 - - [05/Jan/2022:05:09:07 +0000] "GET /blog/2010/10/7/?C=N;O=D HTTP/1.1" 200 1180
108.59.8.80 - - [05/Jan/2022:05:09:09 +0000] "GET /blog/2010/10/7/?C=S;O=A HTTP/1.1" 200 1180
108.59.8.80 - - [05/Jan/2022:05:09:13 +0000] "GET /blog/2010/10/7/?C=S;O=D HTTP/1.1" 200 1180
108.59.8.80 - - [05/Jan/2022:05:09:15 +0000] "GET /blog/2010/10/7/?C=S;O=D HTTP/1.1" 200 1180
108.59.8.80 - - [05/Jan/2022:05:09:18 +0000] "GET /blog/2010/10/7/libcutter/ HTTP/1.1" 404 223
108.59.8.80 - - [05/Jan/2022:05:09:20 +0000] "GET /blog/2010/10/7/libcutter/ HTTP/1.1" 404 223
108.59.8.80 - - [05/Jan/2022:05:09:24 +0000] "GET /blog/2010/10/7/libcutter/?C=D;O=A HTTP/1.1" 404 223
108.59.8.80 - - [05/Jan/2022:05:09:26 +0000] "GET /blog/2010/10/7/libcutter/?C=D;O=A HTTP/1.1" 404 223
108.59.8.80 - - [05/Jan/2022:05:09:31 +0000] "GET /blog/2010/10/7/libcutter/?C=D;O=D HTTP/1.1" 404 223
108.59.8.80 - - [05/Jan/2022:05:09:34 +0000] "GET /blog/2010/10/7/libcutter/?C=M;O=A HTTP/1.1" 404 223
108.59.8.80 - - [05/Jan/2022:05:09:36 +0000] "GET /blog/2010/10/7/libcutter/?C=M;O=A HTTP/1.1" 404 223
108.59.8.80 - - [05/Jan/2022:05:09:38 +0000] "GET /blog/2010/10/7/libcutter/?C=M;O=D HTTP/1.1" 404 223
108.59.8.80 - - [05/Jan/2022:05:09:42 +0000] "GET /blog/2010/10/7/libcutter/?C=N;O=A HTTP/1.1" 404 223
108.59.8.80 - - [05/Jan/2022:05:09:44 +0000] "GET /blog/2010/10/7/libcutter/?C=N;O=A HTTP/1.1" 404 223
108.59.8.80 - - [05/Jan/2022:05:09:46 +0000] "GET /blog/2010/10/7/libcutter/?C=N;O=D HTTP/1.1" 404 223
108.59.8.80 - - [05/Jan/2022:05:09:49 +0000] "GET /blog/2010/10/7/libcutter/?C=S;O=A HTTP/1.1" 404 223
108.59.8.80 - - [05/Jan/2022:05:09:51 +0000] "GET /blog/2010/10/7/libcutter/?C=S;O=A HTTP/1.1" 404 223
108.59.8.80 - - [05/Jan/2022:05:09:54 +0000] "GET /blog/2010/10/7/libcutter/?C=S;O=D HTTP/1.1" 404 223
108.59.8.80 - - [05/Jan/2022:05:09:56 +0000] "GET /blog/2010/10/7/libcutter/?C=S;O=D HTTP/1.1" 404 223
108.59.8.80 - - [05/Jan/2022:05:10:00 +0000] "GET /blog/2010/10/7/libcutterCricut_SVG_Support.html HTTP/1.1" 200 2274
108.59.8.80 - - [05/Jan/2022:05:10:02 +0000] "GET /blog/2010/10/7/libcutterCricut_SVG_Support.html HTTP/1.1" 200 2274
108.59.8.80 - - [05/Jan/2022:05:10:05 +0000] "GET /blog/2010/10/?C=D;O=A HTTP/1.1" 200 902
108.59.8.80 - - [05/Jan/2022:05:10:07 +0000] "GET /blog/2010/10/?C=D;O=A HTTP/1.1" 200 902
108.59.8.80 - - [05/Jan/2022:05:10:11 +0000] "GET /blog/2010/10/?C=D;O=D HTTP/1.1" 200 902
216.244.66.232 - - [05/Jan/2022:05:10:12 +0000] "GET /robots.txt HTTP/1.1" 404 208
108.59.8.80 - - [05/Jan/2022:05:10:12 +0000] "GET /blog/2010/10/?C=D;O=D HTTP/1.1" 200 902
108.59.8.80 - - [05/Jan/2022:05:10:17 +0000] "GET /blog/2010/10/?C=M;O=A HTTP/1.1" 200 902
108.59.8.80 - - [05/Jan/2022:05:10:21 +0000] "GET /blog/2010/10/?C=M;O=D HTTP/1.1" 200 902
108.59.8.80 - - [05/Jan/2022:05:10:23 +0000] "GET /blog/2010/10/?C=M;O=D HTTP/1.1" 200 902
108.59.8.80 - - [05/Jan/2022:05:10:27 +0000] "GET /blog/2010/10/?C=N;O=A HTTP/1.1" 200 902
108.59.8.80 - - [05/Jan/2022:05:10:29 +0000] "GET /blog/2010/10/?C=N;O=A HTTP/1.1" 200 902
108.59.8.80 - - [05/Jan/2022:05:10:31 +0000] "GET /blog/2010/10/?C=N;O=D HTTP/1.1" 200 902
108.59.8.80 - - [05/Jan/2022:05:10:33 +0000] "GET /blog/2010/10/?C=S;O=A HTTP/1.1" 200 902
108.59.8.80 - - [05/Jan/2022:05:10:37 +0000] "GET /blog/2010/10/?C=S;O=D HTTP/1.1" 200 902
108.59.8.80 - - [05/Jan/2022:05:10:39 +0000] "GET /blog/2010/10/?C=S;O=D HTTP/1.1" 200 902
108.59.8.80 - - [05/Jan/2022:05:10:43 +0000] "GET /blog/2010/11/ HTTP/1.1" 200 1109
108.59.8.80 - - [05/Jan/2022:05:10:45 +0000] "GET /blog/2010/11/ HTTP/1.1" 200 1109
108.59.8.80 - - [05/Jan/2022:05:10:48 +0000] "GET /blog/2010/11/23/ HTTP/1.1" 200 1146
54.36.148.109 - - [05/Jan/2022:05:10:48 +0000] "GET /blog/tags/BreezeAccess.html HTTP/1.1" 200 647
8.29.198.27 - - [05/Jan/2022:05:10:49 +0000] "GET /blog/atom.xml HTTP/1.1" 304 -
108.59.8.80 - - [05/Jan/2022:05:10:52 +0000] "GET /blog/2010/11/23/?C=D;O=A HTTP/1.1" 200 1146
108.59.8.80 - - [05/Jan/2022:05:10:53 +0000] "GET /blog/2010/11/23/?C=D;O=A HTTP/1.1" 200 1146
108.59.8.80 - - [05/Jan/2022:05:10:57 +0000] "GET /blog/2010/11/23/?C=D;O=D HTTP/1.1" 200 1146
108.59.8.80 - - [05/Jan/2022:05:10:59 +0000] "GET /blog/2010/11/23/?C=D;O=D HTTP/1.1" 200 1146
108.59.8.80 - - [05/Jan/2022:05:11:02 +0000] "GET /blog/2010/11/23/?C=M;O=A HTTP/1.1" 200 1146
108.59.8.80 - - [05/Jan/2022:05:11:06 +0000] "GET /blog/2010/11/23/?C=M;O=A HTTP/1.1" 200 1146
108.59.8.80 - - [05/Jan/2022:05:11:07 +0000] "GET /blog/2010/11/23/?C=M;O=D HTTP/1.1" 200 1146
108.59.8.80 - - [05/Jan/2022:05:11:11 +0000] "GET /blog/2010/11/23/?C=N;O=A HTTP/1.1" 200 1146
108.59.8.80 - - [05/Jan/2022:05:11:15 +0000] "GET /blog/2010/11/23/?C=N;O=D HTTP/1.1" 200 1146
108.59.8.80 - - [05/Jan/2022:05:11:17 +0000] "GET /blog/2010/11/23/?C=N;O=D HTTP/1.1" 200 1146
108.59.8.80 - - [05/Jan/2022:05:11:21 +0000] "GET /blog/2010/11/23/?C=S;O=A HTTP/1.1" 200 1146
108.59.8.80 - - [05/Jan/2022:05:11:23 +0000] "GET /blog/2010/11/23/?C=S;O=A HTTP/1.1" 200 1146
108.59.8.80 - - [05/Jan/2022:05:11:26 +0000] "GET /blog/2010/11/23/?C=S;O=D HTTP/1.1" 200 1146
108.59.8.80 - - [05/Jan/2022:05:11:28 +0000] "GET /blog/2010/11/23/?C=S;O=D HTTP/1.1" 200 1146
108.59.8.80 - - [05/Jan/2022:05:11:32 +0000] "GET /blog/2010/11/23/New_Neighbors.html HTTP/1.1" 200 2904
108.59.8.80 - - [05/Jan/2022:05:11:35 +0000] "GET /blog/2010/11/30/ HTTP/1.1" 200 1202
108.59.8.80 - - [05/Jan/2022:05:11:39 +0000] "GET /blog/2010/11/30/?C=D;O=A HTTP/1.1" 200 1202
108.59.8.80 - - [05/Jan/2022:05:11:41 +0000] "GET /blog/2010/11/30/?C=D;O=A HTTP/1.1" 200 1202
108.59.8.80 - - [05/Jan/2022:05:11:43 +0000] "GET /blog/2010/11/30/?C=D;O=D HTTP/1.1" 200 1202
108.59.8.80 - - [05/Jan/2022:05:11:46 +0000] "GET /blog/2010/11/30/?C=M;O=A HTTP/1.1" 200 1202
108.59.8.80 - - [05/Jan/2022:05:11:48 +0000] "GET /blog/2010/11/30/?C=M;O=A HTTP/1.1" 200 1202
108.59.8.80 - - [05/Jan/2022:05:11:50 +0000] "GET /blog/2010/11/30/?C=M;O=D HTTP/1.1" 200 1202
108.59.8.80 - - [05/Jan/2022:05:11:53 +0000] "GET /blog/2010/11/30/?C=N;O=A HTTP/1.1" 200 1202
108.59.8.80 - - [05/Jan/2022:05:11:55 +0000] "GET /blog/2010/11/30/?C=N;O=A HTTP/1.1" 200 1202
108.59.8.80 - - [05/Jan/2022:05:12:03 +0000] "GET /blog/2010/11/30/?C=N;O=D HTTP/1.1" 200 1202
108.59.8.80 - - [05/Jan/2022:05:12:06 +0000] "GET /blog/2010/11/30/?C=S;O=A HTTP/1.1" 200 1202
108.59.8.80 - - [05/Jan/2022:05:12:08 +0000] "GET /blog/2010/11/30/?C=S;O=A HTTP/1.1" 200 1202
108.59.8.80 - - [05/Jan/2022:05:12:12 +0000] "GET /blog/2010/11/30/?C=S;O=D HTTP/1.1" 200 1202
108.59.8.80 - - [05/Jan/2022:05:12:14 +0000] "GET /blog/2010/11/30/?C=S;O=D HTTP/1.1" 200 1202
108.59.8.80 - - [05/Jan/2022:05:12:18 +0000] "GET /blog/2010/11/30/Freespace%202%20and%20Prime%20Factorization.html HTTP/1.1" 200 382
108.59.8.80 - - [05/Jan/2022:05:12:19 +0000] "GET /blog/2010/11/30/Freespace%202%20and%20Prime%20Factorization.html HTTP/1.1" 200 382
108.59.8.80 - - [05/Jan/2022:05:12:23 +0000] "GET /blog/2010/11/?C=D;O=A HTTP/1.1" 200 1109
108.59.8.80 - - [05/Jan/2022:05:12:27 +0000] "GET /blog/2010/11/?C=D;O=D HTTP/1.1" 200 1109
108.59.8.80 - - [05/Jan/2022:05:12:29 +0000] "GET /blog/2010/11/?C=D;O=D HTTP/1.1" 200 1109
108.59.8.80 - - [05/Jan/2022:05:12:33 +0000] "GET /blog/2010/11/?C=M;O=A HTTP/1.1" 200 1109
108.59.8.80 - - [05/Jan/2022:05:12:36 +0000] "GET /blog/2010/11/?C=N;O=A HTTP/1.1" 200 1109
108.59.8.80 - - [05/Jan/2022:05:12:38 +0000] "GET /blog/2010/12/12/ HTTP/1.1" 200 1198
108.59.8.80 - - [05/Jan/2022:05:12:40 +0000] "GET /blog/2010/12/24/ HTTP/1.1" 200 1168
108.59.8.80 - - [05/Jan/2022:05:12:42 +0000] "GET /blog/2010/12/3/ HTTP/1.1" 200 1250
108.59.8.80 - - [05/Jan/2022:05:12:43 +0000] "GET /blog/tags/Personal%20digital%20assistant.html HTTP/1.1" 200 632
173.231.60.197 - - [05/Jan/2022:05:15:02 +0000] "GET /datasheets/st/3303.pdf HTTP/1.1" 404 220
114.119.129.148 - - [05/Jan/2022:05:15:49 +0000] "GET /blog/tags/IDE.html HTTP/1.1" 200 546
185.191.171.14 - - [05/Jan/2022:05:17:12 +0000] "GET /blog/2011/4/21/BreezeCom_BreezeAccess_AP_with_Special_Guests_Charles_Huber_and_Doug_Kelly.html HTTP/1.1" 200 4375
8.29.198.27 - - [05/Jan/2022:05:17:54 +0000] "GET /blog/atom.xml HTTP/1.1" 304 -
54.36.148.109 - - [05/Jan/2022:05:22:06 +0000] "GET /blog/2014/2/1/Encryption_and_Amateur_Radio.html HTTP/1.1" 200 14531
114.119.129.14 - - [05/Jan/2022:05:24:02 +0000] "GET /blog/2010/12/23/Astaro_AP30_Teardown.html HTTP/1.1" 200 3680
45.146.165.37 - - [05/Jan/2022:05:24:48 +0000] "GET /vendor/phpunit/phpunit/src/Util/PHP/eval-stdin.php HTTP/1.1" 404 248
185.191.171.18 - - [05/Jan/2022:05:24:50 +0000] "GET /blog/tags/Obfuscation.html HTTP/1.1" 200 599
8.29.198.27 - - [05/Jan/2022:05:25:06 +0000] "GET /blog/atom.xml HTTP/1.1" 304 -
216.244.66.232 - - [05/Jan/2022:05:26:03 +0000] "GET /blog/2019/3/23/Sprint_Magic_Box_Serial_Logs.html HTTP/1.1" 200 12365
66.249.66.88 - - [05/Jan/2022:05:26:05 +0000] "GET /blog/tags/Windows.html HTTP/1.1" 200 780
189.242.84.33 - - [05/Jan/2022:05:26:57 +0000] "GET /blog/2020/7/3/Installing_Debian_10_on_a_PowerMac_G5.html HTTP/1.1" 200 9036
189.242.84.33 - - [05/Jan/2022:05:26:58 +0000] "GET /apple-touch-icon-120x120-precomposed.png HTTP/1.1" 404 238
189.242.84.33 - - [05/Jan/2022:05:26:58 +0000] "GET /apple-touch-icon-120x120.png HTTP/1.1" 404 226
189.242.84.33 - - [05/Jan/2022:05:26:59 +0000] "GET /apple-touch-icon-precomposed.png HTTP/1.1" 404 230
189.242.84.33 - - [05/Jan/2022:05:26:59 +0000] "GET /apple-touch-icon.png HTTP/1.1" 404 218
189.242.84.33 - - [05/Jan/2022:05:26:59 +0000] "GET /favicon.ico HTTP/1.1" 404 209
189.242.84.33 - - [05/Jan/2022:05:27:00 +0000] "GET /apple-touch-icon-120x120-precomposed.png HTTP/1.1" 404 238
189.242.84.33 - - [05/Jan/2022:05:27:00 +0000] "GET /apple-touch-icon-120x120.png HTTP/1.1" 404 226
189.242.84.33 - - [05/Jan/2022:05:27:00 +0000] "GET /apple-touch-icon-precomposed.png HTTP/1.1" 404 230
189.242.84.33 - - [05/Jan/2022:05:27:00 +0000] "GET /apple-touch-icon.png HTTP/1.1" 404 218
189.242.84.33 - - [05/Jan/2022:05:27:01 +0000] "GET /favicon.ico HTTP/1.1" 404 209
17.121.115.215 - - [05/Jan/2022:05:27:56 +0000] "GET /blog/2014/2/1/Inside_the_EDUP_EP-AB003_24GHz_Amplifier.html HTTP/1.1" 200 4189
114.119.129.115 - - [05/Jan/2022:05:32:14 +0000] "GET /blog/2009/4/7/Design_of_an_Modular,_Arbitrary_word_length_RISC_machine.html HTTP/1.1" 200 4005
8.29.198.26 - - [05/Jan/2022:05:32:20 +0000] "GET /blog/atom.xml HTTP/1.1" 304 -
66.249.66.206 - - [05/Jan/2022:05:32:27 +0000] "GET /blog/tags/Ademco.html HTTP/1.1" 200 562
54.36.148.109 - - [05/Jan/2022:05:33:37 +0000] "GET /blog/2011/2/11/Taking_Apart_the_Symbol_AP4131.html HTTP/1.1" 200 2871
170.178.195.253 - - [05/Jan/2022:05:34:47 +0000] "GET / HTTP/1.1" 200 97
8.29.198.26 - - [05/Jan/2022:05:39:32 +0000] "GET /blog/atom.xml HTTP/1.1" 304 -
114.119.129.143 - - [05/Jan/2022:05:40:01 +0000] "GET /blog/tags/Monoprice.html HTTP/1.1" 200 872
97.107.132.77 - - [05/Jan/2022:05:41:17 +0000] "GET /blog/atom.xml HTTP/1.1" 200 1063499
128.14.209.162 - - [05/Jan/2022:05:41:59 +0000] "GET / HTTP/1.1" 200 97
185.191.171.43 - - [05/Jan/2022:05:44:05 +0000] "GET /robots.txt HTTP/1.1" 404 208
185.191.171.17 - - [05/Jan/2022:05:44:06 +0000] "GET /blog/tags/Charge.html HTTP/1.1" 200 588
54.36.148.109 - - [05/Jan/2022:05:44:46 +0000] "GET /blog/tags/User%20agent.html HTTP/1.1" 200 641
8.29.198.27 - - [05/Jan/2022:05:46:39 +0000] "GET /blog/atom.xml HTTP/1.1" 304 -
114.119.129.128 - - [05/Jan/2022:05:47:59 +0000] "GET /blog/tags/Motors.html HTTP/1.1" 200 662
66.249.66.74 - - [05/Jan/2022:05:48:35 +0000] "GET /blog/tags/Wi-Fi.html HTTP/1.1" 200 551
92.247.181.9 - - [05/Jan/2022:05:52:27 +0000] "GET /blog/atom.xml HTTP/1.1" 200 1063499
66.249.66.134 - - [05/Jan/2022:05:53:40 +0000] "GET /blog/2010/12/6/SCS-26UC4_Teardown_Photos_up.html HTTP/1.1" 200 1545
66.249.66.70 - - [05/Jan/2022:05:53:41 +0000] "GET /blog/2013/1/17/A_simple_streaming_H264_latency_reduction_trick.html HTTP/1.1" 200 2199
66.249.66.89 - - [05/Jan/2022:05:53:42 +0000] "GET /blog/tags/555%20timer%20IC.html HTTP/1.1" 200 695
